# project ns (3.31) configured on Mon Dec 22 14:37:15 2025 by
# waf 2.0.18 (abi 20, python 30808f0 on linux)
# using ./waf configure --python=/usr/bin/python3.8
#
----------------------------------------
Setting top to
/home/hjt/OSCC/ns-allinone-3.31/ns-3.31
----------------------------------------
Setting out to
/home/hjt/OSCC/ns-allinone-3.31/ns-3.31/build
----------------------------------------
Checking for 'gcc' (C compiler)
find program=['gcc', 'cc'] paths=['/home/hjt/.vscode-server/bin/8b3775030ed1a69b13e4f4c628c612102e30a681/bin/remote-cli', '/usr/local/sbin', '/usr/local/bin', '/usr/sbin', '/usr/bin', '/sbin', '/bin', '/usr/games', '/usr/local/games', '/snap/bin'] var='CC' -> ['/usr/bin/cc']
['/usr/bin/cc', '-dM', '-E', '-']
out: #define _LP64 1
#define __ATOMIC_ACQUIRE 2
#define __ATOMIC_ACQ_REL 4
#define __ATOMIC_CONSUME 1
#define __ATOMIC_RELAXED 0
#define __ATOMIC_RELEASE 3
#define __ATOMIC_SEQ_CST 5
#define __BIGGEST_ALIGNMENT__ 16
#define __BYTE_ORDER__ __ORDER_LITTLE_ENDIAN__
#define __CHAR16_TYPE__ unsigned short
#define __CHAR32_TYPE__ unsigned int
#define __CHAR_BIT__ 8
#define __CLANG_ATOMIC_BOOL_LOCK_FREE 2
#define __CLANG_ATOMIC_CHAR16_T_LOCK_FREE 2
#define __CLANG_ATOMIC_CHAR32_T_LOCK_FREE 2
#define __CLANG_ATOMIC_CHAR_LOCK_FREE 2
#define __CLANG_ATOMIC_INT_LOCK_FREE 2
#define __CLANG_ATOMIC_LLONG_LOCK_FREE 2
#define __CLANG_ATOMIC_LONG_LOCK_FREE 2
#define __CLANG_ATOMIC_POINTER_LOCK_FREE 2
#define __CLANG_ATOMIC_SHORT_LOCK_FREE 2
#define __CLANG_ATOMIC_WCHAR_T_LOCK_FREE 2
#define __CONSTANT_CFSTRINGS__ 1
#define __DBL_DECIMAL_DIG__ 17
#define __DBL_DENORM_MIN__ 4.9406564584124654e-324
#define __DBL_DIG__ 15
#define __DBL_EPSILON__ 2.2204460492503131e-16
#define __DBL_HAS_DENORM__ 1
#define __DBL_HAS_INFINITY__ 1
#define __DBL_HAS_QUIET_NAN__ 1
#define __DBL_MANT_DIG__ 53
#define __DBL_MAX_10_EXP__ 308
#define __DBL_MAX_EXP__ 1024
#define __DBL_MAX__ 1.7976931348623157e+308
#define __DBL_MIN_10_EXP__ (-307)
#define __DBL_MIN_EXP__ (-1021)
#define __DBL_MIN__ 2.2250738585072014e-308
#define __DECIMAL_DIG__ __LDBL_DECIMAL_DIG__
#define __ELF__ 1
#define __FINITE_MATH_ONLY__ 0
#define __FLOAT128__ 1
#define __FLT16_DECIMAL_DIG__ 5
#define __FLT16_DENORM_MIN__ 5.9604644775390625e-8F16
#define __FLT16_DIG__ 3
#define __FLT16_EPSILON__ 9.765625e-4F16
#define __FLT16_HAS_DENORM__ 1
#define __FLT16_HAS_INFINITY__ 1
#define __FLT16_HAS_QUIET_NAN__ 1
#define __FLT16_MANT_DIG__ 11
#define __FLT16_MAX_10_EXP__ 4
#define __FLT16_MAX_EXP__ 15
#define __FLT16_MAX__ 6.5504e+4F16
#define __FLT16_MIN_10_EXP__ (-13)
#define __FLT16_MIN_EXP__ (-14)
#define __FLT16_MIN__ 6.103515625e-5F16
#define __FLT_DECIMAL_DIG__ 9
#define __FLT_DENORM_MIN__ 1.40129846e-45F
#define __FLT_DIG__ 6
#define __FLT_EPSILON__ 1.19209290e-7F
#define __FLT_EVAL_METHOD__ 0
#define __FLT_HAS_DENORM__ 1
#define __FLT_HAS_INFINITY__ 1
#define __FLT_HAS_QUIET_NAN__ 1
#define __FLT_MANT_DIG__ 24
#define __FLT_MAX_10_EXP__ 38
#define __FLT_MAX_EXP__ 128
#define __FLT_MAX__ 3.40282347e+38F
#define __FLT_MIN_10_EXP__ (-37)
#define __FLT_MIN_EXP__ (-125)
#define __FLT_MIN__ 1.17549435e-38F
#define __FLT_RADIX__ 2
#define __FXSR__ 1
#define __GCC_ATOMIC_BOOL_LOCK_FREE 2
#define __GCC_ATOMIC_CHAR16_T_LOCK_FREE 2
#define __GCC_ATOMIC_CHAR32_T_LOCK_FREE 2
#define __GCC_ATOMIC_CHAR_LOCK_FREE 2
#define __GCC_ATOMIC_INT_LOCK_FREE 2
#define __GCC_ATOMIC_LLONG_LOCK_FREE 2
#define __GCC_ATOMIC_LONG_LOCK_FREE 2
#define __GCC_ATOMIC_POINTER_LOCK_FREE 2
#define __GCC_ATOMIC_SHORT_LOCK_FREE 2
#define __GCC_ATOMIC_TEST_AND_SET_TRUEVAL 1
#define __GCC_ATOMIC_WCHAR_T_LOCK_FREE 2
#define __GCC_HAVE_SYNC_COMPARE_AND_SWAP_1 1
#define __GCC_HAVE_SYNC_COMPARE_AND_SWAP_2 1
#define __GCC_HAVE_SYNC_COMPARE_AND_SWAP_4 1
#define __GCC_HAVE_SYNC_COMPARE_AND_SWAP_8 1
#define __GNUC_MINOR__ 2
#define __GNUC_PATCHLEVEL__ 1
#define __GNUC_STDC_INLINE__ 1
#define __GNUC__ 4
#define __GXX_ABI_VERSION 1002
#define __INT16_C_SUFFIX__ 
#define __INT16_FMTd__ "hd"
#define __INT16_FMTi__ "hi"
#define __INT16_MAX__ 32767
#define __INT16_TYPE__ short
#define __INT32_C_SUFFIX__ 
#define __INT32_FMTd__ "d"
#define __INT32_FMTi__ "i"
#define __INT32_MAX__ 2147483647
#define __INT32_TYPE__ int
#define __INT64_C_SUFFIX__ L
#define __INT64_FMTd__ "ld"
#define __INT64_FMTi__ "li"
#define __INT64_MAX__ 9223372036854775807L
#define __INT64_TYPE__ long int
#define __INT8_C_SUFFIX__ 
#define __INT8_FMTd__ "hhd"
#define __INT8_FMTi__ "hhi"
#define __INT8_MAX__ 127
#define __INT8_TYPE__ signed char
#define __INTMAX_C_SUFFIX__ L
#define __INTMAX_FMTd__ "ld"
#define __INTMAX_FMTi__ "li"
#define __INTMAX_MAX__ 9223372036854775807L
#define __INTMAX_TYPE__ long int
#define __INTMAX_WIDTH__ 64
#define __INTPTR_FMTd__ "ld"
#define __INTPTR_FMTi__ "li"
#define __INTPTR_MAX__ 9223372036854775807L
#define __INTPTR_TYPE__ long int
#define __INTPTR_WIDTH__ 64
#define __INT_FAST16_FMTd__ "hd"
#define __INT_FAST16_FMTi__ "hi"
#define __INT_FAST16_MAX__ 32767
#define __INT_FAST16_TYPE__ short
#define __INT_FAST32_FMTd__ "d"
#define __INT_FAST32_FMTi__ "i"
#define __INT_FAST32_MAX__ 2147483647
#define __INT_FAST32_TYPE__ int
#define __INT_FAST64_FMTd__ "ld"
#define __INT_FAST64_FMTi__ "li"
#define __INT_FAST64_MAX__ 9223372036854775807L
#define __INT_FAST64_TYPE__ long int
#define __INT_FAST8_FMTd__ "hhd"
#define __INT_FAST8_FMTi__ "hhi"
#define __INT_FAST8_MAX__ 127
#define __INT_FAST8_TYPE__ signed char
#define __INT_LEAST16_FMTd__ "hd"
#define __INT_LEAST16_FMTi__ "hi"
#define __INT_LEAST16_MAX__ 32767
#define __INT_LEAST16_TYPE__ short
#define __INT_LEAST32_FMTd__ "d"
#define __INT_LEAST32_FMTi__ "i"
#define __INT_LEAST32_MAX__ 2147483647
#define __INT_LEAST32_TYPE__ int
#define __INT_LEAST64_FMTd__ "ld"
#define __INT_LEAST64_FMTi__ "li"
#define __INT_LEAST64_MAX__ 9223372036854775807L
#define __INT_LEAST64_TYPE__ long int
#define __INT_LEAST8_FMTd__ "hhd"
#define __INT_LEAST8_FMTi__ "hhi"
#define __INT_LEAST8_MAX__ 127
#define __INT_LEAST8_TYPE__ signed char
#define __INT_MAX__ 2147483647
#define __LDBL_DECIMAL_DIG__ 21
#define __LDBL_DENORM_MIN__ 3.64519953188247460253e-4951L
#define __LDBL_DIG__ 18
#define __LDBL_EPSILON__ 1.08420217248550443401e-19L
#define __LDBL_HAS_DENORM__ 1
#define __LDBL_HAS_INFINITY__ 1
#define __LDBL_HAS_QUIET_NAN__ 1
#define __LDBL_MANT_DIG__ 64
#define __LDBL_MAX_10_EXP__ 4932
#define __LDBL_MAX_EXP__ 16384
#define __LDBL_MAX__ 1.18973149535723176502e+4932L
#define __LDBL_MIN_10_EXP__ (-4931)
#define __LDBL_MIN_EXP__ (-16381)
#define __LDBL_MIN__ 3.36210314311209350626e-4932L
#define __LITTLE_ENDIAN__ 1
#define __LONG_LONG_MAX__ 9223372036854775807LL
#define __LONG_MAX__ 9223372036854775807L
#define __LP64__ 1
#define __MMX__ 1
#define __NO_INLINE__ 1
#define __NO_MATH_INLINES 1
#define __OBJC_BOOL_IS_BOOL 0
#define __OPENCL_MEMORY_SCOPE_ALL_SVM_DEVICES 3
#define __OPENCL_MEMORY_SCOPE_DEVICE 2
#define __OPENCL_MEMORY_SCOPE_SUB_GROUP 4
#define __OPENCL_MEMORY_SCOPE_WORK_GROUP 1
#define __OPENCL_MEMORY_SCOPE_WORK_ITEM 0
#define __ORDER_BIG_ENDIAN__ 4321
#define __ORDER_LITTLE_ENDIAN__ 1234
#define __ORDER_PDP_ENDIAN__ 3412
#define __POINTER_WIDTH__ 64
#define __PRAGMA_REDEFINE_EXTNAME 1
#define __PTRDIFF_FMTd__ "ld"
#define __PTRDIFF_FMTi__ "li"
#define __PTRDIFF_MAX__ 9223372036854775807L
#define __PTRDIFF_TYPE__ long int
#define __PTRDIFF_WIDTH__ 64
#define __REGISTER_PREFIX__ 
#define __SCHAR_MAX__ 127
#define __SHRT_MAX__ 32767
#define __SIG_ATOMIC_MAX__ 2147483647
#define __SIG_ATOMIC_WIDTH__ 32
#define __SIZEOF_DOUBLE__ 8
#define __SIZEOF_FLOAT128__ 16
#define __SIZEOF_FLOAT__ 4
#define __SIZEOF_INT128__ 16
#define __SIZEOF_INT__ 4
#define __SIZEOF_LONG_DOUBLE__ 16
#define __SIZEOF_LONG_LONG__ 8
#define __SIZEOF_LONG__ 8
#define __SIZEOF_POINTER__ 8
#define __SIZEOF_PTRDIFF_T__ 8
#define __SIZEOF_SHORT__ 2
#define __SIZEOF_SIZE_T__ 8
#define __SIZEOF_WCHAR_T__ 4
#define __SIZEOF_WINT_T__ 4
#define __SIZE_FMTX__ "lX"
#define __SIZE_FMTo__ "lo"
#define __SIZE_FMTu__ "lu"
#define __SIZE_FMTx__ "lx"
#define __SIZE_MAX__ 18446744073709551615UL
#define __SIZE_TYPE__ long unsigned int
#define __SIZE_WIDTH__ 64
#define __SSE2_MATH__ 1
#define __SSE2__ 1
#define __SSE_MATH__ 1
#define __SSE__ 1
#define __STDC_HOSTED__ 1
#define __STDC_UTF_16__ 1
#define __STDC_UTF_32__ 1
#define __STDC_VERSION__ 201112L
#define __STDC__ 1
#define __UINT16_C_SUFFIX__ 
#define __UINT16_FMTX__ "hX"
#define __UINT16_FMTo__ "ho"
#define __UINT16_FMTu__ "hu"
#define __UINT16_FMTx__ "hx"
#define __UINT16_MAX__ 65535
#define __UINT16_TYPE__ unsigned short
#define __UINT32_C_SUFFIX__ U
#define __UINT32_FMTX__ "X"
#define __UINT32_FMTo__ "o"
#define __UINT32_FMTu__ "u"
#define __UINT32_FMTx__ "x"
#define __UINT32_MAX__ 4294967295U
#define __UINT32_TYPE__ unsigned int
#define __UINT64_C_SUFFIX__ UL
#define __UINT64_FMTX__ "lX"
#define __UINT64_FMTo__ "lo"
#define __UINT64_FMTu__ "lu"
#define __UINT64_FMTx__ "lx"
#define __UINT64_MAX__ 18446744073709551615UL
#define __UINT64_TYPE__ long unsigned int
#define __UINT8_C_SUFFIX__ 
#define __UINT8_FMTX__ "hhX"
#define __UINT8_FMTo__ "hho"
#define __UINT8_FMTu__ "hhu"
#define __UINT8_FMTx__ "hhx"
#define __UINT8_MAX__ 255
#define __UINT8_TYPE__ unsigned char
#define __UINTMAX_C_SUFFIX__ UL
#define __UINTMAX_FMTX__ "lX"
#define __UINTMAX_FMTo__ "lo"
#define __UINTMAX_FMTu__ "lu"
#define __UINTMAX_FMTx__ "lx"
#define __UINTMAX_MAX__ 18446744073709551615UL
#define __UINTMAX_TYPE__ long unsigned int
#define __UINTMAX_WIDTH__ 64
#define __UINTPTR_FMTX__ "lX"
#define __UINTPTR_FMTo__ "lo"
#define __UINTPTR_FMTu__ "lu"
#define __UINTPTR_FMTx__ "lx"
#define __UINTPTR_MAX__ 18446744073709551615UL
#define __UINTPTR_TYPE__ long unsigned int
#define __UINTPTR_WIDTH__ 64
#define __UINT_FAST16_FMTX__ "hX"
#define __UINT_FAST16_FMTo__ "ho"
#define __UINT_FAST16_FMTu__ "hu"
#define __UINT_FAST16_FMTx__ "hx"
#define __UINT_FAST16_MAX__ 65535
#define __UINT_FAST16_TYPE__ unsigned short
#define __UINT_FAST32_FMTX__ "X"
#define __UINT_FAST32_FMTo__ "o"
#define __UINT_FAST32_FMTu__ "u"
#define __UINT_FAST32_FMTx__ "x"
#define __UINT_FAST32_MAX__ 4294967295U
#define __UINT_FAST32_TYPE__ unsigned int
#define __UINT_FAST64_FMTX__ "lX"
#define __UINT_FAST64_FMTo__ "lo"
#define __UINT_FAST64_FMTu__ "lu"
#define __UINT_FAST64_FMTx__ "lx"
#define __UINT_FAST64_MAX__ 18446744073709551615UL
#define __UINT_FAST64_TYPE__ long unsigned int
#define __UINT_FAST8_FMTX__ "hhX"
#define __UINT_FAST8_FMTo__ "hho"
#define __UINT_FAST8_FMTu__ "hhu"
#define __UINT_FAST8_FMTx__ "hhx"
#define __UINT_FAST8_MAX__ 255
#define __UINT_FAST8_TYPE__ unsigned char
#define __UINT_LEAST16_FMTX__ "hX"
#define __UINT_LEAST16_FMTo__ "ho"
#define __UINT_LEAST16_FMTu__ "hu"
#define __UINT_LEAST16_FMTx__ "hx"
#define __UINT_LEAST16_MAX__ 65535
#define __UINT_LEAST16_TYPE__ unsigned short
#define __UINT_LEAST32_FMTX__ "X"
#define __UINT_LEAST32_FMTo__ "o"
#define __UINT_LEAST32_FMTu__ "u"
#define __UINT_LEAST32_FMTx__ "x"
#define __UINT_LEAST32_MAX__ 4294967295U
#define __UINT_LEAST32_TYPE__ unsigned int
#define __UINT_LEAST64_FMTX__ "lX"
#define __UINT_LEAST64_FMTo__ "lo"
#define __UINT_LEAST64_FMTu__ "lu"
#define __UINT_LEAST64_FMTx__ "lx"
#define __UINT_LEAST64_MAX__ 18446744073709551615UL
#define __UINT_LEAST64_TYPE__ long unsigned int
#define __UINT_LEAST8_FMTX__ "hhX"
#define __UINT_LEAST8_FMTo__ "hho"
#define __UINT_LEAST8_FMTu__ "hhu"
#define __UINT_LEAST8_FMTx__ "hhx"
#define __UINT_LEAST8_MAX__ 255
#define __UINT_LEAST8_TYPE__ unsigned char
#define __USER_LABEL_PREFIX__ 
#define __VERSION__ "4.2.1 Compatible Clang 6.0.0 (tags/RELEASE_600/final)"
#define __WCHAR_MAX__ 2147483647
#define __WCHAR_TYPE__ int
#define __WCHAR_WIDTH__ 32
#define __WINT_MAX__ 4294967295U
#define __WINT_TYPE__ unsigned int
#define __WINT_UNSIGNED__ 1
#define __WINT_WIDTH__ 32
#define __amd64 1
#define __amd64__ 1
#define __clang__ 1
#define __clang_major__ 6
#define __clang_minor__ 0
#define __clang_patchlevel__ 0
#define __clang_version__ "6.0.0 (tags/RELEASE_600/final)"
#define __gnu_linux__ 1
#define __k8 1
#define __k8__ 1
#define __linux 1
#define __linux__ 1
#define __llvm__ 1
#define __tune_k8__ 1
#define __unix 1
#define __unix__ 1
#define __x86_64 1
#define __x86_64__ 1
#define linux 1
#define unix 1

from /home/hjt/OSCC/ns-allinone-3.31/ns-3.31: Could not find gcc/g++ (only Clang), if renamed try eg: CC=gcc48 CXX=g++48 waf configure
not found
----------------------------------------
Checking for 'clang' (C compiler)
find program=['clang'] paths=['/home/hjt/.vscode-server/bin/8b3775030ed1a69b13e4f4c628c612102e30a681/bin/remote-cli', '/usr/local/sbin', '/usr/local/bin', '/usr/sbin', '/usr/bin', '/sbin', '/bin', '/usr/games', '/usr/local/games', '/snap/bin'] var='CC' -> ['/usr/bin/clang']
['/usr/bin/clang', '-dM', '-E', '-']
out: #define _LP64 1
#define __ATOMIC_ACQUIRE 2
#define __ATOMIC_ACQ_REL 4
#define __ATOMIC_CONSUME 1
#define __ATOMIC_RELAXED 0
#define __ATOMIC_RELEASE 3
#define __ATOMIC_SEQ_CST 5
#define __BIGGEST_ALIGNMENT__ 16
#define __BYTE_ORDER__ __ORDER_LITTLE_ENDIAN__
#define __CHAR16_TYPE__ unsigned short
#define __CHAR32_TYPE__ unsigned int
#define __CHAR_BIT__ 8
#define __CLANG_ATOMIC_BOOL_LOCK_FREE 2
#define __CLANG_ATOMIC_CHAR16_T_LOCK_FREE 2
#define __CLANG_ATOMIC_CHAR32_T_LOCK_FREE 2
#define __CLANG_ATOMIC_CHAR_LOCK_FREE 2
#define __CLANG_ATOMIC_INT_LOCK_FREE 2
#define __CLANG_ATOMIC_LLONG_LOCK_FREE 2
#define __CLANG_ATOMIC_LONG_LOCK_FREE 2
#define __CLANG_ATOMIC_POINTER_LOCK_FREE 2
#define __CLANG_ATOMIC_SHORT_LOCK_FREE 2
#define __CLANG_ATOMIC_WCHAR_T_LOCK_FREE 2
#define __CONSTANT_CFSTRINGS__ 1
#define __DBL_DECIMAL_DIG__ 17
#define __DBL_DENORM_MIN__ 4.9406564584124654e-324
#define __DBL_DIG__ 15
#define __DBL_EPSILON__ 2.2204460492503131e-16
#define __DBL_HAS_DENORM__ 1
#define __DBL_HAS_INFINITY__ 1
#define __DBL_HAS_QUIET_NAN__ 1
#define __DBL_MANT_DIG__ 53
#define __DBL_MAX_10_EXP__ 308
#define __DBL_MAX_EXP__ 1024
#define __DBL_MAX__ 1.7976931348623157e+308
#define __DBL_MIN_10_EXP__ (-307)
#define __DBL_MIN_EXP__ (-1021)
#define __DBL_MIN__ 2.2250738585072014e-308
#define __DECIMAL_DIG__ __LDBL_DECIMAL_DIG__
#define __ELF__ 1
#define __FINITE_MATH_ONLY__ 0
#define __FLOAT128__ 1
#define __FLT16_DECIMAL_DIG__ 5
#define __FLT16_DENORM_MIN__ 5.9604644775390625e-8F16
#define __FLT16_DIG__ 3
#define __FLT16_EPSILON__ 9.765625e-4F16
#define __FLT16_HAS_DENORM__ 1
#define __FLT16_HAS_INFINITY__ 1
#define __FLT16_HAS_QUIET_NAN__ 1
#define __FLT16_MANT_DIG__ 11
#define __FLT16_MAX_10_EXP__ 4
#define __FLT16_MAX_EXP__ 15
#define __FLT16_MAX__ 6.5504e+4F16
#define __FLT16_MIN_10_EXP__ (-13)
#define __FLT16_MIN_EXP__ (-14)
#define __FLT16_MIN__ 6.103515625e-5F16
#define __FLT_DECIMAL_DIG__ 9
#define __FLT_DENORM_MIN__ 1.40129846e-45F
#define __FLT_DIG__ 6
#define __FLT_EPSILON__ 1.19209290e-7F
#define __FLT_EVAL_METHOD__ 0
#define __FLT_HAS_DENORM__ 1
#define __FLT_HAS_INFINITY__ 1
#define __FLT_HAS_QUIET_NAN__ 1
#define __FLT_MANT_DIG__ 24
#define __FLT_MAX_10_EXP__ 38
#define __FLT_MAX_EXP__ 128
#define __FLT_MAX__ 3.40282347e+38F
#define __FLT_MIN_10_EXP__ (-37)
#define __FLT_MIN_EXP__ (-125)
#define __FLT_MIN__ 1.17549435e-38F
#define __FLT_RADIX__ 2
#define __FXSR__ 1
#define __GCC_ATOMIC_BOOL_LOCK_FREE 2
#define __GCC_ATOMIC_CHAR16_T_LOCK_FREE 2
#define __GCC_ATOMIC_CHAR32_T_LOCK_FREE 2
#define __GCC_ATOMIC_CHAR_LOCK_FREE 2
#define __GCC_ATOMIC_INT_LOCK_FREE 2
#define __GCC_ATOMIC_LLONG_LOCK_FREE 2
#define __GCC_ATOMIC_LONG_LOCK_FREE 2
#define __GCC_ATOMIC_POINTER_LOCK_FREE 2
#define __GCC_ATOMIC_SHORT_LOCK_FREE 2
#define __GCC_ATOMIC_TEST_AND_SET_TRUEVAL 1
#define __GCC_ATOMIC_WCHAR_T_LOCK_FREE 2
#define __GCC_HAVE_SYNC_COMPARE_AND_SWAP_1 1
#define __GCC_HAVE_SYNC_COMPARE_AND_SWAP_2 1
#define __GCC_HAVE_SYNC_COMPARE_AND_SWAP_4 1
#define __GCC_HAVE_SYNC_COMPARE_AND_SWAP_8 1
#define __GNUC_MINOR__ 2
#define __GNUC_PATCHLEVEL__ 1
#define __GNUC_STDC_INLINE__ 1
#define __GNUC__ 4
#define __GXX_ABI_VERSION 1002
#define __INT16_C_SUFFIX__ 
#define __INT16_FMTd__ "hd"
#define __INT16_FMTi__ "hi"
#define __INT16_MAX__ 32767
#define __INT16_TYPE__ short
#define __INT32_C_SUFFIX__ 
#define __INT32_FMTd__ "d"
#define __INT32_FMTi__ "i"
#define __INT32_MAX__ 2147483647
#define __INT32_TYPE__ int
#define __INT64_C_SUFFIX__ L
#define __INT64_FMTd__ "ld"
#define __INT64_FMTi__ "li"
#define __INT64_MAX__ 9223372036854775807L
#define __INT64_TYPE__ long int
#define __INT8_C_SUFFIX__ 
#define __INT8_FMTd__ "hhd"
#define __INT8_FMTi__ "hhi"
#define __INT8_MAX__ 127
#define __INT8_TYPE__ signed char
#define __INTMAX_C_SUFFIX__ L
#define __INTMAX_FMTd__ "ld"
#define __INTMAX_FMTi__ "li"
#define __INTMAX_MAX__ 9223372036854775807L
#define __INTMAX_TYPE__ long int
#define __INTMAX_WIDTH__ 64
#define __INTPTR_FMTd__ "ld"
#define __INTPTR_FMTi__ "li"
#define __INTPTR_MAX__ 9223372036854775807L
#define __INTPTR_TYPE__ long int
#define __INTPTR_WIDTH__ 64
#define __INT_FAST16_FMTd__ "hd"
#define __INT_FAST16_FMTi__ "hi"
#define __INT_FAST16_MAX__ 32767
#define __INT_FAST16_TYPE__ short
#define __INT_FAST32_FMTd__ "d"
#define __INT_FAST32_FMTi__ "i"
#define __INT_FAST32_MAX__ 2147483647
#define __INT_FAST32_TYPE__ int
#define __INT_FAST64_FMTd__ "ld"
#define __INT_FAST64_FMTi__ "li"
#define __INT_FAST64_MAX__ 9223372036854775807L
#define __INT_FAST64_TYPE__ long int
#define __INT_FAST8_FMTd__ "hhd"
#define __INT_FAST8_FMTi__ "hhi"
#define __INT_FAST8_MAX__ 127
#define __INT_FAST8_TYPE__ signed char
#define __INT_LEAST16_FMTd__ "hd"
#define __INT_LEAST16_FMTi__ "hi"
#define __INT_LEAST16_MAX__ 32767
#define __INT_LEAST16_TYPE__ short
#define __INT_LEAST32_FMTd__ "d"
#define __INT_LEAST32_FMTi__ "i"
#define __INT_LEAST32_MAX__ 2147483647
#define __INT_LEAST32_TYPE__ int
#define __INT_LEAST64_FMTd__ "ld"
#define __INT_LEAST64_FMTi__ "li"
#define __INT_LEAST64_MAX__ 9223372036854775807L
#define __INT_LEAST64_TYPE__ long int
#define __INT_LEAST8_FMTd__ "hhd"
#define __INT_LEAST8_FMTi__ "hhi"
#define __INT_LEAST8_MAX__ 127
#define __INT_LEAST8_TYPE__ signed char
#define __INT_MAX__ 2147483647
#define __LDBL_DECIMAL_DIG__ 21
#define __LDBL_DENORM_MIN__ 3.64519953188247460253e-4951L
#define __LDBL_DIG__ 18
#define __LDBL_EPSILON__ 1.08420217248550443401e-19L
#define __LDBL_HAS_DENORM__ 1
#define __LDBL_HAS_INFINITY__ 1
#define __LDBL_HAS_QUIET_NAN__ 1
#define __LDBL_MANT_DIG__ 64
#define __LDBL_MAX_10_EXP__ 4932
#define __LDBL_MAX_EXP__ 16384
#define __LDBL_MAX__ 1.18973149535723176502e+4932L
#define __LDBL_MIN_10_EXP__ (-4931)
#define __LDBL_MIN_EXP__ (-16381)
#define __LDBL_MIN__ 3.36210314311209350626e-4932L
#define __LITTLE_ENDIAN__ 1
#define __LONG_LONG_MAX__ 9223372036854775807LL
#define __LONG_MAX__ 9223372036854775807L
#define __LP64__ 1
#define __MMX__ 1
#define __NO_INLINE__ 1
#define __NO_MATH_INLINES 1
#define __OBJC_BOOL_IS_BOOL 0
#define __OPENCL_MEMORY_SCOPE_ALL_SVM_DEVICES 3
#define __OPENCL_MEMORY_SCOPE_DEVICE 2
#define __OPENCL_MEMORY_SCOPE_SUB_GROUP 4
#define __OPENCL_MEMORY_SCOPE_WORK_GROUP 1
#define __OPENCL_MEMORY_SCOPE_WORK_ITEM 0
#define __ORDER_BIG_ENDIAN__ 4321
#define __ORDER_LITTLE_ENDIAN__ 1234
#define __ORDER_PDP_ENDIAN__ 3412
#define __POINTER_WIDTH__ 64
#define __PRAGMA_REDEFINE_EXTNAME 1
#define __PTRDIFF_FMTd__ "ld"
#define __PTRDIFF_FMTi__ "li"
#define __PTRDIFF_MAX__ 9223372036854775807L
#define __PTRDIFF_TYPE__ long int
#define __PTRDIFF_WIDTH__ 64
#define __REGISTER_PREFIX__ 
#define __SCHAR_MAX__ 127
#define __SHRT_MAX__ 32767
#define __SIG_ATOMIC_MAX__ 2147483647
#define __SIG_ATOMIC_WIDTH__ 32
#define __SIZEOF_DOUBLE__ 8
#define __SIZEOF_FLOAT128__ 16
#define __SIZEOF_FLOAT__ 4
#define __SIZEOF_INT128__ 16
#define __SIZEOF_INT__ 4
#define __SIZEOF_LONG_DOUBLE__ 16
#define __SIZEOF_LONG_LONG__ 8
#define __SIZEOF_LONG__ 8
#define __SIZEOF_POINTER__ 8
#define __SIZEOF_PTRDIFF_T__ 8
#define __SIZEOF_SHORT__ 2
#define __SIZEOF_SIZE_T__ 8
#define __SIZEOF_WCHAR_T__ 4
#define __SIZEOF_WINT_T__ 4
#define __SIZE_FMTX__ "lX"
#define __SIZE_FMTo__ "lo"
#define __SIZE_FMTu__ "lu"
#define __SIZE_FMTx__ "lx"
#define __SIZE_MAX__ 18446744073709551615UL
#define __SIZE_TYPE__ long unsigned int
#define __SIZE_WIDTH__ 64
#define __SSE2_MATH__ 1
#define __SSE2__ 1
#define __SSE_MATH__ 1
#define __SSE__ 1
#define __STDC_HOSTED__ 1
#define __STDC_UTF_16__ 1
#define __STDC_UTF_32__ 1
#define __STDC_VERSION__ 201112L
#define __STDC__ 1
#define __UINT16_C_SUFFIX__ 
#define __UINT16_FMTX__ "hX"
#define __UINT16_FMTo__ "ho"
#define __UINT16_FMTu__ "hu"
#define __UINT16_FMTx__ "hx"
#define __UINT16_MAX__ 65535
#define __UINT16_TYPE__ unsigned short
#define __UINT32_C_SUFFIX__ U
#define __UINT32_FMTX__ "X"
#define __UINT32_FMTo__ "o"
#define __UINT32_FMTu__ "u"
#define __UINT32_FMTx__ "x"
#define __UINT32_MAX__ 4294967295U
#define __UINT32_TYPE__ unsigned int
#define __UINT64_C_SUFFIX__ UL
#define __UINT64_FMTX__ "lX"
#define __UINT64_FMTo__ "lo"
#define __UINT64_FMTu__ "lu"
#define __UINT64_FMTx__ "lx"
#define __UINT64_MAX__ 18446744073709551615UL
#define __UINT64_TYPE__ long unsigned int
#define __UINT8_C_SUFFIX__ 
#define __UINT8_FMTX__ "hhX"
#define __UINT8_FMTo__ "hho"
#define __UINT8_FMTu__ "hhu"
#define __UINT8_FMTx__ "hhx"
#define __UINT8_MAX__ 255
#define __UINT8_TYPE__ unsigned char
#define __UINTMAX_C_SUFFIX__ UL
#define __UINTMAX_FMTX__ "lX"
#define __UINTMAX_FMTo__ "lo"
#define __UINTMAX_FMTu__ "lu"
#define __UINTMAX_FMTx__ "lx"
#define __UINTMAX_MAX__ 18446744073709551615UL
#define __UINTMAX_TYPE__ long unsigned int
#define __UINTMAX_WIDTH__ 64
#define __UINTPTR_FMTX__ "lX"
#define __UINTPTR_FMTo__ "lo"
#define __UINTPTR_FMTu__ "lu"
#define __UINTPTR_FMTx__ "lx"
#define __UINTPTR_MAX__ 18446744073709551615UL
#define __UINTPTR_TYPE__ long unsigned int
#define __UINTPTR_WIDTH__ 64
#define __UINT_FAST16_FMTX__ "hX"
#define __UINT_FAST16_FMTo__ "ho"
#define __UINT_FAST16_FMTu__ "hu"
#define __UINT_FAST16_FMTx__ "hx"
#define __UINT_FAST16_MAX__ 65535
#define __UINT_FAST16_TYPE__ unsigned short
#define __UINT_FAST32_FMTX__ "X"
#define __UINT_FAST32_FMTo__ "o"
#define __UINT_FAST32_FMTu__ "u"
#define __UINT_FAST32_FMTx__ "x"
#define __UINT_FAST32_MAX__ 4294967295U
#define __UINT_FAST32_TYPE__ unsigned int
#define __UINT_FAST64_FMTX__ "lX"
#define __UINT_FAST64_FMTo__ "lo"
#define __UINT_FAST64_FMTu__ "lu"
#define __UINT_FAST64_FMTx__ "lx"
#define __UINT_FAST64_MAX__ 18446744073709551615UL
#define __UINT_FAST64_TYPE__ long unsigned int
#define __UINT_FAST8_FMTX__ "hhX"
#define __UINT_FAST8_FMTo__ "hho"
#define __UINT_FAST8_FMTu__ "hhu"
#define __UINT_FAST8_FMTx__ "hhx"
#define __UINT_FAST8_MAX__ 255
#define __UINT_FAST8_TYPE__ unsigned char
#define __UINT_LEAST16_FMTX__ "hX"
#define __UINT_LEAST16_FMTo__ "ho"
#define __UINT_LEAST16_FMTu__ "hu"
#define __UINT_LEAST16_FMTx__ "hx"
#define __UINT_LEAST16_MAX__ 65535
#define __UINT_LEAST16_TYPE__ unsigned short
#define __UINT_LEAST32_FMTX__ "X"
#define __UINT_LEAST32_FMTo__ "o"
#define __UINT_LEAST32_FMTu__ "u"
#define __UINT_LEAST32_FMTx__ "x"
#define __UINT_LEAST32_MAX__ 4294967295U
#define __UINT_LEAST32_TYPE__ unsigned int
#define __UINT_LEAST64_FMTX__ "lX"
#define __UINT_LEAST64_FMTo__ "lo"
#define __UINT_LEAST64_FMTu__ "lu"
#define __UINT_LEAST64_FMTx__ "lx"
#define __UINT_LEAST64_MAX__ 18446744073709551615UL
#define __UINT_LEAST64_TYPE__ long unsigned int
#define __UINT_LEAST8_FMTX__ "hhX"
#define __UINT_LEAST8_FMTo__ "hho"
#define __UINT_LEAST8_FMTu__ "hhu"
#define __UINT_LEAST8_FMTx__ "hhx"
#define __UINT_LEAST8_MAX__ 255
#define __UINT_LEAST8_TYPE__ unsigned char
#define __USER_LABEL_PREFIX__ 
#define __VERSION__ "4.2.1 Compatible Clang 6.0.0 (tags/RELEASE_600/final)"
#define __WCHAR_MAX__ 2147483647
#define __WCHAR_TYPE__ int
#define __WCHAR_WIDTH__ 32
#define __WINT_MAX__ 4294967295U
#define __WINT_TYPE__ unsigned int
#define __WINT_UNSIGNED__ 1
#define __WINT_WIDTH__ 32
#define __amd64 1
#define __amd64__ 1
#define __clang__ 1
#define __clang_major__ 6
#define __clang_minor__ 0
#define __clang_patchlevel__ 0
#define __clang_version__ "6.0.0 (tags/RELEASE_600/final)"
#define __gnu_linux__ 1
#define __k8 1
#define __k8__ 1
#define __linux 1
#define __linux__ 1
#define __llvm__ 1
#define __tune_k8__ 1
#define __unix 1
#define __unix__ 1
#define __x86_64 1
#define __x86_64__ 1
#define linux 1
#define unix 1

find program=['llvm-ar', 'ar'] paths=['/home/hjt/.vscode-server/bin/8b3775030ed1a69b13e4f4c628c612102e30a681/bin/remote-cli', '/usr/local/sbin', '/usr/local/bin', '/usr/sbin', '/usr/bin', '/sbin', '/bin', '/usr/games', '/usr/local/games', '/snap/bin'] var='AR' -> ['/usr/bin/ar']
find program=['ar'] paths=['/home/hjt/.vscode-server/bin/8b3775030ed1a69b13e4f4c628c612102e30a681/bin/remote-cli', '/usr/local/sbin', '/usr/local/bin', '/usr/sbin', '/usr/bin', '/sbin', '/bin', '/usr/games', '/usr/local/games', '/snap/bin'] var='AR' -> ['/usr/bin/ar']
/usr/bin/clang
----------------------------------------
Checking for cc version
6.0.0
----------------------------------------
Checking for 'g++' (C++ compiler)
find program=['g++', 'c++'] paths=['/home/hjt/.vscode-server/bin/8b3775030ed1a69b13e4f4c628c612102e30a681/bin/remote-cli', '/usr/local/sbin', '/usr/local/bin', '/usr/sbin', '/usr/bin', '/sbin', '/bin', '/usr/games', '/usr/local/games', '/snap/bin'] var='CXX' -> ['/usr/bin/c++']
['/usr/bin/c++', '-dM', '-E', '-']
out: #define _LP64 1
#define __ATOMIC_ACQUIRE 2
#define __ATOMIC_ACQ_REL 4
#define __ATOMIC_CONSUME 1
#define __ATOMIC_RELAXED 0
#define __ATOMIC_RELEASE 3
#define __ATOMIC_SEQ_CST 5
#define __BIGGEST_ALIGNMENT__ 16
#define __BYTE_ORDER__ __ORDER_LITTLE_ENDIAN__
#define __CHAR16_TYPE__ unsigned short
#define __CHAR32_TYPE__ unsigned int
#define __CHAR_BIT__ 8
#define __CLANG_ATOMIC_BOOL_LOCK_FREE 2
#define __CLANG_ATOMIC_CHAR16_T_LOCK_FREE 2
#define __CLANG_ATOMIC_CHAR32_T_LOCK_FREE 2
#define __CLANG_ATOMIC_CHAR_LOCK_FREE 2
#define __CLANG_ATOMIC_INT_LOCK_FREE 2
#define __CLANG_ATOMIC_LLONG_LOCK_FREE 2
#define __CLANG_ATOMIC_LONG_LOCK_FREE 2
#define __CLANG_ATOMIC_POINTER_LOCK_FREE 2
#define __CLANG_ATOMIC_SHORT_LOCK_FREE 2
#define __CLANG_ATOMIC_WCHAR_T_LOCK_FREE 2
#define __CONSTANT_CFSTRINGS__ 1
#define __DBL_DECIMAL_DIG__ 17
#define __DBL_DENORM_MIN__ 4.9406564584124654e-324
#define __DBL_DIG__ 15
#define __DBL_EPSILON__ 2.2204460492503131e-16
#define __DBL_HAS_DENORM__ 1
#define __DBL_HAS_INFINITY__ 1
#define __DBL_HAS_QUIET_NAN__ 1
#define __DBL_MANT_DIG__ 53
#define __DBL_MAX_10_EXP__ 308
#define __DBL_MAX_EXP__ 1024
#define __DBL_MAX__ 1.7976931348623157e+308
#define __DBL_MIN_10_EXP__ (-307)
#define __DBL_MIN_EXP__ (-1021)
#define __DBL_MIN__ 2.2250738585072014e-308
#define __DECIMAL_DIG__ __LDBL_DECIMAL_DIG__
#define __ELF__ 1
#define __FINITE_MATH_ONLY__ 0
#define __FLOAT128__ 1
#define __FLT16_DECIMAL_DIG__ 5
#define __FLT16_DENORM_MIN__ 5.9604644775390625e-8F16
#define __FLT16_DIG__ 3
#define __FLT16_EPSILON__ 9.765625e-4F16
#define __FLT16_HAS_DENORM__ 1
#define __FLT16_HAS_INFINITY__ 1
#define __FLT16_HAS_QUIET_NAN__ 1
#define __FLT16_MANT_DIG__ 11
#define __FLT16_MAX_10_EXP__ 4
#define __FLT16_MAX_EXP__ 15
#define __FLT16_MAX__ 6.5504e+4F16
#define __FLT16_MIN_10_EXP__ (-13)
#define __FLT16_MIN_EXP__ (-14)
#define __FLT16_MIN__ 6.103515625e-5F16
#define __FLT_DECIMAL_DIG__ 9
#define __FLT_DENORM_MIN__ 1.40129846e-45F
#define __FLT_DIG__ 6
#define __FLT_EPSILON__ 1.19209290e-7F
#define __FLT_EVAL_METHOD__ 0
#define __FLT_HAS_DENORM__ 1
#define __FLT_HAS_INFINITY__ 1
#define __FLT_HAS_QUIET_NAN__ 1
#define __FLT_MANT_DIG__ 24
#define __FLT_MAX_10_EXP__ 38
#define __FLT_MAX_EXP__ 128
#define __FLT_MAX__ 3.40282347e+38F
#define __FLT_MIN_10_EXP__ (-37)
#define __FLT_MIN_EXP__ (-125)
#define __FLT_MIN__ 1.17549435e-38F
#define __FLT_RADIX__ 2
#define __FXSR__ 1
#define __GCC_ATOMIC_BOOL_LOCK_FREE 2
#define __GCC_ATOMIC_CHAR16_T_LOCK_FREE 2
#define __GCC_ATOMIC_CHAR32_T_LOCK_FREE 2
#define __GCC_ATOMIC_CHAR_LOCK_FREE 2
#define __GCC_ATOMIC_INT_LOCK_FREE 2
#define __GCC_ATOMIC_LLONG_LOCK_FREE 2
#define __GCC_ATOMIC_LONG_LOCK_FREE 2
#define __GCC_ATOMIC_POINTER_LOCK_FREE 2
#define __GCC_ATOMIC_SHORT_LOCK_FREE 2
#define __GCC_ATOMIC_TEST_AND_SET_TRUEVAL 1
#define __GCC_ATOMIC_WCHAR_T_LOCK_FREE 2
#define __GCC_HAVE_SYNC_COMPARE_AND_SWAP_1 1
#define __GCC_HAVE_SYNC_COMPARE_AND_SWAP_2 1
#define __GCC_HAVE_SYNC_COMPARE_AND_SWAP_4 1
#define __GCC_HAVE_SYNC_COMPARE_AND_SWAP_8 1
#define __GNUC_MINOR__ 2
#define __GNUC_PATCHLEVEL__ 1
#define __GNUC_STDC_INLINE__ 1
#define __GNUC__ 4
#define __GXX_ABI_VERSION 1002
#define __INT16_C_SUFFIX__ 
#define __INT16_FMTd__ "hd"
#define __INT16_FMTi__ "hi"
#define __INT16_MAX__ 32767
#define __INT16_TYPE__ short
#define __INT32_C_SUFFIX__ 
#define __INT32_FMTd__ "d"
#define __INT32_FMTi__ "i"
#define __INT32_MAX__ 2147483647
#define __INT32_TYPE__ int
#define __INT64_C_SUFFIX__ L
#define __INT64_FMTd__ "ld"
#define __INT64_FMTi__ "li"
#define __INT64_MAX__ 9223372036854775807L
#define __INT64_TYPE__ long int
#define __INT8_C_SUFFIX__ 
#define __INT8_FMTd__ "hhd"
#define __INT8_FMTi__ "hhi"
#define __INT8_MAX__ 127
#define __INT8_TYPE__ signed char
#define __INTMAX_C_SUFFIX__ L
#define __INTMAX_FMTd__ "ld"
#define __INTMAX_FMTi__ "li"
#define __INTMAX_MAX__ 9223372036854775807L
#define __INTMAX_TYPE__ long int
#define __INTMAX_WIDTH__ 64
#define __INTPTR_FMTd__ "ld"
#define __INTPTR_FMTi__ "li"
#define __INTPTR_MAX__ 9223372036854775807L
#define __INTPTR_TYPE__ long int
#define __INTPTR_WIDTH__ 64
#define __INT_FAST16_FMTd__ "hd"
#define __INT_FAST16_FMTi__ "hi"
#define __INT_FAST16_MAX__ 32767
#define __INT_FAST16_TYPE__ short
#define __INT_FAST32_FMTd__ "d"
#define __INT_FAST32_FMTi__ "i"
#define __INT_FAST32_MAX__ 2147483647
#define __INT_FAST32_TYPE__ int
#define __INT_FAST64_FMTd__ "ld"
#define __INT_FAST64_FMTi__ "li"
#define __INT_FAST64_MAX__ 9223372036854775807L
#define __INT_FAST64_TYPE__ long int
#define __INT_FAST8_FMTd__ "hhd"
#define __INT_FAST8_FMTi__ "hhi"
#define __INT_FAST8_MAX__ 127
#define __INT_FAST8_TYPE__ signed char
#define __INT_LEAST16_FMTd__ "hd"
#define __INT_LEAST16_FMTi__ "hi"
#define __INT_LEAST16_MAX__ 32767
#define __INT_LEAST16_TYPE__ short
#define __INT_LEAST32_FMTd__ "d"
#define __INT_LEAST32_FMTi__ "i"
#define __INT_LEAST32_MAX__ 2147483647
#define __INT_LEAST32_TYPE__ int
#define __INT_LEAST64_FMTd__ "ld"
#define __INT_LEAST64_FMTi__ "li"
#define __INT_LEAST64_MAX__ 9223372036854775807L
#define __INT_LEAST64_TYPE__ long int
#define __INT_LEAST8_FMTd__ "hhd"
#define __INT_LEAST8_FMTi__ "hhi"
#define __INT_LEAST8_MAX__ 127
#define __INT_LEAST8_TYPE__ signed char
#define __INT_MAX__ 2147483647
#define __LDBL_DECIMAL_DIG__ 21
#define __LDBL_DENORM_MIN__ 3.64519953188247460253e-4951L
#define __LDBL_DIG__ 18
#define __LDBL_EPSILON__ 1.08420217248550443401e-19L
#define __LDBL_HAS_DENORM__ 1
#define __LDBL_HAS_INFINITY__ 1
#define __LDBL_HAS_QUIET_NAN__ 1
#define __LDBL_MANT_DIG__ 64
#define __LDBL_MAX_10_EXP__ 4932
#define __LDBL_MAX_EXP__ 16384
#define __LDBL_MAX__ 1.18973149535723176502e+4932L
#define __LDBL_MIN_10_EXP__ (-4931)
#define __LDBL_MIN_EXP__ (-16381)
#define __LDBL_MIN__ 3.36210314311209350626e-4932L
#define __LITTLE_ENDIAN__ 1
#define __LONG_LONG_MAX__ 9223372036854775807LL
#define __LONG_MAX__ 9223372036854775807L
#define __LP64__ 1
#define __MMX__ 1
#define __NO_INLINE__ 1
#define __NO_MATH_INLINES 1
#define __OBJC_BOOL_IS_BOOL 0
#define __OPENCL_MEMORY_SCOPE_ALL_SVM_DEVICES 3
#define __OPENCL_MEMORY_SCOPE_DEVICE 2
#define __OPENCL_MEMORY_SCOPE_SUB_GROUP 4
#define __OPENCL_MEMORY_SCOPE_WORK_GROUP 1
#define __OPENCL_MEMORY_SCOPE_WORK_ITEM 0
#define __ORDER_BIG_ENDIAN__ 4321
#define __ORDER_LITTLE_ENDIAN__ 1234
#define __ORDER_PDP_ENDIAN__ 3412
#define __POINTER_WIDTH__ 64
#define __PRAGMA_REDEFINE_EXTNAME 1
#define __PTRDIFF_FMTd__ "ld"
#define __PTRDIFF_FMTi__ "li"
#define __PTRDIFF_MAX__ 9223372036854775807L
#define __PTRDIFF_TYPE__ long int
#define __PTRDIFF_WIDTH__ 64
#define __REGISTER_PREFIX__ 
#define __SCHAR_MAX__ 127
#define __SHRT_MAX__ 32767
#define __SIG_ATOMIC_MAX__ 2147483647
#define __SIG_ATOMIC_WIDTH__ 32
#define __SIZEOF_DOUBLE__ 8
#define __SIZEOF_FLOAT128__ 16
#define __SIZEOF_FLOAT__ 4
#define __SIZEOF_INT128__ 16
#define __SIZEOF_INT__ 4
#define __SIZEOF_LONG_DOUBLE__ 16
#define __SIZEOF_LONG_LONG__ 8
#define __SIZEOF_LONG__ 8
#define __SIZEOF_POINTER__ 8
#define __SIZEOF_PTRDIFF_T__ 8
#define __SIZEOF_SHORT__ 2
#define __SIZEOF_SIZE_T__ 8
#define __SIZEOF_WCHAR_T__ 4
#define __SIZEOF_WINT_T__ 4
#define __SIZE_FMTX__ "lX"
#define __SIZE_FMTo__ "lo"
#define __SIZE_FMTu__ "lu"
#define __SIZE_FMTx__ "lx"
#define __SIZE_MAX__ 18446744073709551615UL
#define __SIZE_TYPE__ long unsigned int
#define __SIZE_WIDTH__ 64
#define __SSE2_MATH__ 1
#define __SSE2__ 1
#define __SSE_MATH__ 1
#define __SSE__ 1
#define __STDC_HOSTED__ 1
#define __STDC_UTF_16__ 1
#define __STDC_UTF_32__ 1
#define __STDC_VERSION__ 201112L
#define __STDC__ 1
#define __UINT16_C_SUFFIX__ 
#define __UINT16_FMTX__ "hX"
#define __UINT16_FMTo__ "ho"
#define __UINT16_FMTu__ "hu"
#define __UINT16_FMTx__ "hx"
#define __UINT16_MAX__ 65535
#define __UINT16_TYPE__ unsigned short
#define __UINT32_C_SUFFIX__ U
#define __UINT32_FMTX__ "X"
#define __UINT32_FMTo__ "o"
#define __UINT32_FMTu__ "u"
#define __UINT32_FMTx__ "x"
#define __UINT32_MAX__ 4294967295U
#define __UINT32_TYPE__ unsigned int
#define __UINT64_C_SUFFIX__ UL
#define __UINT64_FMTX__ "lX"
#define __UINT64_FMTo__ "lo"
#define __UINT64_FMTu__ "lu"
#define __UINT64_FMTx__ "lx"
#define __UINT64_MAX__ 18446744073709551615UL
#define __UINT64_TYPE__ long unsigned int
#define __UINT8_C_SUFFIX__ 
#define __UINT8_FMTX__ "hhX"
#define __UINT8_FMTo__ "hho"
#define __UINT8_FMTu__ "hhu"
#define __UINT8_FMTx__ "hhx"
#define __UINT8_MAX__ 255
#define __UINT8_TYPE__ unsigned char
#define __UINTMAX_C_SUFFIX__ UL
#define __UINTMAX_FMTX__ "lX"
#define __UINTMAX_FMTo__ "lo"
#define __UINTMAX_FMTu__ "lu"
#define __UINTMAX_FMTx__ "lx"
#define __UINTMAX_MAX__ 18446744073709551615UL
#define __UINTMAX_TYPE__ long unsigned int
#define __UINTMAX_WIDTH__ 64
#define __UINTPTR_FMTX__ "lX"
#define __UINTPTR_FMTo__ "lo"
#define __UINTPTR_FMTu__ "lu"
#define __UINTPTR_FMTx__ "lx"
#define __UINTPTR_MAX__ 18446744073709551615UL
#define __UINTPTR_TYPE__ long unsigned int
#define __UINTPTR_WIDTH__ 64
#define __UINT_FAST16_FMTX__ "hX"
#define __UINT_FAST16_FMTo__ "ho"
#define __UINT_FAST16_FMTu__ "hu"
#define __UINT_FAST16_FMTx__ "hx"
#define __UINT_FAST16_MAX__ 65535
#define __UINT_FAST16_TYPE__ unsigned short
#define __UINT_FAST32_FMTX__ "X"
#define __UINT_FAST32_FMTo__ "o"
#define __UINT_FAST32_FMTu__ "u"
#define __UINT_FAST32_FMTx__ "x"
#define __UINT_FAST32_MAX__ 4294967295U
#define __UINT_FAST32_TYPE__ unsigned int
#define __UINT_FAST64_FMTX__ "lX"
#define __UINT_FAST64_FMTo__ "lo"
#define __UINT_FAST64_FMTu__ "lu"
#define __UINT_FAST64_FMTx__ "lx"
#define __UINT_FAST64_MAX__ 18446744073709551615UL
#define __UINT_FAST64_TYPE__ long unsigned int
#define __UINT_FAST8_FMTX__ "hhX"
#define __UINT_FAST8_FMTo__ "hho"
#define __UINT_FAST8_FMTu__ "hhu"
#define __UINT_FAST8_FMTx__ "hhx"
#define __UINT_FAST8_MAX__ 255
#define __UINT_FAST8_TYPE__ unsigned char
#define __UINT_LEAST16_FMTX__ "hX"
#define __UINT_LEAST16_FMTo__ "ho"
#define __UINT_LEAST16_FMTu__ "hu"
#define __UINT_LEAST16_FMTx__ "hx"
#define __UINT_LEAST16_MAX__ 65535
#define __UINT_LEAST16_TYPE__ unsigned short
#define __UINT_LEAST32_FMTX__ "X"
#define __UINT_LEAST32_FMTo__ "o"
#define __UINT_LEAST32_FMTu__ "u"
#define __UINT_LEAST32_FMTx__ "x"
#define __UINT_LEAST32_MAX__ 4294967295U
#define __UINT_LEAST32_TYPE__ unsigned int
#define __UINT_LEAST64_FMTX__ "lX"
#define __UINT_LEAST64_FMTo__ "lo"
#define __UINT_LEAST64_FMTu__ "lu"
#define __UINT_LEAST64_FMTx__ "lx"
#define __UINT_LEAST64_MAX__ 18446744073709551615UL
#define __UINT_LEAST64_TYPE__ long unsigned int
#define __UINT_LEAST8_FMTX__ "hhX"
#define __UINT_LEAST8_FMTo__ "hho"
#define __UINT_LEAST8_FMTu__ "hhu"
#define __UINT_LEAST8_FMTx__ "hhx"
#define __UINT_LEAST8_MAX__ 255
#define __UINT_LEAST8_TYPE__ unsigned char
#define __USER_LABEL_PREFIX__ 
#define __VERSION__ "4.2.1 Compatible Clang 6.0.0 (tags/RELEASE_600/final)"
#define __WCHAR_MAX__ 2147483647
#define __WCHAR_TYPE__ int
#define __WCHAR_WIDTH__ 32
#define __WINT_MAX__ 4294967295U
#define __WINT_TYPE__ unsigned int
#define __WINT_UNSIGNED__ 1
#define __WINT_WIDTH__ 32
#define __amd64 1
#define __amd64__ 1
#define __clang__ 1
#define __clang_major__ 6
#define __clang_minor__ 0
#define __clang_patchlevel__ 0
#define __clang_version__ "6.0.0 (tags/RELEASE_600/final)"
#define __gnu_linux__ 1
#define __k8 1
#define __k8__ 1
#define __linux 1
#define __linux__ 1
#define __llvm__ 1
#define __tune_k8__ 1
#define __unix 1
#define __unix__ 1
#define __x86_64 1
#define __x86_64__ 1
#define linux 1
#define unix 1

from /home/hjt/OSCC/ns-allinone-3.31/ns-3.31: Could not find gcc/g++ (only Clang), if renamed try eg: CC=gcc48 CXX=g++48 waf configure
not found
----------------------------------------
Checking for 'clang++' (C++ compiler)
find program=['clang++'] paths=['/home/hjt/.vscode-server/bin/8b3775030ed1a69b13e4f4c628c612102e30a681/bin/remote-cli', '/usr/local/sbin', '/usr/local/bin', '/usr/sbin', '/usr/bin', '/sbin', '/bin', '/usr/games', '/usr/local/games', '/snap/bin'] var='CXX' -> ['/usr/bin/clang++']
['/usr/bin/clang++', '-dM', '-E', '-']
out: #define _LP64 1
#define __ATOMIC_ACQUIRE 2
#define __ATOMIC_ACQ_REL 4
#define __ATOMIC_CONSUME 1
#define __ATOMIC_RELAXED 0
#define __ATOMIC_RELEASE 3
#define __ATOMIC_SEQ_CST 5
#define __BIGGEST_ALIGNMENT__ 16
#define __BYTE_ORDER__ __ORDER_LITTLE_ENDIAN__
#define __CHAR16_TYPE__ unsigned short
#define __CHAR32_TYPE__ unsigned int
#define __CHAR_BIT__ 8
#define __CLANG_ATOMIC_BOOL_LOCK_FREE 2
#define __CLANG_ATOMIC_CHAR16_T_LOCK_FREE 2
#define __CLANG_ATOMIC_CHAR32_T_LOCK_FREE 2
#define __CLANG_ATOMIC_CHAR_LOCK_FREE 2
#define __CLANG_ATOMIC_INT_LOCK_FREE 2
#define __CLANG_ATOMIC_LLONG_LOCK_FREE 2
#define __CLANG_ATOMIC_LONG_LOCK_FREE 2
#define __CLANG_ATOMIC_POINTER_LOCK_FREE 2
#define __CLANG_ATOMIC_SHORT_LOCK_FREE 2
#define __CLANG_ATOMIC_WCHAR_T_LOCK_FREE 2
#define __CONSTANT_CFSTRINGS__ 1
#define __DBL_DECIMAL_DIG__ 17
#define __DBL_DENORM_MIN__ 4.9406564584124654e-324
#define __DBL_DIG__ 15
#define __DBL_EPSILON__ 2.2204460492503131e-16
#define __DBL_HAS_DENORM__ 1
#define __DBL_HAS_INFINITY__ 1
#define __DBL_HAS_QUIET_NAN__ 1
#define __DBL_MANT_DIG__ 53
#define __DBL_MAX_10_EXP__ 308
#define __DBL_MAX_EXP__ 1024
#define __DBL_MAX__ 1.7976931348623157e+308
#define __DBL_MIN_10_EXP__ (-307)
#define __DBL_MIN_EXP__ (-1021)
#define __DBL_MIN__ 2.2250738585072014e-308
#define __DECIMAL_DIG__ __LDBL_DECIMAL_DIG__
#define __ELF__ 1
#define __FINITE_MATH_ONLY__ 0
#define __FLOAT128__ 1
#define __FLT16_DECIMAL_DIG__ 5
#define __FLT16_DENORM_MIN__ 5.9604644775390625e-8F16
#define __FLT16_DIG__ 3
#define __FLT16_EPSILON__ 9.765625e-4F16
#define __FLT16_HAS_DENORM__ 1
#define __FLT16_HAS_INFINITY__ 1
#define __FLT16_HAS_QUIET_NAN__ 1
#define __FLT16_MANT_DIG__ 11
#define __FLT16_MAX_10_EXP__ 4
#define __FLT16_MAX_EXP__ 15
#define __FLT16_MAX__ 6.5504e+4F16
#define __FLT16_MIN_10_EXP__ (-13)
#define __FLT16_MIN_EXP__ (-14)
#define __FLT16_MIN__ 6.103515625e-5F16
#define __FLT_DECIMAL_DIG__ 9
#define __FLT_DENORM_MIN__ 1.40129846e-45F
#define __FLT_DIG__ 6
#define __FLT_EPSILON__ 1.19209290e-7F
#define __FLT_EVAL_METHOD__ 0
#define __FLT_HAS_DENORM__ 1
#define __FLT_HAS_INFINITY__ 1
#define __FLT_HAS_QUIET_NAN__ 1
#define __FLT_MANT_DIG__ 24
#define __FLT_MAX_10_EXP__ 38
#define __FLT_MAX_EXP__ 128
#define __FLT_MAX__ 3.40282347e+38F
#define __FLT_MIN_10_EXP__ (-37)
#define __FLT_MIN_EXP__ (-125)
#define __FLT_MIN__ 1.17549435e-38F
#define __FLT_RADIX__ 2
#define __FXSR__ 1
#define __GCC_ATOMIC_BOOL_LOCK_FREE 2
#define __GCC_ATOMIC_CHAR16_T_LOCK_FREE 2
#define __GCC_ATOMIC_CHAR32_T_LOCK_FREE 2
#define __GCC_ATOMIC_CHAR_LOCK_FREE 2
#define __GCC_ATOMIC_INT_LOCK_FREE 2
#define __GCC_ATOMIC_LLONG_LOCK_FREE 2
#define __GCC_ATOMIC_LONG_LOCK_FREE 2
#define __GCC_ATOMIC_POINTER_LOCK_FREE 2
#define __GCC_ATOMIC_SHORT_LOCK_FREE 2
#define __GCC_ATOMIC_TEST_AND_SET_TRUEVAL 1
#define __GCC_ATOMIC_WCHAR_T_LOCK_FREE 2
#define __GCC_HAVE_SYNC_COMPARE_AND_SWAP_1 1
#define __GCC_HAVE_SYNC_COMPARE_AND_SWAP_2 1
#define __GCC_HAVE_SYNC_COMPARE_AND_SWAP_4 1
#define __GCC_HAVE_SYNC_COMPARE_AND_SWAP_8 1
#define __GNUC_MINOR__ 2
#define __GNUC_PATCHLEVEL__ 1
#define __GNUC_STDC_INLINE__ 1
#define __GNUC__ 4
#define __GXX_ABI_VERSION 1002
#define __INT16_C_SUFFIX__ 
#define __INT16_FMTd__ "hd"
#define __INT16_FMTi__ "hi"
#define __INT16_MAX__ 32767
#define __INT16_TYPE__ short
#define __INT32_C_SUFFIX__ 
#define __INT32_FMTd__ "d"
#define __INT32_FMTi__ "i"
#define __INT32_MAX__ 2147483647
#define __INT32_TYPE__ int
#define __INT64_C_SUFFIX__ L
#define __INT64_FMTd__ "ld"
#define __INT64_FMTi__ "li"
#define __INT64_MAX__ 9223372036854775807L
#define __INT64_TYPE__ long int
#define __INT8_C_SUFFIX__ 
#define __INT8_FMTd__ "hhd"
#define __INT8_FMTi__ "hhi"
#define __INT8_MAX__ 127
#define __INT8_TYPE__ signed char
#define __INTMAX_C_SUFFIX__ L
#define __INTMAX_FMTd__ "ld"
#define __INTMAX_FMTi__ "li"
#define __INTMAX_MAX__ 9223372036854775807L
#define __INTMAX_TYPE__ long int
#define __INTMAX_WIDTH__ 64
#define __INTPTR_FMTd__ "ld"
#define __INTPTR_FMTi__ "li"
#define __INTPTR_MAX__ 9223372036854775807L
#define __INTPTR_TYPE__ long int
#define __INTPTR_WIDTH__ 64
#define __INT_FAST16_FMTd__ "hd"
#define __INT_FAST16_FMTi__ "hi"
#define __INT_FAST16_MAX__ 32767
#define __INT_FAST16_TYPE__ short
#define __INT_FAST32_FMTd__ "d"
#define __INT_FAST32_FMTi__ "i"
#define __INT_FAST32_MAX__ 2147483647
#define __INT_FAST32_TYPE__ int
#define __INT_FAST64_FMTd__ "ld"
#define __INT_FAST64_FMTi__ "li"
#define __INT_FAST64_MAX__ 9223372036854775807L
#define __INT_FAST64_TYPE__ long int
#define __INT_FAST8_FMTd__ "hhd"
#define __INT_FAST8_FMTi__ "hhi"
#define __INT_FAST8_MAX__ 127
#define __INT_FAST8_TYPE__ signed char
#define __INT_LEAST16_FMTd__ "hd"
#define __INT_LEAST16_FMTi__ "hi"
#define __INT_LEAST16_MAX__ 32767
#define __INT_LEAST16_TYPE__ short
#define __INT_LEAST32_FMTd__ "d"
#define __INT_LEAST32_FMTi__ "i"
#define __INT_LEAST32_MAX__ 2147483647
#define __INT_LEAST32_TYPE__ int
#define __INT_LEAST64_FMTd__ "ld"
#define __INT_LEAST64_FMTi__ "li"
#define __INT_LEAST64_MAX__ 9223372036854775807L
#define __INT_LEAST64_TYPE__ long int
#define __INT_LEAST8_FMTd__ "hhd"
#define __INT_LEAST8_FMTi__ "hhi"
#define __INT_LEAST8_MAX__ 127
#define __INT_LEAST8_TYPE__ signed char
#define __INT_MAX__ 2147483647
#define __LDBL_DECIMAL_DIG__ 21
#define __LDBL_DENORM_MIN__ 3.64519953188247460253e-4951L
#define __LDBL_DIG__ 18
#define __LDBL_EPSILON__ 1.08420217248550443401e-19L
#define __LDBL_HAS_DENORM__ 1
#define __LDBL_HAS_INFINITY__ 1
#define __LDBL_HAS_QUIET_NAN__ 1
#define __LDBL_MANT_DIG__ 64
#define __LDBL_MAX_10_EXP__ 4932
#define __LDBL_MAX_EXP__ 16384
#define __LDBL_MAX__ 1.18973149535723176502e+4932L
#define __LDBL_MIN_10_EXP__ (-4931)
#define __LDBL_MIN_EXP__ (-16381)
#define __LDBL_MIN__ 3.36210314311209350626e-4932L
#define __LITTLE_ENDIAN__ 1
#define __LONG_LONG_MAX__ 9223372036854775807LL
#define __LONG_MAX__ 9223372036854775807L
#define __LP64__ 1
#define __MMX__ 1
#define __NO_INLINE__ 1
#define __NO_MATH_INLINES 1
#define __OBJC_BOOL_IS_BOOL 0
#define __OPENCL_MEMORY_SCOPE_ALL_SVM_DEVICES 3
#define __OPENCL_MEMORY_SCOPE_DEVICE 2
#define __OPENCL_MEMORY_SCOPE_SUB_GROUP 4
#define __OPENCL_MEMORY_SCOPE_WORK_GROUP 1
#define __OPENCL_MEMORY_SCOPE_WORK_ITEM 0
#define __ORDER_BIG_ENDIAN__ 4321
#define __ORDER_LITTLE_ENDIAN__ 1234
#define __ORDER_PDP_ENDIAN__ 3412
#define __POINTER_WIDTH__ 64
#define __PRAGMA_REDEFINE_EXTNAME 1
#define __PTRDIFF_FMTd__ "ld"
#define __PTRDIFF_FMTi__ "li"
#define __PTRDIFF_MAX__ 9223372036854775807L
#define __PTRDIFF_TYPE__ long int
#define __PTRDIFF_WIDTH__ 64
#define __REGISTER_PREFIX__ 
#define __SCHAR_MAX__ 127
#define __SHRT_MAX__ 32767
#define __SIG_ATOMIC_MAX__ 2147483647
#define __SIG_ATOMIC_WIDTH__ 32
#define __SIZEOF_DOUBLE__ 8
#define __SIZEOF_FLOAT128__ 16
#define __SIZEOF_FLOAT__ 4
#define __SIZEOF_INT128__ 16
#define __SIZEOF_INT__ 4
#define __SIZEOF_LONG_DOUBLE__ 16
#define __SIZEOF_LONG_LONG__ 8
#define __SIZEOF_LONG__ 8
#define __SIZEOF_POINTER__ 8
#define __SIZEOF_PTRDIFF_T__ 8
#define __SIZEOF_SHORT__ 2
#define __SIZEOF_SIZE_T__ 8
#define __SIZEOF_WCHAR_T__ 4
#define __SIZEOF_WINT_T__ 4
#define __SIZE_FMTX__ "lX"
#define __SIZE_FMTo__ "lo"
#define __SIZE_FMTu__ "lu"
#define __SIZE_FMTx__ "lx"
#define __SIZE_MAX__ 18446744073709551615UL
#define __SIZE_TYPE__ long unsigned int
#define __SIZE_WIDTH__ 64
#define __SSE2_MATH__ 1
#define __SSE2__ 1
#define __SSE_MATH__ 1
#define __SSE__ 1
#define __STDC_HOSTED__ 1
#define __STDC_UTF_16__ 1
#define __STDC_UTF_32__ 1
#define __STDC_VERSION__ 201112L
#define __STDC__ 1
#define __UINT16_C_SUFFIX__ 
#define __UINT16_FMTX__ "hX"
#define __UINT16_FMTo__ "ho"
#define __UINT16_FMTu__ "hu"
#define __UINT16_FMTx__ "hx"
#define __UINT16_MAX__ 65535
#define __UINT16_TYPE__ unsigned short
#define __UINT32_C_SUFFIX__ U
#define __UINT32_FMTX__ "X"
#define __UINT32_FMTo__ "o"
#define __UINT32_FMTu__ "u"
#define __UINT32_FMTx__ "x"
#define __UINT32_MAX__ 4294967295U
#define __UINT32_TYPE__ unsigned int
#define __UINT64_C_SUFFIX__ UL
#define __UINT64_FMTX__ "lX"
#define __UINT64_FMTo__ "lo"
#define __UINT64_FMTu__ "lu"
#define __UINT64_FMTx__ "lx"
#define __UINT64_MAX__ 18446744073709551615UL
#define __UINT64_TYPE__ long unsigned int
#define __UINT8_C_SUFFIX__ 
#define __UINT8_FMTX__ "hhX"
#define __UINT8_FMTo__ "hho"
#define __UINT8_FMTu__ "hhu"
#define __UINT8_FMTx__ "hhx"
#define __UINT8_MAX__ 255
#define __UINT8_TYPE__ unsigned char
#define __UINTMAX_C_SUFFIX__ UL
#define __UINTMAX_FMTX__ "lX"
#define __UINTMAX_FMTo__ "lo"
#define __UINTMAX_FMTu__ "lu"
#define __UINTMAX_FMTx__ "lx"
#define __UINTMAX_MAX__ 18446744073709551615UL
#define __UINTMAX_TYPE__ long unsigned int
#define __UINTMAX_WIDTH__ 64
#define __UINTPTR_FMTX__ "lX"
#define __UINTPTR_FMTo__ "lo"
#define __UINTPTR_FMTu__ "lu"
#define __UINTPTR_FMTx__ "lx"
#define __UINTPTR_MAX__ 18446744073709551615UL
#define __UINTPTR_TYPE__ long unsigned int
#define __UINTPTR_WIDTH__ 64
#define __UINT_FAST16_FMTX__ "hX"
#define __UINT_FAST16_FMTo__ "ho"
#define __UINT_FAST16_FMTu__ "hu"
#define __UINT_FAST16_FMTx__ "hx"
#define __UINT_FAST16_MAX__ 65535
#define __UINT_FAST16_TYPE__ unsigned short
#define __UINT_FAST32_FMTX__ "X"
#define __UINT_FAST32_FMTo__ "o"
#define __UINT_FAST32_FMTu__ "u"
#define __UINT_FAST32_FMTx__ "x"
#define __UINT_FAST32_MAX__ 4294967295U
#define __UINT_FAST32_TYPE__ unsigned int
#define __UINT_FAST64_FMTX__ "lX"
#define __UINT_FAST64_FMTo__ "lo"
#define __UINT_FAST64_FMTu__ "lu"
#define __UINT_FAST64_FMTx__ "lx"
#define __UINT_FAST64_MAX__ 18446744073709551615UL
#define __UINT_FAST64_TYPE__ long unsigned int
#define __UINT_FAST8_FMTX__ "hhX"
#define __UINT_FAST8_FMTo__ "hho"
#define __UINT_FAST8_FMTu__ "hhu"
#define __UINT_FAST8_FMTx__ "hhx"
#define __UINT_FAST8_MAX__ 255
#define __UINT_FAST8_TYPE__ unsigned char
#define __UINT_LEAST16_FMTX__ "hX"
#define __UINT_LEAST16_FMTo__ "ho"
#define __UINT_LEAST16_FMTu__ "hu"
#define __UINT_LEAST16_FMTx__ "hx"
#define __UINT_LEAST16_MAX__ 65535
#define __UINT_LEAST16_TYPE__ unsigned short
#define __UINT_LEAST32_FMTX__ "X"
#define __UINT_LEAST32_FMTo__ "o"
#define __UINT_LEAST32_FMTu__ "u"
#define __UINT_LEAST32_FMTx__ "x"
#define __UINT_LEAST32_MAX__ 4294967295U
#define __UINT_LEAST32_TYPE__ unsigned int
#define __UINT_LEAST64_FMTX__ "lX"
#define __UINT_LEAST64_FMTo__ "lo"
#define __UINT_LEAST64_FMTu__ "lu"
#define __UINT_LEAST64_FMTx__ "lx"
#define __UINT_LEAST64_MAX__ 18446744073709551615UL
#define __UINT_LEAST64_TYPE__ long unsigned int
#define __UINT_LEAST8_FMTX__ "hhX"
#define __UINT_LEAST8_FMTo__ "hho"
#define __UINT_LEAST8_FMTu__ "hhu"
#define __UINT_LEAST8_FMTx__ "hhx"
#define __UINT_LEAST8_MAX__ 255
#define __UINT_LEAST8_TYPE__ unsigned char
#define __USER_LABEL_PREFIX__ 
#define __VERSION__ "4.2.1 Compatible Clang 6.0.0 (tags/RELEASE_600/final)"
#define __WCHAR_MAX__ 2147483647
#define __WCHAR_TYPE__ int
#define __WCHAR_WIDTH__ 32
#define __WINT_MAX__ 4294967295U
#define __WINT_TYPE__ unsigned int
#define __WINT_UNSIGNED__ 1
#define __WINT_WIDTH__ 32
#define __amd64 1
#define __amd64__ 1
#define __clang__ 1
#define __clang_major__ 6
#define __clang_minor__ 0
#define __clang_patchlevel__ 0
#define __clang_version__ "6.0.0 (tags/RELEASE_600/final)"
#define __gnu_linux__ 1
#define __k8 1
#define __k8__ 1
#define __linux 1
#define __linux__ 1
#define __llvm__ 1
#define __tune_k8__ 1
#define __unix 1
#define __unix__ 1
#define __x86_64 1
#define __x86_64__ 1
#define linux 1
#define unix 1

find program=['llvm-ar', 'ar'] paths=['/home/hjt/.vscode-server/bin/8b3775030ed1a69b13e4f4c628c612102e30a681/bin/remote-cli', '/usr/local/sbin', '/usr/local/bin', '/usr/sbin', '/usr/bin', '/sbin', '/bin', '/usr/games', '/usr/local/games', '/snap/bin'] var='AR' -> ['/usr/bin/ar']
find program=['ar'] paths=['/home/hjt/.vscode-server/bin/8b3775030ed1a69b13e4f4c628c612102e30a681/bin/remote-cli', '/usr/local/sbin', '/usr/local/bin', '/usr/sbin', '/usr/bin', '/sbin', '/bin', '/usr/games', '/usr/local/games', '/snap/bin'] var='AR' -> ['/usr/bin/ar']
/usr/bin/clang++
------------------------------------------------
Checking for compilation flag -std=c++11 support
==>
int main() { return 0; }
<==
[1/1] Compiling [32mbuild/.conf_check_92724e97d2a8131cdbabec48e168cdc4/test.cpp[0m

['/usr/bin/clang++', '-O0', '-ggdb', '-g3', '-Wall', '-Wno-unused-parameter', '-Wno-unused-local-typedefs', '-Wno-potentially-evaluated-expression', '-std=c++11', '-DNS3_BUILD_PROFILE_DEBUG', '-DNS3_ASSERT_ENABLE', '-DNS3_LOG_ENABLE', '../test.cpp', '-c', '-o/home/hjt/OSCC/ns-allinone-3.31/ns-3.31/build/.conf_check_92724e97d2a8131cdbabec48e168cdc4/testbuild/test.cpp.1.o']
ok
------------------------------------------------
Checking boost includes
1_65_1
------------------------------------------------
Checking boost libs
Found the boost path in /usr/lib/x86_64-linux-gnu with the libraries:
    /usr/lib/x86_64-linux-gnu/libboost_atomic.a
    /usr/lib/x86_64-linux-gnu/libboost_atomic.so
    /usr/lib/x86_64-linux-gnu/libboost_atomic.so.1.65.1
    /usr/lib/x86_64-linux-gnu/libboost_chrono.a
    /usr/lib/x86_64-linux-gnu/libboost_chrono.so
    /usr/lib/x86_64-linux-gnu/libboost_chrono.so.1.65.1
    /usr/lib/x86_64-linux-gnu/libboost_container.a
    /usr/lib/x86_64-linux-gnu/libboost_container.so
    /usr/lib/x86_64-linux-gnu/libboost_container.so.1.65.1
    /usr/lib/x86_64-linux-gnu/libboost_context.a
    /usr/lib/x86_64-linux-gnu/libboost_context.so
    /usr/lib/x86_64-linux-gnu/libboost_context.so.1.65.1
    /usr/lib/x86_64-linux-gnu/libboost_coroutine.a
    /usr/lib/x86_64-linux-gnu/libboost_coroutine.so
    /usr/lib/x86_64-linux-gnu/libboost_coroutine.so.1.65.1
    /usr/lib/x86_64-linux-gnu/libboost_date_time.a
    /usr/lib/x86_64-linux-gnu/libboost_date_time.so
    /usr/lib/x86_64-linux-gnu/libboost_date_time.so.1.65.1
    /usr/lib/x86_64-linux-gnu/libboost_exception.a
    /usr/lib/x86_64-linux-gnu/libboost_fiber.a
    /usr/lib/x86_64-linux-gnu/libboost_fiber.so
    /usr/lib/x86_64-linux-gnu/libboost_fiber.so.1.65.1
    /usr/lib/x86_64-linux-gnu/libboost_filesystem.a
    /usr/lib/x86_64-linux-gnu/libboost_filesystem.so
    /usr/lib/x86_64-linux-gnu/libboost_filesystem.so.1.65.1
    /usr/lib/x86_64-linux-gnu/libboost_graph.a
    /usr/lib/x86_64-linux-gnu/libboost_graph.so
    /usr/lib/x86_64-linux-gnu/libboost_graph.so.1.65.1
    /usr/lib/x86_64-linux-gnu/libboost_graph_parallel.a
    /usr/lib/x86_64-linux-gnu/libboost_graph_parallel.so
    /usr/lib/x86_64-linux-gnu/libboost_graph_parallel.so.1.65.1
    /usr/lib/x86_64-linux-gnu/libboost_iostreams.a
    /usr/lib/x86_64-linux-gnu/libboost_iostreams.so
    /usr/lib/x86_64-linux-gnu/libboost_iostreams.so.1.65.1
    /usr/lib/x86_64-linux-gnu/libboost_locale.a
    /usr/lib/x86_64-linux-gnu/libboost_locale.so
    /usr/lib/x86_64-linux-gnu/libboost_locale.so.1.65.1
    /usr/lib/x86_64-linux-gnu/libboost_log.a
    /usr/lib/x86_64-linux-gnu/libboost_log.so
    /usr/lib/x86_64-linux-gnu/libboost_log.so.1.65.1
    /usr/lib/x86_64-linux-gnu/libboost_log_setup.a
    /usr/lib/x86_64-linux-gnu/libboost_log_setup.so
    /usr/lib/x86_64-linux-gnu/libboost_log_setup.so.1.65.1
    /usr/lib/x86_64-linux-gnu/libboost_math_c99.a
    /usr/lib/x86_64-linux-gnu/libboost_math_c99.so
    /usr/lib/x86_64-linux-gnu/libboost_math_c99.so.1.65.1
    /usr/lib/x86_64-linux-gnu/libboost_math_c99f.a
    /usr/lib/x86_64-linux-gnu/libboost_math_c99f.so
    /usr/lib/x86_64-linux-gnu/libboost_math_c99f.so.1.65.1
    /usr/lib/x86_64-linux-gnu/libboost_math_c99l.a
    /usr/lib/x86_64-linux-gnu/libboost_math_c99l.so
    /usr/lib/x86_64-linux-gnu/libboost_math_c99l.so.1.65.1
    /usr/lib/x86_64-linux-gnu/libboost_math_tr1.a
    /usr/lib/x86_64-linux-gnu/libboost_math_tr1.so
    /usr/lib/x86_64-linux-gnu/libboost_math_tr1.so.1.65.1
    /usr/lib/x86_64-linux-gnu/libboost_math_tr1f.a
    /usr/lib/x86_64-linux-gnu/libboost_math_tr1f.so
    /usr/lib/x86_64-linux-gnu/libboost_math_tr1f.so.1.65.1
    /usr/lib/x86_64-linux-gnu/libboost_math_tr1l.a
    /usr/lib/x86_64-linux-gnu/libboost_math_tr1l.so
    /usr/lib/x86_64-linux-gnu/libboost_math_tr1l.so.1.65.1
    /usr/lib/x86_64-linux-gnu/libboost_mpi.a
    /usr/lib/x86_64-linux-gnu/libboost_mpi.so
    /usr/lib/x86_64-linux-gnu/libboost_mpi.so.1.65.1
    /usr/lib/x86_64-linux-gnu/libboost_mpi_python-py27.a
    /usr/lib/x86_64-linux-gnu/libboost_mpi_python-py27.so
    /usr/lib/x86_64-linux-gnu/libboost_mpi_python-py27.so.1.65.1
    /usr/lib/x86_64-linux-gnu/libboost_mpi_python-py36.a
    /usr/lib/x86_64-linux-gnu/libboost_mpi_python-py36.so
    /usr/lib/x86_64-linux-gnu/libboost_mpi_python.a
    /usr/lib/x86_64-linux-gnu/libboost_mpi_python.so
    /usr/lib/x86_64-linux-gnu/libboost_mpi_python3-py36.a
    /usr/lib/x86_64-linux-gnu/libboost_mpi_python3-py36.so
    /usr/lib/x86_64-linux-gnu/libboost_mpi_python3-py36.so.1.65.1
    /usr/lib/x86_64-linux-gnu/libboost_mpi_python3.a
    /usr/lib/x86_64-linux-gnu/libboost_mpi_python3.so
    /usr/lib/x86_64-linux-gnu/libboost_numpy-py27.a
    /usr/lib/x86_64-linux-gnu/libboost_numpy-py27.so
    /usr/lib/x86_64-linux-gnu/libboost_numpy-py27.so.1.65.1
    /usr/lib/x86_64-linux-gnu/libboost_numpy.a
    /usr/lib/x86_64-linux-gnu/libboost_numpy.so
    /usr/lib/x86_64-linux-gnu/libboost_numpy3-py36.a
    /usr/lib/x86_64-linux-gnu/libboost_numpy3-py36.so
    /usr/lib/x86_64-linux-gnu/libboost_numpy3-py36.so.1.65.1
    /usr/lib/x86_64-linux-gnu/libboost_numpy3.a
    /usr/lib/x86_64-linux-gnu/libboost_numpy3.so
    /usr/lib/x86_64-linux-gnu/libboost_prg_exec_monitor.a
    /usr/lib/x86_64-linux-gnu/libboost_prg_exec_monitor.so
    /usr/lib/x86_64-linux-gnu/libboost_prg_exec_monitor.so.1.65.1
    /usr/lib/x86_64-linux-gnu/libboost_program_options.a
    /usr/lib/x86_64-linux-gnu/libboost_program_options.so
    /usr/lib/x86_64-linux-gnu/libboost_program_options.so.1.65.1
    /usr/lib/x86_64-linux-gnu/libboost_python-py27.a
    /usr/lib/x86_64-linux-gnu/libboost_python-py27.so
    /usr/lib/x86_64-linux-gnu/libboost_python-py27.so.1.65.1
    /usr/lib/x86_64-linux-gnu/libboost_python-py36.a
    /usr/lib/x86_64-linux-gnu/libboost_python-py36.so
    /usr/lib/x86_64-linux-gnu/libboost_python.a
    /usr/lib/x86_64-linux-gnu/libboost_python.so
    /usr/lib/x86_64-linux-gnu/libboost_python3-py36.a
    /usr/lib/x86_64-linux-gnu/libboost_python3-py36.so
    /usr/lib/x86_64-linux-gnu/libboost_python3-py36.so.1.65.1
    /usr/lib/x86_64-linux-gnu/libboost_python3.a
    /usr/lib/x86_64-linux-gnu/libboost_python3.so
    /usr/lib/x86_64-linux-gnu/libboost_random.a
    /usr/lib/x86_64-linux-gnu/libboost_random.so
    /usr/lib/x86_64-linux-gnu/libboost_random.so.1.65.1
    /usr/lib/x86_64-linux-gnu/libboost_regex.a
    /usr/lib/x86_64-linux-gnu/libboost_regex.so
    /usr/lib/x86_64-linux-gnu/libboost_regex.so.1.65.1
    /usr/lib/x86_64-linux-gnu/libboost_serialization.a
    /usr/lib/x86_64-linux-gnu/libboost_serialization.so
    /usr/lib/x86_64-linux-gnu/libboost_serialization.so.1.65.1
    /usr/lib/x86_64-linux-gnu/libboost_signals.a
    /usr/lib/x86_64-linux-gnu/libboost_signals.so
    /usr/lib/x86_64-linux-gnu/libboost_signals.so.1.65.1
    /usr/lib/x86_64-linux-gnu/libboost_stacktrace_addr2line.a
    /usr/lib/x86_64-linux-gnu/libboost_stacktrace_addr2line.so
    /usr/lib/x86_64-linux-gnu/libboost_stacktrace_addr2line.so.1.65.1
    /usr/lib/x86_64-linux-gnu/libboost_stacktrace_backtrace.a
    /usr/lib/x86_64-linux-gnu/libboost_stacktrace_backtrace.so
    /usr/lib/x86_64-linux-gnu/libboost_stacktrace_backtrace.so.1.65.1
    /usr/lib/x86_64-linux-gnu/libboost_stacktrace_basic.a
    /usr/lib/x86_64-linux-gnu/libboost_stacktrace_basic.so
    /usr/lib/x86_64-linux-gnu/libboost_stacktrace_basic.so.1.65.1
    /usr/lib/x86_64-linux-gnu/libboost_stacktrace_noop.a
    /usr/lib/x86_64-linux-gnu/libboost_stacktrace_noop.so
    /usr/lib/x86_64-linux-gnu/libboost_stacktrace_noop.so.1.65.1
    /usr/lib/x86_64-linux-gnu/libboost_system.a
    /usr/lib/x86_64-linux-gnu/libboost_system.so
    /usr/lib/x86_64-linux-gnu/libboost_system.so.1.65.1
    /usr/lib/x86_64-linux-gnu/libboost_test_exec_monitor.a
    /usr/lib/x86_64-linux-gnu/libboost_thread.a
    /usr/lib/x86_64-linux-gnu/libboost_thread.so
    /usr/lib/x86_64-linux-gnu/libboost_thread.so.1.65.1
    /usr/lib/x86_64-linux-gnu/libboost_timer.a
    /usr/lib/x86_64-linux-gnu/libboost_timer.so
    /usr/lib/x86_64-linux-gnu/libboost_timer.so.1.65.1
    /usr/lib/x86_64-linux-gnu/libboost_type_erasure.a
    /usr/lib/x86_64-linux-gnu/libboost_type_erasure.so
    /usr/lib/x86_64-linux-gnu/libboost_type_erasure.so.1.65.1
    /usr/lib/x86_64-linux-gnu/libboost_unit_test_framework.a
    /usr/lib/x86_64-linux-gnu/libboost_unit_test_framework.so
    /usr/lib/x86_64-linux-gnu/libboost_unit_test_framework.so.1.65.1
    /usr/lib/x86_64-linux-gnu/libboost_wave.a
    /usr/lib/x86_64-linux-gnu/libboost_wave.so
    /usr/lib/x86_64-linux-gnu/libboost_wave.so.1.65.1
    /usr/lib/x86_64-linux-gnu/libboost_wserialization.a
    /usr/lib/x86_64-linux-gnu/libboost_wserialization.so
    /usr/lib/x86_64-linux-gnu/libboost_wserialization.so.1.65.1
Trying pattern boost_system(-clang[0-9]{0,3})-1_65_1.so$
Trying pattern boost_system-1_65_1.so$
Trying pattern boost_system(-clang[0-9]{0,3}).so$
Trying pattern boost_system.so$
Found boost lib /usr/lib/x86_64-linux-gnu/libboost_system.so
Trying pattern boost_signals(-clang[0-9]{0,3})-1_65_1.so$
Trying pattern boost_signals-1_65_1.so$
Trying pattern boost_signals(-clang[0-9]{0,3}).so$
Trying pattern boost_signals.so$
Found boost lib /usr/lib/x86_64-linux-gnu/libboost_signals.so
Trying pattern boost_filesystem(-clang[0-9]{0,3})-1_65_1.so$
Trying pattern boost_filesystem-1_65_1.so$
Trying pattern boost_filesystem(-clang[0-9]{0,3}).so$
Trying pattern boost_filesystem.so$
Found boost lib /usr/lib/x86_64-linux-gnu/libboost_filesystem.so
ok
------------------------------------------------
Checking for boost linkage
==>

#include <boost/system/error_code.hpp>
int main() { boost::system::error_code c; }

<==
[1/2] Compiling [32mbuild/.conf_check_595f4e7318450590c0c26e80efd1c5bd/test.cpp[0m

['/usr/bin/clang++', '-O0', '-ggdb', '-g3', '-Wall', '-Wno-unused-parameter', '-Wno-unused-local-typedefs', '-Wno-potentially-evaluated-expression', '-std=c++11', '-I/usr/include', '-DNS3_BUILD_PROFILE_DEBUG', '-DNS3_ASSERT_ENABLE', '-DNS3_LOG_ENABLE', '../test.cpp', '-c', '-o/home/hjt/OSCC/ns-allinone-3.31/ns-3.31/build/.conf_check_595f4e7318450590c0c26e80efd1c5bd/testbuild/test.cpp.1.o']
[2/2] Linking [33mbuild/.conf_check_595f4e7318450590c0c26e80efd1c5bd/testbuild/testprog[0m

['/usr/bin/clang++', 'test.cpp.1.o', '-o/home/hjt/OSCC/ns-allinone-3.31/ns-3.31/build/.conf_check_595f4e7318450590c0c26e80efd1c5bd/testbuild/testprog', '-Wl,-Bstatic', '-L/usr/lib/x86_64-linux-gnu', '-Wl,-Bdynamic', '-L/usr/lib/x86_64-linux-gnu', '-lboost_system', '-lboost_signals', '-lboost_filesystem']
ok
------------------------------------------------
Checking for program 'python'
/usr/bin/python3.8
find program=['python'] paths=['/home/hjt/.vscode-server/bin/8b3775030ed1a69b13e4f4c628c612102e30a681/bin/remote-cli', '/usr/local/sbin', '/usr/local/bin', '/usr/sbin', '/usr/bin', '/sbin', '/bin', '/usr/games', '/usr/local/games', '/snap/bin'] var='PYTHON' -> ['/usr/bin/python3.8']
from /home/hjt/OSCC/ns-allinone-3.31/ns-3.31/bindings/python: Program ['/usr/bin/python3.8'] is not executable
------------------------------------------------
Checking for click location
not found
------------------------------------------------
Checking for program 'pkg-config'
/usr/bin/pkg-config
find program=['pkg-config'] paths=['/home/hjt/.vscode-server/bin/8b3775030ed1a69b13e4f4c628c612102e30a681/bin/remote-cli', '/usr/local/sbin', '/usr/local/bin', '/usr/sbin', '/usr/bin', '/sbin', '/bin', '/usr/games', '/usr/local/games', '/snap/bin'] var='PKGCONFIG' -> ['/usr/bin/pkg-config']
------------------------------------------------
Checking for 'gtk+-3.0'
['/usr/bin/pkg-config', '--cflags', '--libs', 'gtk+-3.0']
err: Package gtk+-3.0 was not found in the pkg-config search path.
Perhaps you should add the directory containing `gtk+-3.0.pc'
to the PKG_CONFIG_PATH environment variable
No package 'gtk+-3.0' found

not found
from /home/hjt/OSCC/ns-allinone-3.31/ns-3.31/src/config-store: The configuration failed
------------------------------------------------
Checking for 'libxml-2.0'
['/usr/bin/pkg-config', '--cflags', '--libs', 'libxml-2.0']
err: Package libxml-2.0 was not found in the pkg-config search path.
Perhaps you should add the directory containing `libxml-2.0.pc'
to the PKG_CONFIG_PATH environment variable
No package 'libxml-2.0' found

not found
from /home/hjt/OSCC/ns-allinone-3.31/ns-3.31/src/config-store: The configuration failed
------------------------------------------------
checking for uint128_t
==>

        #include <stdint.h>
        
        int main(int argc, char **argv) {
	(void)argc; (void)argv;
	if ((uint128_t *) 0) return 0;
	if (sizeof (uint128_t)) return 0;
	return 1;
        }
        
<==
[1/2] Compiling [32mbuild/.conf_check_facce93b27c0b28e5964dbe835d44fd5/test.cpp[0m

['/usr/bin/clang++', '-O0', '-ggdb', '-g3', '-Wall', '-Wno-unused-parameter', '-Wno-unused-local-typedefs', '-Wno-potentially-evaluated-expression', '-std=c++11', '-DNS3_BUILD_PROFILE_DEBUG', '-DNS3_ASSERT_ENABLE', '-DNS3_LOG_ENABLE', '../test.cpp', '-c', '-o/home/hjt/OSCC/ns-allinone-3.31/ns-3.31/build/.conf_check_facce93b27c0b28e5964dbe835d44fd5/testbuild/test.cpp.1.o']
err: ../test.cpp:6:7: error: use of undeclared identifier 'uint128_t'
        if ((uint128_t *) 0) return 0;
             ^
../test.cpp:6:18: error: expected expression
        if ((uint128_t *) 0) return 0;
                        ^
../test.cpp:7:14: error: use of undeclared identifier 'uint128_t'
        if (sizeof (uint128_t)) return 0;
                    ^
3 errors generated.

from /home/hjt/OSCC/ns-allinone-3.31/ns-3.31/src/core: Test does not build: Traceback (most recent call last):
  File "/home/hjt/OSCC/ns-allinone-3.31/ns-3.31/.waf3-2.0.18-ff4ae9f5cc05353d3dc3aeff8854ae69/waflib/Configure.py", line 333, in run_build
    bld.compile()
  File "/home/hjt/OSCC/ns-allinone-3.31/ns-3.31/.waf3-2.0.18-ff4ae9f5cc05353d3dc3aeff8854ae69/waflib/Build.py", line 176, in compile
    raise Errors.BuildError(self.producer.error)
waflib.Errors.BuildError: Build failed
 -> task in 'testprog' failed with exit status 1 (run with -v to display more information)

not found
from /home/hjt/OSCC/ns-allinone-3.31/ns-3.31/src/core: The configuration failed
------------------------------------------------
checking for __uint128_t
==>

        #include <stdint.h>
        
        int main(int argc, char **argv) {
	(void)argc; (void)argv;
	if ((__uint128_t *) 0) return 0;
	if (sizeof (__uint128_t)) return 0;
	return 1;
        }
        
<==
[1/2] Compiling [32mbuild/.conf_check_b56575a1cf831cd90b0428197c1674e0/test.cpp[0m

['/usr/bin/clang++', '-O0', '-ggdb', '-g3', '-Wall', '-Wno-unused-parameter', '-Wno-unused-local-typedefs', '-Wno-potentially-evaluated-expression', '-std=c++11', '-DNS3_BUILD_PROFILE_DEBUG', '-DNS3_ASSERT_ENABLE', '-DNS3_LOG_ENABLE', '../test.cpp', '-c', '-o/home/hjt/OSCC/ns-allinone-3.31/ns-3.31/build/.conf_check_b56575a1cf831cd90b0428197c1674e0/testbuild/test.cpp.1.o']
[2/2] Linking [33mbuild/.conf_check_b56575a1cf831cd90b0428197c1674e0/testbuild/testprog[0m

['/usr/bin/clang++', 'test.cpp.1.o', '-o/home/hjt/OSCC/ns-allinone-3.31/ns-3.31/build/.conf_check_b56575a1cf831cd90b0428197c1674e0/testbuild/testprog', '-Wl,-Bstatic', '-Wl,-Bdynamic']
yes
------------------------------------------------
Checking high precision implementation
128-bit integer (default)
------------------------------------------------
Checking for header stdint.h
==>
#include <stdint.h>

int main(int argc, char **argv) {
	(void)argc; (void)argv;
	return 0;
}

<==
[1/2] Compiling [32mbuild/.conf_check_87dc75f4d5a4d81d3de89ccc66d2f410/test.cpp[0m

['/usr/bin/clang++', '-O0', '-ggdb', '-g3', '-Wall', '-Wno-unused-parameter', '-Wno-unused-local-typedefs', '-Wno-potentially-evaluated-expression', '-std=c++11', '-DNS3_BUILD_PROFILE_DEBUG', '-DNS3_ASSERT_ENABLE', '-DNS3_LOG_ENABLE', '-DHAVE___UINT128_T=1', '-DINT64X64_USE_128=1', '../test.cpp', '-c', '-o/home/hjt/OSCC/ns-allinone-3.31/ns-3.31/build/.conf_check_87dc75f4d5a4d81d3de89ccc66d2f410/testbuild/test.cpp.1.o']
[2/2] Linking [33mbuild/.conf_check_87dc75f4d5a4d81d3de89ccc66d2f410/testbuild/testprog[0m

['/usr/bin/clang++', 'test.cpp.1.o', '-o/home/hjt/OSCC/ns-allinone-3.31/ns-3.31/build/.conf_check_87dc75f4d5a4d81d3de89ccc66d2f410/testbuild/testprog', '-Wl,-Bstatic', '-Wl,-Bdynamic']
yes
------------------------------------------------
Checking for header inttypes.h
==>
#include <inttypes.h>

int main(int argc, char **argv) {
	(void)argc; (void)argv;
	return 0;
}

<==
[1/2] Compiling [32mbuild/.conf_check_71902e4db1e1fb33866f0d1c21c77ee8/test.cpp[0m

['/usr/bin/clang++', '-O0', '-ggdb', '-g3', '-Wall', '-Wno-unused-parameter', '-Wno-unused-local-typedefs', '-Wno-potentially-evaluated-expression', '-std=c++11', '-DNS3_BUILD_PROFILE_DEBUG', '-DNS3_ASSERT_ENABLE', '-DNS3_LOG_ENABLE', '-DHAVE___UINT128_T=1', '-DINT64X64_USE_128=1', '-DHAVE_STDINT_H=1', '../test.cpp', '-c', '-o/home/hjt/OSCC/ns-allinone-3.31/ns-3.31/build/.conf_check_71902e4db1e1fb33866f0d1c21c77ee8/testbuild/test.cpp.1.o']
[2/2] Linking [33mbuild/.conf_check_71902e4db1e1fb33866f0d1c21c77ee8/testbuild/testprog[0m

['/usr/bin/clang++', 'test.cpp.1.o', '-o/home/hjt/OSCC/ns-allinone-3.31/ns-3.31/build/.conf_check_71902e4db1e1fb33866f0d1c21c77ee8/testbuild/testprog', '-Wl,-Bstatic', '-Wl,-Bdynamic']
yes
------------------------------------------------
Checking for header sys/inttypes.h
==>
#include <sys/inttypes.h>

int main(int argc, char **argv) {
	(void)argc; (void)argv;
	return 0;
}

<==
[1/2] Compiling [32mbuild/.conf_check_ab3a88ef84bcf481a1b44e59b9acea7f/test.cpp[0m

['/usr/bin/clang++', '-O0', '-ggdb', '-g3', '-Wall', '-Wno-unused-parameter', '-Wno-unused-local-typedefs', '-Wno-potentially-evaluated-expression', '-std=c++11', '-DNS3_BUILD_PROFILE_DEBUG', '-DNS3_ASSERT_ENABLE', '-DNS3_LOG_ENABLE', '-DHAVE___UINT128_T=1', '-DINT64X64_USE_128=1', '-DHAVE_STDINT_H=1', '-DHAVE_INTTYPES_H=1', '../test.cpp', '-c', '-o/home/hjt/OSCC/ns-allinone-3.31/ns-3.31/build/.conf_check_ab3a88ef84bcf481a1b44e59b9acea7f/testbuild/test.cpp.1.o']
err: ../test.cpp:1:10: fatal error: 'sys/inttypes.h' file not found
#include <sys/inttypes.h>
         ^~~~~~~~~~~~~~~~
1 error generated.

from /home/hjt/OSCC/ns-allinone-3.31/ns-3.31/src/core: Test does not build: Traceback (most recent call last):
  File "/home/hjt/OSCC/ns-allinone-3.31/ns-3.31/.waf3-2.0.18-ff4ae9f5cc05353d3dc3aeff8854ae69/waflib/Configure.py", line 333, in run_build
    bld.compile()
  File "/home/hjt/OSCC/ns-allinone-3.31/ns-3.31/.waf3-2.0.18-ff4ae9f5cc05353d3dc3aeff8854ae69/waflib/Build.py", line 176, in compile
    raise Errors.BuildError(self.producer.error)
waflib.Errors.BuildError: Build failed
 -> task in 'testprog' failed with exit status 1 (run with -v to display more information)

not found
from /home/hjt/OSCC/ns-allinone-3.31/ns-3.31/src/core: The configuration failed
------------------------------------------------
Checking for header sys/types.h
==>
#include <sys/types.h>

int main(int argc, char **argv) {
	(void)argc; (void)argv;
	return 0;
}

<==
[1/2] Compiling [32mbuild/.conf_check_a1f5eb99781ed72d6f7c486a9233dce5/test.cpp[0m

['/usr/bin/clang++', '-O0', '-ggdb', '-g3', '-Wall', '-Wno-unused-parameter', '-Wno-unused-local-typedefs', '-Wno-potentially-evaluated-expression', '-std=c++11', '-DNS3_BUILD_PROFILE_DEBUG', '-DNS3_ASSERT_ENABLE', '-DNS3_LOG_ENABLE', '-DHAVE___UINT128_T=1', '-DINT64X64_USE_128=1', '-DHAVE_STDINT_H=1', '-DHAVE_INTTYPES_H=1', '../test.cpp', '-c', '-o/home/hjt/OSCC/ns-allinone-3.31/ns-3.31/build/.conf_check_a1f5eb99781ed72d6f7c486a9233dce5/testbuild/test.cpp.1.o']
[2/2] Linking [33mbuild/.conf_check_a1f5eb99781ed72d6f7c486a9233dce5/testbuild/testprog[0m

['/usr/bin/clang++', 'test.cpp.1.o', '-o/home/hjt/OSCC/ns-allinone-3.31/ns-3.31/build/.conf_check_a1f5eb99781ed72d6f7c486a9233dce5/testbuild/testprog', '-Wl,-Bstatic', '-Wl,-Bdynamic']
yes
------------------------------------------------
Checking for header sys/stat.h
==>
#include <sys/stat.h>

int main(int argc, char **argv) {
	(void)argc; (void)argv;
	return 0;
}

<==
[1/2] Compiling [32mbuild/.conf_check_df624e4ac3a4507c87a576ef6f3a3e18/test.cpp[0m

['/usr/bin/clang++', '-O0', '-ggdb', '-g3', '-Wall', '-Wno-unused-parameter', '-Wno-unused-local-typedefs', '-Wno-potentially-evaluated-expression', '-std=c++11', '-DNS3_BUILD_PROFILE_DEBUG', '-DNS3_ASSERT_ENABLE', '-DNS3_LOG_ENABLE', '-DHAVE___UINT128_T=1', '-DINT64X64_USE_128=1', '-DHAVE_STDINT_H=1', '-DHAVE_INTTYPES_H=1', '-DHAVE_SYS_TYPES_H=1', '../test.cpp', '-c', '-o/home/hjt/OSCC/ns-allinone-3.31/ns-3.31/build/.conf_check_df624e4ac3a4507c87a576ef6f3a3e18/testbuild/test.cpp.1.o']
[2/2] Linking [33mbuild/.conf_check_df624e4ac3a4507c87a576ef6f3a3e18/testbuild/testprog[0m

['/usr/bin/clang++', 'test.cpp.1.o', '-o/home/hjt/OSCC/ns-allinone-3.31/ns-3.31/build/.conf_check_df624e4ac3a4507c87a576ef6f3a3e18/testbuild/testprog', '-Wl,-Bstatic', '-Wl,-Bdynamic']
yes
------------------------------------------------
Checking for header dirent.h
==>
#include <dirent.h>

int main(int argc, char **argv) {
	(void)argc; (void)argv;
	return 0;
}

<==
[1/2] Compiling [32mbuild/.conf_check_b1c5fd3b060471dcecfecbeb771fc0d1/test.cpp[0m

['/usr/bin/clang++', '-O0', '-ggdb', '-g3', '-Wall', '-Wno-unused-parameter', '-Wno-unused-local-typedefs', '-Wno-potentially-evaluated-expression', '-std=c++11', '-DNS3_BUILD_PROFILE_DEBUG', '-DNS3_ASSERT_ENABLE', '-DNS3_LOG_ENABLE', '-DHAVE___UINT128_T=1', '-DINT64X64_USE_128=1', '-DHAVE_STDINT_H=1', '-DHAVE_INTTYPES_H=1', '-DHAVE_SYS_TYPES_H=1', '-DHAVE_SYS_STAT_H=1', '../test.cpp', '-c', '-o/home/hjt/OSCC/ns-allinone-3.31/ns-3.31/build/.conf_check_b1c5fd3b060471dcecfecbeb771fc0d1/testbuild/test.cpp.1.o']
[2/2] Linking [33mbuild/.conf_check_b1c5fd3b060471dcecfecbeb771fc0d1/testbuild/testprog[0m

['/usr/bin/clang++', 'test.cpp.1.o', '-o/home/hjt/OSCC/ns-allinone-3.31/ns-3.31/build/.conf_check_b1c5fd3b060471dcecfecbeb771fc0d1/testbuild/testprog', '-Wl,-Bstatic', '-Wl,-Bdynamic']
yes
------------------------------------------------
Checking for header signal.h
==>
#include <signal.h>

int main(int argc, char **argv) {
	(void)argc; (void)argv;
	return 0;
}

<==
[1/2] Compiling [32mbuild/.conf_check_6f58fe0695dffc1ac60ac25f8cc70c24/test.cpp[0m

['/usr/bin/clang++', '-O0', '-ggdb', '-g3', '-Wall', '-Wno-unused-parameter', '-Wno-unused-local-typedefs', '-Wno-potentially-evaluated-expression', '-std=c++11', '-DNS3_BUILD_PROFILE_DEBUG', '-DNS3_ASSERT_ENABLE', '-DNS3_LOG_ENABLE', '-DHAVE___UINT128_T=1', '-DINT64X64_USE_128=1', '-DHAVE_STDINT_H=1', '-DHAVE_INTTYPES_H=1', '-DHAVE_SYS_TYPES_H=1', '-DHAVE_SYS_STAT_H=1', '-DHAVE_DIRENT_H=1', '../test.cpp', '-c', '-o/home/hjt/OSCC/ns-allinone-3.31/ns-3.31/build/.conf_check_6f58fe0695dffc1ac60ac25f8cc70c24/testbuild/test.cpp.1.o']
[2/2] Linking [33mbuild/.conf_check_6f58fe0695dffc1ac60ac25f8cc70c24/testbuild/testprog[0m

['/usr/bin/clang++', 'test.cpp.1.o', '-o/home/hjt/OSCC/ns-allinone-3.31/ns-3.31/build/.conf_check_6f58fe0695dffc1ac60ac25f8cc70c24/testbuild/testprog', '-Wl,-Bstatic', '-Wl,-Bdynamic']
yes
------------------------------------------------
Checking for header pthread.h
==>

#include <pthread.h>
int main ()
{
   pthread_mutex_t m;
   pthread_mutex_init (&m, NULL);
   return 0;
}

<==
[1/2] Compiling [32mbuild/.conf_check_f7c0fffd93df9fe1a80ff12c0ddf12dd/test.cpp[0m

['/usr/bin/clang++', '-O0', '-ggdb', '-g3', '-Wall', '-Wno-unused-parameter', '-Wno-unused-local-typedefs', '-Wno-potentially-evaluated-expression', '-std=c++11', '-pthread', '-DNS3_BUILD_PROFILE_DEBUG', '-DNS3_ASSERT_ENABLE', '-DNS3_LOG_ENABLE', '-DHAVE___UINT128_T=1', '-DINT64X64_USE_128=1', '-DHAVE_STDINT_H=1', '-DHAVE_INTTYPES_H=1', '-DHAVE_SYS_TYPES_H=1', '-DHAVE_SYS_STAT_H=1', '-DHAVE_DIRENT_H=1', '-DHAVE_SIGNAL_H=1', '../test.cpp', '-c', '-o/home/hjt/OSCC/ns-allinone-3.31/ns-3.31/build/.conf_check_f7c0fffd93df9fe1a80ff12c0ddf12dd/testbuild/test.cpp.1.o']
[2/2] Linking [33mbuild/.conf_check_f7c0fffd93df9fe1a80ff12c0ddf12dd/testbuild/testprog[0m

['/usr/bin/clang++', '-pthread', 'test.cpp.1.o', '-o/home/hjt/OSCC/ns-allinone-3.31/ns-3.31/build/.conf_check_f7c0fffd93df9fe1a80ff12c0ddf12dd/testbuild/testprog', '-Wl,-Bstatic', '-Wl,-Bdynamic']
yes
------------------------------------------------
Checking for header stdint.h
==>
#include <stdint.h>

int main(int argc, char **argv) {
	(void)argc; (void)argv;
	return 0;
}

<==
[1/2] Compiling [32mbuild/.conf_check_87dc75f4d5a4d81d3de89ccc66d2f410/test.cpp[0m

['/usr/bin/clang++', '-O0', '-ggdb', '-g3', '-Wall', '-Wno-unused-parameter', '-Wno-unused-local-typedefs', '-Wno-potentially-evaluated-expression', '-std=c++11', '-DNS3_BUILD_PROFILE_DEBUG', '-DNS3_ASSERT_ENABLE', '-DNS3_LOG_ENABLE', '-DHAVE___UINT128_T=1', '-DINT64X64_USE_128=1', '-DHAVE_INTTYPES_H=1', '-DHAVE_SYS_TYPES_H=1', '-DHAVE_SYS_STAT_H=1', '-DHAVE_DIRENT_H=1', '-DHAVE_SIGNAL_H=1', '-DHAVE_PTHREAD_H=1', '../test.cpp', '-c', '-o/home/hjt/OSCC/ns-allinone-3.31/ns-3.31/build/.conf_check_87dc75f4d5a4d81d3de89ccc66d2f410/testbuild/test.cpp.1.o']
[2/2] Linking [33mbuild/.conf_check_87dc75f4d5a4d81d3de89ccc66d2f410/testbuild/testprog[0m

['/usr/bin/clang++', 'test.cpp.1.o', '-o/home/hjt/OSCC/ns-allinone-3.31/ns-3.31/build/.conf_check_87dc75f4d5a4d81d3de89ccc66d2f410/testbuild/testprog', '-Wl,-Bstatic', '-Wl,-Bdynamic']
yes
------------------------------------------------
Checking for header inttypes.h
==>
#include <inttypes.h>

int main(int argc, char **argv) {
	(void)argc; (void)argv;
	return 0;
}

<==
[1/2] Compiling [32mbuild/.conf_check_71902e4db1e1fb33866f0d1c21c77ee8/test.cpp[0m

['/usr/bin/clang++', '-O0', '-ggdb', '-g3', '-Wall', '-Wno-unused-parameter', '-Wno-unused-local-typedefs', '-Wno-potentially-evaluated-expression', '-std=c++11', '-DNS3_BUILD_PROFILE_DEBUG', '-DNS3_ASSERT_ENABLE', '-DNS3_LOG_ENABLE', '-DHAVE___UINT128_T=1', '-DINT64X64_USE_128=1', '-DHAVE_SYS_TYPES_H=1', '-DHAVE_SYS_STAT_H=1', '-DHAVE_DIRENT_H=1', '-DHAVE_SIGNAL_H=1', '-DHAVE_PTHREAD_H=1', '-DHAVE_STDINT_H=1', '../test.cpp', '-c', '-o/home/hjt/OSCC/ns-allinone-3.31/ns-3.31/build/.conf_check_71902e4db1e1fb33866f0d1c21c77ee8/testbuild/test.cpp.1.o']
[2/2] Linking [33mbuild/.conf_check_71902e4db1e1fb33866f0d1c21c77ee8/testbuild/testprog[0m

['/usr/bin/clang++', 'test.cpp.1.o', '-o/home/hjt/OSCC/ns-allinone-3.31/ns-3.31/build/.conf_check_71902e4db1e1fb33866f0d1c21c77ee8/testbuild/testprog', '-Wl,-Bstatic', '-Wl,-Bdynamic']
yes
------------------------------------------------
Checking for header sys/inttypes.h
==>
#include <sys/inttypes.h>

int main(int argc, char **argv) {
	(void)argc; (void)argv;
	return 0;
}

<==
[1/2] Compiling [32mbuild/.conf_check_ab3a88ef84bcf481a1b44e59b9acea7f/test.cpp[0m

['/usr/bin/clang++', '-O0', '-ggdb', '-g3', '-Wall', '-Wno-unused-parameter', '-Wno-unused-local-typedefs', '-Wno-potentially-evaluated-expression', '-std=c++11', '-DNS3_BUILD_PROFILE_DEBUG', '-DNS3_ASSERT_ENABLE', '-DNS3_LOG_ENABLE', '-DHAVE___UINT128_T=1', '-DINT64X64_USE_128=1', '-DHAVE_SYS_TYPES_H=1', '-DHAVE_SYS_STAT_H=1', '-DHAVE_DIRENT_H=1', '-DHAVE_SIGNAL_H=1', '-DHAVE_PTHREAD_H=1', '-DHAVE_STDINT_H=1', '-DHAVE_INTTYPES_H=1', '../test.cpp', '-c', '-o/home/hjt/OSCC/ns-allinone-3.31/ns-3.31/build/.conf_check_ab3a88ef84bcf481a1b44e59b9acea7f/testbuild/test.cpp.1.o']
err: ../test.cpp:1:10: fatal error: 'sys/inttypes.h' file not found
#include <sys/inttypes.h>
         ^~~~~~~~~~~~~~~~
1 error generated.

from /home/hjt/OSCC/ns-allinone-3.31/ns-3.31/src/core: Test does not build: Traceback (most recent call last):
  File "/home/hjt/OSCC/ns-allinone-3.31/ns-3.31/.waf3-2.0.18-ff4ae9f5cc05353d3dc3aeff8854ae69/waflib/Configure.py", line 333, in run_build
    bld.compile()
  File "/home/hjt/OSCC/ns-allinone-3.31/ns-3.31/.waf3-2.0.18-ff4ae9f5cc05353d3dc3aeff8854ae69/waflib/Build.py", line 176, in compile
    raise Errors.BuildError(self.producer.error)
waflib.Errors.BuildError: Build failed
 -> task in 'testprog' failed with exit status 1 (run with -v to display more information)

not found
from /home/hjt/OSCC/ns-allinone-3.31/ns-3.31/src/core: The configuration failed
------------------------------------------------
Checking for library rt
==>

int main(int argc, char **argv) {
	(void)argc; (void)argv;
	return 0;
}

<==
[1/2] Compiling [32mbuild/.conf_check_ab72690583f2973c46ae66ff926bf40d/test.cpp[0m

['/usr/bin/clang++', '-O0', '-ggdb', '-g3', '-Wall', '-Wno-unused-parameter', '-Wno-unused-local-typedefs', '-Wno-potentially-evaluated-expression', '-std=c++11', '-pthread', '-DNS3_BUILD_PROFILE_DEBUG', '-DNS3_ASSERT_ENABLE', '-DNS3_LOG_ENABLE', '-DHAVE___UINT128_T=1', '-DINT64X64_USE_128=1', '-DHAVE_SYS_TYPES_H=1', '-DHAVE_SYS_STAT_H=1', '-DHAVE_DIRENT_H=1', '-DHAVE_SIGNAL_H=1', '-DHAVE_PTHREAD_H=1', '-DHAVE_STDINT_H=1', '-DHAVE_INTTYPES_H=1', '../test.cpp', '-c', '-o/home/hjt/OSCC/ns-allinone-3.31/ns-3.31/build/.conf_check_ab72690583f2973c46ae66ff926bf40d/testbuild/test.cpp.1.o']
[2/2] Linking [33mbuild/.conf_check_ab72690583f2973c46ae66ff926bf40d/testbuild/testprog[0m

['/usr/bin/clang++', '-pthread', 'test.cpp.1.o', '-o/home/hjt/OSCC/ns-allinone-3.31/ns-3.31/build/.conf_check_ab72690583f2973c46ae66ff926bf40d/testbuild/testprog', '-Wl,-Bstatic', '-Wl,-Bdynamic', '-lrt']
yes
------------------------------------------------
Checking for library ['webrtc']
==>

int main(int argc, char **argv) {
	(void)argc; (void)argv;
	return 0;
}

<==
[1/2] Compiling [32mbuild/.conf_check_b0f6c2045206f42c2812a3d0a1d97f8c/test.cpp[0m

['/usr/bin/clang++', '-O0', '-ggdb', '-g3', '-Wall', '-Wno-unused-parameter', '-Wno-unused-local-typedefs', '-Wno-potentially-evaluated-expression', '-std=c++11', '-I/home/hjt/OSCC/ns-allinone-3.31/ns-3.31/src/ex-webrtc/webrtc/src', '-I/home/hjt/OSCC/ns-allinone-3.31/ns-3.31/src/ex-webrtc/webrtc/src/third_party/abseil-cpp', '-DNS3_BUILD_PROFILE_DEBUG', '-DNS3_ASSERT_ENABLE', '-DNS3_LOG_ENABLE', '../test.cpp', '-c', '-o/home/hjt/OSCC/ns-allinone-3.31/ns-3.31/build/.conf_check_b0f6c2045206f42c2812a3d0a1d97f8c/testbuild/test.cpp.1.o']
[2/2] Linking [33mbuild/.conf_check_b0f6c2045206f42c2812a3d0a1d97f8c/testbuild/testprog[0m

['/usr/bin/clang++', 'test.cpp.1.o', '-o/home/hjt/OSCC/ns-allinone-3.31/ns-3.31/build/.conf_check_b0f6c2045206f42c2812a3d0a1d97f8c/testbuild/testprog', '-Wl,-Bstatic', '-Wl,-Bdynamic', '-L/home/hjt/OSCC/ns-allinone-3.31/ns-3.31/src/ex-webrtc/webrtc/src/out/m84/obj', '-lwebrtc']
yes
------------------------------------------------
Checking for header sys/ioctl.h
==>
#include <sys/ioctl.h>

int main(int argc, char **argv) {
	(void)argc; (void)argv;
	return 0;
}

<==
[1/2] Compiling [32mbuild/.conf_check_a500e4e04895f8dce012d09437dc914c/test.cpp[0m

['/usr/bin/clang++', '-O0', '-ggdb', '-g3', '-Wall', '-Wno-unused-parameter', '-Wno-unused-local-typedefs', '-Wno-potentially-evaluated-expression', '-std=c++11', '-std=c++14', '-I/home/hjt/OSCC/ns-allinone-3.31/ns-3.31/src/ex-webrtc/webrtc/src', '-I/home/hjt/OSCC/ns-allinone-3.31/ns-3.31/src/ex-webrtc/webrtc/src/third_party/abseil-cpp', '-Wno-unused-const-variable', '-Wno-unused-private-field', '-DNS3_BUILD_PROFILE_DEBUG', '-DNS3_ASSERT_ENABLE', '-DNS3_LOG_ENABLE', '../test.cpp', '-c', '-o/home/hjt/OSCC/ns-allinone-3.31/ns-3.31/build/.conf_check_a500e4e04895f8dce012d09437dc914c/testbuild/test.cpp.1.o']
[2/2] Linking [33mbuild/.conf_check_a500e4e04895f8dce012d09437dc914c/testbuild/testprog[0m

['/usr/bin/clang++', 'test.cpp.1.o', '-o/home/hjt/OSCC/ns-allinone-3.31/ns-3.31/build/.conf_check_a500e4e04895f8dce012d09437dc914c/testbuild/testprog', '-Wl,-Bstatic', '-Wl,-Bdynamic']
yes
------------------------------------------------
Checking for header net/if.h
==>
#include <net/if.h>

int main(int argc, char **argv) {
	(void)argc; (void)argv;
	return 0;
}

<==
[1/2] Compiling [32mbuild/.conf_check_9f4e1a1ff328a1e8411b45269d846fdb/test.cpp[0m

['/usr/bin/clang++', '-O0', '-ggdb', '-g3', '-Wall', '-Wno-unused-parameter', '-Wno-unused-local-typedefs', '-Wno-potentially-evaluated-expression', '-std=c++11', '-std=c++14', '-I/home/hjt/OSCC/ns-allinone-3.31/ns-3.31/src/ex-webrtc/webrtc/src', '-I/home/hjt/OSCC/ns-allinone-3.31/ns-3.31/src/ex-webrtc/webrtc/src/third_party/abseil-cpp', '-Wno-unused-const-variable', '-Wno-unused-private-field', '-DNS3_BUILD_PROFILE_DEBUG', '-DNS3_ASSERT_ENABLE', '-DNS3_LOG_ENABLE', '-DHAVE_SYS_IOCTL_H=1', '../test.cpp', '-c', '-o/home/hjt/OSCC/ns-allinone-3.31/ns-3.31/build/.conf_check_9f4e1a1ff328a1e8411b45269d846fdb/testbuild/test.cpp.1.o']
[2/2] Linking [33mbuild/.conf_check_9f4e1a1ff328a1e8411b45269d846fdb/testbuild/testprog[0m

['/usr/bin/clang++', 'test.cpp.1.o', '-o/home/hjt/OSCC/ns-allinone-3.31/ns-3.31/build/.conf_check_9f4e1a1ff328a1e8411b45269d846fdb/testbuild/testprog', '-Wl,-Bstatic', '-Wl,-Bdynamic']
yes
------------------------------------------------
Checking for header net/ethernet.h
==>
#include <net/ethernet.h>

int main(int argc, char **argv) {
	(void)argc; (void)argv;
	return 0;
}

<==
[1/2] Compiling [32mbuild/.conf_check_6e41348326de2b334c4f59de3729bd6a/test.cpp[0m

['/usr/bin/clang++', '-O0', '-ggdb', '-g3', '-Wall', '-Wno-unused-parameter', '-Wno-unused-local-typedefs', '-Wno-potentially-evaluated-expression', '-std=c++11', '-std=c++14', '-I/home/hjt/OSCC/ns-allinone-3.31/ns-3.31/src/ex-webrtc/webrtc/src', '-I/home/hjt/OSCC/ns-allinone-3.31/ns-3.31/src/ex-webrtc/webrtc/src/third_party/abseil-cpp', '-Wno-unused-const-variable', '-Wno-unused-private-field', '-DNS3_BUILD_PROFILE_DEBUG', '-DNS3_ASSERT_ENABLE', '-DNS3_LOG_ENABLE', '-DHAVE_SYS_IOCTL_H=1', '-DHAVE_IF_NETS_H=1', '../test.cpp', '-c', '-o/home/hjt/OSCC/ns-allinone-3.31/ns-3.31/build/.conf_check_6e41348326de2b334c4f59de3729bd6a/testbuild/test.cpp.1.o']
[2/2] Linking [33mbuild/.conf_check_6e41348326de2b334c4f59de3729bd6a/testbuild/testprog[0m

['/usr/bin/clang++', 'test.cpp.1.o', '-o/home/hjt/OSCC/ns-allinone-3.31/ns-3.31/build/.conf_check_6e41348326de2b334c4f59de3729bd6a/testbuild/testprog', '-Wl,-Bstatic', '-Wl,-Bdynamic']
yes
------------------------------------------------
Checking for header linux/if_tun.h
==>
#include <linux/if_tun.h>

int main(int argc, char **argv) {
	(void)argc; (void)argv;
	return 0;
}

<==
[1/2] Compiling [32mbuild/.conf_check_8e878b6598e0eb4487674343c0115934/test.cpp[0m

['/usr/bin/clang++', '-O0', '-ggdb', '-g3', '-Wall', '-Wno-unused-parameter', '-Wno-unused-local-typedefs', '-Wno-potentially-evaluated-expression', '-std=c++11', '-std=c++14', '-I/home/hjt/OSCC/ns-allinone-3.31/ns-3.31/src/ex-webrtc/webrtc/src', '-I/home/hjt/OSCC/ns-allinone-3.31/ns-3.31/src/ex-webrtc/webrtc/src/third_party/abseil-cpp', '-Wno-unused-const-variable', '-Wno-unused-private-field', '-DNS3_BUILD_PROFILE_DEBUG', '-DNS3_ASSERT_ENABLE', '-DNS3_LOG_ENABLE', '-DHAVE_SYS_IOCTL_H=1', '-DHAVE_IF_NETS_H=1', '-DHAVE_NET_ETHERNET_H=1', '../test.cpp', '-c', '-o/home/hjt/OSCC/ns-allinone-3.31/ns-3.31/build/.conf_check_8e878b6598e0eb4487674343c0115934/testbuild/test.cpp.1.o']
[2/2] Linking [33mbuild/.conf_check_8e878b6598e0eb4487674343c0115934/testbuild/testprog[0m

['/usr/bin/clang++', 'test.cpp.1.o', '-o/home/hjt/OSCC/ns-allinone-3.31/ns-3.31/build/.conf_check_8e878b6598e0eb4487674343c0115934/testbuild/testprog', '-Wl,-Bstatic', '-Wl,-Bdynamic']
yes
------------------------------------------------
Checking for header netpacket/packet.h
==>
#include <netpacket/packet.h>

int main(int argc, char **argv) {
	(void)argc; (void)argv;
	return 0;
}

<==
[1/2] Compiling [32mbuild/.conf_check_fff5469bff6310ddc2b775af42c41fc5/test.cpp[0m

['/usr/bin/clang++', '-O0', '-ggdb', '-g3', '-Wall', '-Wno-unused-parameter', '-Wno-unused-local-typedefs', '-Wno-potentially-evaluated-expression', '-std=c++11', '-std=c++14', '-I/home/hjt/OSCC/ns-allinone-3.31/ns-3.31/src/ex-webrtc/webrtc/src', '-I/home/hjt/OSCC/ns-allinone-3.31/ns-3.31/src/ex-webrtc/webrtc/src/third_party/abseil-cpp', '-Wno-unused-const-variable', '-Wno-unused-private-field', '-DNS3_BUILD_PROFILE_DEBUG', '-DNS3_ASSERT_ENABLE', '-DNS3_LOG_ENABLE', '-DHAVE_SYS_IOCTL_H=1', '-DHAVE_IF_NETS_H=1', '-DHAVE_NET_ETHERNET_H=1', '-DHAVE_IF_TUN_H=1', '../test.cpp', '-c', '-o/home/hjt/OSCC/ns-allinone-3.31/ns-3.31/build/.conf_check_fff5469bff6310ddc2b775af42c41fc5/testbuild/test.cpp.1.o']
[2/2] Linking [33mbuild/.conf_check_fff5469bff6310ddc2b775af42c41fc5/testbuild/testprog[0m

['/usr/bin/clang++', 'test.cpp.1.o', '-o/home/hjt/OSCC/ns-allinone-3.31/ns-3.31/build/.conf_check_fff5469bff6310ddc2b775af42c41fc5/testbuild/testprog', '-Wl,-Bstatic', '-Wl,-Bdynamic']
yes
------------------------------------------------
Checking for NSC location
not found
------------------------------------------------
Checking for OpenFlow location
not found
------------------------------------------------
Checking for 'sqlite3'
['/usr/bin/pkg-config', '--cflags', '--libs', 'sqlite3']
out: -lsqlite3

yes
------------------------------------------------
Checking for header semaphore.h
==>
#include <semaphore.h>

int main(int argc, char **argv) {
	(void)argc; (void)argv;
	return 0;
}

<==
[1/2] Compiling [32mbuild/.conf_check_2966f45c89888a4b8f2a3b90cda9d602/test.cpp[0m

['/usr/bin/clang++', '-O0', '-ggdb', '-g3', '-Wall', '-Wno-unused-parameter', '-Wno-unused-local-typedefs', '-Wno-potentially-evaluated-expression', '-std=c++11', '-std=c++14', '-I/home/hjt/OSCC/ns-allinone-3.31/ns-3.31/src/ex-webrtc/webrtc/src', '-I/home/hjt/OSCC/ns-allinone-3.31/ns-3.31/src/ex-webrtc/webrtc/src/third_party/abseil-cpp', '-Wno-unused-const-variable', '-Wno-unused-private-field', '-DNS3_BUILD_PROFILE_DEBUG', '-DNS3_ASSERT_ENABLE', '-DNS3_LOG_ENABLE', '-DHAVE_SYS_IOCTL_H=1', '-DHAVE_IF_NETS_H=1', '-DHAVE_NET_ETHERNET_H=1', '-DHAVE_IF_TUN_H=1', '-DHAVE_PACKET_H=1', '-DHAVE_SQLITE3=1', '../test.cpp', '-c', '-o/home/hjt/OSCC/ns-allinone-3.31/ns-3.31/build/.conf_check_2966f45c89888a4b8f2a3b90cda9d602/testbuild/test.cpp.1.o']
[2/2] Linking [33mbuild/.conf_check_2966f45c89888a4b8f2a3b90cda9d602/testbuild/testprog[0m

['/usr/bin/clang++', 'test.cpp.1.o', '-o/home/hjt/OSCC/ns-allinone-3.31/ns-3.31/build/.conf_check_2966f45c89888a4b8f2a3b90cda9d602/testbuild/testprog', '-Wl,-Bstatic', '-Wl,-Bdynamic']
yes
------------------------------------------------
Checking for header linux/if_tun.h
==>
#include <linux/if_tun.h>

int main(int argc, char **argv) {
	(void)argc; (void)argv;
	return 0;
}

<==
[1/2] Compiling [32mbuild/.conf_check_8e878b6598e0eb4487674343c0115934/test.cpp[0m

['/usr/bin/clang++', '-O0', '-ggdb', '-g3', '-Wall', '-Wno-unused-parameter', '-Wno-unused-local-typedefs', '-Wno-potentially-evaluated-expression', '-std=c++11', '-std=c++14', '-I/home/hjt/OSCC/ns-allinone-3.31/ns-3.31/src/ex-webrtc/webrtc/src', '-I/home/hjt/OSCC/ns-allinone-3.31/ns-3.31/src/ex-webrtc/webrtc/src/third_party/abseil-cpp', '-Wno-unused-const-variable', '-Wno-unused-private-field', '-DNS3_BUILD_PROFILE_DEBUG', '-DNS3_ASSERT_ENABLE', '-DNS3_LOG_ENABLE', '../test.cpp', '-c', '-o/home/hjt/OSCC/ns-allinone-3.31/ns-3.31/build/.conf_check_8e878b6598e0eb4487674343c0115934/testbuild/test.cpp.1.o']
[2/2] Linking [33mbuild/.conf_check_8e878b6598e0eb4487674343c0115934/testbuild/testprog[0m

['/usr/bin/clang++', 'test.cpp.1.o', '-o/home/hjt/OSCC/ns-allinone-3.31/ns-3.31/build/.conf_check_8e878b6598e0eb4487674343c0115934/testbuild/testprog', '-Wl,-Bstatic', '-Wl,-Bdynamic']
yes
------------------------------------------------
Checking for program 'sudo'
/usr/bin/sudo
find program=['sudo'] paths=['/home/hjt/.vscode-server/bin/8b3775030ed1a69b13e4f4c628c612102e30a681/bin/remote-cli', '/usr/local/sbin', '/usr/local/bin', '/usr/sbin', '/usr/bin', '/sbin', '/bin', '/usr/games', '/usr/local/games', '/snap/bin'] var='SUDO' -> ['/usr/bin/sudo']
------------------------------------------------
Checking for program 'valgrind'
/usr/bin/valgrind
find program=['valgrind'] paths=['/home/hjt/.vscode-server/bin/8b3775030ed1a69b13e4f4c628c612102e30a681/bin/remote-cli', '/usr/local/sbin', '/usr/local/bin', '/usr/sbin', '/usr/bin', '/sbin', '/bin', '/usr/games', '/usr/local/games', '/snap/bin'] var='VALGRIND' -> ['/usr/bin/valgrind']
------------------------------------------------
Checking for 'gsl'
['/usr/bin/pkg-config', '--cflags', '--libs', 'gsl']
err: Package gsl was not found in the pkg-config search path.
Perhaps you should add the directory containing `gsl.pc'
to the PKG_CONFIG_PATH environment variable
No package 'gsl' found

not found
from /home/hjt/OSCC/ns-allinone-3.31/ns-3.31: The configuration failed
------------------------------------------------
libgcrypt-config
not found
find program=['libgcrypt-config'] paths=['/home/hjt/.vscode-server/bin/8b3775030ed1a69b13e4f4c628c612102e30a681/bin/remote-cli', '/usr/local/sbin', '/usr/local/bin', '/usr/sbin', '/usr/bin', '/sbin', '/bin', '/usr/games', '/usr/local/games', '/snap/bin'] var='LIBGCRYPT_CONFIG' -> None
from /home/hjt/OSCC/ns-allinone-3.31/ns-3.31: Could not find the program ['libgcrypt-config']
------------------------------------------------
Checking for program 'doxygen'
/usr/bin/doxygen
find program=['doxygen'] paths=['/home/hjt/.vscode-server/bin/8b3775030ed1a69b13e4f4c628c612102e30a681/bin/remote-cli', '/usr/local/sbin', '/usr/local/bin', '/usr/sbin', '/usr/bin', '/sbin', '/bin', '/usr/games', '/usr/local/games', '/snap/bin'] var='DOXYGEN' -> ['/usr/bin/doxygen']
