600.0 0.8621892633190129
600.5 0.8651079276513008
601.0 1.0573535408156167
601.5 1.4888038047588146
602.0 0.7781730770317721
602.5 2.917545706319678
603.0 1.0820839778118347
603.5 2.456795808312876
604.0 1.2481656307546194
604.5 1.7158807060154144
605.0 1.9751151931393678
605.5 1.645219199368675
606.0 2.05233830627654
606.5 2.4504277930992084
607.0 1.8645191632863602
607.5 0.9091434407063387
608.0 2.125245487949705
608.5 1.8339359531176718
609.0 1.6524573355458556
609.5 1.8200000017973694
610.0 3.5792111140146505
610.5 0.8515141835660909
611.0 0.5040586403714726
611.5 0.7722404835617369
612.0 0.7743573994077773
612.5 0.5896337618037168
613.0 0.7288089960859148
613.5 0.6299796867304046
614.0 0.4444308688064843
614.5 0.6796740900110811
615.0 0.7548247661121148
615.5 0.6648823312368207
616.0 0.6778443462179617
616.5 0.8256400496062206
617.0 0.768049450573737
617.5 0.8134820779387282
618.0 0.7518926880712642
618.5 0.6766209158267821
619.0 0.5985522067607185
619.5 1.3558356521560007
620.0 1.367064686041397
620.5 0.9662516097308527
621.0 0.8735921493042262
621.5 1.488987435545669
622.0 0.9266006815125343
622.5 1.704949653259698
623.0 1.1521871968617479
623.5 1.289436232367185
624.0 1.353053107029225
624.5 0.6728287162643056
625.0 1.0668590028138578
625.5 1.4610274905787177
626.0 2.20191575471354
626.5 0.5015103219822349
627.0 0.6712734140489525
627.5 1.561704016276345
628.0 1.568174168067293
628.5 1.8496642734360285
629.0 1.0918035561457236
629.5 1.830168408526089
630.0 0.9307505310414935
630.5 1.6734534907182033
631.0 1.0497656171246041
631.5 0.44946837075583
632.0 0.573634292586812
632.5 0.9309271521725669
633.0 0.8966390023828477
633.5 1.8948850322162747
634.0 1.8211484540317568
634.5 0.6032151257587195
635.0 0.7705567836997642
635.5 2.209124494318336
636.0 1.5563679876045082
636.5 0.7694166128098172
637.0 1.83462288563704
637.5 1.0279962015081376
638.0 0.7886401168437779
638.5 1.3391389269648881
639.0 0.7273519670769353
639.5 1.2126375563463656
640.0 2.206879918812743
640.5 0.9788315002908672
641.0 1.3261789434166336
641.5 0.9908186596910354
642.0 1.0424239250673388
642.5 1.7402070257855207
643.0 1.3506690221101043
643.5 0.8773372230988655
644.0 1.9349296586291402
644.5 1.3984689181149286
645.0 2.509158699398393
645.5 0.7880340208982353
646.0 2.751030381063467
646.5 0.8590292854899189
647.0 1.6802831293257972
647.5 2.298146979653911
648.0 0.7541566938540474
648.5 0.7026626103261375
649.0 0.8772340065036315
649.5 0.699022873953521
650.0 1.2408515695895406
650.5 0.8320389366796141
651.0 4.287738035279711
651.5 1.7400778354561666
652.0 2.6856256464907955
652.5 3.8007248136402163
653.0 2.050734603227216
653.5 3.3262485302277582
654.0 0.45175529184217655
654.5 1.3158444559791997
655.0 2.5610441868376026
655.5 1.5629201536608375
656.0 1.6782615100523648
656.5 2.028678418577995
657.0 2.0031645743902065
657.5 0.6659168058543907
658.0 0.7484713439800659
658.5 1.7528491535534974
659.0 1.9093588106970816
659.5 1.9749585715442783
660.0 0.7231494735955284
660.5 2.8014918400806446
661.0 1.8215087834609358
661.5 0.8021063843372349
662.0 2.0422057170368184
662.5 1.666146697880754
663.0 1.7718418032688188
663.5 1.116014454200901
664.0 1.0663494192711873
664.5 1.7621793832400185
665.0 0.9305233457172468
665.5 1.3467828143287062
666.0 1.220733950365114
666.5 1.9328563832077528
667.0 2.4337791791267915
667.5 1.830108439913901
668.0 2.0072466091304935
668.5 1.3778758106855356
669.0 2.24349193081715
669.5 1.034009061945502
670.0 2.3962082181319815
670.5 0.7769460903846077
671.0 2.826112120747306
671.5 2.480421451217434
672.0 3.2285596235317393
672.5 1.6412729730881959
673.0 1.8686227693621862
673.5 2.3353934927387803
674.0 1.8509417660980214
674.5 1.4234576159850005
675.0 0.828105887424837
675.5 1.8347627706539085
676.0 2.7446463895166167
676.5 1.4776821542511942
677.0 0.69624228694828
677.5 2.288681338221022
678.0 1.8519644326270261
678.5 0.8900902757212059
679.0 2.603832416646283
679.5 1.2976707937433765
680.0 0.9091639354871596
680.5 1.2456093336499499
681.0 1.1603065747326906
681.5 3.4943769027635114
682.0 2.2625077020539983
682.5 2.145593883129253
683.0 1.803524027339394
683.5 0.9996588383541308
684.0 0.7237176550439053
684.5 0.6629714503501287
685.0 0.998712610359957
685.5 0.7442732474982898
686.0 0.9977547218892955
686.5 1.807358324625531
687.0 1.3722086070732584
687.5 1.1670923572977485
688.0 2.0037030846056094
688.5 1.1540662440138614
689.0 1.6071057048100328
689.5 1.3057639534981762
690.0 1.5838453806252222
690.5 1.6311933490849913
691.0 1.8869811899849194
691.5 1.8527582232553836
692.0 3.3541476750705295
692.5 2.2174550705956166
693.0 2.0085215334219257
693.5 2.308384541515931
694.0 2.2975513363336164
694.5 0.7521228821257242
695.0 1.0541866554570252
695.5 1.8109680063396842
696.0 2.281929794989076
696.5 2.9470143726631246
697.0 1.3920541749651636
697.5 1.9377534604849336
698.0 2.2752965556972207
698.5 2.740110947034616
699.0 2.0797271395231705
699.5 1.2456953716889032
700.0 3.2551788081112067
700.5 1.672428002545696
701.0 3.702075027006808
701.5 2.6173425115569375
702.0 0.8762868393107761
702.5 2.3009685825945905
703.0 3.488530276873484
703.5 2.545949753276711
704.0 1.519458929737338
704.5 2.6347061474126603
705.0 2.7818195955081064
705.5 2.78319393747947
706.0 1.8817098985430616
706.5 2.297729002786803
707.0 1.9844498264347696
707.5 1.3380875402822323
708.0 3.885494845544303
708.5 1.6468949876970327
709.0 1.2194153838825197
709.5 1.36437925870888
710.0 1.308244727110772
710.5 1.6984756265802572
711.0 1.4756180585725118
711.5 1.52826315703043
712.0 2.0463534286788274
712.5 1.5281083689174964
713.0 1.7367991121218296
713.5 1.4976052770532995
714.0 2.694690921561007
714.5 1.862578858202192
715.0 1.5545194960620197
715.5 0.7175341815038272
716.0 0.7219815593892099
716.5 0.44634723171517043
717.0 1.3136481878831865
717.5 1.630853976745152
718.0 1.7107588878080482
718.5 1.6586482467519594
719.0 2.167034380449555
719.5 1.5413782552669244
720.0 1.9198552264650715
720.5 1.6558754830241211
721.0 1.8481618531768276
721.5 0.7427197474741163
722.0 0.5892331859484957
722.5 0.7654273448853199
723.0 0.6784560167012794
723.5 0.594725779133406
724.0 0.6485527814243723
724.5 0.7308323115024531
725.0 0.6675779042271499
725.5 0.7111426004745944
726.0 1.8985106237553149
726.5 2.2911226816111068
727.0 1.712944041959111
727.5 1.8386619723055146
728.0 1.4097101022974639
728.5 2.6662134130498703
729.0 0.9134055273280947
729.5 1.126589474509278
730.0 2.1793337278930522
730.5 2.057983685048418
731.0 2.274802555722467
731.5 1.0869910887345466
732.0 1.7090068529303641
732.5 2.2796920127327827
733.0 1.8198246471813526
733.5 1.968204314541939
734.0 1.4760364372741663
734.5 0.9908712516390183
735.0 1.140259741651183
735.5 1.414308300576836
736.0 1.4032317840977169
736.5 1.3868714306346035
737.0 1.1719466005806531
737.5 1.4465179107445598
738.0 1.3550662772101953
738.5 1.211447947810232
739.0 1.5102448376459634
739.5 1.482310822977778
740.0 1.2039460182047883
740.5 0.8280444567672858
741.0 0.9247597523165547
741.5 0.7123233807089238
742.0 0.9536231362878087
742.5 1.6013984178170746
743.0 1.4863533871780412
743.5 1.0507403545836862
744.0 1.1683008959674397
744.5 0.8391303759360712
745.0 1.5379479276524828
745.5 0.7054135309253498
746.0 1.7233813703015795
746.5 1.515349488308453
747.0 1.4919279266175076
747.5 0.5963763994392015
748.0 0.5583847156898016
748.5 0.6002331648351641
749.0 0.979898149177888
749.5 0.5789521272902727
750.0 0.6739529049913625
750.5 1.311558138716255
751.0 1.3920243213174321
751.5 1.7038727988821698
752.0 1.107633690140895
752.5 0.3645182714191505
753.0 1.1571479170507424
753.5 1.6059667342647832
754.0 1.0074630993061877
754.5 1.2228773035172242
755.0 0.6242443947492184
755.5 0.5630943566361997
756.0 0.8268880117956621
756.5 0.6594149963796777
757.0 0.7515696251599846
757.5 0.6787233051908861
758.0 0.5837135755262195
758.5 0.6227839128100288
759.0 0.6493084909742081
759.5 0.5797076301201989
760.0 0.5694591363752177
760.5 1.3689359644146855
761.0 1.9718835768887373
761.5 2.9018708100138326
762.0 1.3135596196554018
762.5 2.047918387794478
763.0 1.0955052552880435
763.5 1.8235408569191476
764.0 2.079653650653151
764.5 1.7718752622458818
765.0 1.4914117884632296
765.5 1.7731310327829866
766.0 1.3997814933888277
766.5 1.5290019157608623
767.0 2.262903207133334
767.5 1.2880708462424355
768.0 0.7208270020914316
768.5 1.1822419761720542
769.0 1.8848911274684457
769.5 2.385200557261253
770.0 1.923198656932112
770.5 1.583031298028354
771.0 1.1584526692175992
771.5 1.1860566167985127
772.0 2.468004546717566
772.5 1.3656069252209582
773.0 0.4080348300121812
773.5 0.7271906308034026
774.0 1.0572934942026315
774.5 0.8808214785920256
775.0 0.8615934136589667
775.5 0.6342926371266576
776.0 0.5240014124938962
776.5 0.6173511427804476
777.0 1.0657555980277964
777.5 1.14734474244122
778.0 0.9622976820967118
778.5 1.2890293594065996
779.0 0.8310923362646296
779.5 1.2619163412683205
780.0 2.9120973772663934
780.5 2.4039897772472036
781.0 2.810488606638377
781.5 3.182837773092961
782.0 1.071551890100024
782.5 1.7075632911402319
783.0 1.7767576717332245
783.5 1.7688914797349657
784.0 1.6907399753622463
784.5 2.9623584519898465
785.0 2.441443499584974
785.5 1.9665529613294197
786.0 2.7045004563882653
786.5 1.6465411071829275
787.0 1.5618464346426888
787.5 0.7420116595927521
788.0 1.5984438858132355
788.5 1.4915175362935007
789.0 0.983220902444348
789.5 1.1217501033101556
790.0 1.786789819131611
790.5 1.5404324924459862
791.0 0.7715486321402006
791.5 1.2447851367295562
792.0 1.1759950744510115
792.5 0.7734563437300331
793.0 0.9967762014531666
793.5 1.2097518312388864
794.0 1.159170721812422
794.5 0.5179549339334183
795.0 1.6519522186070108
795.5 2.6897347942542673
796.0 2.879053027319715
796.5 1.2363513130760384
797.0 3.522539828156754
797.5 0.924810706176902
798.0 2.9550412267585084
798.5 1.3151150177115607
799.0 0.6381801226384831
799.5 1.7107648356567036
800.0 2.7211274529384264
800.5 1.9174277047814565
801.0 2.8018038449900073
801.5 4.425457125070457
802.0 1.3441119932717003
802.5 1.5198810760428212
803.0 3.505016951701311
803.5 1.3668408126506368
804.0 0.234961762666412
804.5 3.163587413432145
805.0 2.3758826957192802
805.5 0.8103305456323939
806.0 1.373637546990302
806.5 0.2
807.0 1.963720505407702
807.5 0.47043604619518814
808.0 0.45792205253912843
808.5 0.7033999643193694
809.0 0.8336665895809485
809.5 1.0520830879171765
810.0 0.8002247691984756
810.5 1.1896461850869522
811.0 0.6493908107861674
811.5 1.1589754832921169
812.0 1.0362879048061688
812.5 1.0741962049222087
813.0 0.829658944438943
813.5 0.998332859595089
814.0 0.7374472410343422
814.5 0.5923212570773895
815.0 2.475572190662758
815.5 2.0825942191381763
816.0 1.0888231596952824
816.5 2.204007877227576
817.0 2.8924456911172225
817.5 1.686298319647454
818.0 1.7021196049041567
818.5 2.2471663356732385
819.0 2.96706733866122
819.5 2.619608997396232
820.0 1.4228331887191101
820.5 2.709320351430458
821.0 2.6601190246608777
821.5 2.7742065573752273
822.0 2.9976862458330773
822.5 0.762641765970717
823.0 0.8719058721949029
823.5 1.8490936855705506
824.0 1.6014711555495866
824.5 1.1746854475656525
825.0 1.4606946692700036
825.5 1.2310108413780534
826.0 2.8637573393951135
826.5 2.7522551721889994
827.0 2.580791826660881
827.5 0.2
828.0 0.2
828.5 1.4891299393469315
829.0 1.8555830787402945
829.5 1.3344200417521608
830.0 2.3276747697431346
830.5 1.5588958178586423
831.0 2.5007955230712717
831.5 1.1659264471216055
832.0 1.826386755251579
832.5 0.6466413671851698
833.0 1.2304026817736007
833.5 1.6424704884201735
834.0 1.089092271114689
834.5 0.9200364143713605
835.0 1.4762994530028428
835.5 1.09340699953778
836.0 0.3865534202654952
836.5 1.3944949656959917
837.0 2.3012742193763414
837.5 0.7424021154942624
838.0 1.4804766924977903
838.5 1.709092345622397
839.0 3.1300746341206045
839.5 2.3350622044220586
840.0 1.8792571747458782
840.5 1.1364964056525875
841.0 1.6900314036767914
841.5 2.713826022543781
842.0 4.680304993009871
842.5 2.185288312941791
843.0 3.321061973683611
843.5 2.731400061768672
844.0 1.870700135565849
844.5 1.9496078710037865
845.0 1.2602328325809937
845.5 2.899065350702663
846.0 2.754378607478583
846.5 2.488417367683773
847.0 1.2393705354938156
847.5 1.7603470123644684
848.0 1.4101035036385166
848.5 1.2274592622534999
849.0 2.1649034161991496
849.5 1.835055647286993
850.0 1.9062264807027443
850.5 1.1578991608073292
851.0 0.800081560799167
851.5 1.8812149255983894
852.0 2.3611554007757034
852.5 1.7473509185908447
853.0 1.3479660785969556
853.5 2.252263664517706
854.0 2.0428594961945006
854.5 2.3975090084323227
855.0 1.2846133463572014
855.5 2.537775464380049
856.0 0.9636342676144876
856.5 0.8023942544032637
857.0 1.3341935782328103
857.5 0.5303170118726038
858.0 0.883826742234343
858.5 1.4488914441609304
859.0 0.853368176431111
859.5 0.8722357674764368
860.0 1.7036237925897906
860.5 3.4155440994380055
861.0 2.8173413778217116
861.5 2.1305366597052693
862.0 0.5937179202117335
862.5 0.6913656405478796
863.0 0.7013756514441021
863.5 1.8978622035988895
864.0 1.0781018641637794
864.5 1.2954460925531164
865.0 0.8753914375439888
865.5 1.9947327108843476
866.0 1.559075820377175
866.5 1.4871318713793937
867.0 0.8026447397243492
867.5 1.7998979892277809
868.0 0.9151910312047216
868.5 0.9857394815883658
869.0 0.6276624329090746
869.5 1.1056316605632555
870.0 1.1167733562389235
870.5 1.4924634734050084
871.0 1.1185614522721123
871.5 1.272294949266683
872.0 1.062293085394037
872.5 1.2609656074895352
873.0 1.4256170700775455
873.5 2.6049251253002494
874.0 2.488908002589521
874.5 2.160785916334473
875.0 2.152555852886636
875.5 2.4125399723895216
876.0 2.6419038940424135
876.5 1.4722412955366755
877.0 1.2028511514430011
877.5 2.6859137688605306
878.0 1.1460123281955208
878.5 0.8841059148123851
879.0 1.1953172667382954
879.5 0.3186835220708648
880.0 2.274749018843593
880.5 2.831435499810712
881.0 2.8074182720424328
881.5 2.536705209697602
882.0 1.3045434510766332
882.5 3.9553672225672907
883.0 1.491323361609957
883.5 1.7897579279956948
884.0 3.0740243017362205
884.5 2.095967207439594
885.0 2.851767747427803
885.5 2.245849898736088
886.0 1.7151161744790726
886.5 2.4907052590307543
887.0 1.5973500149535624
887.5 2.319008653056335
888.0 1.5827732416993217
888.5 2.849213884118279
889.0 1.1707299115630745
889.5 1.8056796716509638
890.0 3.4984394256205626
890.5 0.2
891.0 1.6791163911204288
891.5 1.658665951959333
892.0 1.5611134998364689
892.5 1.7172207300262023
893.0 1.8743932677390724
893.5 0.7956568985374346
894.0 1.8602754017820908
894.5 2.617723458936405
895.0 1.2481356812894129
895.5 2.961685485765748
896.0 1.2133124531923623
896.5 1.8429222030685168
897.0 1.6090256206190932
897.5 0.9882400884247682
898.0 0.8343628153305841
898.5 0.9130479693875804
899.0 0.8255525677393893
899.5 0.7243635322926405