2100.0 1.5056039045028995
2100.5 1.8349373919998593
2101.0 1.1101045252881376
2101.5 2.1002845142110784
2102.0 1.0257988915295777
2102.5 1.1932180537116528
2103.0 1.2209460023310716
2103.5 1.0317459470458097
2104.0 1.2246191973225238
2104.5 1.1294390931977558
2105.0 0.7529811193975062
2105.5 0.909970865823644
2106.0 0.9087650896311584
2106.5 1.2687388767784575
2107.0 0.8429849039645956
2107.5 1.0189450638045954
2108.0 0.8314489337425148
2108.5 1.47583329409691
2109.0 1.0075802784863133
2109.5 2.3120121962820788
2110.0 1.972642271447111
2110.5 2.2522522651756853
2111.0 2.220070536839958
2111.5 1.752377182258737
2112.0 0.9441214531429252
2112.5 1.0811843239101178
2113.0 2.4823158592725623
2113.5 0.9165249632848534
2114.0 1.688269859326886
2114.5 2.3436634738998894
2115.0 1.9911665017087943
2115.5 0.8494300858964383
2116.0 3.5299755613064328
2116.5 1.8605703576155732
2117.0 2.288792273140017
2117.5 1.2925528547795055
2118.0 0.8861598492575784
2118.5 0.9117009681848018
2119.0 2.3472581571856628
2119.5 1.9019181726088095
2120.0 3.164285593976628
2120.5 1.1351436424813521
2121.0 1.394338033033622
2121.5 1.9755086341514618
2122.0 0.8475445740349428
2122.5 1.2663631748591189
2123.0 2.430226797146904
2123.5 0.5939778154145023
2124.0 1.5688377759467782
2124.5 2.6933395296016895
2125.0 1.8318956338712908
2125.5 0.8002358162008016
2126.0 1.648243246308351
2126.5 2.281713998458496
2127.0 2.2587885419373417
2127.5 2.1664591335317978
2128.0 1.445506742785918
2128.5 1.881246887650523
2129.0 1.4856204555187804
2129.5 1.6474799937119409
2130.0 1.6409196158365311
2130.5 1.7912249386472636
2131.0 1.1001518461893962
2131.5 0.9597099800177099
2132.0 2.1577195742158874
2132.5 0.7596630579097219
2133.0 2.1820052625671633
2133.5 1.975718837661212
2134.0 1.5501474432541373
2134.5 2.2428068710477134
2135.0 1.2138989906369244
2135.5 2.078893335274344
2136.0 2.1549334631547588
2136.5 1.7003653882821463
2137.0 2.5028471093829876
2137.5 1.1732690408412045
2138.0 1.104360583154937
2138.5 0.9877948132167754
2139.0 1.3723123258357381
2139.5 1.4921212279915066
2140.0 1.4221099842375915
2140.5 1.1324174361308064
2141.0 0.6690004653359476
2141.5 1.6221301282856992
2142.0 3.283278433437421
2142.5 0.7988962098530152
2143.0 1.6375974208137924
2143.5 1.07770043771
2144.0 0.6524127499448706
2144.5 1.3199772473445939
2145.0 1.2334998514243256
2145.5 0.793113813670684
2146.0 1.2830678147201593
2146.5 3.1267894148901956
2147.0 4.2935244767517995
2147.5 2.691058094589494
2148.0 1.4499380069828405
2148.5 4.249724987541209
2149.0 3.196730031121667
2149.5 1.656736166268998
2150.0 1.3497933817706462
2150.5 2.395238460987258
2151.0 1.3776791651497895
2151.5 2.599755979339618
2152.0 2.9207127093207386
2152.5 2.0530008389438
2153.0 2.4914176864921616
2153.5 1.2611957511286356
2154.0 2.4412709943854267
2154.5 1.7501998611437792
2155.0 2.1077432709104915
2155.5 1.908134830217653
2156.0 0.9245349025293674
2156.5 1.7098831234309264
2157.0 1.8414818405327327
2157.5 1.8707436563276052
2158.0 2.1285312499114974
2158.5 2.1398656255736226
2159.0 1.161919773257148
2159.5 1.707072904290877
2160.0 1.9775417355811615
2160.5 3.1075453971360867
2161.0 1.4806701333207197
2161.5 2.0191578837096724
2162.0 1.2419202603757709
2162.5 2.709657263397302
2163.0 1.2404371669628096
2163.5 2.2112133453484146
2164.0 2.456410154067304
2164.5 1.937738235468192
2165.0 1.2937409127026127
2165.5 2.893012570449091
2166.0 2.462693756518185
2166.5 1.8319441332600277
2167.0 1.4878731615827123
2167.5 0.8722981040982747
2168.0 1.7841675982056597
2168.5 1.4651352874209922
2169.0 2.1108810444283255
2169.5 2.1235923023297256
2170.0 0.8913792101499944
2170.5 1.9488939666243315
2171.0 0.7565060192185904
2171.5 1.8808756070911339
2172.0 1.3713327415623917
2172.5 1.2523224746768868
2173.0 1.6305938184177227
2173.5 1.4252058623257307
2174.0 1.879928477291946
2174.5 2.3420783544889363
2175.0 1.5875995895417219
2175.5 1.5906046366955773
2176.0 1.216261016984854
2176.5 1.5818547517424606
2177.0 2.268557122796545
2177.5 1.5470952203298605
2178.0 2.2634269479492
2178.5 2.722179375807863
2179.0 1.97219082914394
2179.5 1.4910670196868892
2180.0 2.4136239636435937
2180.5 2.6071180139246044
2181.0 1.3520720137241384
2181.5 0.6320677081262114
2182.0 0.6546064265917242
2182.5 0.6656569425131487
2183.0 0.6039272825306203
2183.5 0.6791060658859314
2184.0 0.6200546935621292
2184.5 0.8389060491200968
2185.0 0.5309508520906567
2185.5 0.7599624217093204
2186.0 0.7962670386997837
2186.5 1.1537362844234313
2187.0 1.5253390740878447
2187.5 1.5864225608297642
2188.0 1.3564599515981495
2188.5 0.725368912310285
2189.0 1.174946556866487
2189.5 1.263631939113409
2190.0 1.484022707081698
2190.5 0.7502856499852346
2191.0 0.6538484814855289
2191.5 1.8523304281629296
2192.0 1.715763205591909
2192.5 2.0846161589851526
2193.0 1.2858309944135555
2193.5 1.8284986634719853
2194.0 0.8284729484056412
2194.5 1.0100389994694625
2195.0 1.9953472362075546
2195.5 3.405775771905703
2196.0 3.2370357631159
2196.5 2.5592397536703517
2197.0 0.9296912341904138
2197.5 1.1363603792991799
2198.0 1.1060440538306675
2198.5 0.9234174443127059
2199.0 1.4709642809664532
2199.5 1.576614354021326
2200.0 2.336752859103119
2200.5 1.2984954371473587
2201.0 1.4680108165816192
2201.5 1.547443649977991
2202.0 1.181310208947875
2202.5 1.9798878052352233
2203.0 1.159387039263783
2203.5 0.2
2204.0 2.511313448758423
2204.5 1.1144307842899568
2205.0 2.3350360543159843
2205.5 2.0825364259063264
2206.0 2.0138891734801176
2206.5 2.1062295744136956
2207.0 0.8990416999199505
2207.5 0.5791444521545676
2208.0 1.045102750982785
2208.5 1.258448676475709
2209.0 1.0270391653873139
2209.5 0.7180550699494763
2210.0 1.0956677929400394
2210.5 0.8290920883661048
2211.0 0.9216180869776774
2211.5 0.8803556037720093
2212.0 1.3719052863109704
2212.5 0.8334983117363376
2213.0 0.8926378756560396
2213.5 1.059393763987753
2214.0 0.739382168071105
2214.5 1.321580777335753
2215.0 0.7108473504759413
2215.5 1.149649837037345
2216.0 1.2342572032597556
2216.5 1.0948490953937429
2217.0 1.450384578792705
2217.5 0.8214047250540594
2218.0 1.2783213047562523
2218.5 1.413329950141514
2219.0 1.2572528992535683
2219.5 1.2534975712717418
2220.0 1.0404544454104478
2220.5 1.6770378416552736
2221.0 0.9035407950800102
2221.5 1.56087729209295
2222.0 2.5012346399667074
2222.5 2.605294962710026
2223.0 2.1231623263110326
2223.5 1.1000343285279564
2224.0 1.8594241951475143
2224.5 1.1668442177463243
2225.0 1.0092793043879391
2225.5 1.2628499782150167
2226.0 2.2157682842181305
2226.5 0.9236708916862076
2227.0 2.2130134177305916
2227.5 1.2243910096516097
2228.0 0.2
2228.5 2.6760975860220366
2229.0 1.873397733635238
2229.5 1.381656887349322
2230.0 1.0579735302746125
2230.5 1.804513569758608
2231.0 3.014061781874192
2231.5 1.5424768133670437
2232.0 1.4113727009410728
2232.5 0.2
2233.0 1.3185728246394826
2233.5 1.2084156317327013
2234.0 2.606223720564594
2234.5 1.1680559150412388
2235.0 0.5552705324923155
2235.5 1.8027559608857737
2236.0 1.6671175266292728
2236.5 3.4781197070887844
2237.0 3.7135940523496194
2237.5 2.813157276821024
2238.0 0.23060056720690936
2238.5 1.3390064137486135
2239.0 1.52580027137131
2239.5 0.9430410507607432
2240.0 1.9899719120037167
2240.5 1.4809347767173844
2241.0 1.1124469963962245
2241.5 2.7457937668895234
2242.0 2.8614383620057797
2242.5 1.0218328703463788
2243.0 2.5796073694157595
2243.5 2.2726548746598048
2244.0 0.8738252032780969
2244.5 2.8958254804443553
2245.0 0.6371104266368064
2245.5 2.117693186471677
2246.0 2.4309140581193915
2246.5 1.909215044036562
2247.0 2.7563990372234946
2247.5 1.586289914835037
2248.0 2.653443553736508
2248.5 2.1966471689835445
2249.0 2.205896712590458
2249.5 1.2607785799012308
2250.0 2.3898425068554667
2250.5 1.2660519361373757
2251.0 2.0182164985812174
2251.5 2.3470902115656944
2252.0 1.3589639516476315
2252.5 2.557333603401748
2253.0 1.0633486450130119
2253.5 0.9484037369070881
2254.0 0.5726440248190166
2254.5 2.002681418168161
2255.0 1.1045152540743322
2255.5 1.116050319207146
2256.0 1.1279980367305023
2256.5 0.9645861755602947
2257.0 1.5682658250405028
2257.5 1.6157724668794975
2258.0 2.2531117753240677
2258.5 0.9315326649362609
2259.0 1.9310792050754697
2259.5 1.2931545112581921
2260.0 1.0938946849021536
2260.5 1.2322213025741529
2261.0 1.5063055301984498
2261.5 1.2043880334591759
2262.0 1.1158815855872661
2262.5 1.767538217138579
2263.0 0.5757891453950411
2263.5 1.7992426043046013
2264.0 0.8644276091922574
2264.5 1.2804338047572124
2265.0 1.9738029054428319
2265.5 1.557843414892602
2266.0 0.8120839926676623
2266.5 1.4957193214790552
2267.0 1.6239037153667564
2267.5 1.665357522741012
2268.0 1.8616178826164331
2268.5 0.40756095062352915
2269.0 1.195392087466432
2269.5 1.2146798282132492
2270.0 1.7294922237667643
2270.5 1.9146394410531757
2271.0 1.743233612361599
2271.5 1.4979872181122482
2272.0 1.274852443679995
2272.5 1.3093062011364605
2273.0 1.0794254641867682
2273.5 1.1673600435818665
2274.0 1.908096192686259
2274.5 1.315132610871993
2275.0 1.043358253627944
2275.5 1.3113836480787593
2276.0 1.3217432898604564
2276.5 1.8597299764477226
2277.0 2.036095857933034
2277.5 1.7079339587990816
2278.0 2.2452697643115833
2278.5 1.1533175158010176
2279.0 1.4664718374739407
2279.5 2.191791010824208
2280.0 1.5395570512443917
2280.5 1.2953116558867297
2281.0 1.0985115673472632
2281.5 1.7699230376243396
2282.0 2.094632468965365
2282.5 2.270560154455601
2283.0 1.3662792373613302
2283.5 2.0012062018585706
2284.0 1.4425066890619371
2284.5 2.288207036296929
2285.0 4.235263423568227
2285.5 2.2565464549487624
2286.0 1.0794196617433236
2286.5 2.1118997632473997
2287.0 1.0529338158837676
2287.5 3.252079967725699
2288.0 1.3319927931958238
2288.5 1.4859817674319846
2289.0 1.7734503541578155
2289.5 1.9540691839466682
2290.0 0.29025047623844236
2290.5 1.1143235137191887
2291.0 2.4054129434857536
2291.5 1.9745406874646694
2292.0 0.6854681808416834
2292.5 1.0582063244411608
2293.0 0.8803465571180238
2293.5 0.8682588967251125
2294.0 0.739336892338019
2294.5 1.1859893641994974
2295.0 1.2087556383400917
2295.5 0.7387387740304667
2296.0 2.0655304868215287
2296.5 0.7112163665273923
2297.0 1.9358788680634167
2297.5 2.4327968851225235
2298.0 1.6882277179204646
2298.5 2.3929384715457993
2299.0 2.3407204231018204
2299.5 2.0535921862794226
2300.0 0.8365101406518731
2300.5 2.5007609980201275
2301.0 2.376719094666453
2301.5 1.0577550349342122
2302.0 1.7629897139474981
2302.5 3.6820606316975
2303.0 1.3021527779071596
2303.5 0.7641492197409121
2304.0 0.996869066251104
2304.5 0.8422957825853961
2305.0 0.7969543177685732
2305.5 1.087387659139808
2306.0 1.0763130016704832
2306.5 0.36390842860397465
2307.0 0.8269149563479856
2307.5 0.5122150617379065
2308.0 0.7228365153709634
2308.5 1.1998470397843883
2309.0 1.0395406688841389
2309.5 0.7804956082271247
2310.0 0.932974670316134
2310.5 1.036509423641081
2311.0 0.7766109124343796
2311.5 1.214258871325357
2312.0 1.320096552164863
2312.5 0.8179731528464371
2313.0 0.6583090585432871
2313.5 0.5855359004003269
2314.0 0.790165656956386
2314.5 0.927576954715669
2315.0 0.6756136443120758
2315.5 0.8442910104486676
2316.0 0.9068252266177513
2316.5 0.5914542194027639
2317.0 0.5581598695923552
2317.5 1.005105888934187
2318.0 1.082669115478121
2318.5 1.0907169970670578
2319.0 2.003787166736177
2319.5 1.517404438679274
2320.0 1.4931137294348207
2320.5 2.682417449357327
2321.0 1.466610671412262
2321.5 2.66671107637503
2322.0 2.834021616601035
2322.5 2.5196610749866553
2323.0 2.8819166878591735
2323.5 0.5193467306285011
2324.0 2.907017101016632
2324.5 3.1579041853081744
2325.0 3.1494365419959127
2325.5 1.9500903952169728
2326.0 1.6076174950327258
2326.5 1.8594036072695124
2327.0 1.1159144378539128
2327.5 1.2907154500622184
2328.0 1.3079110001839696
2328.5 0.6124777739540589
2329.0 1.3802330453726672
2329.5 1.5171753731716175
2330.0 1.2202987272445216
2330.5 2.012007085950816
2331.0 2.1104691502362085
2331.5 0.7850652563219914
2332.0 0.6092092596404483
2332.5 0.4494054300958106
2333.0 0.7786578539913319
2333.5 0.7483737442099527
2334.0 0.2
2334.5 1.8911060909549864
2335.0 2.914598666111484
2335.5 1.6116467194472275
2336.0 1.7740999212358672
2336.5 1.2827646181205266
2337.0 2.6828621636931222
2337.5 1.3553168934150257
2338.0 1.6089147380500493
2338.5 1.1706181228262809
2339.0 2.7069748636675017
2339.5 2.890838120537368
2340.0 0.655753731982688
2340.5 0.8652187500826167
2341.0 1.349927723884354
2341.5 1.4881370698659078
2342.0 1.4581532754213686
2342.5 2.5382104050240684
2343.0 0.3591021810378876
2343.5 2.6275524384017572
2344.0 2.2435481024995876
2344.5 1.937191879803209
2345.0 1.5485823948981452
2345.5 2.486984420566779
2346.0 1.457899893244754
2346.5 3.429272815240365
2347.0 2.8643363659242054
2347.5 2.0991023613501887
2348.0 2.456073668996809
2348.5 3.6028737790262717
2349.0 1.6420312191922244
2349.5 1.6082388150780482
2350.0 2.085569147058487
2350.5 2.9625042890667705
2351.0 0.8949475389888815
2351.5 2.0007598396272703
2352.0 3.183908228886578
2352.5 2.439424795503852
2353.0 1.457300438458185
2353.5 1.5792762845957955
2354.0 1.642808187958217
2354.5 1.5119856473259707
2355.0 2.3462975488114
2355.5 2.345091770078504
2356.0 2.5587177220132484
2356.5 2.092454715099257
2357.0 1.7646332669581497
2357.5 2.4245692876562233
2358.0 1.7136536659555055
2358.5 2.448991827970132
2359.0 2.1136510794885077
2359.5 1.80349946048761
2360.0 2.518889777142616
2360.5 2.9510224273114227
2361.0 1.4595999157217283
2361.5 1.7057655649913332
2362.0 1.9125849635297694
2362.5 3.0037552470337445
2363.0 1.9426423001129758
2363.5 0.5550376024242891
2364.0 2.189916767716409
2364.5 2.2242219107553685
2365.0 0.8856691667461605
2365.5 3.253999832577388
2366.0 1.6008288687955743
2366.5 2.377636286548962
2367.0 1.8101419428127792
2367.5 0.659831383256462
2368.0 2.351239170474889
2368.5 2.3733168632566546
2369.0 3.2624180454865925
2369.5 1.7215974074902178
2370.0 2.4337305830159783
2370.5 2.1980916134136628
2371.0 2.71733397005558
2371.5 3.8608822404348917
2372.0 3.4898104727026045
2372.5 1.3505782415508305
2373.0 1.6218542108346776
2373.5 0.838298406746883
2374.0 2.0265115834356946
2374.5 1.8769891784644421
2375.0 1.6055597186224473
2375.5 1.3278099287935223
2376.0 1.6708772704040342
2376.5 1.5888508851926932
2377.0 1.2391988085335546
2377.5 1.6425480124343523
2378.0 1.3324155521176486
2378.5 2.2189075144169905
2379.0 2.0958970577943035
2379.5 1.3808777761305533
2380.0 1.9337680906670043
2380.5 2.6902062093528407
2381.0 1.4151436261810715
2381.5 0.8858856708597345
2382.0 1.0222795189606508
2382.5 2.4608142583598447
2383.0 1.7786183658896648
2383.5 1.9905917166599574
2384.0 1.522885409237958
2384.5 1.9942369230928192
2385.0 2.0310287941807434
2385.5 2.0519956000162045
2386.0 0.796441542935176
2386.5 0.9501928791644189
2387.0 2.118174943441076
2387.5 1.5556941290145967
2388.0 0.6015408852027735
2388.5 1.9101926338440356
2389.0 2.5978345469302333
2389.5 2.211599454051049
2390.0 1.5958277964787164
2390.5 2.494367978499066
2391.0 0.6056481826161935
2391.5 1.01532959826753
2392.0 2.3029310853966916
2392.5 3.011048115828363
2393.0 1.6963196338342597
2393.5 1.6531063526308247
2394.0 2.2855545947763085
2394.5 1.9644566340529899
2395.0 1.3886311518772294
2395.5 1.2748275946130039
2396.0 1.8432018963097638
2396.5 1.2240374955493332
2397.0 1.9535657670595432
2397.5 1.4784774653296882
2398.0 1.7276791883254665
2398.5 2.4983096217812584
2399.0 1.7656651900547358
2399.5 2.34524551429376