900.0 3.314785255171173
900.5 2.17121450388897
901.0 2.86538137161879
901.5 3.5064545761885424
902.0 2.1744891272434135
902.5 1.426520321681204
903.0 2.9306147518902605
903.5 0.225800173487277
904.0 1.98398310681377
904.5 2.655461958306699
905.0 1.5408182372563388
905.5 2.364540205816773
906.0 2.2422718350033892
906.5 2.698476902348704
907.0 1.266099117824378
907.5 1.4841197940700401
908.0 0.9615189813066596
908.5 2.171335664645527
909.0 0.2
909.5 1.1107212443035654
910.0 1.101686701335981
910.5 0.9376848360050791
911.0 1.5121709048481224
911.5 1.084707157308639
912.0 0.9280374284665415
912.5 1.0447689526252593
913.0 1.0336191082200554
913.5 0.9480863226283976
914.0 1.1753047561196657
914.5 1.3103994620326553
915.0 1.2043293614512391
915.5 0.7696412608135288
916.0 1.073333195484303
916.5 0.7058270783892373
917.0 1.2029882070911724
917.5 1.3590993231218067
918.0 1.1433920118045653
918.5 1.0227889605908849
919.0 1.2126917918449887
919.5 0.8933060839485155
920.0 3.4094769204475672
920.5 2.97323279476258
921.0 0.8673417123392484
921.5 1.7892479460159367
922.0 1.1876959080675817
922.5 0.3730558036989875
923.0 2.756798975153676
923.5 1.2667582970938325
924.0 0.6382038558570966
924.5 0.8633668410492861
925.0 1.1781861269929577
925.5 1.1351071694650852
926.0 0.8237553754288959
926.5 1.0200949982076861
927.0 0.3915056802929663
927.5 0.560117221962313
928.0 0.8403218551418598
928.5 1.1404170800785294
929.0 0.7488352301170321
929.5 0.6405351765908905
930.0 1.0674764214340482
930.5 0.765243206376006
931.0 0.9928626472063353
931.5 1.2298263609661317
932.0 0.9273712186534195
932.5 0.8680392423434429
933.0 0.8104338318105295
933.5 0.795348462954745
934.0 1.0329364879608764
934.5 0.6221596979029859
935.0 1.6828222125571803
935.5 1.114592103647189
936.0 0.701449675046597
936.5 1.0754797200605686
937.0 0.8276908781527966
937.5 0.39462861667194127
938.0 1.1545649523537864
938.5 1.7301934366884653
939.0 0.8193198989145138
939.5 1.3959111956160646
940.0 2.4805625687831734
940.5 2.8050409770523883
941.0 2.736589395654576
941.5 1.722596061819861
942.0 3.7477141671906287
942.5 1.916341714192791
943.0 1.3008671100910327
943.5 1.8033957034359016
944.0 2.945391579296601
944.5 2.7537784464485067
945.0 2.511767543869926
945.5 0.6148888083340001
946.0 3.8030228986088295
946.5 2.72998067513122
947.0 1.9795851843397587
947.5 0.9002260302314176
948.0 2.542435967872292
948.5 0.8732508486076138
949.0 1.743708979596817
949.5 2.588622633354542
950.0 2.599683563382494
950.5 0.2
951.0 2.9868485419456006
951.5 2.9854425407220884
952.0 1.4856065753951928
952.5 0.9478332932690694
953.0 0.7386448511639374
953.5 0.8940226337311553
954.0 1.0313461276502434
954.5 1.8540096392744907
955.0 2.707653615244402
955.5 1.4118769442973824
956.0 1.4574259619303096
956.5 1.9080114458615998
957.0 2.136875906008811
957.5 2.5559801420037065
958.0 2.8835768819673784
958.5 1.9006068739890667
959.0 2.819501236838481
959.5 2.682735269402083
960.0 2.0341959866637547
960.5 1.0494673951537075
961.0 1.6604280797475655
961.5 1.9289915909489204
962.0 0.8710088221451663
962.5 1.4139525913233968
963.0 0.9903924796540201
963.5 1.7454402431277463
964.0 1.1808864449313552
964.5 2.1615282280178683
965.0 1.7231779877726308
965.5 1.3771293510201827
966.0 2.0917357855705596
966.5 0.47693167449114227
967.0 0.6643743488907596
967.5 1.340456081034822
968.0 0.9039317359753698
968.5 1.3815207236084852
969.0 1.408076615632026
969.5 1.2569062570635734
970.0 1.681094854210778
970.5 2.1675350053407607
971.0 1.1580568968131195
971.5 2.1866648403760416
972.0 1.0800688769577127
972.5 1.9959970487279977
973.0 0.8793424159974155
973.5 1.7120905780032836
974.0 1.835574800217758
974.5 1.6473538752616956
975.0 1.80800197294707
975.5 1.4664316197802276
976.0 1.3790658772194613
976.5 1.0845817937699178
977.0 2.9640707080764788
977.5 1.7369393868162275
978.0 1.672346220064781
978.5 0.3189112562761822
979.0 1.554687374826213
979.5 0.7383576795948574
980.0 1.4361923556586353
980.5 2.022255838871462
981.0 1.197170611810439
981.5 1.5239206052033976
982.0 3.181223167113235
982.5 1.5647647615220794
983.0 1.1974090391761611
983.5 0.8626542676393857
984.0 0.7077320998153268
984.5 0.888467268856507
985.0 1.1078662353528528
985.5 0.6839495529753112
986.0 0.29278196778763454
986.5 0.7271507112397679
987.0 0.9873725787267348
987.5 1.168003863902308
988.0 1.306747023956706
988.5 1.6161354569432143
989.0 2.7277279879179215
989.5 2.490611218080324
990.0 2.512541793303125
990.5 3.926646312659293
991.0 2.3688287242115678
991.5 2.5528437797895482
992.0 1.9151074595567197
992.5 0.8614933639901585
993.0 1.5400219457506117
993.5 3.3737850269268925
994.0 2.3977442260918878
994.5 1.54277766485759
995.0 3.591134767193
995.5 2.648129182799165
996.0 2.8397541969699946
996.5 2.106517745340178
997.0 3.05791684316108
997.5 2.109572683342757
998.0 1.1596458831355758
998.5 2.152727050630951
999.0 2.3736236781745683
999.5 3.6163841974942326
1000.0 2.416000852321023
1000.5 3.7165579212739224
1001.0 0.2
1001.5 3.1267823879170917
1002.0 2.1595927248444244
1002.5 1.6758784228228634
1003.0 1.3561067558370135
1003.5 2.2430235785487045
1004.0 2.3420118728740453
1004.5 2.159800517835823
1005.0 3.279777646669549
1005.5 1.2271410925528874
1006.0 2.9613571519234307
1006.5 2.3961024626343574
1007.0 3.048487836919382
1007.5 2.880219690955019
1008.0 2.5710142643242806
1008.5 2.4250256323915025
1009.0 2.712243593863665
1009.5 3.5843515294184174
1010.0 2.9178184482178704
1010.5 1.6821097934428175
1011.0 1.430499661434685
1011.5 1.407544308260333
1012.0 2.138753213555157
1012.5 2.8538846661387773
1013.0 1.92318694741417
1013.5 1.796237428473793
1014.0 0.9492116509525143
1014.5 1.3781331336349458
1015.0 0.91082925398946
1015.5 0.9140434191190566
1016.0 0.5604425666127195
1016.5 0.8543931068037036
1017.0 0.7559936988230814
1017.5 0.7291379523503493
1018.0 0.961265499854321
1018.5 0.6536007974843399
1019.0 1.0387561572923185
1019.5 2.5700595822752255
1020.0 3.989516845101164
1020.5 2.2594994483219493
1021.0 3.0285689690265905
1021.5 3.0800119244947646
1022.0 1.3039533929959448
1022.5 2.9916795753443717
1023.0 2.320082555507523
1023.5 2.257176162611373
1024.0 0.8291864930712796
1024.5 1.5103732800203886
1025.0 1.1545159376777119
1025.5 0.5123758176559183
1026.0 1.2412875297213795
1026.5 1.477412620789108
1027.0 1.4011460367101811
1027.5 0.7340590869096978
1028.0 1.3741209740911444
1028.5 0.9692032242088173
1029.0 1.2752468339830223
1029.5 1.5294265091905563
1030.0 1.3843809766250037
1030.5 1.0010527309219244
1031.0 0.6967789000291476
1031.5 1.5580278144083217
1032.0 1.8139107477982446
1032.5 1.6689656698463702
1033.0 1.4851695968548406
1033.5 2.1085604335836052
1034.0 1.3693762115782255
1034.5 1.1235722441575284
1035.0 0.930831426409451
1035.5 1.0117948435294384
1036.0 1.0677927223212254
1036.5 1.4443210782385223
1037.0 1.1862960835741072
1037.5 1.339967488183961
1038.0 1.6738543706592997
1038.5 1.0325084927670554
1039.0 1.0019646842956835
1039.5 0.9653616385414772
1040.0 1.7692079591937047
1040.5 1.2347933450782314
1041.0 1.6019259813352813
1041.5 1.7237109781457023
1042.0 2.720163986457929
1042.5 1.160700914067601
1043.0 2.118664888584541
1043.5 1.7080342320443114
1044.0 1.9312326120768235
1044.5 1.610050784544033
1045.0 1.3923510727015684
1045.5 1.7732965982311124
1046.0 1.1448575965047274
1046.5 1.2249741599264083
1047.0 0.7556233625014269
1047.5 1.7094520670645434
1048.0 1.8586605136882637
1048.5 0.7693442765596715
1049.0 1.5381334638019442
1049.5 0.7887630986102039
1050.0 1.2810705922256593
1050.5 0.8314653319053171
1051.0 1.0913316204108792
1051.5 1.8614007499149043
1052.0 1.4322704954979206
1052.5 0.9912954108494711
1053.0 0.9844219846569218
1053.5 1.183737078327969
1054.0 0.9767376916409045
1054.5 1.0827647107106397
1055.0 1.7987340099167919
1055.5 0.8509977618145117
1056.0 2.016155382410406
1056.5 1.8164238572962272
1057.0 1.1677191304729893
1057.5 2.333794518312789
1058.0 1.5727306061862119
1058.5 1.4042267263767703
1059.0 2.0835718852918292
1059.5 0.23423764112610046
1060.0 1.6263587774732426
1060.5 1.0608712416826498
1061.0 0.8089503391472472
1061.5 1.6791368531325777
1062.0 0.7575362632881203
1062.5 2.028278676204309
1063.0 1.0612639423263606
1063.5 1.4188086905353825
1064.0 1.677289865324045
1064.5 0.6642809589815448
1065.0 1.235105662040821
1065.5 0.875266726588948
1066.0 1.1088549143171587
1066.5 1.566721208654747
1067.0 0.7946248987416726
1067.5 1.8062813080126363
1068.0 1.3943648270668705
1068.5 3.6384739926079748
1069.0 1.5625754456544874
1069.5 1.6022306156294577
1070.0 3.0879786969441616
1070.5 3.0065758806140384
1071.0 2.0434109502106907
1071.5 2.31306960302753
1072.0 1.5001455949205378
1072.5 0.3315428788011656
1073.0 0.6399467001048431
1073.5 0.7156840360750725
1074.0 1.0480573385315148
1074.5 0.896691032823502
1075.0 1.1169240580153046
1075.5 1.4452648617544777
1076.0 0.979087864838243
1076.5 0.7202929085765521
1077.0 2.103922440340382
1077.5 2.6792259445015487
1078.0 1.483772905011937
1078.5 3.1602315321240133
1079.0 2.4612772451859963
1079.5 1.837934395165714
1080.0 4.287673123961278
1080.5 0.349300935290354
1081.0 3.5511700410093106
1081.5 2.2446821529262664
1082.0 2.1403628611580983
1082.5 0.9139690757314282
1083.0 0.858167642975902
1083.5 1.0860457682961173
1084.0 1.0839670429001154
1084.5 0.8968351866562607
1085.0 1.1280884899731416
1085.5 0.8971897732649475
1086.0 3.4030789127547303
1086.5 2.023249427104068
1087.0 1.6032094495761449
1087.5 1.0606175283952566
1088.0 2.738079611886189
1088.5 2.222747974134012
1089.0 1.4181370090167469
1089.5 0.30132363716698896
1090.0 2.2613010214053406
1090.5 4.400381987937582
1091.0 3.6531727899716175
1091.5 1.7564318171027307
1092.0 2.5905802932861244
1092.5 1.9227796462953837
1093.0 3.214633986361893
1093.5 2.3755470751732966
1094.0 2.1511029287434833
1094.5 3.421773017714353
1095.0 1.2968017128944123
1095.5 2.9747809711358935
1096.0 2.4401498303657427
1096.5 2.1637572148855453
1097.0 2.4765391697633032
1097.5 2.1056426048590966
1098.0 1.4531022314301114
1098.5 0.9157183396194868
1099.0 1.8230485463488328
1099.5 1.9752691105540618
1100.0 1.3890399140834009
1100.5 1.4607639890318946
1101.0 1.2890792321859186
1101.5 2.017829908955843
1102.0 1.5643161431615042
1102.5 0.48978484609460304
1103.0 2.1217602849668418
1103.5 1.5415758358104763
1104.0 1.9119746946436575
1104.5 1.703480549699456
1105.0 0.844142016974317
1105.5 2.309765062552911
1106.0 0.9154077899084643
1106.5 0.866987808671571
1107.0 0.6007759914206853
1107.5 0.9365100388104407
1108.0 0.8382747087642959
1108.5 0.8568204239684759
1109.0 0.6632749918121182
1109.5 1.3998405251538157
1110.0 0.8900123930732137
1110.5 0.5543379026285906
1111.0 0.9607706381096714
1111.5 1.3037567765662086
1112.0 0.8392750522068446
1112.5 0.8091652522406452
1113.0 0.8213235371772485
1113.5 0.8196807441170454
1114.0 0.7672278401504977
1114.5 1.0074825531754898
1115.0 0.9850496405692547
1115.5 1.5161286499663698
1116.0 1.6351371671713457
1116.5 1.9408398971646417
1117.0 0.8372810125103171
1117.5 1.6802878505837426
1118.0 2.2183281169474736
1118.5 1.9903251088270104
1119.0 1.078954072220676
1119.5 2.354155756272255
1120.0 1.8183467422371846
1120.5 1.408696517148748
1121.0 2.3146568441220667
1121.5 1.9611429640951756
1122.0 1.3522401976994
1122.5 0.2
1123.0 1.5248052646475672
1123.5 1.1081725453256812
1124.0 2.0074810532567984
1124.5 3.08196873343101
1125.0 1.743211048668242
1125.5 1.9300632136790195
1126.0 1.566673272251305
1126.5 1.273451351371443
1127.0 1.502087680266352
1127.5 1.6484238478313464
1128.0 2.0433188017194754
1128.5 1.0426837171986176
1129.0 1.1391398404294892
1129.5 1.6818516414534754
1130.0 1.9960615594477433
1130.5 2.7185979231454
1131.0 2.422278909757974
1131.5 0.2
1132.0 1.4048429352136136
1132.5 1.1688872159754324
1133.0 1.3191746856616406
1133.5 1.9667108739576533
1134.0 1.9573130689279827
1134.5 2.0524534382482607
1135.0 2.1845637465859555
1135.5 2.978929989629369
1136.0 2.5069641611121085
1136.5 1.2781657906962172
1137.0 1.718429237339102
1137.5 1.2146093379479685
1138.0 1.883054774324384
1138.5 1.4554549123156857
1139.0 2.502468533739533
1139.5 3.049240013203442
1140.0 1.095967279300743
1140.5 1.0460586413569453
1141.0 1.7371646030228354
1141.5 1.0234261942453566
1142.0 1.5446652663861264
1142.5 2.712226341785925
1143.0 2.491400710173754
1143.5 2.0334457680928577
1144.0 1.7670598414389853
1144.5 1.334047303257964
1145.0 1.5989700598836403
1145.5 2.2452835893065477
1146.0 1.4523817078098729
1146.5 1.251325676809562
1147.0 1.487179219909488
1147.5 1.043335499514796
1148.0 0.5305812333516375
1148.5 1.6906683485298906
1149.0 2.2366648943065135
1149.5 2.640304003998108
1150.0 0.7961386625580259
1150.5 2.48185962079721
1151.0 0.8491519998328348
1151.5 0.8258277510359683
1152.0 0.7585217391165426
1152.5 0.7556837688205382
1153.0 0.8597033951306092
1153.5 0.678735574325509
1154.0 0.8057815042611067
1154.5 0.6486568022539088
1155.0 0.793299362800602
1155.5 0.7378211715522061
1156.0 1.7635832812615397
1156.5 1.851127874500192
1157.0 1.4636713620702149
1157.5 0.7373526699137715
1158.0 1.0171578031711026
1158.5 1.5594919534947862
1159.0 1.2154358342146074
1159.5 1.319783300939136
1160.0 1.7113319756841665
1160.5 1.5313456457454115
1161.0 1.0226393120299373
1161.5 1.0121366139544357
1162.0 1.7259665575771126
1162.5 1.420276652415251
1163.0 1.3417679527476225
1163.5 1.1149853850349705
1164.0 1.5241137848448116
1164.5 1.0195622967461218
1165.0 1.9217316308054893
1165.5 0.7618295527210159
1166.0 1.326031713681906
1166.5 1.6674118841458119
1167.0 1.415188602529492
1167.5 0.9156507186974514
1168.0 2.6145529067239606
1168.5 1.6444151700354832
1169.0 1.732320145501808
1169.5 3.016802343408856
1170.0 2.705964638248906
1170.5 2.8015141186162102
1171.0 0.6829347771374887
1171.5 0.5472263747281407
1172.0 2.0524317681236672
1172.5 0.9805477796771986
1173.0 1.949043606705236
1173.5 2.087290372374992
1174.0 2.1889701312839183
1174.5 2.278198455283989
1175.0 2.2684236111601805
1175.5 0.549500645062132
1176.0 1.9763529617563922
1176.5 1.838637654121947
1177.0 1.699595262952769
1177.5 2.3076722642801917
1178.0 0.5579956791686078
1178.5 2.075483081631439
1179.0 1.486536467447636
1179.5 2.166681569726497
1180.0 1.6156243360344735
1180.5 1.2274348065643148
1181.0 1.2624582566616238
1181.5 2.622108965093613
1182.0 2.4754118510172862
1182.5 1.4960932254057342
1183.0 2.7963760005962595
1183.5 1.3563465368747403
1184.0 1.6707722783587697
1184.5 1.7410239788687782
1185.0 2.2197720613828658
1185.5 1.330655877229842
1186.0 0.8465801531985001
1186.5 2.546371395869464
1187.0 1.2246245732150802
1187.5 1.727466675801658
1188.0 1.2622722446938663
1188.5 1.5756322765697677
1189.0 0.32826640714806854
1189.5 2.675288704181215
1190.0 2.255341089740263
1190.5 2.0395117024357594
1191.0 1.5865696965608456
1191.5 0.9414987846270856
1192.0 0.2
1192.5 2.0514059747101228
1193.0 2.1307331986338314
1193.5 0.9356115058745724
1194.0 1.462970771314849
1194.5 2.188581708987164
1195.0 2.020806266325397
1195.5 1.694959947073527
1196.0 1.8503242404640567
1196.5 1.3795930683676705
1197.0 2.308832788153115
1197.5 1.4156041855942707
1198.0 2.595786544675543
1198.5 1.788707376218673
1199.0 2.7368381013573373
1199.5 3.1427284428663103