1500.0 1.8539105775516211
1500.5 1.7584130390922186
1501.0 1.6396656273096106
1501.5 1.5383753019949267
1502.0 2.3176842513030786
1502.5 2.53730579686823
1503.0 1.7800478150407544
1503.5 2.0156671603908034
1504.0 1.849320975674938
1504.5 3.1417548113152174
1505.0 2.635146578038339
1505.5 3.1252133316583444
1506.0 3.4049436672117124
1506.5 1.6947724750134159
1507.0 0.8347246428347858
1507.5 1.188671595821831
1508.0 1.1843181043706466
1508.5 0.8752339469210098
1509.0 1.0699934068867805
1509.5 2.047167688662382
1510.0 1.943994937875348
1510.5 2.9951597857519925
1511.0 0.20897210049617532
1511.5 2.2676686784790574
1512.0 1.9886445429198476
1512.5 0.8544018925707122
1513.0 2.7143092997051337
1513.5 1.8919000399430534
1514.0 2.4187093850700525
1514.5 2.095346758590537
1515.0 3.1078224523994247
1515.5 0.828624069948052
1516.0 0.8309869580111144
1516.5 2.465561859806182
1517.0 0.7601353897604697
1517.5 2.0816009236627866
1518.0 2.9523458047913387
1518.5 1.3260050940380492
1519.0 2.9391020538127153
1519.5 2.0323481796166236
1520.0 1.0161696035626235
1520.5 1.6110858482117827
1521.0 0.7541749843136152
1521.5 1.3883592406825465
1522.0 2.9704941186926224
1522.5 1.5422092683665976
1523.0 3.1881898536616564
1523.5 0.8499296473946283
1524.0 0.6952105470360755
1524.5 1.5790783459106272
1525.0 0.9977123113883767
1525.5 1.2953031507032449
1526.0 1.3950403452003355
1526.5 1.0009166716473863
1527.0 1.2306025786866686
1527.5 1.5864024942162536
1528.0 0.9719510865111357
1528.5 1.0088533026792739
1529.0 0.68505931415366
1529.5 0.9090486755210295
1530.0 0.7362627243433446
1530.5 0.9631828749968255
1531.0 0.7769259392256116
1531.5 0.8789169373066001
1532.0 0.9147584586506201
1532.5 1.9507005976966587
1533.0 1.0093362701108841
1533.5 1.4993726259710471
1534.0 0.9214924901775883
1534.5 1.7554081704734679
1535.0 1.4210389861206563
1535.5 1.2316944206461038
1536.0 1.033751728597813
1536.5 0.8703388987677686
1537.0 1.2545130522988006
1537.5 1.3935131339010314
1538.0 1.5060441519422507
1538.5 1.3462196513437195
1539.0 1.8138031613426542
1539.5 1.3078050096790994
1540.0 1.5581943836679193
1540.5 1.4443872858582831
1541.0 1.6899136069892349
1541.5 1.388271748203787
1542.0 1.593766156073604
1542.5 1.8227926555497802
1543.0 2.121566924651641
1543.5 2.072715831433019
1544.0 0.836513418543326
1544.5 1.3497632661939016
1545.0 1.2987020380170864
1545.5 1.3484385568065775
1546.0 1.0571151622848234
1546.5 0.8041257605386996
1547.0 0.6862343399580089
1547.5 1.9954478992986389
1548.0 1.0941012853957015
1548.5 1.4077796358243404
1549.0 0.9897621895099151
1549.5 1.586124459256256
1550.0 1.8170411191884057
1550.5 1.873065342527901
1551.0 1.4549753641738405
1551.5 2.5113713546277125
1552.0 2.9430276341173567
1552.5 2.0240415751979195
1553.0 1.0954759385136177
1553.5 1.1979956014952646
1554.0 0.6080273370960441
1554.5 2.7369672408865613
1555.0 1.2724538024609102
1555.5 1.009938220990375
1556.0 3.589268639128491
1556.5 2.1163209356372636
1557.0 1.7193469846805414
1557.5 0.4469403404068024
1558.0 2.155185542721603
1558.5 0.8186773593876471
1559.0 1.9656988458224007
1559.5 1.4825282001376272
1560.0 2.902933168712151
1560.5 0.888840148459259
1561.0 2.1198495128054615
1561.5 2.0398579560059473
1562.0 2.053413603777368
1562.5 3.1898262595706433
1563.0 1.9038185419333429
1563.5 2.182176325050475
1564.0 1.5109120947003607
1564.5 1.9400212922740667
1565.0 1.7925059133840322
1565.5 2.1356903266667744
1566.0 0.7191540714457341
1566.5 0.9708830455866889
1567.0 0.8257856681624941
1567.5 1.1546453217560917
1568.0 1.5797822292568886
1568.5 0.9895368400388689
1569.0 1.019646602827964
1569.5 1.1180103053379415
1570.0 1.300734913188907
1570.5 1.1887728961483435
1571.0 1.2823475895653609
1571.5 0.8682180532563702
1572.0 0.9807228511144988
1572.5 1.4855980303908474
1573.0 1.319241109596672
1573.5 0.8644501524064188
1574.0 1.4818556957142233
1574.5 1.0386678750733176
1575.0 1.1468835177569692
1575.5 1.231533152018958
1576.0 1.1420550686775015
1576.5 2.110309428149024
1577.0 1.176918857001223
1577.5 2.4199461024029176
1578.0 1.722981549709986
1578.5 0.33419084410384525
1579.0 1.0317919779234288
1579.5 1.3967051022839816
1580.0 2.202110804191237
1580.5 2.2943335233807334
1581.0 1.7058006223579008
1581.5 3.80438296246745
1582.0 1.2327336857083098
1582.5 1.2686307718243506
1583.0 3.355071674223092
1583.5 0.5579577034401673
1584.0 1.9894908005516112
1584.5 3.169383314196075
1585.0 2.580961860981822
1585.5 1.9669683224245165
1586.0 0.6550337705961462
1586.5 2.313381711977068
1587.0 1.494358478689874
1587.5 1.4849185713666908
1588.0 0.8537896193455491
1588.5 0.9821486433717143
1589.0 1.2605706399309629
1589.5 2.035252879357884
1590.0 2.568369213706509
1590.5 0.5923098955350894
1591.0 2.047274008433946
1591.5 1.3385706426852833
1592.0 1.796665805474491
1592.5 1.8320721841280299
1593.0 1.0654912810402117
1593.5 1.2702825916322928
1594.0 3.0546817803641604
1594.5 1.6561426792569
1595.0 2.263409447831221
1595.5 2.5231364369535365
1596.0 1.38836930764638
1596.5 1.4878648240717225
1597.0 2.5899823219212204
1597.5 2.6544763347318363
1598.0 2.4489915165834693
1598.5 2.6393485371039302
1599.0 2.3757275191731453
1599.5 3.073888426166731
1600.0 1.3737172163735054
1600.5 1.8168624281981158
1601.0 1.9908088174543188
1601.5 2.666458964162574
1602.0 1.6305281389420054
1602.5 1.0353974866052464
1603.0 1.7424258246013662
1603.5 1.4092775358967493
1604.0 1.9230243792926531
1604.5 2.1041032612275146
1605.0 2.9077444674049224
1605.5 1.7340586415562682
1606.0 1.231498641146977
1606.5 1.2869920733055176
1607.0 1.8321442770936731
1607.5 1.8730345680588683
1608.0 1.24263407464196
1608.5 0.9371536731480894
1609.0 1.5257115920551654
1609.5 0.6764875086691198
1610.0 1.7486465128709614
1610.5 1.9345917068594891
1611.0 1.2888702014836921
1611.5 1.9229470715093042
1612.0 2.0626854114763242
1612.5 0.9104481409421847
1613.0 1.1377774962080434
1613.5 1.0766138405972376
1614.0 1.2167807380335023
1614.5 0.9134797368553166
1615.0 1.4117510896049792
1615.5 1.7435192906394037
1616.0 0.9670292032568681
1616.5 1.0098788588912855
1617.0 1.1117157010786924
1617.5 1.9662243856195845
1618.0 1.2250516535274194
1618.5 1.9420165493343549
1619.0 0.7614632414339443
1619.5 1.3567313777999714
1620.0 1.82472525335198
1620.5 0.7901384679768563
1621.0 1.7520972128874273
1621.5 1.6305471541186507
1622.0 0.8250544371390365
1622.5 1.5366585518972904
1623.0 1.1351000793609043
1623.5 0.6598828073139671
1624.0 1.1609289125952595
1624.5 0.644119439961967
1625.0 1.1148143577798257
1625.5 1.6703172896578917
1626.0 0.895155655432797
1626.5 1.2082158789591253
1627.0 0.6357253437391055
1627.5 1.0390279221547019
1628.0 1.6819462731678654
1628.5 1.0860365725391703
1629.0 1.2045535256700397
1629.5 1.366747349402798
1630.0 1.565972548396574
1630.5 0.721737305477745
1631.0 0.7252291704593941
1631.5 0.8226619666202739
1632.0 0.6101853031718678
1632.5 0.8816376931796639
1633.0 0.635523444160728
1633.5 0.7899264507065256
1634.0 0.7033206265973113
1634.5 0.6070998691185139
1635.0 0.7075751313403638
1635.5 0.688150812983787
1636.0 0.6132700080516815
1636.5 0.6849685823777113
1637.0 0.5039205862818203
1637.5 0.745384075706053
1638.0 0.6879335514214764
1638.5 0.9319121074127068
1639.0 0.6236019254177503
1639.5 0.9176236898677432
1640.0 0.6125588157942584
1640.5 0.9119083922607212
1641.0 1.2982894449212286
1641.5 1.1762224584183318
1642.0 0.8921207646754559
1642.5 1.00008489938811
1643.0 0.390328864760326
1643.5 0.8169801846748883
1644.0 0.6318146629449537
1644.5 0.7230575747112951
1645.0 0.6322979401295126
1645.5 0.8665863470019479
1646.0 0.5981270599067496
1646.5 0.7390246004695122
1647.0 0.6853967849991334
1647.5 0.8002127350422159
1648.0 0.7235498443540807
1648.5 0.7055644351369064
1649.0 0.567699865000823
1649.5 0.5936949385530099
1650.0 0.597475322473628
1650.5 0.7357475399866207
1651.0 0.9583154767358106
1651.5 0.8730560800527125
1652.0 0.4827309025396896
1652.5 0.6426228987562732
1653.0 0.602159366270323
1653.5 2.52658775010301
1654.0 2.109712438069562
1654.5 2.072712324834199
1655.0 1.035863556209896
1655.5 0.8036818720022088
1656.0 1.2469147787099892
1656.5 1.433323813335933
1657.0 1.4051856193442125
1657.5 1.5077313283577622
1658.0 0.8617917049509713
1658.5 0.7271190809559245
1659.0 0.9165106350065387
1659.5 0.8416365448171993
1660.0 0.9131772134912728
1660.5 0.9540083304055655
1661.0 1.109803295539364
1661.5 0.8276451845614595
1662.0 1.0473316868186093
1662.5 0.7342069881297434
1663.0 1.4067875206808247
1663.5 0.9341327613543197
1664.0 1.1374694686010387
1664.5 0.6686789765178719
1665.0 0.8752305157721102
1665.5 1.0223915718522254
1666.0 1.0480756205884705
1666.5 0.9054800423326137
1667.0 0.9546231901675297
1667.5 1.461553319007622
1668.0 1.5682544468979671
1668.5 1.1063876564480173
1669.0 1.5789752240367085
1669.5 1.329425537972063
1670.0 0.951924173561726
1670.5 1.570131720261084
1671.0 1.6812542329780547
1671.5 1.810714699070433
1672.0 1.5151831149976855
1672.5 1.1658527548079867
1673.0 2.1166140544487475
1673.5 2.085638571416577
1674.0 0.9537722379364771
1674.5 1.163855905696674
1675.0 1.7968163288274126
1675.5 1.3293071464777506
1676.0 1.0637457234917111
1676.5 0.7216055416256182
1677.0 1.6710076153640943
1677.5 1.795451288228327
1678.0 2.124473336280163
1678.5 1.5900872546748583
1679.0 1.5887535345279462
1679.5 1.4353598354985315
1680.0 1.9598456296682918
1680.5 1.418453929934015
1681.0 1.8663039142837783
1681.5 2.047307201700997
1682.0 2.4133268193901816
1682.5 2.006800492489693
1683.0 1.399073792477285
1683.5 0.9108738627927283
1684.0 0.9912028714941833
1684.5 0.9287796724254186
1685.0 1.4713222235517478
1685.5 1.315657925719357
1686.0 1.2595707200038793
1686.5 1.5167367939501537
1687.0 2.341682497532335
1687.5 1.9947751506543214
1688.0 1.5777728124197394
1688.5 2.232868552608484
1689.0 0.30496613448482957
1689.5 1.564686493640609
1690.0 1.4595453718244025
1690.5 1.2519587043233866
1691.0 2.572274384567348
1691.5 1.3575772739903493
1692.0 3.222587481298536
1692.5 0.2
1693.0 1.2096223658168772
1693.5 1.8341001066946363
1694.0 3.129891291502052
1694.5 3.0730908550180067
1695.0 1.1698344066907143
1695.5 0.9052074405206015
1696.0 0.9924397199301046
1696.5 1.0270379320814993
1697.0 3.2865981505018276
1697.5 1.9184130750197044
1698.0 1.8416106021753669
1698.5 2.571132149095807
1699.0 2.530168255947454
1699.5 2.7190570223241046
1700.0 1.5288621320843723
1700.5 2.6162456165599917
1701.0 3.2009976332793775
1701.5 1.9814272464615943
1702.0 2.6326399072979365
1702.5 3.0792286081565052
1703.0 2.00795083196078
1703.5 2.323576268104275
1704.0 2.5738928521326176
1704.5 2.29599457644857
1705.0 3.221705979631844
1705.5 1.783253621417736
1706.0 2.1418719422282777
1706.5 1.1556559392995052
1707.0 2.8060835136063327
1707.5 2.0519702785004212
1708.0 1.785293569617418
1708.5 0.7753064593598757
1709.0 2.492338525024145
1709.5 1.5885917873909612
1710.0 1.3768780430210648
1710.5 1.1907697112033568
1711.0 0.7443595845016918
1711.5 1.7754603776324842
1712.0 0.7972843644709374
1712.5 1.5180421579149677
1713.0 0.8945029578207198
1713.5 1.7277559496883668
1714.0 1.1847346944702928
1714.5 2.034560573258994
1715.0 1.7321009091278035
1715.5 1.4649406855315334
1716.0 1.1240298206317056
1716.5 2.221917770359096
1717.0 2.5172628624997104
1717.5 1.0355097602194212
1718.0 1.39570579800706
1718.5 2.2891865053087477
1719.0 0.7263046770909313
1719.5 1.7768157605650128
1720.0 1.841900848380753
1720.5 2.1076679697060183
1721.0 2.4246539483356875
1721.5 2.550246919972999
1722.0 3.13441520149538
1722.5 3.499736956040571
1723.0 1.0884699488200085
1723.5 2.740374025654968
1724.0 1.6457123810214833
1724.5 2.6127134119472917
1725.0 2.288634259682114
1725.5 1.70828004016396
1726.0 2.2512537808288564
1726.5 1.1427379301633336
1727.0 2.634914949469814
1727.5 2.9358928974924865
1728.0 1.5401594820924278
1728.5 2.8285367481722563
1729.0 1.1732613747897513
1729.5 3.0752493810090744
1730.0 2.6316022282204954
1730.5 1.75368627508718
1731.0 2.5770155143499296
1731.5 1.457690274574408
1732.0 1.4298141864910012
1732.5 2.0174145689517573
1733.0 3.20685717367008
1733.5 1.733975454444261
1734.0 2.6714519785356954
1734.5 2.528338058020108
1735.0 2.32789153320979
1735.5 1.7913592833820746
1736.0 3.1265850153266745
1736.5 2.6961633494097805
1737.0 3.2933076633491623
1737.5 1.9537935812881218
1738.0 2.8009952014174457
1738.5 0.2
1739.0 2.224368647036724
1739.5 2.2803679795305913
1740.0 0.6998027597799295
1740.5 1.1268387515562623
1741.0 1.8735570990592085
1741.5 2.278044240854973
1742.0 1.427886878758926
1742.5 1.970532820104421
1743.0 1.4165008891041346
1743.5 1.2764575066530148
1744.0 0.5096772997728355
1744.5 1.1362746939575956
1745.0 1.5429630973171826
1745.5 1.3432372876493046
1746.0 0.8392785057454657
1746.5 0.9164832406529734
1747.0 1.070167321094524
1747.5 1.0622307089366598
1748.0 1.1136970953908925
1748.5 1.0616432940960756
1749.0 2.3101432547788114
1749.5 2.3362533001124524
1750.0 2.103811140590733
1750.5 3.2526749262652146
1751.0 2.176714731331003
1751.5 0.9721394295992741
1752.0 2.444280401347462
1752.5 1.5984634672628386
1753.0 1.4516227880689843
1753.5 1.1969240995601909
1754.0 0.7327843776734765
1754.5 1.4417067196109985
1755.0 1.4881548126066437
1755.5 1.5703105787052896
1756.0 1.2585365264241908
1756.5 1.5197265388931882
1757.0 1.7403935167381341
1757.5 1.1604398568099403
1758.0 1.6469656036535893
1758.5 2.0277709657116474
1759.0 0.40033448550237694
1759.5 1.362868011417738
1760.0 1.5075620513111385
1760.5 1.0023721625690842
1761.0 0.8993080686067916
1761.5 1.7920227175788233
1762.0 1.4335294685149067
1762.5 1.168856080814448
1763.0 0.8022639048695573
1763.5 0.6107814426324587
1764.0 1.046815471012792
1764.5 0.8843513180485635
1765.0 0.44535500014344037
1765.5 0.9552973166152401
1766.0 1.0401287175197322
1766.5 1.0146981541254663
1767.0 1.0734987521744854
1767.5 0.9173208785543646
1768.0 3.2353872303195432
1768.5 3.3552604417653162
1769.0 2.3116986685051346
1769.5 2.392693089339184
1770.0 2.660111129860158
1770.5 1.1557251755951108
1771.0 1.0724726627239218
1771.5 0.9709253292698135
1772.0 1.7815241698728361
1772.5 1.067982584246003
1773.0 1.4217054477353908
1773.5 1.2804357825456218
1774.0 1.3199770462310307
1774.5 1.672141641757703
1775.0 1.2291414467680877
1775.5 1.7923773507939726
1776.0 0.6192055580147671
1776.5 1.1840410911572956
1777.0 0.5670950422290535
1777.5 0.6987807028624392
1778.0 0.8529011172301981
1778.5 0.8138168685171487
1779.0 2.3420942084433096
1779.5 1.4907122576299827
1780.0 1.2204131862919487
1780.5 1.7305337438146209
1781.0 1.3010732055746705
1781.5 2.2913973836089268
1782.0 0.9862149321805488
1782.5 0.8449672217103871
1783.0 1.7444306354877415
1783.5 1.2251609144773563
1784.0 1.4075906566224416
1784.5 0.5273611258998716
1785.0 1.6989666836759802
1785.5 1.2351080378670651
1786.0 1.5672708741580912
1786.5 1.8952393921440298
1787.0 3.049175795654841
1787.5 1.1515528787956466
1788.0 2.138893769412898
1788.5 1.9964030097986278
1789.0 2.262488980173752
1789.5 2.1519126114006184
1790.0 1.6460463696551169
1790.5 2.012980707690505
1791.0 2.814043211094445
1791.5 1.3898064166795026
1792.0 1.6262506703523196
1792.5 2.5129866900709743
1793.0 2.10580352177529
1793.5 2.722474567964626
1794.0 2.425312928762029
1794.5 2.3104608307080055
1795.0 2.2875508569826315
1795.5 1.5547343687676873
1796.0 2.6326713745180257
1796.5 3.5891843438582525
1797.0 2.3242703908866567
1797.5 1.506199559645403
1798.0 3.8158311861306062
1798.5 2.2023637300591417
1799.0 3.0843895225638835
1799.5 2.737679324577331