1200.0 2.308528734453354
1200.5 0.8490307054830342
1201.0 2.436446170827576
1201.5 2.6646169357174347
1202.0 1.020134084812972
1202.5 1.347778544651955
1203.0 0.321306725202831
1203.5 2.6692001243378787
1204.0 3.183470715971917
1204.5 2.2318164334802284
1205.0 1.5579885092187897
1205.5 1.9324755793248976
1206.0 2.253587808054935
1206.5 3.451682872015918
1207.0 3.589124442718549
1207.5 3.133006523615079
1208.0 4.09328957291706
1208.5 2.067662517573237
1209.0 2.489496312800394
1209.5 2.5526700580609902
1210.0 1.4311873170328173
1210.5 1.80492057296773
1211.0 3.6363409045271293
1211.5 1.9386539266004192
1212.0 1.4845007973517426
1212.5 3.3747674616510914
1213.0 3.501769615110276
1213.5 1.5516835914998632
1214.0 3.7760504461087008
1214.5 1.2407645032372367
1215.0 1.5139003944635625
1215.5 1.0056858548887495
1216.0 1.0484984519543041
1216.5 1.6291880572167972
1217.0 0.8734655837661209
1217.5 1.686597207517947
1218.0 2.0435960910478874
1218.5 2.075731527665413
1219.0 2.247030257047587
1219.5 1.8363147156258504
1220.0 2.7970756562426073
1220.5 0.3813308163722644
1221.0 1.1012007320486208
1221.5 0.82202071916382
1222.0 1.0722373059108525
1222.5 0.8843098281541606
1223.0 1.1513356918974686
1223.5 0.7629322144292737
1224.0 1.03749203528327
1224.5 0.7602751545659062
1225.0 0.9426512956413323
1225.5 1.1747017862670202
1226.0 1.3468354744975972
1226.5 0.6449382563905852
1227.0 0.8126973621414821
1227.5 1.3601870086416379
1228.0 1.2899547746644862
1228.5 0.9161856676368981
1229.0 0.5161827259850417
1229.5 0.8195565671332308
1230.0 1.1692394652753562
1230.5 1.122467743768694
1231.0 0.7645048437383317
1231.5 1.3376710351408985
1232.0 2.513648584669625
1232.5 1.716398835475614
1233.0 2.6410977554168387
1233.5 1.833882936214529
1234.0 2.9968466376315313
1234.5 2.1071679526419036
1235.0 0.9220261720185132
1235.5 0.6959129324784397
1236.0 0.8421653763704038
1236.5 0.28523207832678776
1237.0 0.6864116303741437
1237.5 0.992113254378952
1238.0 0.7119629219360747
1238.5 1.6691096359655153
1239.0 2.380751737564613
1239.5 1.7934855216395782
1240.0 1.04917341780919
1240.5 2.365473101247794
1241.0 2.4586093358842263
1241.5 2.345645076881872
1242.0 2.4474488863930115
1242.5 1.6799897136307282
1243.0 2.209596135762347
1243.5 3.05125093145138
1244.0 2.340587891554877
1244.5 2.5613665042116454
1245.0 2.933225600772534
1245.5 3.180499291483043
1246.0 3.0607099695765694
1246.5 3.596271346358146
1247.0 2.295359350034812
1247.5 1.1348346496573027
1248.0 1.5575773764862495
1248.5 0.46287710651981184
1249.0 1.701123201299033
1249.5 1.2931969596605173
1250.0 0.8753332731904779
1250.5 1.3032025362926403
1251.0 1.6155703383602336
1251.5 1.3211105286710771
1252.0 1.2390471171807198
1252.5 1.1047317187067063
1253.0 1.435360203847688
1253.5 0.7373679097420132
1254.0 0.967095579680116
1254.5 0.7360759932892474
1255.0 1.4465588881605302
1255.5 1.6767714450737012
1256.0 0.978606990700899
1256.5 1.8891580812254742
1257.0 1.859310620026614
1257.5 1.477357335688595
1258.0 2.617003146834338
1258.5 2.5692472197695375
1259.0 1.6794510295343963
1259.5 1.3777833419999161
1260.0 2.2118087869739367
1260.5 2.5016097172403295
1261.0 3.436158632947675
1261.5 1.7867931367776282
1262.0 0.8679124667161078
1262.5 3.1152038407802642
1263.0 2.179603448439913
1263.5 3.733874019883122
1264.0 0.6496565288970837
1264.5 1.3922731154550463
1265.0 1.0648911936432772
1265.5 1.2763288151025214
1266.0 1.4380547397242918
1266.5 3.3747927234595734
1267.0 1.5313124507589213
1267.5 2.6787337684406785
1268.0 2.2610532503669547
1268.5 2.976097158097777
1269.0 1.4098490113563849
1269.5 1.6526562087029077
1270.0 0.989507198394375
1270.5 1.8318601911438834
1271.0 2.1001935178986395
1271.5 1.7114357171884458
1272.0 2.823851287439952
1272.5 1.546167718598076
1273.0 3.3374195368762036
1273.5 1.68678230256588
1274.0 0.8980237800751476
1274.5 2.6146055235343253
1275.0 2.988060402936129
1275.5 1.4142624484701387
1276.0 1.4024565810443217
1276.5 2.1935352477398866
1277.0 2.053556250615965
1277.5 2.4322233086507525
1278.0 2.6226913588180603
1278.5 0.2
1279.0 2.2218597434857768
1279.5 1.5668928354889515
1280.0 2.0653435163408425
1280.5 2.657422069825417
1281.0 1.761534430800348
1281.5 1.5392588280597483
1282.0 3.0221438303297026
1282.5 2.5665124944063167
1283.0 2.820758624341882
1283.5 0.9962957661628473
1284.0 1.7452896625278884
1284.5 3.668982667214209
1285.0 1.8510345242122157
1285.5 0.8256636347236419
1286.0 2.0003830672642944
1286.5 2.2267242564695917
1287.0 2.5721518288420087
1287.5 3.132961428365057
1288.0 0.5891527326049342
1288.5 2.6556832029083672
1289.0 1.6414780976485748
1289.5 1.8453693706295218
1290.0 0.9156449479347555
1290.5 4.8222920668246285
1291.0 2.3010306765920627
1291.5 2.8918864924016514
1292.0 2.369675923600343
1292.5 0.7144147563186812
1293.0 0.9746537916244027
1293.5 1.0852778611797147
1294.0 1.709118442943999
1294.5 1.7733692130847385
1295.0 1.6868501720265927
1295.5 0.6828547869007485
1296.0 0.9222245437343718
1296.5 1.5483430641734355
1297.0 1.4812861252783536
1297.5 1.6813248134508743
1298.0 0.726009074300449
1298.5 1.839541008876452
1299.0 1.4919463589029271
1299.5 1.407722953143684
1300.0 1.3735918482411842
1300.5 1.9619414057340443
1301.0 1.7679582816590893
1301.5 1.8269687249482285
1302.0 2.8573302267598777
1302.5 2.3271398893545867
1303.0 1.7658140416770691
1303.5 2.311091250411208
1304.0 3.4087045835415815
1304.5 3.5538452674345975
1305.0 2.270283873013537
1305.5 2.4199289786682634
1306.0 1.1612672427485058
1306.5 1.6792124618055553
1307.0 3.3655387715647382
1307.5 1.6106628444611428
1308.0 0.21471863849952744
1308.5 3.2662295923675595
1309.0 2.7385512682312187
1309.5 1.9409584502426034
1310.0 1.6790438086264485
1310.5 1.7539812068343505
1311.0 2.71865263669338
1311.5 2.654189788578811
1312.0 0.5633679295987575
1312.5 1.0499325096268393
1313.0 1.320955848607843
1313.5 1.674633639970489
1314.0 1.5178667885489507
1314.5 1.3733897316996084
1315.0 1.0053004065220996
1315.5 1.6598781105647205
1316.0 1.7166937599844538
1316.5 1.7913308810564361
1317.0 1.1937274531739799
1317.5 1.5550474630026527
1318.0 1.8526988742236032
1318.5 1.5097877149503733
1319.0 0.8284162712588929
1319.5 1.1191713266311774
1320.0 3.300538044538584
1320.5 1.4733387448439181
1321.0 2.7303628650180913
1321.5 2.2189537226301645
1322.0 3.2456835707842333
1322.5 3.1544693251335696
1323.0 2.3454498988397425
1323.5 1.6429834574797146
1324.0 2.4151058331874946
1324.5 1.2638889185181748
1325.0 3.8959989628306246
1325.5 0.8496881871421196
1326.0 2.5960660228184027
1326.5 1.8775792788475456
1327.0 2.7014452353330767
1327.5 2.9476292169208556
1328.0 1.221458365066423
1328.5 3.6030352237525936
1329.0 0.5681444478658437
1329.5 1.535987274410124
1330.0 2.356354931162073
1330.5 2.0056167516066
1331.0 1.9752263595699096
1331.5 0.2
1332.0 0.43388126217813183
1332.5 1.4847972169596515
1333.0 1.7034263236306808
1333.5 3.069217894945667
1334.0 1.0206989605189434
1334.5 2.349689111583006
1335.0 1.3221220538561098
1335.5 0.7484530430381411
1336.0 1.764177491678211
1336.5 2.287300785173673
1337.0 4.0123195991856315
1337.5 1.4519711864200557
1338.0 1.4157854367496614
1338.5 2.5759047657651353
1339.0 2.2271984034364163
1339.5 0.4536880020267253
1340.0 2.6400169040828843
1340.5 1.8542418563417562
1341.0 1.8569192023842074
1341.5 2.814541037410788
1342.0 0.2
1342.5 1.3562607348946043
1343.0 1.6287213857270644
1343.5 2.5125124070122364
1344.0 3.0266884332469455
1344.5 2.854063637037728
1345.0 1.9017259237314066
1345.5 0.5806737612131436
1346.0 1.258738749165188
1346.5 1.3874425848512564
1347.0 0.9678384229150996
1347.5 1.6715940778913092
1348.0 1.3102156843925588
1348.5 1.699083394737209
1349.0 1.2308084439313232
1349.5 1.283381092662012
1350.0 1.4549405804559497
1350.5 2.065947838513722
1351.0 0.375594508221616
1351.5 1.3583848363658755
1352.0 1.23653570727275
1352.5 1.6035565615210334
1353.0 1.4882137895261836
1353.5 0.9441759573008406
1354.0 1.606428022162591
1354.5 0.5542234794103259
1355.0 1.2685508899331688
1355.5 1.3333996147082787
1356.0 1.2944540818518828
1356.5 1.9376416464963127
1357.0 1.0052794434373697
1357.5 1.6714624024344893
1358.0 1.5545190000016715
1358.5 1.6720335755442823
1359.0 0.948960163466458
1359.5 2.202836530813082
1360.0 1.1972870451266642
1360.5 1.054242910477989
1361.0 1.295423623575819
1361.5 1.3370807875983337
1362.0 1.726183569372646
1362.5 1.5184907631072457
1363.0 0.8157922259277948
1363.5 1.1789373029141315
1364.0 1.3375150651025114
1364.5 3.179705288136047
1365.0 2.691048529167497
1365.5 2.194693882188608
1366.0 2.9214745538065863
1366.5 2.229786579158249
1367.0 1.4105329298637574
1367.5 1.5158133535419684
1368.0 2.078559188572212
1368.5 1.2353077858050945
1369.0 2.844243104242891
1369.5 3.330314851563158
1370.0 1.800404080455796
1370.5 1.4020652370110467
1371.0 1.4792124539225409
1371.5 1.0851013638795373
1372.0 1.2396624991897403
1372.5 0.8580150154162417
1373.0 0.5447477891918603
1373.5 1.6796951502512876
1374.0 1.403898900935687
1374.5 0.789845452901239
1375.0 0.4675580336582824
1375.5 0.654530785265248
1376.0 1.1117299745817184
1376.5 1.2481863853336896
1377.0 1.2746572253029282
1377.5 0.8399933941174746
1378.0 1.2163080337163632
1378.5 0.704385660422735
1379.0 0.7243421013403071
1379.5 0.898548035809973
1380.0 0.4088182840536927
1380.5 1.0231912932492007
1381.0 0.5216659189900326
1381.5 0.9661021692338178
1382.0 2.2799169003299515
1382.5 2.371392081157593
1383.0 2.0299078784147397
1383.5 1.9286105705306116
1384.0 1.4152370616712395
1384.5 2.6923703416582234
1385.0 0.5673401069407806
1385.5 3.3761633062627405
1386.0 1.703831446696984
1386.5 1.4175115564219969
1387.0 2.4356042981860186
1387.5 0.6968074606360795
1388.0 0.6062955573745545
1388.5 2.1195591068605433
1389.0 1.0208755377407992
1389.5 1.4510313013141458
1390.0 0.8544107627454948
1390.5 2.0937843849554403
1391.0 2.62494447054804
1391.5 1.3966907859727054
1392.0 1.3550872291896845
1392.5 1.774956332924682
1393.0 2.407026757790888
1393.5 2.14619912839965
1394.0 3.008845677027357
1394.5 3.565767860404332
1395.0 2.070404084358322
1395.5 1.9326334404398233
1396.0 2.133046494832172
1396.5 2.729832831076533
1397.0 1.1569822130123277
1397.5 0.7802627252141792
1398.0 2.2072471030466314
1398.5 1.9965374204770803
1399.0 1.2837375588578452
1399.5 1.7204182640982273
1400.0 1.4274593349456373
1400.5 2.3155053540940527
1401.0 2.555510631280283
1401.5 2.0083074317875216
1402.0 0.9644410604290657
1402.5 0.7615025899337746
1403.0 1.664464700582848
1403.5 2.242071861901449
1404.0 1.3115452317649783
1404.5 2.1734585447865373
1405.0 2.492280351192253
1405.5 1.6530532456680935
1406.0 1.5231700744611998
1406.5 1.8244359527920522
1407.0 1.6432642403066702
1407.5 1.936335992358378
1408.0 0.9745121975618217
1408.5 0.7608066006709902
1409.0 1.9814595954883503
1409.5 2.4850580536798272
1410.0 1.4026846143227765
1410.5 1.0611690032678438
1411.0 2.3164670566313497
1411.5 1.1293309647192995
1412.0 2.169845837056812
1412.5 2.0262265026768356
1413.0 1.8531692912442463
1413.5 1.919137779919272
1414.0 1.6306647915151693
1414.5 0.6932119817344935
1415.0 1.5189803595117501
1415.5 2.0028690623711025
1416.0 2.004874822998622
1416.5 0.8155111025488251
1417.0 1.8997123479210423
1417.5 2.1959836761278746
1418.0 1.7413863297794587
1418.5 1.3220078305372536
1419.0 2.3001424275976188
1419.5 0.9216375912834771
1420.0 1.5377766380939577
1420.5 0.4189315876999631
1421.0 1.4688201283740063
1421.5 1.7192056413216141
1422.0 2.0502026792562953
1422.5 1.730384237070083
1423.0 1.6825743373486863
1423.5 2.796989636396974
1424.0 2.900549830837564
1424.5 2.1407679077189226
1425.0 1.682311271609453
1425.5 2.9649057383482376
1426.0 2.387749705824336
1426.5 1.3753931310487153
1427.0 1.9137891620419853
1427.5 1.2569358929121046
1428.0 1.0783641220828137
1428.5 1.8412252836113256
1429.0 2.1026512627410603
1429.5 0.8482198236924595
1430.0 2.1770280169960445
1430.5 2.1629256324297814
1431.0 1.8054500370041613
1431.5 1.637830078836156
1432.0 2.627750127987187
1432.5 1.508183058181455
1433.0 0.3100601887115413
1433.5 2.046859629651162
1434.0 1.9633484362912583
1434.5 2.375101110882718
1435.0 2.9474010163660913
1435.5 0.48598573481436325
1436.0 0.2
1436.5 2.4747128425597698
1437.0 2.3517083112222403
1437.5 1.9843075517656863
1438.0 1.9708042278819486
1438.5 1.6292397436682071
1439.0 1.636901639859766
1439.5 2.18997591756063
1440.0 1.8224352567673696
1440.5 1.9092363764284188
1441.0 2.3597562804945955
1441.5 1.2367951930386012
1442.0 1.1080021013224437
1442.5 1.6772430759545904
1443.0 1.6043143480281266
1443.5 1.9439041776779076
1444.0 2.5383724576608877
1444.5 1.3592573614126064
1445.0 1.447315307573527
1445.5 0.7639841495298789
1446.0 1.2882698358317275
1446.5 1.2119454705563248
1447.0 1.0521545510639991
1447.5 1.0608359674226484
1448.0 0.7272989844573745
1448.5 1.3260640202187237
1449.0 0.9763111291648823
1449.5 1.3135054900588958
1450.0 1.2659205492724377
1450.5 0.8361670915425745
1451.0 1.1648544662837774
1451.5 0.7920985425743675
1452.0 0.8632255521894348
1452.5 1.3768971914521733
1453.0 1.6632631100810036
1453.5 0.8633955265131845
1454.0 1.46807338777769
1454.5 1.270665157346445
1455.0 1.102864085050116
1455.5 0.5386152165730518
1456.0 0.9452948870196627
1456.5 1.9619574063673126
1457.0 0.7667900079882006
1457.5 2.167684947140715
1458.0 2.121284599542694
1458.5 1.838738623594331
1459.0 2.7314734305441846
1459.5 1.2131079221583179
1460.0 0.8845261517769232
1460.5 1.5935366957359707
1461.0 1.7669027210797559
1461.5 1.6561886475286522
1462.0 2.2999099109746224
1462.5 1.6653224092466863
1463.0 1.8566871798024824
1463.5 1.4058621023665987
1464.0 1.9847135835745267
1464.5 2.1943070344503557
1465.0 2.5894184876050566
1465.5 2.072932357657879
1466.0 1.888758340546995
1466.5 2.541570832007261
1467.0 2.7635966900604982
1467.5 0.8677328907787731
1468.0 1.4966168714895227
1468.5 0.8286422471567478
1469.0 1.125321691190142
1469.5 0.9245298298646831
1470.0 2.627297461168332
1470.5 1.732793147123855
1471.0 0.4261170665713694
1471.5 1.609261621983968
1472.0 1.161401764596873
1472.5 2.494810552073756
1473.0 1.9605734625771085
1473.5 2.7198820546931444
1474.0 1.214087091273038
1474.5 2.9905714442142584
1475.0 1.601590273815965
1475.5 1.9439930274711918
1476.0 1.887486243370577
1476.5 1.7385867090813498
1477.0 3.4627279220244667
1477.5 2.9910625068236483
1478.0 0.753829018599194
1478.5 2.0675984797585802
1479.0 2.756811305136316
1479.5 2.248291965687501
1480.0 3.8453095018836088
1480.5 1.6497665891629067
1481.0 3.0389890759950666
1481.5 1.8046699606629917
1482.0 1.226169377986357
1482.5 1.0405331075583153
1483.0 1.0375620195084083
1483.5 1.9109995813979512
1484.0 1.1363057918839043
1484.5 1.5868444663433032
1485.0 0.2
1485.5 0.935796189796881
1486.0 2.872771872632061
1486.5 3.82734576788454
1487.0 1.175500941745387
1487.5 2.366639680648195
1488.0 2.511617590725896
1488.5 1.1417004991428337
1489.0 1.5249776903699857
1489.5 2.6568414316757907
1490.0 2.362862186857698
1490.5 1.7810972312973088
1491.0 1.4125979456167004
1491.5 0.9312981685317769
1492.0 1.6404075485779672
1492.5 2.8159434655457014
1493.0 1.9156306166535533
1493.5 2.264507418680987
1494.0 2.322053235432155
1494.5 1.0387092753516558
1495.0 0.9695893983181663
1495.5 2.6949930462243765
1496.0 3.0741838073413255
1496.5 2.3749401234402634
1497.0 2.1418170165239063
1497.5 1.2428398101478308
1498.0 2.130981828599678
1498.5 1.4420177161388494
1499.0 1.3918030593351527
1499.5 0.68149375603309