900.0 0.8628924233557581
900.5 1.4074202638625475
901.0 0.9988607404255169
901.5 1.3280701808530802
902.0 0.30979297803227257
902.5 3.157306312473362
903.0 1.3032172214581743
903.5 1.807720843301357
904.0 1.2321256552837232
904.5 1.458871293914451
905.0 3.0599144954225013
905.5 1.24414911695192
906.0 3.0221814625424726
906.5 2.7340930970882873
907.0 2.3696504846962103
907.5 1.0775770776557898
908.0 1.3300955109455173
908.5 1.0633635087398128
909.0 2.8615082353416152
909.5 2.0171033107717227
910.0 2.1440597012414795
910.5 0.2
911.0 3.7371930361757544
911.5 2.413499087037485
912.0 2.9150009291162617
912.5 1.8350972578909306
913.0 3.466609885255049
913.5 2.553208977375109
914.0 1.3953578196167427
914.5 0.9195685312453747
915.0 1.9534314485227047
915.5 1.1240481246144425
916.0 1.6081162526642072
916.5 1.3418468160864776
917.0 1.2015294125224267
917.5 2.064518354977537
918.0 1.1652907635019105
918.5 1.4099511380082794
919.0 0.8505763759394527
919.5 1.163647452512691
920.0 1.2409668443733097
920.5 0.5391323313906012
921.0 1.4129541861327939
921.5 1.2612107108499695
922.0 0.9911915163492845
922.5 1.2418104088234574
923.0 1.755618741254485
923.5 2.5665262304549756
924.0 0.9165289482590235
924.5 2.677543659081817
925.0 2.3837594136451736
925.5 2.7700559250768158
926.0 0.4373980701007181
926.5 0.767642303506908
927.0 1.0544280070991316
927.5 1.2514100261192986
928.0 2.280268675954966
928.5 1.9016558815042615
929.0 1.990417420222459
929.5 2.4512241069290166
930.0 2.320689825142864
930.5 2.579544919181975
931.0 1.5843062674667787
931.5 1.247795492411199
932.0 2.9598161569296337
932.5 2.278456058389133
933.0 1.9268949901111814
933.5 1.762096590582257
934.0 2.870197667480949
934.5 1.0779701009569056
935.0 1.0763680692775655
935.5 1.2287582664472492
936.0 0.40837129074268735
936.5 0.531946387051918
937.0 0.8455833264929631
937.5 1.0778375059061414
938.0 0.8401677050990809
938.5 1.1574646174575727
939.0 0.780042278043274
939.5 0.826219511278719
940.0 0.8006716532222506
940.5 1.037854519117675
941.0 0.6140894247115523
941.5 0.8127777742517532
942.0 1.2222484651979246
942.5 1.0575338929486169
943.0 0.792866093432252
943.5 0.9521028774013292
944.0 0.9978770328869305
944.5 0.8280213052541511
945.0 0.9775583308526383
945.5 0.67627288624125
946.0 0.5312273341112241
946.5 0.7713794563581176
947.0 0.7594463450002611
947.5 0.48359576624278067
948.0 0.6568763398223156
948.5 0.9321739681823034
949.0 1.1084419186946803
949.5 1.0714542783369256
950.0 0.996490641910292
950.5 0.8614270869805495
951.0 0.9980258502314662
951.5 0.8118262063032913
952.0 2.0356099188178804
952.5 1.0818380114762443
953.0 1.6749157608239358
953.5 0.7858630149140444
954.0 1.202160280751552
954.5 0.9658376291610505
955.0 1.4306429088866535
955.5 1.4792807376901445
956.0 0.9725896347719984
956.5 1.2690354361005234
957.0 1.9412870587730549
957.5 1.5454066327953544
958.0 0.8895384486690999
958.5 1.8118839612843067
959.0 1.2709221937468804
959.5 1.9181913181194263
960.0 1.0090326887583863
960.5 1.1057384644577404
961.0 2.5509692184311175
961.5 1.0130179069146368
962.0 0.7568759669587376
962.5 1.1251311136465207
963.0 1.5665699412080165
963.5 2.515352058914955
964.0 2.8542641468539385
964.5 1.8196018368976425
965.0 2.065312248788902
965.5 1.379069742719199
966.0 1.562217066206781
966.5 1.5126710277229947
967.0 2.2935719955984286
967.5 1.9182206586058697
968.0 2.3038414453678584
968.5 1.2947216462774738
969.0 2.175439924956521
969.5 1.675562236211556
970.0 1.5406420509684517
970.5 2.1554315024336184
971.0 1.8830671193286832
971.5 2.13063611017816
972.0 1.7619362743458957
972.5 0.5682352198747482
973.0 2.371301179489407
973.5 3.15233129157441
974.0 2.076833036044373
974.5 1.8416961950938768
975.0 1.4349770645165152
975.5 1.6006347647196741
976.0 1.5292436463423025
976.5 0.2
977.0 1.9999444873137733
977.5 1.3065522376271521
978.0 1.2577474236532966
978.5 0.9889664489202741
979.0 1.6802047757839127
979.5 1.5217474767257264
980.0 1.627235766088872
980.5 1.480401051971801
981.0 1.0551875979468872
981.5 0.9685886493133408
982.0 0.7852856303404667
982.5 1.0744319651801275
983.0 1.215610434257544
983.5 0.7853422843609703
984.0 1.0154368821504032
984.5 1.0288023238896136
985.0 0.5580753694870951
985.5 1.9275185360611544
986.0 1.785923316527753
986.5 1.1063256990806258
987.0 0.8200496712928598
987.5 1.2946860841874632
988.0 3.917901954250432
988.5 1.7472853911189177
989.0 1.8894432581489127
989.5 2.301382894790079
990.0 2.1126018969268734
990.5 2.4912126334886637
991.0 2.184078245237195
991.5 3.5453688662634923
992.0 2.750892792423344
992.5 2.4868868572293623
993.0 2.9439226570786934
993.5 2.3888346661822033
994.0 2.7299066432324692
994.5 2.1208263624871186
995.0 0.678516343778228
995.5 2.0118986499085194
996.0 2.6323582488274884
996.5 1.116115596876559
997.0 2.304592237658086
997.5 2.1491976660806325
998.0 2.8221782640282513
998.5 1.3584554899696668
999.0 2.6141000163611476
999.5 1.7127846853547752
1000.0 2.9409748392207264
1000.5 1.6370945263602337
1001.0 0.7975715264150096
1001.5 0.6702528567873539
1002.0 1.2131999826968176
1002.5 0.6324874521867193
1003.0 1.041744246530604
1003.5 1.3002438095565232
1004.0 0.5998641098149977
1004.5 0.895511929458358
1005.0 1.6690749979288988
1005.5 1.1666275802640746
1006.0 0.9517409331534217
1006.5 1.0479838368517789
1007.0 1.3915357041735699
1007.5 0.8492277422935796
1008.0 0.6489189947931009
1008.5 1.1877498006176472
1009.0 1.4020317746689888
1009.5 1.6406602562519899
1010.0 0.9344784994723123
1010.5 1.2477229294026715
1011.0 0.2
1011.5 1.7743362647413548
1012.0 2.6020800704008296
1012.5 2.5359222417530978
1013.0 2.340829950261334
1013.5 1.420608165530778
1014.0 3.312617058496686
1014.5 1.2394584821556558
1015.0 1.2946933997065013
1015.5 0.9728026827647616
1016.0 1.0262288128404529
1016.5 0.9143530470413657
1017.0 1.360879723674399
1017.5 0.7743656810725428
1018.0 1.4040556243106117
1018.5 1.3163404721164116
1019.0 0.994410512296694
1019.5 0.8443820570647039
1020.0 0.9545716986192584
1020.5 0.9391479117732846
1021.0 0.7894968965952492
1021.5 1.5399845916483856
1022.0 0.47090520693952664
1022.5 0.8240870705730862
1023.0 1.1258646405515864
1023.5 0.8589517798452806
1024.0 0.5810139265095791
1024.5 1.0847630863198892
1025.0 1.1400613786708305
1025.5 1.4638025404124437
1026.0 1.3399576195621024
1026.5 1.7758455058437064
1027.0 1.7072371255248782
1027.5 0.38830368506586854
1028.0 2.0784370013364866
1028.5 2.72811915013362
1029.0 2.2507415785502474
1029.5 1.42373716636403
1030.0 1.7277715476530686
1030.5 2.475213329098956
1031.0 1.5413952688871244
1031.5 1.9605348756604029
1032.0 2.135731815123105
1032.5 2.5093861736564747
1033.0 0.32984873813352245
1033.5 1.6058752259361415
1034.0 1.3111630659945535
1034.5 1.6195469782291063
1035.0 0.3072755174924715
1035.5 2.0459052661068613
1036.0 1.3280609216642685
1036.5 2.0623596215580577
1037.0 1.7901552828009497
1037.5 2.090724546203276
1038.0 1.9005761413765225
1038.5 1.9592507684542284
1039.0 2.102691773707585
1039.5 2.5892632050155138
1040.0 1.1291041565058926
1040.5 0.931690785524077
1041.0 2.486254758398256
1041.5 1.404067483675025
1042.0 1.6170093201277957
1042.5 1.0758948346495985
1043.0 1.451843529615485
1043.5 1.265784736305246
1044.0 0.802727902099897
1044.5 1.3709353711326067
1045.0 1.5725859054349853
1045.5 1.3153123775882771
1046.0 0.6180508758017853
1046.5 0.5754252964779659
1047.0 0.7385332358455429
1047.5 0.4436594990007846
1048.0 1.1032843971707273
1048.5 1.4763715053145776
1049.0 0.8784603978013831
1049.5 1.490276346203132
1050.0 1.3537652145239283
1050.5 1.269025101941334
1051.0 1.384630879915073
1051.5 3.2522056989397288
1052.0 1.6744405973853786
1052.5 1.7562739620071368
1053.0 3.3950360008774316
1053.5 1.1238560138446914
1054.0 1.9948075494644555
1054.5 0.9115195801156195
1055.0 2.104262861035065
1055.5 3.299184486376012
1056.0 3.609340200368246
1056.5 1.4575484309666464
1057.0 2.4573899794898466
1057.5 1.863428363162399
1058.0 2.109553349950472
1058.5 2.247490708860249
1059.0 1.221597948474557
1059.5 2.6428079653648164
1060.0 1.6220117972729688
1060.5 2.1830916286509296
1061.0 2.2441869467322393
1061.5 2.0654542371134945
1062.0 1.4636559402658338
1062.5 3.1086193358573677
1063.0 2.12764355081378
1063.5 4.9796155656633
1064.0 1.9060639507599002
1064.5 1.5191889203966757
1065.0 2.4222825681994284
1065.5 3.799915117425779
1066.0 3.060580998243606
1066.5 1.5640617901195655
1067.0 3.7159311644119217
1067.5 2.0027306624293213
1068.0 1.7665075267669752
1068.5 3.1926190553042604
1069.0 1.5098544586133353
1069.5 1.9003584470820334
1070.0 2.195892024300497
1070.5 1.6014100546447014
1071.0 1.2901053255658235
1071.5 1.8340900759104173
1072.0 2.097631245189496
1072.5 1.641978653260496
1073.0 2.070245937021828
1073.5 1.1185579863216728
1074.0 1.0976973375759271
1074.5 1.10222739135409
1075.0 2.5302583601118753
1075.5 2.59426879575866
1076.0 2.088006538250345
1076.5 1.158044409204633
1077.0 1.9366006215657967
1077.5 1.681034526958674
1078.0 1.0940421637103994
1078.5 2.594110521948972
1079.0 1.4771599666421515
1079.5 2.928864211289284
1080.0 2.5488276949705804
1080.5 1.3867553211224084
1081.0 2.581073041044391
1081.5 2.057477820088452
1082.0 2.0761883544080675
1082.5 1.1387429806778622
1083.0 2.6100821955384212
1083.5 1.9485333590661307
1084.0 1.2276655251760729
1084.5 1.5084341429065091
1085.0 2.7900522895753364
1085.5 2.9180559575794307
1086.0 2.197338860416581
1086.5 2.184351871877157
1087.0 1.692992469101757
1087.5 2.6958766292771457
1088.0 3.8624523019156474
1088.5 3.4184696608201603
1089.0 2.4231667495784155
1089.5 1.7960445128226035
1090.0 3.3727186621396648
1090.5 2.111617983536146
1091.0 2.2157789122430027
1091.5 2.914936564026209
1092.0 0.966292390091183
1092.5 1.344265671527718
1093.0 0.5559973778799738
1093.5 1.0040631656454693
1094.0 1.0326005232956195
1094.5 1.3354089137007792
1095.0 0.882258720044061
1095.5 2.1354412420913853
1096.0 1.4510712931957181
1096.5 1.9677107563867442
1097.0 2.7411492122953653
1097.5 1.3492379854177474
1098.0 2.9176630176473024
1098.5 2.0006238055043335
1099.0 1.9171856795995477
1099.5 1.612498633893089
1100.0 2.8184681418043795
1100.5 1.794990759082707
1101.0 1.802247161545648
1101.5 1.0905933185785144
1102.0 2.965608045415434
1102.5 1.508794539039408
1103.0 0.2
1103.5 2.3298672521196244
1104.0 1.248542207788241
1104.5 2.5954218487695866
1105.0 1.148548456185139
1105.5 3.4806369346380395
1106.0 2.5462850911234245
1106.5 2.798793698113875
1107.0 2.138375783321899
1107.5 5.697373428629147
1108.0 0.8616231500050642
1108.5 3.1152099288934743
1109.0 1.8892672639659778
1109.5 2.035767151694708
1110.0 2.75426747809513
1110.5 2.6584936565259865
1111.0 1.9465953537197431
1111.5 1.8712016220778878
1112.0 0.8999507567155574
1112.5 2.6640055230264155
1113.0 4.142217385248959
1113.5 3.0206450161641065
1114.0 3.4887909730259405
1114.5 0.6706672653512786
1115.0 2.2607348462818924
1115.5 1.3339369637943914
1116.0 2.9081623935168475
1116.5 2.682860312506962
1117.0 4.756944851643142
1117.5 0.2
1118.0 1.4827298147374002
1118.5 2.2902153894685515
1119.0 1.381742232919201
1119.5 3.0536001832821156
1120.0 2.1124747209304124
1120.5 2.9973068109842798
1121.0 0.8669947303869419
1121.5 3.4641343088271546
1122.0 1.3626543067713595
1122.5 1.8142119264982977
1123.0 1.6807332571150346
1123.5 0.8926747005685873
1124.0 2.6932978591929455
1124.5 1.0431365543566546
1125.0 1.9913962041582245
1125.5 1.7618291025436863
1126.0 1.9216300218054356
1126.5 2.2678350722990412
1127.0 2.3240345099442408
1127.5 1.4148234669664719
1128.0 0.38888748634825876
1128.5 3.3032885076243295
1129.0 1.2544842478371407
1129.5 2.3035851861046264
1130.0 2.1441301128268067
1130.5 1.7043300552147405
1131.0 2.807138881888333
1131.5 1.4398396697631626
1132.0 0.863190356525648
1132.5 3.0753883544909555
1133.0 0.2
1133.5 1.1045078905943537
1134.0 3.967248552049549
1134.5 1.4998356565146038
1135.0 1.5474121744960714
1135.5 1.1052889740341856
1136.0 1.4593551016718878
1136.5 2.05382362382426
1137.0 2.7538558340091868
1137.5 1.9742477061470818
1138.0 2.843746758927596
1138.5 3.0297405258540735
1139.0 1.7511795391955198
1139.5 4.50699391581281
1140.0 2.512727729308718
1140.5 1.9697561225410096
1141.0 3.5193587742253922
1141.5 1.4785924444242826
1142.0 3.1690316208371434
1142.5 1.159706269441547
1143.0 0.41949616834666226
1143.5 3.696456327641191
1144.0 2.935361859870285
1144.5 2.9028187201187334
1145.0 2.096620555995548
1145.5 3.2044918127343687
1146.0 2.358528267564403
1146.5 0.7889190375126236
1147.0 1.7877406014657002
1147.5 3.0669751054913714
1148.0 4.1841700741185175
1148.5 3.4219286320602267
1149.0 2.298799041756703
1149.5 2.4118087986864865
1150.0 3.8690844681564105
1150.5 1.6762239703674782
1151.0 1.5904538804881843
1151.5 0.7930289698569732
1152.0 2.2207242251437993
1152.5 1.3633027879342097
1153.0 2.141201335483794
1153.5 1.6329551474727286
1154.0 2.1992200510048425
1154.5 1.523059182377378
1155.0 2.073885464634478
1155.5 1.4075121974804587
1156.0 1.802175665481688
1156.5 1.253234754329216
1157.0 0.572712565769044
1157.5 0.7144778194380438
1158.0 0.8920842713070759
1158.5 1.4374902641953564
1159.0 1.38556250349313
1159.5 1.3580416871627325
1160.0 1.8088660832630497
1160.5 2.0930672308778497
1161.0 0.7227180673184624
1161.5 0.8333789301778695
1162.0 2.2666367417929068
1162.5 2.342197156481408
1163.0 1.0823480927686058
1163.5 1.3842101991889146
1164.0 1.9461604073452625
1164.5 1.562591427376396
1165.0 1.6549999956878776
1165.5 1.6678770251952222
1166.0 2.125175628013723
1166.5 0.9334927625401784
1167.0 1.9587354704377595
1167.5 2.2168740937364593
1168.0 2.0845759632015177
1168.5 1.101249874154207
1169.0 0.2972798347258848
1169.5 0.8943502308185705
1170.0 2.148267082360607
1170.5 1.9959776692943016
1171.0 2.6200218301239606
1171.5 1.532645256345671
1172.0 2.2455390974863856
1172.5 1.5810880515987304
1173.0 1.2671642377383887
1173.5 1.2422177151613953
1174.0 1.952289883312752
1174.5 1.9543399843802458
1175.0 1.1100844595680592
1175.5 2.182557187360432
1176.0 1.5244399456226818
1176.5 1.6789679964747708
1177.0 2.6551926287875833
1177.5 1.012740719998421
1178.0 0.39034418964412687
1178.5 2.600846579957458
1179.0 1.066196564858025
1179.5 1.2455934850881731
1180.0 1.556348516916398
1180.5 1.7542437510216249
1181.0 1.8221964899873822
1181.5 2.056849886166445
1182.0 0.9039076247067868
1182.5 1.5919698622450351
1183.0 0.2447258168191644
1183.5 1.1339652884398979
1184.0 2.9642640405100895
1184.5 0.8974704836394096
1185.0 2.955120854345198
1185.5 2.31736331804497
1186.0 1.634695304754498
1186.5 3.1817828709463765
1187.0 2.517962565849542
1187.5 1.3313411627547023
1188.0 0.7778503482790744
1188.5 0.6091970161378895
1189.0 0.7030263493218982
1189.5 1.1581245413308778
1190.0 1.0690183193766634
1190.5 2.2912283434015177
1191.0 0.9036489203046718
1191.5 2.4565059896792896
1192.0 1.388518184461831
1192.5 1.0019690577470812
1193.0 1.2190397480259636
1193.5 1.0972077117853933
1194.0 1.4095068531034065
1194.5 1.4248205568698755
1195.0 1.1340172215644637
1195.5 1.1388618947080533
1196.0 0.9743732408266889
1196.5 1.1673567824668851
1197.0 1.189486578933035
1197.5 1.064405144351657
1198.0 0.41749705522290115
1198.5 1.3495522974015177
1199.0 1.2874419765427776
1199.5 1.0384326053364796