2100.0 1.7500970087303542
2100.5 2.4278197288082333
2101.0 1.54357038758843
2101.5 1.7440073795037616
2102.0 1.0617219038692016
2102.5 1.3169256636263835
2103.0 1.5907241935505934
2103.5 1.6697384378985665
2104.0 3.3612773727849046
2104.5 1.8288594722563327
2105.0 4.411361187550085
2105.5 1.5556720776360162
2106.0 1.9545286137218374
2106.5 2.7506805936314467
2107.0 1.2055917974403265
2107.5 2.1175539141555926
2108.0 0.2832464461670843
2108.5 1.3782594119719005
2109.0 1.5836533228415481
2109.5 1.7243881641009557
2110.0 2.44128194008987
2110.5 3.2456805766976817
2111.0 1.8517949866827288
2111.5 1.3301296878163202
2112.0 1.782941616554178
2112.5 1.2579773206231184
2113.0 3.082874906675804
2113.5 1.0355877722937126
2114.0 1.8495001900420742
2114.5 3.6865203605611803
2115.0 1.783705478149222
2115.5 2.5352850351578744
2116.0 2.960332695972925
2116.5 2.7979613877261036
2117.0 4.390816369460611
2117.5 1.9213567067315707
2118.0 0.7110377340944283
2118.5 3.880558464158682
2119.0 2.235938682883054
2119.5 2.3934708240534452
2120.0 3.572384608776757
2120.5 1.7274265516626715
2121.0 1.6263207338554135
2121.5 3.2528372228938784
2122.0 0.6907954202426703
2122.5 0.592277444520661
2123.0 1.370520936657405
2123.5 1.5141783755847942
2124.0 0.9610808260165252
2124.5 1.227084196387846
2125.0 1.1577334832038726
2125.5 1.5255222786533558
2126.0 1.0137487046744034
2126.5 1.0020563230599637
2127.0 0.8835212704979152
2127.5 1.0720955831039363
2128.0 0.6433330221984037
2128.5 1.1082553468322098
2129.0 1.1155932235623731
2129.5 0.7219917594901878
2130.0 0.5536037440677383
2130.5 0.2
2131.0 2.523366035316409
2131.5 1.1721499160182212
2132.0 0.4381578066167864
2132.5 3.1101726453238667
2133.0 0.8393117344337611
2133.5 1.9955680585790776
2134.0 0.9762170300892051
2134.5 2.3615185639722087
2135.0 1.7608672478127165
2135.5 2.9123547825131726
2136.0 1.4908963818524168
2136.5 1.2489205928201954
2137.0 1.2210817477932756
2137.5 2.747055441608377
2138.0 0.8379013433947351
2138.5 0.6361553057373417
2139.0 0.6019400521035287
2139.5 2.504010926160725
2140.0 2.1621011931625973
2140.5 2.100413572887779
2141.0 1.7480324190635743
2141.5 0.7428155708472681
2142.0 1.9892595532016717
2142.5 1.836483482959324
2143.0 0.9730183707961396
2143.5 1.9258659644729899
2144.0 1.4445233076970023
2144.5 2.5482278715084097
2145.0 1.1228650840362344
2145.5 1.1534422892369143
2146.0 1.415314692061397
2146.5 1.8481992788158532
2147.0 2.4407326339415993
2147.5 2.2380799467489876
2148.0 1.6761326595451527
2148.5 1.9855553392017782
2149.0 1.9054137828122415
2149.5 1.0844983853159553
2150.0 2.378592732061056
2150.5 1.505342618689078
2151.0 1.6334809741347955
2151.5 2.597804443369718
2152.0 1.9102963200272587
2152.5 1.935195065074554
2153.0 2.3766200998488802
2153.5 2.4265652623720775
2154.0 1.6518042545626663
2154.5 2.6424322123718706
2155.0 2.0822053187172
2155.5 2.5541276397059396
2156.0 1.6488412134490735
2156.5 1.8257323183301937
2157.0 2.0351646873773532
2157.5 2.009287622435906
2158.0 0.916208044189603
2158.5 1.0329005320287317
2159.0 1.5252051564572766
2159.5 0.6095276355776187
2160.0 0.8414362688267026
2160.5 1.7711660983986153
2161.0 1.3879947057967073
2161.5 0.6497743948762336
2162.0 1.1309437086995415
2162.5 1.4437498249318803
2163.0 1.951634699728477
2163.5 1.1864564511171485
2164.0 0.2
2164.5 2.129538631231352
2165.0 1.1341132408833707
2165.5 2.8269421905432246
2166.0 3.054649667004321
2166.5 1.3392201626863658
2167.0 2.5239457220990107
2167.5 1.2799209947771604
2168.0 3.4994206088957593
2168.5 4.087379592457279
2169.0 3.3641104038718446
2169.5 2.9744749815311553
2170.0 0.9571135521982381
2170.5 1.280685397495696
2171.0 1.4507549423708022
2171.5 1.7839100312309015
2172.0 1.8492544472797963
2172.5 2.8148711839554927
2173.0 0.94953432332803
2173.5 0.5868897516689174
2174.0 0.7653516638067893
2174.5 0.44752435480631425
2175.0 0.6825387703094854
2175.5 1.1941964279258677
2176.0 1.0959283331320235
2176.5 1.1546198173703837
2177.0 0.8084113715519274
2177.5 1.0668888555591296
2178.0 1.2951510959742774
2178.5 0.8861915965854884
2179.0 1.595630128008373
2179.5 0.7431202115506408
2180.0 1.338427962647014
2180.5 0.9145539090464205
2181.0 0.8194696035678437
2181.5 1.1549802790510357
2182.0 1.1911033702187819
2182.5 0.8147488565300889
2183.0 1.384401787059144
2183.5 1.1852411624358303
2184.0 1.3000464785191208
2184.5 1.3659123151147328
2185.0 1.7696305309861544
2185.5 2.1922150509110416
2186.0 0.7368006955800689
2186.5 1.608024738131433
2187.0 2.0886251181158952
2187.5 1.1763582755160802
2188.0 1.6991817881856073
2188.5 1.3223820246397695
2189.0 2.2545880054521694
2189.5 2.3652869991582826
2190.0 2.054919077950188
2190.5 1.0885672560488842
2191.0 1.5888185972119446
2191.5 2.054708282753862
2192.0 1.179093825133251
2192.5 0.9440426275399886
2193.0 1.5772947734574672
2193.5 1.715089453590159
2194.0 2.6555600203301335
2194.5 1.798105330861185
2195.0 2.5951919695218244
2195.5 2.564755961891631
2196.0 2.1186633715796335
2196.5 3.027700178173481
2197.0 1.2191590827192376
2197.5 0.5351596772098919
2198.0 1.0076864362090499
2198.5 1.0489337072222704
2199.0 1.3244421611807997
2199.5 1.3638043041174106
2200.0 1.6604296364520124
2200.5 1.819599747568407
2201.0 1.8640253198061987
2201.5 1.3441990751731852
2202.0 1.092612414371922
2202.5 1.3991094404342324
2203.0 1.2732375816526993
2203.5 1.640201518242948
2204.0 0.6891947303870183
2204.5 1.3310184704816226
2205.0 2.0810312259283803
2205.5 1.683179825540687
2206.0 0.8770558708269167
2206.5 1.5111440023743725
2207.0 0.8330514257510275
2207.5 1.0592217064658982
2208.0 1.0826391956295003
2208.5 1.2291343743672882
2209.0 1.489376869906973
2209.5 0.8434719727440975
2210.0 1.356083519132243
2210.5 0.9933451777447098
2211.0 2.2147643925819294
2211.5 1.2999228511799157
2212.0 1.6169883757313344
2212.5 0.9917720696808108
2213.0 2.102946897390731
2213.5 1.2147189372391531
2214.0 1.959152124658068
2214.5 3.877318331560673
2215.0 2.4166460375568644
2215.5 1.7976245794622774
2216.0 1.2161046939732327
2216.5 3.387004459760705
2217.0 1.6371642839187786
2217.5 2.642495831226255
2218.0 1.331916861649491
2218.5 1.9908289157929615
2219.0 0.6100563621240229
2219.5 2.066870295546913
2220.0 2.6808976899037016
2220.5 1.1371202196101964
2221.0 2.2087056404657743
2221.5 2.7814203634677748
2222.0 2.828741563591564
2222.5 2.840111440116946
2223.0 1.1671896711254088
2223.5 3.0032662404302406
2224.0 3.209339896457407
2224.5 1.0885521947696384
2225.0 1.74788184070911
2225.5 0.2860258732184715
2226.0 2.1591466038369695
2226.5 2.5276923105211537
2227.0 1.9996620942535217
2227.5 4.486202253005689
2228.0 2.0700360657449774
2228.5 2.4714246331068224
2229.0 3.0591133454880888
2229.5 2.86493483875804
2230.0 1.7318870378801097
2230.5 1.5631912578055203
2231.0 2.9874787428916276
2231.5 2.1758206344251354
2232.0 1.79914834795123
2232.5 3.3650412569371575
2233.0 2.2022034181772328
2233.5 3.8647479183918767
2234.0 2.274102897080127
2234.5 1.9742063742542983
2235.0 0.9984693424999915
2235.5 0.8427685255462096
2236.0 1.4070067864284548
2236.5 1.487049801368355
2237.0 0.882767576245705
2237.5 1.2013754960566103
2238.0 1.3054883868390488
2238.5 1.1593982923321189
2239.0 1.1198129636828917
2239.5 1.1919660167189559
2240.0 1.254576488874033
2240.5 1.1432135216434465
2241.0 1.1263801148099692
2241.5 1.0069514506263382
2242.0 1.7770574200763798
2242.5 1.1164913744308032
2243.0 2.788796414467938
2243.5 2.603658696405855
2244.0 2.5772196087326806
2244.5 2.559619607756198
2245.0 1.0974217737730094
2245.5 1.5937140082058605
2246.0 1.2416887578670583
2246.5 1.058084077858537
2247.0 1.5498042215577463
2247.5 1.4897779419180532
2248.0 2.2975710307812545
2248.5 1.725073077586315
2249.0 1.113500048660016
2249.5 1.7080683055597305
2250.0 0.9185493915359819
2250.5 1.862298645549367
2251.0 1.27290780399214
2251.5 1.5225336057352314
2252.0 1.3305242900687224
2252.5 1.742110716414293
2253.0 1.1462060035799362
2253.5 0.2749409180838298
2254.0 1.4124163764791722
2254.5 0.8809493144301068
2255.0 1.5381233725462247
2255.5 0.9489479669547962
2256.0 1.8086726210054427
2256.5 1.0219504635753975
2257.0 1.1568115548208682
2257.5 0.8549035256020893
2258.0 2.7901975943697197
2258.5 1.4995005243448012
2259.0 1.913387322814647
2259.5 2.3215224427611085
2260.0 1.6402845829099322
2260.5 1.5320207441146738
2261.0 2.3771805138084554
2261.5 1.6988093784025637
2262.0 1.4697306345947123
2262.5 1.362690245682907
2263.0 1.9737616858653806
2263.5 1.448440050274037
2264.0 1.7074114212967573
2264.5 1.8929518867658197
2265.0 1.8410936996373874
2265.5 0.641488573901465
2266.0 1.855403856448867
2266.5 0.8962675499173839
2267.0 1.8395911928754736
2267.5 1.2028851781456074
2268.0 2.312330312676049
2268.5 0.8866939400678083
2269.0 2.4894097273368825
2269.5 1.4498138299026377
2270.0 2.924886281259434
2270.5 1.4603893448403706
2271.0 2.809674154498267
2271.5 4.456661367314022
2272.0 1.867136671860517
2272.5 1.439145184621669
2273.0 2.1277715568890696
2273.5 2.2305599139523755
2274.0 2.477089798763792
2274.5 1.6977072898595118
2275.0 1.535291780214073
2275.5 1.4367436058827932
2276.0 2.08765076598792
2276.5 1.5812108234369746
2277.0 0.9169984099073349
2277.5 1.0612191608127521
2278.0 1.9055545623018462
2278.5 1.3987430676059383
2279.0 0.8156929991935231
2279.5 0.8284195677908988
2280.0 0.6622903522022378
2280.5 0.924977920285984
2281.0 1.054689764851385
2281.5 2.2344019787206855
2282.0 1.9855750866050252
2282.5 2.2950473241387623
2283.0 2.0313085944547327
2283.5 1.3414239337365688
2284.0 2.439029957188005
2284.5 2.430427060973906
2285.0 1.2573857517812255
2285.5 1.1749809188888536
2286.0 1.8804922329530127
2286.5 1.6148672058357731
2287.0 3.0879341389930093
2287.5 3.21298157600313
2288.0 2.3117142273774642
2288.5 1.626035715262115
2289.0 3.002164408058275
2289.5 1.9717928058037268
2290.0 2.1194935850604963
2290.5 1.8903418344747365
2291.0 1.9960553969834947
2291.5 2.0864503762085898
2292.0 1.8678851935520768
2292.5 1.1543383289710798
2293.0 1.1241481815053362
2293.5 1.241717974921564
2294.0 1.3105974725809635
2294.5 2.2358316377714216
2295.0 2.377788138204707
2295.5 2.441085924363958
2296.0 1.998436605405839
2296.5 1.9143233596071656
2297.0 1.7731121420272176
2297.5 2.4823573310330502
2298.0 2.774402912522168
2298.5 1.8512097841491562
2299.0 2.231341841409696
2299.5 2.8692993831519145
2300.0 1.71468272774767
2300.5 2.0228368395580745
2301.0 1.215097950495056
2301.5 2.2708522867780747
2302.0 2.7445440569688055
2302.5 1.4077434035180627
2303.0 0.4451413855155262
2303.5 1.0171694614594529
2304.0 1.801040913002478
2304.5 1.0949094903768295
2305.0 2.4910041722191614
2305.5 1.3096797658854098
2306.0 1.2798750526582143
2306.5 1.4981153905791702
2307.0 0.9095485833712879
2307.5 1.0204751361655084
2308.0 1.5350911732654842
2308.5 0.9040638267578651
2309.0 1.5766114736314907
2309.5 2.1892060823991897
2310.0 0.6973293623884159
2310.5 2.0153923421107947
2311.0 2.385031026256353
2311.5 1.7430430058504915
2312.0 0.748298304563418
2312.5 1.2355693297044574
2313.0 1.0480223204867423
2313.5 1.4367616876126532
2314.0 1.449589853003232
2314.5 0.7655093212462951
2315.0 0.7441942197959537
2315.5 1.0935804035280483
2316.0 1.2373320067814546
2316.5 1.6205301338793379
2317.0 0.9742185940986778
2317.5 1.1525611380299834
2318.0 0.2
2318.5 2.1693085547509074
2319.0 1.3780729759894208
2319.5 1.7446942339793492
2320.0 1.1116223649221548
2320.5 1.220016046123948
2321.0 1.238791813489285
2321.5 2.561510534474351
2322.0 1.1505194604726454
2322.5 1.9267317354361164
2323.0 1.5728012772957587
2323.5 1.124164011329004
2324.0 1.4359146272909844
2324.5 1.7061000720977006
2325.0 1.7219967222904093
2325.5 1.8614892271009085
2326.0 1.5621532397392168
2326.5 1.002371063600854
2327.0 1.3738626077242317
2327.5 1.15344485841167
2328.0 1.2085645361135366
2328.5 1.1342174859366014
2329.0 1.2777491506172687
2329.5 1.150319674978099
2330.0 1.843703584469743
2330.5 3.2177057929527715
2331.0 3.282871886448029
2331.5 1.3702035460947364
2332.0 2.158848845671171
2332.5 2.1760368105868153
2333.0 1.3526654811347374
2333.5 0.5648229805422991
2334.0 2.326287881326155
2334.5 1.326480098265718
2335.0 1.923702644819292
2335.5 2.202443068342302
2336.0 1.393559762533434
2336.5 0.8948142645393599
2337.0 0.702539873685757
2337.5 1.2626227864993278
2338.0 1.9547604330273718
2338.5 0.4430366504716656
2339.0 2.3472236871400307
2339.5 1.31276250628057
2340.0 1.4813702772974235
2340.5 1.7183740923750745
2341.0 1.5492400416591157
2341.5 2.33290747260829
2342.0 0.9943421688566129
2342.5 2.1539271563952394
2343.0 1.8974192101248883
2343.5 2.35708477222843
2344.0 1.3639483919575728
2344.5 1.8813339410630685
2345.0 0.9024150893802755
2345.5 1.7711873092773869
2346.0 0.5331652315705031
2346.5 0.9342105647512431
2347.0 3.3685712728940587
2347.5 1.9544609347944706
2348.0 2.220070353560489
2348.5 2.972176732179941
2349.0 3.353791332774623
2349.5 1.0824528767353179
2350.0 1.4694916798445832
2350.5 0.2858708679387221
2351.0 2.102645001800145
2351.5 2.32321898165449
2352.0 1.3788065597372068
2352.5 2.4881290617919385
2353.0 1.3604894474320792
2353.5 2.3807160263711684
2354.0 2.7961134698889136
2354.5 3.7256798235223734
2355.0 3.1347751068317042
2355.5 1.027523910904485
2356.0 2.958422274813132
2356.5 1.4837640986877174
2357.0 1.9243293389442733
2357.5 1.3932188487971215
2358.0 1.8740570978572009
2358.5 1.569445154106805
2359.0 2.1789193533164717
2359.5 1.3784448354439427
2360.0 1.4983820008120794
2360.5 1.5869327686650958
2361.0 2.441870106695698
2361.5 3.0704834743556235
2362.0 1.5093382265434307
2362.5 2.5932193603575895
2363.0 1.0063146832132404
2363.5 2.1727874763744595
2364.0 2.0033929738995675
2364.5 2.08705664806586
2365.0 2.5157888357326215
2365.5 1.2247732219827523
2366.0 1.4808966374915329
2366.5 2.368554250511276
2367.0 1.280927227783066
2367.5 2.2016562248227234
2368.0 2.2880441903847033
2368.5 1.5223495864755416
2369.0 1.645593145872048
2369.5 1.3755712922487813
2370.0 0.987820175309752
2370.5 1.8926358302878332
2371.0 1.8048098775037276
2371.5 1.0651111996139249
2372.0 1.878472377395992
2372.5 1.5942466088102782
2373.0 2.2048211436338354
2373.5 1.6566202031195416
2374.0 1.7868609779392863
2374.5 2.4442665253215603
2375.0 1.0031475331999653
2375.5 0.887131875422558
2376.0 1.6067392916534988
2376.5 1.248982020018412
2377.0 3.2400610408885626
2377.5 1.2738101585763943
2378.0 0.718877636395513
2378.5 2.1078684407124726
2379.0 2.469917059928436
2379.5 1.1966835965705973
2380.0 1.1835357331880885
2380.5 3.532653060177829
2381.0 5.116821973293662
2381.5 2.8543677668730014
2382.0 1.644128389472435
2382.5 3.699444656624159
2383.0 2.2770567145180345
2383.5 3.603333822284374
2384.0 1.645660760815443
2384.5 2.0106244479975484
2385.0 1.7927565895461326
2385.5 3.1131349798185353
2386.0 4.320177528599925
2386.5 3.197350451868366
2387.0 2.6738972018746026
2387.5 1.9415672205175358
2388.0 4.265339791990657
2388.5 3.236367961486633
2389.0 2.319096716446775
2389.5 3.299976616025713
2390.0 2.364006131665413
2390.5 1.248090108551307
2391.0 1.6749187233032221
2391.5 3.4621734410943694
2392.0 1.9816842229954301
2392.5 2.0330287779624
2393.0 1.3341091615953014
2393.5 1.1893657188347029
2394.0 1.360306277180492
2394.5 1.6118826224765668
2395.0 0.7602776976208216
2395.5 2.807547795538804
2396.0 0.6249202392268696
2396.5 2.587209035840289
2397.0 2.069530264943727
2397.5 1.642523068182829
2398.0 0.908558999642519
2398.5 1.7805867294699094
2399.0 1.0014060725721343
2399.5 2.2233989741746596