2400.0 1.730742863466252
2400.5 1.5409187766013686
2401.0 2.1274585701680513
2401.5 1.434689588421854
2402.0 1.4548002501447748
2402.5 1.8664046563510734
2403.0 2.2768285903535928
2403.5 1.140485357003198
2404.0 1.79006647361865
2404.5 1.4532267086542014
2405.0 2.131929865634049
2405.5 1.5049056285711133
2406.0 2.2238916564941373
2406.5 1.6429976223804408
2407.0 1.9176812037542914
2407.5 1.5409318196552388
2408.0 2.379418574091035
2408.5 0.9374920126841422
2409.0 1.4668848585561665
2409.5 1.806904319456783
2410.0 1.0812704166742235
2410.5 0.868099192830607
2411.0 1.9249475653501442
2411.5 0.6916400567172534
2412.0 1.816545073892634
2412.5 2.1584911026938904
2413.0 0.8027898813937142
2413.5 1.1245745148458144
2414.0 2.199158353244165
2414.5 0.8027841828398243
2415.0 0.6194181186469396
2415.5 0.7032152376893643
2416.0 0.7941382594707471
2416.5 1.1030386890342307
2417.0 1.7678802242671259
2417.5 1.865885689815324
2418.0 1.6208276467132021
2418.5 2.131697191726503
2419.0 1.3298086862551115
2419.5 0.4593122709102726
2420.0 1.2953492547770762
2420.5 1.2926141208785369
2421.0 1.9565345772539946
2421.5 1.5019119581738152
2422.0 0.6695989968538552
2422.5 0.8445466445041954
2423.0 0.589663718126674
2423.5 0.8289047278210666
2424.0 0.7482048231031873
2424.5 0.7373150652586251
2425.0 0.7570021952117494
2425.5 0.6861373754028862
2426.0 0.7657619577524859
2426.5 0.7948830780602438
2427.0 0.728018707850212
2427.5 0.46921317657875644
2428.0 0.7329665236894691
2428.5 0.6144140537372003
2429.0 1.0176499915624642
2429.5 1.1352458794456801
2430.0 0.8918772883358547
2430.5 0.5060086225081936
2431.0 0.9820511605888612
2431.5 1.3644801539257847
2432.0 1.8849379695176551
2432.5 1.578316440167735
2433.0 0.7111358238834475
2433.5 1.5696438140695608
2434.0 0.9283819815193031
2434.5 1.4184521529680656
2435.0 1.2472401809823077
2435.5 0.9882076464956747
2436.0 1.4272894263062006
2436.5 1.6032393548645594
2437.0 1.426564391945409
2437.5 0.42664684429838284
2438.0 1.2054403644872962
2438.5 1.8906541933876613
2439.0 1.2583640778363123
2439.5 1.316793403201645
2440.0 1.1140682465029643
2440.5 1.8058298987239583
2441.0 1.1900499586048854
2441.5 1.3701587360174279
2442.0 1.5944814494893587
2442.5 0.8302866475258731
2443.0 1.0803619967657847
2443.5 1.2482383868346902
2444.0 1.8585207955999505
2444.5 1.2153737691895192
2445.0 1.3157792150365188
2445.5 1.2603084845617465
2446.0 1.105906420572678
2446.5 2.5450336064253993
2447.0 1.933807608318264
2447.5 2.3726749570196657
2448.0 1.2721131873747558
2448.5 2.9780924902031316
2449.0 3.5997371927324537
2449.5 1.9698334191676132
2450.0 1.917240619762612
2450.5 1.2483343646291107
2451.0 1.3714975198204216
2451.5 0.6440756100410021
2452.0 0.7528834248024405
2452.5 0.5949498951210956
2453.0 0.5657398099851525
2453.5 0.8108728157934599
2454.0 0.8528967554335831
2454.5 0.702368802019113
2455.0 0.7211822210742009
2455.5 0.7355629387067986
2456.0 0.7032195486184571
2456.5 0.6096412031062298
2457.0 0.9448843468285024
2457.5 0.7210785406200195
2458.0 0.5927937261789222
2458.5 0.7747431119836676
2459.0 0.6044486636352371
2459.5 0.5903877972407433
2460.0 0.7911305794122783
2460.5 0.8541753231553143
2461.0 0.8952445118868293
2461.5 2.030535230860816
2462.0 1.3783564984083132
2462.5 1.0923657966912081
2463.0 1.781256244965987
2463.5 1.4718629514444386
2464.0 2.074689233483687
2464.5 1.7124398549853954
2465.0 1.2622285126580461
2465.5 2.186294843536039
2466.0 1.559718553468773
2466.5 1.013052807064169
2467.0 0.7117781052776976
2467.5 0.9970892468101824
2468.0 1.173954635556933
2468.5 3.6160977380433534
2469.0 1.2325014214346588
2469.5 2.7657968894483513
2470.0 1.5774507862024243
2470.5 2.8551859248473876
2471.0 2.157831533264862
2471.5 2.7169509114935573
2472.0 2.013001852789178
2472.5 1.5369810693333568
2473.0 1.0905128718821542
2473.5 2.32034832381975
2474.0 1.7509018543495656
2474.5 4.283685236791801
2475.0 3.359024196859383
2475.5 3.809727695194832
2476.0 0.5176196045911547
2476.5 1.8824817517174157
2477.0 3.802350799565305
2477.5 3.52069993565691
2478.0 2.382833508409932
2478.5 2.218619450870931
2479.0 2.904423955029103
2479.5 3.024370450100104
2480.0 2.892882064149421
2480.5 0.9358645684748284
2481.0 0.39022764306590285
2481.5 0.3767638845375776
2482.0 1.253797477537395
2482.5 1.087862774373256
2483.0 0.8910524296236941
2483.5 0.9529960911725106
2484.0 1.1002127482231268
2484.5 1.2856734567989772
2485.0 0.8018373100885516
2485.5 1.824140789821917
2486.0 0.6924390349457107
2486.5 1.159727199344805
2487.0 1.371535907935189
2487.5 1.154913661407762
2488.0 2.424296506122432
2488.5 1.9229138076696664
2489.0 1.2916985626331192
2489.5 1.8278748264765312
2490.0 1.048263648833062
2490.5 1.1056291463066121
2491.0 1.7996223366985145
2491.5 1.2428415097412513
2492.0 1.7133095744798954
2492.5 1.876559698066708
2493.0 1.0445724121770705
2493.5 1.0707855226804914
2494.0 1.2891171745026107
2494.5 1.1649911431765452
2495.0 1.2124761574409253
2495.5 1.463682322998507
2496.0 1.4540759360772828
2496.5 1.9685963216799847
2497.0 1.3874854654846125
2497.5 1.880565981032488
2498.0 1.9058359172906145
2498.5 1.5326141178964106
2499.0 0.5595065397926127
2499.5 0.690474574667785
2500.0 0.5818233525891913
2500.5 0.6745755595127498
2501.0 0.7388359723729601
2501.5 0.7217293807184109
2502.0 0.5839024403182105
2502.5 0.7478816487067277
2503.0 0.5934788611453373
2503.5 0.872190600462692
2504.0 0.7338805706951528
2504.5 0.5763427937084353
2505.0 0.7594165440531222
2505.5 0.7722901224261669
2506.0 0.8136674126234298
2506.5 0.5659619585353106
2507.0 0.7750240912906419
2507.5 0.8668625809939203
2508.0 0.7973096708928133
2508.5 0.7949639056279383
2509.0 0.7152789558211474
2509.5 0.6138504270523137
2510.0 0.9030344333451759
2510.5 0.639728138998527
2511.0 0.8110978956478796
2511.5 0.8604665720754838
2512.0 0.700744719918126
2512.5 0.955365637893437
2513.0 1.580104193863646
2513.5 1.224548639293584
2514.0 1.4700518951815278
2514.5 1.0804229252894044
2515.0 0.26438308554400836
2515.5 1.3263287991760162
2516.0 2.124490078625974
2516.5 0.9299750811719346
2517.0 1.1182709658149446
2517.5 1.4256562291780246
2518.0 1.2356932795787712
2518.5 1.3268816405724597
2519.0 2.689505610643619
2519.5 2.1925133945920923
2520.0 2.868151746768075
2520.5 1.4801142373365912
2521.0 1.349626097521682
2521.5 2.0916115440636167
2522.0 1.6734290130922882
2522.5 1.6466061178281794
2523.0 1.1730122561518785
2523.5 1.1064926307563057
2524.0 2.136657800113449
2524.5 0.6122233215029694
2525.0 1.6454553082003105
2525.5 3.1032535560962593
2526.0 2.7559822102088916
2526.5 1.5922171021301246
2527.0 1.733271365027559
2527.5 1.1409292544426868
2528.0 1.1861184974782641
2528.5 2.6714219208489967
2529.0 2.320102247200117
2529.5 2.8334921683870875
2530.0 1.8152003467521423
2530.5 2.1120820028928513
2531.0 0.5287128075413123
2531.5 2.0879197643963474
2532.0 2.0513108094776555
2532.5 0.9397048433374662
2533.0 2.3505975743704095
2533.5 1.4725234329698194
2534.0 1.6852581732472576
2534.5 2.1417170247530732
2535.0 1.125498600794054
2535.5 2.17768024134246
2536.0 2.376461503180895
2536.5 2.2096246511830824
2537.0 2.0140036018894167
2537.5 1.6311844131467113
2538.0 1.818663383554597
2538.5 2.60814111138937
2539.0 2.3589638565515365
2539.5 1.3829938815154763
2540.0 1.5374250837970875
2540.5 1.5583103079341418
2541.0 2.019158837432589
2541.5 1.3606009327430444
2542.0 1.3228881402139843
2542.5 1.7958666775705694
2543.0 1.6293895470225406
2543.5 3.1793029346849546
2544.0 0.768379625598382
2544.5 0.8613709585601026
2545.0 0.493676361867555
2545.5 0.8267932041954906
2546.0 1.1708371584815418
2546.5 0.7204878936074661
2547.0 1.2677163712930906
2547.5 0.7621025778868795
2548.0 0.9492330106720888
2548.5 0.879795902390972
2549.0 0.9562667521535572
2549.5 0.7464481988580922
2550.0 0.842783283111626
2550.5 0.9484969618336422
2551.0 1.504487113976166
2551.5 2.391526698334002
2552.0 2.1817658688540806
2552.5 1.3975768341805834
2553.0 2.132259995416918
2553.5 2.539365416808753
2554.0 1.1550643315952456
2554.5 0.8599656185813839
2555.0 1.377480389396759
2555.5 1.5950410368803056
2556.0 0.5342232991254987
2556.5 2.0512470050424607
2557.0 1.6543624258993508
2557.5 0.9617048274942289
2558.0 1.686719486416197
2558.5 1.638385471189686
2559.0 2.7472116380096305
2559.5 1.4338990383926256
2560.0 1.330540865629469
2560.5 1.4228310293527828
2561.0 0.8910662744811226
2561.5 0.7515554886612794
2562.0 1.0758209159782106
2562.5 1.0128185519483783
2563.0 0.7537307103895952
2563.5 1.2923181745522654
2564.0 1.1041998442001701
2564.5 1.3324860134354288
2565.0 0.7538699938079283
2565.5 0.721310486689536
2566.0 1.0183436339031113
2566.5 0.9575755184601548
2567.0 1.1669994042638088
2567.5 1.0375664998789627
2568.0 0.6787554118133572
2568.5 0.8656556797308388
2569.0 0.9265748778276721
2569.5 1.033812999011832
2570.0 0.7215458698756823
2570.5 1.0919684250135306
2571.0 0.9939301942506841
2571.5 0.7572201307387183
2572.0 0.22644309597364443
2572.5 1.029909685864384
2573.0 0.5111458302852249
2573.5 1.1488921497894955
2574.0 0.8339231443281712
2574.5 0.9575160040366135
2575.0 1.0306508767805822
2575.5 1.0871383066315983
2576.0 0.6668154741659338
2576.5 2.537325878040063
2577.0 3.219979450837919
2577.5 2.521573254788909
2578.0 0.9951493785919046
2578.5 0.9107379361254353
2579.0 1.1159723147421925
2579.5 0.8316140878315812
2580.0 0.9370389011840484
2580.5 0.8640523408494317
2581.0 1.2444462921655244
2581.5 0.9409283896445124
2582.0 0.8806892027148161
2582.5 0.7636479245132458
2583.0 1.0972847367140712
2583.5 0.6126294138486146
2584.0 0.3074920089837574
2584.5 1.3250128008863613
2585.0 1.394259179808296
2585.5 1.0285953362245885
2586.0 1.3111505281177982
2586.5 1.2236879007500465
2587.0 0.3885876529012666
2587.5 1.3894494980445908
2588.0 1.2043647605567225
2588.5 0.2
2589.0 1.5894718468925464
2589.5 1.163998737666585
2590.0 0.9248651830473366
2590.5 1.4785313833809184
2591.0 1.7512343787943334
2591.5 0.9295920307568006
2592.0 1.2100563596489882
2592.5 1.5224352248272717
2593.0 1.4499806360982403
2593.5 1.377027923944088
2594.0 1.5701395812530317
2594.5 1.5467522799842888
2595.0 1.6448073878230747
2595.5 1.3757324368171981
2596.0 1.0254593929681417
2596.5 1.6312472907891014
2597.0 1.9014023453844708
2597.5 1.955493922876726
2598.0 1.1778076496625913
2598.5 0.4882584741543561
2599.0 1.5501107790436242
2599.5 1.1736231264252095
2600.0 0.9313688216315161
2600.5 1.1465373619888415
2601.0 0.7872220166939576
2601.5 0.5817503977738653
2602.0 0.7855474883472002
2602.5 1.113523161804751
2603.0 0.8551522404725453
2603.5 0.7144413260180653
2604.0 1.0102043584620037
2604.5 0.8738395896349943
2605.0 0.9330950653413841
2605.5 1.2239879077039584
2606.0 0.8606537091665641
2606.5 0.5909004108483344
2607.0 1.14956367214682
2607.5 1.1796217537813454
2608.0 1.370874622959921
2608.5 1.6601056961317129
2609.0 1.047955525575949
2609.5 1.5577956401157769
2610.0 0.8054351875260423
2610.5 1.9884367598881962
2611.0 1.160350126734586
2611.5 1.954817133731284
2612.0 1.6620072845890737
2612.5 2.445416359129795
2613.0 1.9194671963087342
2613.5 1.369450959215964
2614.0 0.8513825762336859
2614.5 0.929302690348382
2615.0 1.1835988672647004
2615.5 1.4590936805827832
2616.0 0.4048591605861562
2616.5 1.1903871176071061
2617.0 0.7445945528716849
2617.5 0.8784071546949466
2618.0 0.9308596031739698
2618.5 1.0946872003989805
2619.0 0.9081905956387487
2619.5 1.6286775890102139
2620.0 2.794603468891907
2620.5 1.1256189796033917
2621.0 1.1328321067729687
2621.5 1.2372280737707428
2622.0 0.7981830802476111
2622.5 1.0160639132937193
2623.0 3.5487362888134024
2623.5 2.342852820055568
2624.0 1.5756532988172363
2624.5 0.9654919655924272
2625.0 3.5797767599522334
2625.5 2.095555921365833
2626.0 2.202138988873799
2626.5 1.033381887029781
2627.0 1.534385223893997
2627.5 1.4674133338277975
2628.0 1.3503182561914964
2628.5 1.2516739507754975
2629.0 1.253862375371253
2629.5 1.0879626965337375
2630.0 1.373584348291597
2630.5 0.7401596722361603
2631.0 0.7985784903506361
2631.5 0.9616121382574289
2632.0 0.6796006743165154
2632.5 2.642587751586208
2633.0 3.1333690389258497
2633.5 1.3182747062906348
2634.0 1.5801361223734904
2634.5 1.4527290007815603
2635.0 1.1531669244925682
2635.5 1.2642197724900617
2636.0 1.5225261553034364
2636.5 1.9615110236068052
2637.0 1.9318753068405277
2637.5 0.9864290296627315
2638.0 1.5851171314068002
2638.5 4.01836078420099
2639.0 2.258785473255232
2639.5 1.6721531425237495
2640.0 2.700744486278706
2640.5 3.121892967490873
2641.0 3.07866214869646
2641.5 4.359229521856616
2642.0 2.151368161719961
2642.5 2.013744653892424
2643.0 2.6956883352931946
2643.5 3.248387152219614
2644.0 0.7002142882342165
2644.5 0.8830086569876388
2645.0 1.596951488970715
2645.5 1.752753077031243
2646.0 1.3734184349685523
2646.5 1.219677117726958
2647.0 1.0759776536692565
2647.5 1.4648435340987178
2648.0 0.8908570822726455
2648.5 0.5864335955081816
2649.0 0.7284309132012124
2649.5 2.778543493423198
2650.0 1.7587666600381229
2650.5 0.6447871424997391
2651.0 0.9719242718591506
2651.5 1.2096226663279785
2652.0 1.4532451946467175
2652.5 1.0076787971347774
2653.0 1.531393385580225
2653.5 0.9152818894687322
2654.0 0.8456959646762863
2654.5 0.9744920198135074
2655.0 1.063217322078982
2655.5 1.1619155342900123
2656.0 1.604649014988602
2656.5 1.1540856171439433
2657.0 1.2899409467109888
2657.5 1.0665451948798843
2658.0 1.1363388904278904
2658.5 0.8192481933398938
2659.0 1.918274550316061
2659.5 1.2017663766711764
2660.0 1.6730253094373526
2660.5 0.8449485794724729
2661.0 1.4645320334667036
2661.5 0.9743692978386723
2662.0 1.467889583809572
2662.5 1.0210975877421677
2663.0 0.7857237187586842
2663.5 1.0788558899041538
2664.0 0.8623817060417784
2664.5 1.141293884779686
2665.0 0.9050263169906271
2665.5 2.2110311165645196
2666.0 1.3855142210750624
2666.5 2.524108337866626
2667.0 0.9451479574968014
2667.5 2.6407026847379926
2668.0 2.851740581962284
2668.5 2.0022614490360695
2669.0 3.128578758652313
2669.5 0.5055051532407859
2670.0 1.157323010910304
2670.5 2.194568501444496
2671.0 2.260152876904219
2671.5 1.7450307662287772
2672.0 1.3720464233835339
2672.5 1.9592528583993838
2673.0 1.9164823304851106
2673.5 1.1655219276507942
2674.0 1.772881609585025
2674.5 1.8558384322589523
2675.0 2.0518299474373087
2675.5 2.438353110006037
2676.0 0.8083971316514023
2676.5 1.1497225863086826
2677.0 1.682476010981469
2677.5 2.1848492326968354
2678.0 1.3393120121474873
2678.5 2.2855420491852723
2679.0 1.1826286562036228
2679.5 1.795479096608109
2680.0 3.0854976389283104
2680.5 3.1731761974072494
2681.0 2.117374895565682
2681.5 2.0212358732339695
2682.0 2.821221828994842
2682.5 4.101555606152011
2683.0 2.6490470019293806
2683.5 1.4110807587705887
2684.0 4.22380945244241
2684.5 2.594217464677321
2685.0 2.796350473136002
2685.5 2.615133473112759
2686.0 3.8418881628622614
2686.5 1.9384638495346778
2687.0 2.9485236765163556
2687.5 3.119316552097287
2688.0 0.3647186456977982
2688.5 1.556920468834811
2689.0 2.625612002543792
2689.5 2.253071797591536
2690.0 2.7811593183891197
2690.5 0.9892960670853661
2691.0 2.7339758992248457
2691.5 1.506172993307775
2692.0 1.6921481850244957
2692.5 0.2
2693.0 0.9226590951544258
2693.5 1.3842551762205295
2694.0 1.0775574334620475
2694.5 1.348627063096933
2695.0 0.8560733750463783
2695.5 1.6118800222144452
2696.0 0.9121859448012595
2696.5 1.3116933515034463
2697.0 1.2951736006386634
2697.5 1.2284746708493528
2698.0 2.1902013739895714
2698.5 1.3018675576078798
2699.0 2.737891766866289
2699.5 1.2011797579196384