1500.0 0.32815266243049757
1500.5 0.8624197895072108
1501.0 0.701643247113164
1501.5 1.0587919470872595
1502.0 0.9236576690199285
1502.5 0.6572631329599262
1503.0 1.0960146369762331
1503.5 0.9072362247431737
1504.0 1.0860058445764689
1504.5 0.5457584054916953
1505.0 1.329751710016017
1505.5 1.1232248827244034
1506.0 1.0066737308662277
1506.5 2.1127732101711656
1507.0 2.5027360723026293
1507.5 1.4305807447845094
1508.0 1.8224890500491018
1508.5 1.5614872374478475
1509.0 2.622791952572703
1509.5 1.3412994798564992
1510.0 1.033260514592887
1510.5 0.5393848269939464
1511.0 0.7519784173769408
1511.5 1.1183997933494063
1512.0 1.0872081507525815
1512.5 1.116260570746081
1513.0 1.7659984964249342
1513.5 2.8090985839636557
1514.0 1.9541252249191245
1514.5 1.7666979865188357
1515.0 2.670746993989308
1515.5 1.6736005910489884
1516.0 1.6303570318279883
1516.5 3.4290230224390825
1517.0 0.8895308726859752
1517.5 1.4134615346392831
1518.0 1.9758530114192505
1518.5 2.3301398268546487
1519.0 2.6909577409439436
1519.5 1.8398795337980625
1520.0 1.2444272042823694
1520.5 1.932205696320827
1521.0 1.7019556001247813
1521.5 0.9749600711195873
1522.0 1.356709343794894
1522.5 3.194228575135871
1523.0 1.3961858257438964
1523.5 1.93058564362558
1524.0 0.2
1524.5 0.8692262299212486
1525.0 1.216402843133543
1525.5 1.3173216550496096
1526.0 2.4181999234933036
1526.5 1.7526405150724798
1527.0 1.3673493464088875
1527.5 2.06966523300852
1528.0 2.2658170610848636
1528.5 1.5992002979752917
1529.0 1.4772650975555632
1529.5 1.9579172897715802
1530.0 3.0012901339427565
1530.5 1.0841486417872437
1531.0 2.1688533169923123
1531.5 1.555549634900537
1532.0 0.759996388429494
1532.5 2.7912084107698156
1533.0 4.1172085280488835
1533.5 3.4907254312187357
1534.0 2.433295263373279
1534.5 1.95932121281531
1535.0 1.6287678645005808
1535.5 2.0172225030316118
1536.0 2.5692508865278114
1536.5 1.8920445437953817
1537.0 2.985640524005328
1537.5 1.9693077286136371
1538.0 2.3786146154901173
1538.5 2.0057525181979416
1539.0 3.9862752410815
1539.5 2.466931328362741
1540.0 3.3397766833322464
1540.5 3.8917570635883987
1541.0 2.1059233182831267
1541.5 2.1208405750800847
1542.0 1.9216835031912345
1542.5 0.955953266421431
1543.0 0.7938891826732277
1543.5 0.670475564530624
1544.0 2.429409235797275
1544.5 1.7409351655333034
1545.0 1.9016893367222094
1545.5 1.0899052822388078
1546.0 1.2548225399197233
1546.5 1.1304020094583271
1547.0 2.354392007679519
1547.5 2.2727753533027277
1548.0 2.49480789461229
1548.5 2.7798817492288146
1549.0 2.1445790103252897
1549.5 1.8801162556698137
1550.0 1.577572136861096
1550.5 2.0017821868112304
1551.0 1.546948688905529
1551.5 1.127946325087592
1552.0 2.7317756137090994
1552.5 1.5059326920665097
1553.0 3.427979983225319
1553.5 0.9111982488342231
1554.0 1.1579559568395277
1554.5 2.885592500177194
1555.0 1.9898649149306538
1555.5 2.4747345086043984
1556.0 1.9699848460074765
1556.5 3.739435596764715
1557.0 0.9891871385169265
1557.5 0.7963682508548404
1558.0 1.0776036130964077
1558.5 0.921974008300742
1559.0 1.091150184796601
1559.5 1.19646296811792
1560.0 0.7650482263138199
1560.5 0.7120409545961699
1561.0 0.8477245087865412
1561.5 0.7739987129985656
1562.0 0.7693727589004611
1562.5 1.6807341576905592
1563.0 0.713545728419287
1563.5 0.6189575270720613
1564.0 1.0622606301939022
1564.5 2.343991350001807
1565.0 0.41005398862094444
1565.5 1.1861738740528875
1566.0 2.623701542043912
1566.5 1.5695280281921316
1567.0 0.9529436466873362
1567.5 1.6611318677645337
1568.0 1.5954401103595857
1568.5 2.8576068836970703
1569.0 2.759833612268691
1569.5 1.31100079907046
1570.0 2.388802404260289
1570.5 2.2370943053631165
1571.0 3.772832827099753
1571.5 1.1457772689986947
1572.0 2.2670150045345645
1572.5 0.9307075963428579
1573.0 1.5072042573907904
1573.5 0.22934809960879088
1574.0 1.3489415591930065
1574.5 1.79804047696069
1575.0 2.1491121417160115
1575.5 3.0988052280742746
1576.0 0.4815459209953623
1576.5 3.7163742983587884
1577.0 1.9947934402069398
1577.5 2.302841658016466
1578.0 1.8290369639952386
1578.5 3.042642497853253
1579.0 0.8629985182009294
1579.5 2.5235687651019503
1580.0 1.8491970307210073
1580.5 0.6346394968382366
1581.0 1.2020318777150965
1581.5 1.2329741556211078
1582.0 1.3549649924139138
1582.5 0.44671624417535616
1583.0 0.8803966942027781
1583.5 0.7842740393279402
1584.0 0.7098000962689319
1584.5 0.7087271992674664
1585.0 0.7025036010727057
1585.5 0.730210015173077
1586.0 0.9934950996891131
1586.5 1.7278835919659432
1587.0 1.4067145583283387
1587.5 1.0996110926001583
1588.0 2.228485974251904
1588.5 0.7726495826326716
1589.0 1.4648425329033952
1589.5 1.0276496160266368
1590.0 0.6805640332493225
1590.5 1.1917502020544029
1591.0 0.8196138289585986
1591.5 1.0881808879590706
1592.0 0.8952499579850085
1592.5 1.2531808864302838
1593.0 1.7446708883560538
1593.5 1.5020032673632286
1594.0 2.2001327602947343
1594.5 1.036881083780085
1595.0 0.9678164555606195
1595.5 1.3380814682509996
1596.0 1.0931188044268345
1596.5 2.117258431025367
1597.0 1.5388655013682466
1597.5 0.8241783298109426
1598.0 1.0267026440304223
1598.5 1.4819343950888635
1599.0 1.6070294397623253
1599.5 0.8218002768975448
1600.0 1.2425051379845067
1600.5 1.1933529746245777
1601.0 1.5295041434362124
1601.5 1.294458781310437
1602.0 1.2157969983257002
1602.5 1.4477592976027978
1603.0 1.2124337341665472
1603.5 1.020927647904815
1604.0 1.085546969356837
1604.5 1.5440137498900186
1605.0 0.9945446101041449
1605.5 1.426031269521359
1606.0 1.5346944649432548
1606.5 0.770439516985345
1607.0 0.3557886031604761
1607.5 1.1603918871009307
1608.0 1.7945939406366687
1608.5 3.485889747426765
1609.0 1.9063952973353249
1609.5 1.7768699279312332
1610.0 0.6535048099284466
1610.5 0.6013193949966043
1611.0 2.2158825815251744
1611.5 3.5726166175769896
1612.0 2.191674965360569
1612.5 2.9618457393631132
1613.0 3.562100382913382
1613.5 0.7976722698228804
1614.0 2.491550904649949
1614.5 2.069581109182078
1615.0 3.026056756017591
1615.5 3.3699698474752102
1616.0 3.7680425383481664
1616.5 1.1667619328539978
1617.0 2.503412453688952
1617.5 2.4405041648462884
1618.0 2.132693247887948
1618.5 1.1843457104043587
1619.0 1.618134480679919
1619.5 1.2999547657530752
1620.0 0.8295971790733679
1620.5 0.9258655560531508
1621.0 0.9012819045951155
1621.5 0.4112623193196331
1622.0 0.5335389285063499
1622.5 1.0589755256132105
1623.0 0.9739980760313185
1623.5 0.8816438937204604
1624.0 0.8324028760218982
1624.5 0.7768124233410322
1625.0 0.6960480655087269
1625.5 1.1747331511250505
1626.0 0.5954801022174814
1626.5 0.8783285294789831
1627.0 1.034537797806458
1627.5 1.2490411911749213
1628.0 0.7164028160777236
1628.5 0.6378236757569333
1629.0 0.9619461045959692
1629.5 0.6923558466665143
1630.0 0.9082566064272676
1630.5 1.252763401619982
1631.0 1.1791304729518037
1631.5 0.808109196924381
1632.0 1.0598990026473283
1632.5 0.5327299594967541
1633.0 0.8048575022306221
1633.5 0.7413470949239163
1634.0 0.574681002645385
1634.5 0.9469133097774451
1635.0 0.71884948077385
1635.5 0.5610185042270153
1636.0 0.9721236924951058
1636.5 2.0704772033632226
1637.0 1.8515887422107955
1637.5 1.0650601805418025
1638.0 1.5293237292229074
1638.5 0.4212093034305473
1639.0 0.8464100854219022
1639.5 1.3582535967171743
1640.0 0.6681591246739906
1640.5 1.833163496931661
1641.0 1.3291587985358797
1641.5 1.0422869929922371
1642.0 1.7679764268484883
1642.5 0.8555743292419176
1643.0 0.6745808745552446
1643.5 0.5435023247023525
1644.0 0.5761137477324195
1644.5 0.8671248284512576
1645.0 0.7798439861085307
1645.5 0.8170426982360934
1646.0 0.6104036297448462
1646.5 0.7046299657994559
1647.0 0.5795760798443232
1647.5 0.8166718764105161
1648.0 0.7026312545919302
1648.5 0.5168284529947367
1649.0 0.6887804202582013
1649.5 0.6272291480251377
1650.0 0.5326066296242615
1650.5 1.1114896130370489
1651.0 1.5170683947914592
1651.5 2.5632852049188175
1652.0 2.0846821579335764
1652.5 0.9631742345797266
1653.0 1.1606045050208675
1653.5 1.8792204050377814
1654.0 2.9041533575774006
1654.5 0.6119893214434903
1655.0 1.8818567996981224
1655.5 1.1484706689946607
1656.0 1.3704856017414844
1656.5 1.1139958431842
1657.0 1.0238763267348507
1657.5 1.311207405127837
1658.0 1.1414469527542883
1658.5 0.8522778039021898
1659.0 1.3067990023434044
1659.5 0.4873343845485332
1660.0 2.0660004387716406
1660.5 1.601242291694883
1661.0 1.3969454912899044
1661.5 1.3533938874894371
1662.0 1.3477997406565272
1662.5 1.7173350456049097
1663.0 1.110997414277529
1663.5 1.3539572883540338
1664.0 1.6467832582012258
1664.5 1.9445576728470237
1665.0 1.0009249674444032
1665.5 3.1524868042610428
1666.0 0.6456932129512172
1666.5 0.8089461052804814
1667.0 1.4158582763596002
1667.5 2.0960353726864387
1668.0 2.4042409090964756
1668.5 2.162261278898467
1669.0 1.6789790782408125
1669.5 2.0764614752040345
1670.0 1.8968173402923618
1670.5 2.5968242555678263
1671.0 2.51274740034877
1671.5 1.9860784308382913
1672.0 1.452993663183594
1672.5 2.4717741900503443
1673.0 2.0796506405905415
1673.5 2.67235783834058
1674.0 2.9831701955932015
1674.5 0.90647093794055
1675.0 3.2844500252090882
1675.5 2.1386249596483067
1676.0 2.8604618392931593
1676.5 3.695059425448454
1677.0 2.4902501106513917
1677.5 2.591586818795706
1678.0 1.945814958951678
1678.5 1.8543745441608461
1679.0 2.339838559266015
1679.5 0.7760531181274295
1680.0 1.8127447979509217
1680.5 1.93665918929895
1681.0 1.8158211143333323
1681.5 2.172239256554556
1682.0 1.5803396960953093
1682.5 3.0811693551506503
1683.0 2.2505319636926715
1683.5 2.2232083880953546
1684.0 2.013280197248684
1684.5 1.849312173492604
1685.0 2.0494273450938705
1685.5 3.322787674622905
1686.0 1.5741862629540044
1686.5 2.059943663248092
1687.0 2.581795510505126
1687.5 1.7002457165059726
1688.0 3.6157984692095457
1688.5 2.0673204317432328
1689.0 1.5560582487833976
1689.5 1.0531955011449239
1690.0 1.4404391775345025
1690.5 2.2821665717716453
1691.0 1.1437459952595241
1691.5 0.916746140663417
1692.0 2.2727308735316
1692.5 1.7596327789426094
1693.0 1.2079599199780566
1693.5 2.475874617204444
1694.0 1.240056487215479
1694.5 1.760483966801158
1695.0 1.771088681537799
1695.5 1.388485355171502
1696.0 2.298958531510704
1696.5 1.3142038630571968
1697.0 1.7633359258662202
1697.5 1.0376667659957084
1698.0 1.1407302235661136
1698.5 2.066209337569902
1699.0 0.7256894610750921
1699.5 1.1452832012565177
1700.0 2.0877112531130906
1700.5 1.5778296389696016
1701.0 1.8694461034654148
1701.5 1.5993124008027582
1702.0 2.093634388873079
1702.5 1.0056531603082715
1703.0 1.8099991227154122
1703.5 1.9046821593861394
1704.0 0.7033744715001229
1704.5 1.4300234937937621
1705.0 1.320896609968428
1705.5 2.1669322857686923
1706.0 1.42788921944328
1706.5 1.2618061019330833
1707.0 1.3711915826079881
1707.5 1.0512809939749215
1708.0 1.1172092014479937
1708.5 1.2650027903463053
1709.0 0.9141677044685733
1709.5 0.7268997498700405
1710.0 0.2
1710.5 1.5497677811110009
1711.0 0.9493341145152697
1711.5 0.8058759817601568
1712.0 1.333433465047404
1712.5 1.199121684642694
1713.0 0.8282132749550581
1713.5 0.9129127163530211
1714.0 0.8236405832567368
1714.5 1.3496301729671654
1715.0 1.009605428469536
1715.5 0.8238195538935739
1716.0 0.7625932865551486
1716.5 1.3746766958479875
1717.0 1.7597816899237007
1717.5 1.2105690597380587
1718.0 2.6937481786379096
1718.5 1.3466116437636064
1719.0 2.851839408693925
1719.5 1.3766188457246966
1720.0 2.177036400031797
1720.5 3.3481961165083085
1721.0 1.7237441544389367
1721.5 2.0848543209186
1722.0 1.3397670991805288
1722.5 2.3506540612219666
1723.0 0.9980992540947843
1723.5 1.1139244621102673
1724.0 0.8090540497972318
1724.5 0.7699680360990324
1725.0 1.1497349447340417
1725.5 0.577899258307325
1726.0 0.5149551674396511
1726.5 1.096902728147612
1727.0 0.5639369347095855
1727.5 0.8979605711619001
1728.0 1.2732887855352821
1728.5 2.0663297168089194
1729.0 1.1746354061989206
1729.5 1.459045220866652
1730.0 1.496239138199598
1730.5 1.0415108700456122
1731.0 1.8017119821070346
1731.5 1.712282070035881
1732.0 1.1616474982212937
1732.5 0.357472219231866
1733.0 0.9217452319125705
1733.5 1.6017012532706865
1734.0 0.8538033053043966
1734.5 2.489288330017437
1735.0 2.1058612344253267
1735.5 1.3593951636852246
1736.0 1.7160285439958614
1736.5 1.7196372678161718
1737.0 0.8877828944828008
1737.5 0.941517034653202
1738.0 1.449108989187855
1738.5 0.789106258481745
1739.0 0.9751462167734948
1739.5 1.4316463610888006
1740.0 1.3239505466946133
1740.5 1.390119404504469
1741.0 1.126309906466537
1741.5 1.220102537783877
1742.0 0.9560783717849076
1742.5 1.337863960509427
1743.0 1.4778071887567539
1743.5 0.8100849309472491
1744.0 1.836448750159066
1744.5 2.3579790887373093
1745.0 2.417778368670703
1745.5 2.252025217952653
1746.0 3.3478850129422684
1746.5 1.2156613643360186
1747.0 2.019050116218608
1747.5 2.5180850419466347
1748.0 4.042482412827893
1748.5 2.9114760146122545
1749.0 2.010199437657406
1749.5 3.1126159608136184
1750.0 2.572316283669826
1750.5 1.7729942741372282
1751.0 1.6365343055579722
1751.5 3.0892096683815833
1752.0 2.1920514043951735
1752.5 2.8315239772227763
1753.0 1.7271118845671893
1753.5 1.4817137137380665
1754.0 2.295960782704511
1754.5 2.651054280826019
1755.0 4.181374951176053
1755.5 4.021235143587422
1756.0 2.756594694580687
1756.5 1.2826508447261749
1757.0 1.6455538861234476
1757.5 1.0536816994768974
1758.0 2.79448066617522
1758.5 2.5476088996011628
1759.0 2.4300495635690753
1759.5 1.343160258710968
1760.0 1.8522345979821853
1760.5 1.8178473470305874
1761.0 0.9756178925022938
1761.5 2.7217924944457255
1762.0 2.4430201037508197
1762.5 3.161314392376976
1763.0 2.1174906378984155
1763.5 1.2172120228233776
1764.0 3.260358408695052
1764.5 0.9641789823046376
1765.0 2.4925725148843116
1765.5 1.8918201332311724
1766.0 1.5511577306700692
1766.5 2.6784178285154
1767.0 1.050794813779121
1767.5 2.62067828600315
1768.0 3.134163974794631
1768.5 1.4928137612868566
1769.0 2.3986211085960294
1769.5 1.0829095104356867
1770.0 2.5226730612066257
1770.5 2.005796529125551
1771.0 3.736511635897208
1771.5 1.643675832070251
1772.0 1.1484364085745358
1772.5 0.69148100155477
1773.0 0.5335311338881199
1773.5 0.7921472798889925
1774.0 0.9384488252137121
1774.5 1.0271947908416301
1775.0 0.671697953670614
1775.5 0.7651910956823991
1776.0 1.3490974970016312
1776.5 2.287330175854728
1777.0 1.245878929150403
1777.5 2.8555183608188237
1778.0 3.0912941232119318
1778.5 1.2874732736081396
1779.0 2.8789318306067946
1779.5 1.2030104599863507
1780.0 1.118234563689398
1780.5 1.1301065986133465
1781.0 0.842649521316533
1781.5 1.0972309010844499
1782.0 2.1580832869601445
1782.5 2.0017445290479223
1783.0 2.5416377717081464
1783.5 2.8419819141730653
1784.0 1.8481729470439023
1784.5 1.9578298025173013
1785.0 0.79308290199787
1785.5 1.4623202590854665
1786.0 1.7772527485744618
1786.5 1.9099516743505713
1787.0 1.8494187748526725
1787.5 1.5970234034456752
1788.0 1.1742416789889631
1788.5 2.3956800877463227
1789.0 1.89676481232194
1789.5 1.4304048416101358
1790.0 1.9801922490341126
1790.5 1.7386116781853949
1791.0 1.7773389387437213
1791.5 1.534542490332064
1792.0 1.3195564082180518
1792.5 1.6813089346085484
1793.0 0.7054157549855402
1793.5 0.6742256162548266
1794.0 0.684908273635638
1794.5 0.7461760785554377
1795.0 0.8483651790110232
1795.5 0.621467507064984
1796.0 0.7756384222055008
1796.5 0.774837148601973
1797.0 0.6916617049996912
1797.5 0.8568811157543423
1798.0 0.6579074639401282
1798.5 0.5145086630106215
1799.0 0.8185170366807479
1799.5 0.6680759570570405