2400.0 1.1618062349271165
2400.5 2.6452061967800153
2401.0 1.6934771718366635
2401.5 1.7847441502656967
2402.0 1.3883698915182707
2402.5 1.4120291177686093
2403.0 1.7108517991300003
2403.5 1.9638257876310632
2404.0 1.73956727215841
2404.5 1.4945615060432837
2405.0 1.6749300120864532
2405.5 1.128209273720517
2406.0 2.053678884434083
2406.5 1.8102935049538569
2407.0 1.2379409322351307
2407.5 1.7550581105030827
2408.0 1.365610917774101
2408.5 0.7975904780306742
2409.0 1.740076849875208
2409.5 1.8239422697083825
2410.0 0.5101024908389205
2410.5 1.6141127158319724
2411.0 3.607595645314745
2411.5 2.9142304198863958
2412.0 3.0588248209217808
2412.5 1.204239303407379
2413.0 2.8078668547932217
2413.5 0.35203101279350135
2414.0 1.888481017059022
2414.5 1.680063051582244
2415.0 3.9169536130836193
2415.5 3.264591691474336
2416.0 3.3593231214444703
2416.5 0.3052229457544062
2417.0 1.791208406481184
2417.5 1.9295415906823017
2418.0 1.8855940148636323
2418.5 2.7125439915308402
2419.0 4.0570027012142065
2419.5 1.800222371333834
2420.0 1.7624684646634021
2420.5 2.1544495271337842
2421.0 1.3561517060543005
2421.5 2.0699888268814943
2422.0 2.416917379923448
2422.5 3.6495625663042137
2423.0 0.7271321194479805
2423.5 2.340577424460552
2424.0 2.5877900618234264
2424.5 2.2183662046449526
2425.0 1.5684102650959475
2425.5 2.8570211419488727
2426.0 3.238503776949697
2426.5 1.3950480089722652
2427.0 3.2441173661309906
2427.5 2.602539905730031
2428.0 2.4562265174193434
2428.5 2.3835165401227147
2429.0 2.9588750254781617
2429.5 1.1669511682654907
2430.0 3.273171874321736
2430.5 3.735989162948612
2431.0 2.554844382869386
2431.5 1.9705191426454438
2432.0 3.5047742005469185
2432.5 3.529865313978324
2433.0 2.4740384304593275
2433.5 4.248290453659644
2434.0 1.9685511686117372
2434.5 2.2486259748764
2435.0 3.7817654738188695
2435.5 3.15466493248049
2436.0 1.1289601163028504
2436.5 0.6622234586514731
2437.0 1.3278848582101976
2437.5 1.6481725534926432
2438.0 1.1337197880139567
2438.5 1.7702840832454716
2439.0 2.0877746987910903
2439.5 1.0463849836514822
2440.0 1.107341152846475
2440.5 1.2925510249733345
2441.0 2.122732009410573
2441.5 1.5648599909320162
2442.0 1.536575097324435
2442.5 0.828616154037316
2443.0 1.2440822115198786
2443.5 3.474478558645739
2444.0 2.7347145127837087
2444.5 1.7234476809206223
2445.0 2.6266067923971965
2445.5 2.122880833611818
2446.0 4.197161730350576
2446.5 1.1733731970091748
2447.0 3.4341468745007147
2447.5 1.7479558295793136
2448.0 2.3081212772400774
2448.5 1.8425700183385287
2449.0 3.249276085808876
2449.5 2.8060876610497147
2450.0 0.886688304812957
2450.5 2.1192840692944417
2451.0 3.215362618631344
2451.5 0.7567645353853707
2452.0 0.4251089570018036
2452.5 1.2684416394143425
2453.0 2.961324006588261
2453.5 1.1992791120956205
2454.0 0.9133122458159066
2454.5 1.5650264859492853
2455.0 1.9795707290469924
2455.5 2.2896806445335995
2456.0 1.70820342844272
2456.5 2.4200267545152627
2457.0 1.988179976891454
2457.5 1.4669034693461533
2458.0 1.0190205335657163
2458.5 1.400203284192961
2459.0 1.94568066966438
2459.5 1.4142880850538826
2460.0 0.8030984240197022
2460.5 1.2873594116448357
2461.0 0.4862346309335672
2461.5 1.1514220514458866
2462.0 1.0431166287111029
2462.5 1.2288279861138531
2463.0 1.0227359936472
2463.5 1.4789050551149892
2464.0 0.8929844537530089
2464.5 0.8770443233313732
2465.0 0.9086587782925184
2465.5 1.0505727932689493
2466.0 1.1256425159778898
2466.5 1.0502664306275928
2467.0 0.6098118089753205
2467.5 0.7189864814590912
2468.0 1.3497441290181147
2468.5 1.0233570286856897
2469.0 1.7155320899715123
2469.5 1.2277536385447707
2470.0 1.8722880058099036
2470.5 2.8756587430500913
2471.0 2.008567015335547
2471.5 1.8711240683519386
2472.0 2.18267076645082
2472.5 2.1568982041402744
2473.0 1.894221426279897
2473.5 1.6072152319964486
2474.0 2.9919041032117697
2474.5 1.1891386811312756
2475.0 2.5052169412783454
2475.5 2.4474908127027173
2476.0 0.6342299952775337
2476.5 3.0139282254206563
2477.0 2.986565744570987
2477.5 2.902669296859285
2478.0 3.1565302163657916
2478.5 1.7556679969706255
2479.0 2.08517180379839
2479.5 2.8536018918881494
2480.0 2.174120489680948
2480.5 1.7249885548473662
2481.0 3.875614290109641
2481.5 1.9474214951293867
2482.0 1.9105554552042452
2482.5 2.6537333526465883
2483.0 0.9091729576150336
2483.5 1.400906142817894
2484.0 3.026506345473722
2484.5 2.9882460235176582
2485.0 1.6826206323894684
2485.5 0.8111404393775035
2486.0 2.8976982610354547
2486.5 1.1779602983795492
2487.0 2.7736157474879657
2487.5 1.401892518564645
2488.0 2.4793903930049552
2488.5 1.8171343127744444
2489.0 2.9207749243492334
2489.5 3.2520108648223505
2490.0 2.003295230322799
2490.5 2.4589701590184867
2491.0 3.247133708703679
2491.5 3.991893016622623
2492.0 2.070495604064538
2492.5 0.8937587549291968
2493.0 2.5179059544936746
2493.5 2.314441307083826
2494.0 0.2
2494.5 2.8375002238114146
2495.0 3.1030325733219795
2495.5 1.5298870618770521
2496.0 1.2594222149304437
2496.5 2.72598358413468
2497.0 1.7451684932202953
2497.5 0.8331355103419023
2498.0 2.170684396470782
2498.5 1.595706246882667
2499.0 1.4849952781283788
2499.5 2.3209852281365193
2500.0 1.8616109810040822
2500.5 2.2678359234410292
2501.0 2.4764261174052535
2501.5 1.9239629655827064
2502.0 1.4355397954506341
2502.5 2.005753237041821
2503.0 1.691034466814442
2503.5 1.5553629506286195
2504.0 1.5482421458744196
2504.5 1.5020218098015248
2505.0 1.9008603575135785
2505.5 1.325834530859718
2506.0 2.151937890900995
2506.5 1.8496635012275826
2507.0 1.3675052173362083
2507.5 1.3231313558509759
2508.0 1.897515863585089
2508.5 3.1242749989270595
2509.0 1.2764527044739253
2509.5 1.8167558480084316
2510.0 2.5661605164245116
2510.5 1.5195318801346511
2511.0 2.3840767582914837
2511.5 0.6552429380088369
2512.0 1.9624232434984392
2512.5 2.293726406690399
2513.0 2.8506442096642584
2513.5 2.9478953181612577
2514.0 1.2969846363180166
2514.5 0.5118024686681447
2515.0 1.044546536611878
2515.5 0.7049064641298146
2516.0 1.1894455602822194
2516.5 1.1240232426421262
2517.0 0.9778782684246817
2517.5 1.0383804626610793
2518.0 2.1508349312139745
2518.5 3.3607446262559897
2519.0 1.6920754561352898
2519.5 2.0993591849141695
2520.0 1.7930584723716327
2520.5 3.107774868819832
2521.0 2.1928895446203027
2521.5 2.380541858620644
2522.0 2.2301759051779344
2522.5 3.0609121506681394
2523.0 1.5242735544128299
2523.5 1.6673270460930572
2524.0 1.7897209290844955
2524.5 1.3846549241169468
2525.0 2.1611538027753445
2525.5 0.9222698312081756
2526.0 1.792570107530454
2526.5 1.1352541158898655
2527.0 2.106669755895447
2527.5 1.2308231636786813
2528.0 1.8541454373011583
2528.5 1.7854312981983362
2529.0 0.9357920880597599
2529.5 1.6416794641803203
2530.0 1.2871788967962774
2530.5 1.2672102433985994
2531.0 1.6613455019984942
2531.5 1.4023899613617448
2532.0 1.6356833444707044
2532.5 1.7257619122776942
2533.0 1.516539036017877
2533.5 2.0544014749976194
2534.0 1.1053993950407701
2534.5 1.4047648170305833
2535.0 0.8335853064014928
2535.5 1.6467034962460363
2536.0 1.2931151445118165
2536.5 1.043069086744489
2537.0 2.057538631787245
2537.5 1.3745366081673112
2538.0 2.0309342695672865
2538.5 0.9711436496794392
2539.0 1.1369707837367191
2539.5 1.7479408992304428
2540.0 0.8450062025012772
2540.5 1.2684629824652922
2541.0 1.9250767871410899
2541.5 2.1479322485308847
2542.0 1.1933328138624306
2542.5 1.2816733320916907
2543.0 1.5947198670396263
2543.5 1.439469881188325
2544.0 1.1423671664189299
2544.5 0.8820141873909415
2545.0 0.4082554854446878
2545.5 1.1739719134078854
2546.0 2.019678985627735
2546.5 2.0325956748711143
2547.0 1.8619495456785369
2547.5 1.0822850988090342
2548.0 0.9534274076944378
2548.5 1.9890312869834144
2549.0 1.3289831978365263
2549.5 1.4320220980019416
2550.0 1.4320026774431167
2550.5 1.2514376873279034
2551.0 2.001646402693719
2551.5 2.5549756904764713
2552.0 2.538368747690645
2552.5 0.46211564951296213
2553.0 1.8414808693126605
2553.5 2.1824595761311363
2554.0 3.408053441235195
2554.5 2.8066509634213874
2555.0 2.3739751819884143
2555.5 3.127780142894042
2556.0 2.472599179302494
2556.5 1.5631612780485162
2557.0 1.2142634373485728
2557.5 1.3411964849936586
2558.0 2.4194621602935307
2558.5 2.1393828476543106
2559.0 1.195042806276406
2559.5 2.6161399435897383
2560.0 1.558675115773441
2560.5 1.8723629168941558
2561.0 0.7834037405005869
2561.5 1.939909608030021
2562.0 2.655352691923534
2562.5 1.1133471858217958
2563.0 2.159854515160692
2563.5 1.4274224395938675
2564.0 1.0428880615136147
2564.5 2.1592585493140417
2565.0 3.806743389320654
2565.5 1.1291251098196962
2566.0 2.3147784012867367
2566.5 1.5120548858589764
2567.0 2.1805283546981165
2567.5 1.1928342344024196
2568.0 1.1618598216194371
2568.5 1.3980019624081619
2569.0 1.491034542977223
2569.5 1.8350075551228051
2570.0 0.9723795967073985
2570.5 1.2475172088443054
2571.0 1.782923867262259
2571.5 1.2662989196596155
2572.0 2.108360292585034
2572.5 1.0310063417949886
2573.0 1.3007671380542418
2573.5 1.623006466991493
2574.0 0.8199466072251232
2574.5 1.1362025811675978
2575.0 0.6608618865428263
2575.5 1.8411293177754255
2576.0 1.3152477763039834
2576.5 1.0829917045725277
2577.0 2.3219396488594786
2577.5 2.159639331490168
2578.0 0.8982602160144975
2578.5 2.280315092630469
2579.0 1.2234360898161138
2579.5 1.6469431319467158
2580.0 0.9708298056258196
2580.5 1.0807584396240688
2581.0 1.369933427694964
2581.5 0.7117847233569361
2582.0 0.7148158845813241
2582.5 1.5120979538955366
2583.0 1.3340012851835577
2583.5 0.6165164266179401
2584.0 1.1765890223839703
2584.5 1.7521551606442494
2585.0 1.225737734633189
2585.5 1.6373237684501598
2586.0 1.5085741239258965
2586.5 2.26133983598912
2587.0 1.653727389588038
2587.5 0.731048463946581
2588.0 2.1253844926159355
2588.5 1.7187073003909363
2589.0 1.647262009230365
2589.5 1.3986034448306754
2590.0 1.579222439080949
2590.5 1.6007135722122903
2591.0 1.654784221074113
2591.5 1.6573158699519612
2592.0 2.492575793965268
2592.5 1.2039505787971616
2593.0 1.8779100940648483
2593.5 1.9270958311361555
2594.0 1.4113147118191183
2594.5 1.4958428717310177
2595.0 1.8612361602854022
2595.5 0.7518533232890241
2596.0 1.0959881620361487
2596.5 1.7462460826639425
2597.0 4.226675869379009
2597.5 1.5490485018784537
2598.0 3.2709274090707265
2598.5 0.7530105292585634
2599.0 1.0688782784668491
2599.5 1.011123569084161
2600.0 1.2550714887674816
2600.5 0.9927005847589859
2601.0 1.5606536118368197
2601.5 0.7017613817552577
2602.0 1.086507366888108
2602.5 1.0441379695395405
2603.0 1.4492132758899525
2603.5 0.9201840282369074
2604.0 1.3478604301259012
2604.5 1.2777492845550074
2605.0 0.437704424358625
2605.5 0.8792903780435852
2606.0 0.9882348924376263
2606.5 0.8509429450831112
2607.0 1.4938325029995756
2607.5 2.5986663484147394
2608.0 4.275320164768695
2608.5 2.8896131292122944
2609.0 1.123152107865104
2609.5 1.1136407227209189
2610.0 1.136074410219594
2610.5 0.9064022501461666
2611.0 0.9199973584994692
2611.5 1.0883272540306896
2612.0 0.7782121276803043
2612.5 0.957728473670204
2613.0 0.9559289263958927
2613.5 0.9044411364871925
2614.0 1.6260196274653143
2614.5 1.166267014502598
2615.0 2.2185843594682635
2615.5 1.4183543540373802
2616.0 0.6560074382090644
2616.5 0.6794825460270604
2617.0 0.8561386724586841
2617.5 0.7804375772773753
2618.0 1.6554374542636723
2618.5 1.1379480963931885
2619.0 0.8661792136819565
2619.5 1.1958375775239227
2620.0 1.4718673311151895
2620.5 0.9996209695316725
2621.0 1.6427590473443117
2621.5 1.6279625444730434
2622.0 2.5689754019492237
2622.5 1.3767411062522508
2623.0 2.417986858412192
2623.5 1.5384340334955406
2624.0 1.781573068584757
2624.5 2.4036853888300858
2625.0 3.5293821723057777
2625.5 3.467201256868462
2626.0 3.034172240935858
2626.5 0.9614376540954073
2627.0 1.0628585039776879
2627.5 1.0949676356857336
2628.0 1.3335529692928427
2628.5 0.9410893930349378
2629.0 1.2444943442680483
2629.5 1.097683788787209
2630.0 1.443697617907686
2630.5 1.1358055699604157
2631.0 0.9646704028311803
2631.5 0.7798948941737776
2632.0 1.2769054843422407
2632.5 0.8330380605315258
2633.0 0.8701012641251284
2633.5 1.0170538009588852
2634.0 0.6436246033167216
2634.5 0.9761475796344958
2635.0 0.9522085247976977
2635.5 1.2430676533348928
2636.0 1.7577526447383607
2636.5 4.0581891521986755
2637.0 1.6469277575677583
2637.5 1.7468264332539976
2638.0 2.925563445460077
2638.5 2.000618902993863
2639.0 2.1623668019218805
2639.5 2.5591390574806785
2640.0 0.8817829750170132
2640.5 0.9426306829181066
2641.0 0.9232725736731613
2641.5 1.0981164306703302
2642.0 0.9355705157984681
2642.5 0.8555061756727853
2643.0 0.9452515898372458
2643.5 0.6608809058568597
2644.0 0.3906560922236124
2644.5 1.1836410367383836
2645.0 0.6730702999467615
2645.5 0.6150548415015138
2646.0 0.7511994871071684
2646.5 1.0295186603903692
2647.0 0.8804211792490835
2647.5 1.4329254205147692
2648.0 1.11678328008158
2648.5 0.8606652226450601
2649.0 0.6634057398081725
2649.5 1.1223666501894276
2650.0 0.8729916272271077
2650.5 0.9263747095612405
2651.0 1.240462478138196
2651.5 1.0891739178412043
2652.0 3.0273761868223117
2652.5 1.6698499185963631
2653.0 2.7398434019828546
2653.5 2.1805812565435416
2654.0 2.1485854600482677
2654.5 1.837149072075322
2655.0 3.857420677693097
2655.5 1.653619712212465
2656.0 1.3941164799481855
2656.5 0.502557735877696
2657.0 2.069176920906852
2657.5 2.061659143075137
2658.0 2.354528669450848
2658.5 2.881163902881613
2659.0 2.8120917971151984
2659.5 2.5681911082928406
2660.0 0.2947900966556387
2660.5 1.1239809526015505
2661.0 1.3502418922097421
2661.5 1.6962561031179013
2662.0 0.8961365705094467
2662.5 1.6326352923166594
2663.0 1.1921115997344032
2663.5 2.3849278830861906
2664.0 3.6213944491144154
2664.5 3.220188491330776
2665.0 1.8997825807977067
2665.5 3.615847176910344
2666.0 2.257222232347307
2666.5 2.9640487215044335
2667.0 1.732269586842765
2667.5 1.9620529224058545
2668.0 2.1236396093861427
2668.5 1.4184426122577647
2669.0 3.1597744116263113
2669.5 1.861936899735751
2670.0 2.1012830934874884
2670.5 2.6365699031644265
2671.0 3.097304697724407
2671.5 2.3415941184440188
2672.0 1.7176897341265889
2672.5 1.5762459404997884
2673.0 3.1265078751967956
2673.5 1.6680238784442123
2674.0 0.5295220791982352
2674.5 1.668651289396361
2675.0 2.3562384653191266
2675.5 2.582768806921418
2676.0 1.4085076639531557
2676.5 2.3376555130466015
2677.0 1.646348427459755
2677.5 1.4733840431968601
2678.0 1.4902453091513457
2678.5 1.4642645713341431
2679.0 0.7712327224899939
2679.5 2.2511464060932176
2680.0 1.6904391151910643
2680.5 1.1055478446964326
2681.0 1.3833347166728305
2681.5 2.459858956325629
2682.0 1.4139362082507647
2682.5 1.2473326119947092
2683.0 1.735980814911859
2683.5 1.974494354662653
2684.0 2.3371906378201377
2684.5 1.6975832465827767
2685.0 1.7826294918704373
2685.5 2.051108384082637
2686.0 2.458865432942288
2686.5 2.197941715613438
2687.0 2.6987028198484384
2687.5 1.6419067631628859
2688.0 1.0369567138867917
2688.5 2.140139370252596
2689.0 1.3796073255161314
2689.5 3.6754688131796067
2690.0 1.9915614454990007
2690.5 2.527042423500124
2691.0 3.7988256190778666
2691.5 3.2414396781553885
2692.0 1.750421656122119
2692.5 1.86173273023085
2693.0 2.1715952788180557
2693.5 1.740588980281426
2694.0 2.5728943486510305
2694.5 3.700748950609517
2695.0 1.9466124910604115
2695.5 2.753081551015116
2696.0 1.570691632171313
2696.5 2.1837279890108885
2697.0 2.968988007365367
2697.5 3.5097988362444017
2698.0 4.173369165176341
2698.5 2.092487830534195
2699.0 2.5841289917649397
2699.5 3.484662058729622