2400.0 1.4183662446931211
2400.5 1.7750518995709994
2401.0 2.0262547439381366
2401.5 1.5321592034251692
2402.0 0.805557577701028
2402.5 1.020787065684221
2403.0 0.8432116696003353
2403.5 0.7230127495172967
2404.0 0.6279343171970432
2404.5 0.8937753189028639
2405.0 0.8265545407770059
2405.5 0.7044586818488414
2406.0 0.6171425298886257
2406.5 0.5031151826665807
2407.0 0.7744475240204489
2407.5 0.7237753218140659
2408.0 0.6682043186325761
2408.5 0.5922793923516252
2409.0 0.6055923531710352
2409.5 0.6622765577338364
2410.0 0.645341224086413
2410.5 0.6473994862027053
2411.0 0.9157108362575077
2411.5 0.6496857438353781
2412.0 0.6468061901666013
2412.5 0.7025684745375098
2413.0 0.5923341340841788
2413.5 0.6120228738011936
2414.0 0.9406649634506046
2414.5 0.6582285855589655
2415.0 0.4826971425822009
2415.5 0.6876788943568439
2416.0 0.6867301062441775
2416.5 0.8236544893388822
2417.0 0.800197793974305
2417.5 0.7019360427025927
2418.0 0.6761172311790862
2418.5 0.9786114350392805
2419.0 0.5609479996548841
2419.5 0.749320030262314
2420.0 0.7092502894639823
2420.5 0.6348317437246791
2421.0 0.7691468415509868
2421.5 0.6818444735722555
2422.0 0.6183684992635654
2422.5 0.7188745848416402
2423.0 0.6730988131593532
2423.5 0.5854927205886657
2424.0 0.6348585148796847
2424.5 0.7421452567036746
2425.0 0.7046289646828314
2425.5 0.7096645261732246
2426.0 0.668821462141885
2426.5 0.5922009192885196
2427.0 0.6615113858456232
2427.5 0.6596743740523767
2428.0 0.842086499235885
2428.5 0.595654389018377
2429.0 0.5403822985775888
2429.5 0.755907807537539
2430.0 0.6362689584081778
2430.5 0.5052902818447262
2431.0 2.3936497305085105
2431.5 1.6741736087048067
2432.0 1.884069553249302
2432.5 2.326369944052213
2433.0 1.4768860992172692
2433.5 0.7255048390264511
2434.0 0.8312778186921701
2434.5 0.6692336606220366
2435.0 0.5811920569644642
2435.5 0.6405060726220886
2436.0 0.7635357404191387
2436.5 0.5158188892381776
2437.0 0.7954258413878204
2437.5 0.756314829329084
2438.0 0.7572777373168544
2438.5 0.6545198421759024
2439.0 0.6602745024887784
2439.5 0.8038838290079044
2440.0 0.46852185374248506
2440.5 0.5467717851230478
2441.0 0.5522945092119027
2441.5 0.821869570392656
2442.0 0.5515034085581618
2442.5 1.7663127062036852
2443.0 1.0098541076710439
2443.5 1.9725924260899785
2444.0 1.0816178961929293
2444.5 0.9557585300477848
2445.0 0.8556779596922692
2445.5 2.1343556980528158
2446.0 0.8647247313301958
2446.5 1.1523352012788886
2447.0 1.8912145750858684
2447.5 1.7855883235875547
2448.0 1.8574749883674435
2448.5 1.1608085149682514
2449.0 1.1620725931099476
2449.5 0.2
2450.0 1.6700882807104036
2450.5 1.2457457521977249
2451.0 1.0749230278984778
2451.5 2.020739064337698
2452.0 2.077150830994869
2452.5 1.1729169131633377
2453.0 1.7189509581303146
2453.5 0.9507257471917948
2454.0 0.9740059888527617
2454.5 1.197544088094074
2455.0 0.9852007315592564
2455.5 1.1257392573631533
2456.0 1.6916435469438091
2456.5 1.26232868810966
2457.0 1.0876958131138017
2457.5 1.7371443779586953
2458.0 1.3561501625132175
2458.5 1.0600568772650025
2459.0 0.8534928566510849
2459.5 2.748309683041564
2460.0 1.4629706167526881
2460.5 2.220811083982014
2461.0 1.5334461291050436
2461.5 1.6064397730008693
2462.0 1.1081977173206123
2462.5 1.1954102892661247
2463.0 0.2
2463.5 1.583693538861164
2464.0 1.9511479582591311
2464.5 1.7172619623988168
2465.0 1.47269072964898
2465.5 2.811106883090843
2466.0 1.9568568926296894
2466.5 0.592524892458121
2467.0 1.8266945168913609
2467.5 3.6958354652968186
2468.0 2.2721712496105035
2468.5 2.209171993193538
2469.0 2.4711997657644535
2469.5 2.0242432545262794
2470.0 2.1160567652476905
2470.5 1.8510263241702345
2471.0 2.271498461667211
2471.5 2.206162034485973
2472.0 2.992267055043534
2472.5 1.6815152549769778
2473.0 1.4063954474092275
2473.5 2.322407188613197
2474.0 1.5592582172102105
2474.5 2.49723317944711
2475.0 1.606313381719549
2475.5 1.260836525414964
2476.0 1.6919240045953279
2476.5 1.4877617017595157
2477.0 2.697099729285055
2477.5 2.071010539878234
2478.0 0.4370523194859839
2478.5 2.105485505193252
2479.0 2.308924777355203
2479.5 1.912105651407224
2480.0 1.3678503198034133
2480.5 1.4021192575173607
2481.0 0.999761340317047
2481.5 1.4217339246930694
2482.0 1.462382105042462
2482.5 0.44180030088126454
2483.0 1.9735025181898054
2483.5 1.366237308706761
2484.0 2.055372053065403
2484.5 2.271666857814284
2485.0 1.5569972381108639
2485.5 1.3465846602221723
2486.0 2.3691663476575275
2486.5 0.8112641120564931
2487.0 2.8388242356406126
2487.5 1.574763410446911
2488.0 2.6283341177331287
2488.5 1.4919059133621486
2489.0 2.9894618839440628
2489.5 1.5586565194361923
2490.0 2.714403780337258
2490.5 2.5587750020058206
2491.0 2.069116745591396
2491.5 2.6133867131799935
2492.0 2.6941044193568455
2492.5 3.137721471151494
2493.0 0.5714153053239439
2493.5 1.8370349498626253
2494.0 2.747990442235176
2494.5 2.513555058248245
2495.0 3.539927594129261
2495.5 3.8453486429648613
2496.0 1.988144053959777
2496.5 1.739472885058311
2497.0 2.799426567860328
2497.5 0.84634295593333
2498.0 4.785742870379908
2498.5 2.4010604586024646
2499.0 0.8522622764032382
2499.5 1.7378892502012186
2500.0 1.297414993042918
2500.5 1.5277838640541468
2501.0 3.0972345928233556
2501.5 1.7545394274348873
2502.0 2.6541198177090446
2502.5 2.362385451076101
2503.0 2.121297961800383
2503.5 1.7108942844704778
2504.0 1.9978916003286606
2504.5 2.615639738382772
2505.0 2.421252574404141
2505.5 1.7893264325030693
2506.0 1.386009797644968
2506.5 1.569426150065702
2507.0 1.0186225377135507
2507.5 1.2946908052126664
2508.0 1.8442360401554592
2508.5 1.2281902871038302
2509.0 1.4890210614392854
2509.5 1.6134212857353516
2510.0 2.0304516375885058
2510.5 2.1933684124947455
2511.0 1.9251287535891075
2511.5 1.4162977304264832
2512.0 2.6389934537850506
2512.5 2.240800183116056
2513.0 1.1408244889852395
2513.5 1.8627899827331322
2514.0 1.2869112238143634
2514.5 2.5159600335377865
2515.0 1.0018719238777365
2515.5 2.0523764769988935
2516.0 2.3180493084831206
2516.5 1.8623113843068793
2517.0 1.8854922080837129
2517.5 3.0084469237610842
2518.0 1.0488239116535278
2518.5 2.767776018151422
2519.0 1.1255273282714668
2519.5 0.9890346610862241
2520.0 1.0269885492788262
2520.5 1.213816893015935
2521.0 0.7108367356703086
2521.5 1.4609719033301931
2522.0 0.6360881018623148
2522.5 1.3697801779749836
2523.0 1.699104177362429
2523.5 0.9262380505545525
2524.0 1.0969210659050608
2524.5 0.7060455075180226
2525.0 1.3093231319375696
2525.5 1.2485486803386379
2526.0 2.9892385232917214
2526.5 1.2815416684320864
2527.0 1.495265559675204
2527.5 1.7179980161982247
2528.0 1.2789506420977457
2528.5 1.9250986118850437
2529.0 1.4160010550518425
2529.5 1.5884845820968931
2530.0 1.804763823159424
2530.5 0.9424602621920677
2531.0 0.4967302783989136
2531.5 1.3194482335268793
2532.0 0.969165890648988
2532.5 1.9424304573198317
2533.0 2.0940542081828077
2533.5 1.6552528679310319
2534.0 1.7933339947511089
2534.5 2.4932825485321626
2535.0 1.779209763606544
2535.5 2.8466257621791717
2536.0 2.3418114682991567
2536.5 1.8148744356681692
2537.0 3.168761252579153
2537.5 1.1537652056606738
2538.0 2.384170113999046
2538.5 1.7560226766824354
2539.0 1.4456019918345913
2539.5 1.3195834655443146
2540.0 1.6387233613662646
2540.5 0.9620647080963215
2541.0 1.7369506709599372
2541.5 1.9273269908259214
2542.0 1.4900414031682092
2542.5 1.4837370867098487
2543.0 1.5446245974726285
2543.5 1.440817608901986
2544.0 0.8819456865497508
2544.5 0.7186929715689742
2545.0 1.3180129414932114
2545.5 1.6762034642409467
2546.0 0.9936783608804621
2546.5 0.6758635022112462
2547.0 1.405053150177209
2547.5 1.4807138827717028
2548.0 0.8122058455692273
2548.5 1.2433990276066065
2549.0 0.9762629815847488
2549.5 0.8673614342098244
2550.0 1.4617963308830273
2550.5 1.352300710689915
2551.0 1.5188645255877993
2551.5 1.1830826032935784
2552.0 0.679758444949955
2552.5 1.098760907119754
2553.0 0.5515388739673208
2553.5 0.9980477328220982
2554.0 1.396525902598678
2554.5 1.2132955610368699
2555.0 1.3967894332998156
2555.5 1.1869128500017059
2556.0 2.268597949145403
2556.5 0.7399708936266819
2557.0 1.810652213737854
2557.5 1.5424484598733295
2558.0 1.9722131824727274
2558.5 1.2769277656417752
2559.0 2.6854684328967684
2559.5 2.261370784334754
2560.0 2.5749335504028754
2560.5 1.7537727088509434
2561.0 2.1887402361203745
2561.5 1.206219590820772
2562.0 1.1901782015020461
2562.5 1.5992845358091026
2563.0 2.2834139972447463
2563.5 2.071037032864289
2564.0 1.1612929480740823
2564.5 1.0580488221142343
2565.0 1.647849657005641
2565.5 2.0625654680934367
2566.0 0.976126148649896
2566.5 1.638256788249202
2567.0 1.7885228755621416
2567.5 1.9769027485666137
2568.0 2.090265633173331
2568.5 1.735149001938536
2569.0 1.7484217542772407
2569.5 1.0098572052105794
2570.0 1.5231335791543967
2570.5 1.6373032274264974
2571.0 2.0138641131796313
2571.5 1.1159695420270854
2572.0 1.8441038909490712
2572.5 1.4793649080973468
2573.0 2.63430675753066
2573.5 1.5280980553370187
2574.0 1.627510767640131
2574.5 0.9439517469884627
2575.0 1.5548871079199036
2575.5 3.107595525500031
2576.0 0.3455610674526557
2576.5 1.0154000580386453
2577.0 2.5820406202750648
2577.5 2.2516601189948395
2578.0 2.7470329253893153
2578.5 3.002870310208806
2579.0 1.738903871988055
2579.5 2.4098830196714403
2580.0 2.4115368430488244
2580.5 1.305083983330387
2581.0 2.0958808296347815
2581.5 0.887457716395021
2582.0 1.6003698941910312
2582.5 1.5671665918845257
2583.0 1.664241971840608
2583.5 1.0949824538653736
2584.0 1.2108568425398554
2584.5 1.2547432201702886
2585.0 2.0046170330930906
2585.5 2.4714036679241587
2586.0 1.3063821020653126
2586.5 1.4944962268092143
2587.0 2.1087592439133624
2587.5 1.574143175251833
2588.0 1.5379703795818669
2588.5 2.2416296571088155
2589.0 0.8259852739779343
2589.5 3.6363449861772557
2590.0 2.5698098663328093
2590.5 0.8771990412289723
2591.0 0.812969312406784
2591.5 1.8850651048215328
2592.0 1.352517741194085
2592.5 1.5430586812238605
2593.0 1.464122214259176
2593.5 1.8254516481125784
2594.0 2.574617802281538
2594.5 2.805463079293818
2595.0 1.9397510113000154
2595.5 3.063266281360797
2596.0 1.4594845468713515
2596.5 1.2188817525206268
2597.0 1.4656963611149112
2597.5 2.1148089644317896
2598.0 2.2337226177942657
2598.5 2.5801923457614877
2599.0 0.7936711799990847
2599.5 2.200417355556869
2600.0 0.837927754029298
2600.5 0.7258347673554227
2601.0 1.0554780228213323
2601.5 0.9277972273521864
2602.0 0.7330863860023753
2602.5 0.5808774094786469
2603.0 0.6619383424384311
2603.5 0.7663701507656573
2604.0 0.7346927121340119
2604.5 0.6258693324999463
2605.0 0.8285643305151986
2605.5 0.8216797538520186
2606.0 0.8254613788100249
2606.5 0.7508088323146225
2607.0 0.5822151732732472
2607.5 0.6388779756919055
2608.0 0.8192019733263431
2608.5 0.8257738455590768
2609.0 0.6954496922158656
2609.5 0.36966336166093483
2610.0 1.2352095907736127
2610.5 1.0894127079327771
2611.0 0.6901956695360404
2611.5 1.0905385662264324
2612.0 1.9365683141743626
2612.5 1.6323879429807777
2613.0 0.8782689022537398
2613.5 1.360494212143303
2614.0 1.3863546419924286
2614.5 2.038343333345754
2615.0 0.8487907491289688
2615.5 0.37801183912821035
2616.0 1.217647089487946
2616.5 1.42985280359905
2617.0 0.7669333578824817
2617.5 1.5832548183555626
2618.0 0.6015476508225291
2618.5 1.2914737835889176
2619.0 0.7511028417138443
2619.5 0.889382650224276
2620.0 0.7492736868714527
2620.5 1.0847098949930332
2621.0 1.3006266998947724
2621.5 1.6547843123369164
2622.0 0.9512125605931032
2622.5 1.5950345114886615
2623.0 3.1382883934120263
2623.5 2.266484040710856
2624.0 0.7654239095010509
2624.5 1.3048415072901167
2625.0 1.4123003247024868
2625.5 2.061838665213949
2626.0 1.3044344631126807
2626.5 1.3185782466845075
2627.0 0.9655550403006944
2627.5 1.161790749663249
2628.0 0.841507737115389
2628.5 0.6310631866009191
2629.0 0.6388783090616825
2629.5 0.47503892097340816
2630.0 0.9337950297307621
2630.5 0.8175724497652496
2631.0 1.0589953297663355
2631.5 0.5696521875592389
2632.0 1.2673984973032772
2632.5 0.9351284250999735
2633.0 0.9294326119256809
2633.5 0.8776053970325826
2634.0 0.8995311476686454
2634.5 0.9712797345352813
2635.0 1.5292948730360836
2635.5 0.8169422199200908
2636.0 1.5947654005566285
2636.5 2.0281713318484647
2637.0 2.28007210277043
2637.5 1.2155069174136104
2638.0 1.2002543465418534
2638.5 2.3452945414294586
2639.0 0.5943278562731265
2639.5 2.509571830910565
2640.0 1.3493904835438535
2640.5 0.41449002656429923
2641.0 1.506536499156961
2641.5 0.4843342721646189
2642.0 1.9465315568468462
2642.5 1.202481756704202
2643.0 2.0890921418321295
2643.5 1.060503945607039
2644.0 1.9851397001527993
2644.5 1.303399484683382
2645.0 1.7040266880227266
2645.5 1.4886722645639672
2646.0 1.6407802125130653
2646.5 1.4986659749808586
2647.0 2.6852211951919287
2647.5 2.0693888624479024
2648.0 0.714885936959385
2648.5 0.7242313008607867
2649.0 1.1936709193430146
2649.5 0.9386016657463112
2650.0 1.3824233919472224
2650.5 0.40993058654499726
2651.0 1.8897508367457059
2651.5 2.2621964101968373
2652.0 1.0343336811526036
2652.5 1.9145027360973335
2653.0 1.9028460990948106
2653.5 1.7941552924326367
2654.0 1.5153636325405895
2654.5 1.1143730933487004
2655.0 1.7133490678777585
2655.5 1.0985578331104104
2656.0 2.266992473632353
2656.5 0.7738947600680712
2657.0 3.606617568565131
2657.5 2.305612745467437
2658.0 1.6644966800534706
2658.5 0.9861669281237643
2659.0 2.3749432299483386
2659.5 1.5157201254612414
2660.0 1.6825011141375374
2660.5 1.1711319827887452
2661.0 2.0456826325508177
2661.5 1.552364897729492
2662.0 1.4565570861015984
2662.5 2.1625357690633225
2663.0 2.7526912717974557
2663.5 1.184335433328252
2664.0 1.3884126369078431
2664.5 0.845486698741756
2665.0 1.9193542991879808
2665.5 1.0525873156012562
2666.0 1.186711332269026
2666.5 1.3290285579894983
2667.0 2.3968775526316515
2667.5 1.7338569231661176
2668.0 1.3378094820689181
2668.5 0.9706945106171638
2669.0 2.0144204042291154
2669.5 2.956149500240389
2670.0 2.1968013497922145
2670.5 1.5038064262569146
2671.0 2.621903416595595
2671.5 0.9252485939892184
2672.0 0.6825502302117414
2672.5 2.2679243739067294
2673.0 2.063720276187225
2673.5 0.9290405501025734
2674.0 2.4809829573436355
2674.5 1.0513203343142723
2675.0 1.5439694190157114
2675.5 1.927100228076152
2676.0 1.0847194015654378
2676.5 1.420370059863806
2677.0 2.671252840552208
2677.5 1.741302281394952
2678.0 2.314371747238365
2678.5 2.6915779495167986
2679.0 1.4619277611612724
2679.5 1.4108877969619797
2680.0 2.515030714628128
2680.5 2.0405715686325285
2681.0 1.3577329432227971
2681.5 1.1189120359474356
2682.0 1.8330839098391185
2682.5 1.6535880512783119
2683.0 1.9910714741237454
2683.5 2.683987339729884
2684.0 1.6394515232394986
2684.5 1.0869159615618726
2685.0 1.146452789125806
2685.5 1.3102824828769473
2686.0 1.1387475512571883
2686.5 2.0921103644622114
2687.0 1.128924859427732
2687.5 1.9826982609409982
2688.0 0.9772355010166673
2688.5 1.7886565627161346
2689.0 1.137898178689445
2689.5 1.6726713774460302
2690.0 0.573300549747989
2690.5 2.090801678895061
2691.0 1.7206390808557805
2691.5 1.3478188790864754
2692.0 1.3486596074138835
2692.5 2.0895301739038423
2693.0 1.6394488299695777
2693.5 0.447994454651203
2694.0 0.8897836636911467
2694.5 0.8316522137446059
2695.0 1.0050381139745648
2695.5 1.1269138278733184
2696.0 0.6637638803733391
2696.5 0.7848080354186975
2697.0 1.055438998746767
2697.5 0.9340058255247088
2698.0 0.47551112961675807
2698.5 0.6398387941280139
2699.0 0.8295957087218693
2699.5 0.6587155030164817