1500.0 0.642501265971293
1500.5 0.6835362596983887
1501.0 1.0683304113679701
1501.5 0.8835424590539463
1502.0 1.0108744220437709
1502.5 0.7411253502918014
1503.0 0.8660556845033746
1503.5 0.8897736197959396
1504.0 1.300380974329589
1504.5 1.436148660293818
1505.0 1.16790366897175
1505.5 1.0334789302934526
1506.0 0.9349685199803595
1506.5 1.4559455329031754
1507.0 1.8859945093309636
1507.5 1.3223263817126705
1508.0 0.5530696759694995
1508.5 0.6768858434717704
1509.0 1.0774564902178136
1509.5 0.9596621917459116
1510.0 0.593461093483836
1510.5 0.7244025235043675
1511.0 1.247870733555299
1511.5 0.7325652327230403
1512.0 1.1057066138655998
1512.5 0.9173344451324784
1513.0 0.6996321338505807
1513.5 0.7561606855553915
1514.0 0.7134708469331237
1514.5 0.2
1515.0 1.773628687326389
1515.5 2.2947732739670172
1516.0 1.2987398128119556
1516.5 0.8956123064159055
1517.0 1.1900487655503524
1517.5 0.5256522697201411
1518.0 0.8372511205472701
1518.5 0.7557785153799541
1519.0 0.7627990984211355
1519.5 0.6306887887400735
1520.0 0.5149968583348754
1520.5 0.7910783860858197
1521.0 0.620913082418953
1521.5 0.6060071607116675
1522.0 0.7341108220812103
1522.5 0.6578932003592393
1523.0 0.7369182617804622
1523.5 0.7928308865929703
1524.0 1.5058232321484768
1524.5 0.5189887042745281
1525.0 1.2765325972006676
1525.5 0.5941468288432924
1526.0 0.4798486549864063
1526.5 1.3179252581431682
1527.0 3.257348503795133
1527.5 1.4994663396731025
1528.0 1.7820030833992195
1528.5 2.4019115256968595
1529.0 1.9304150187413534
1529.5 1.9335349757046951
1530.0 1.8373088187933382
1530.5 2.607414628942151
1531.0 1.7276156178213173
1531.5 2.727210762662927
1532.0 1.1335891792485784
1532.5 1.7021472749771815
1533.0 2.751242046974328
1533.5 0.5533756299689194
1534.0 1.053729492247514
1534.5 2.981925148524396
1535.0 3.0200081151611
1535.5 3.0301408795664635
1536.0 0.8883272791845199
1536.5 2.349194015710137
1537.0 2.3429742899912798
1537.5 1.7920328001967434
1538.0 2.059553776576281
1538.5 4.134674203945552
1539.0 2.1552793689355925
1539.5 1.5704002240320194
1540.0 3.189258449741475
1540.5 0.9864658516652905
1541.0 1.0465788833047571
1541.5 0.844744019902357
1542.0 0.9218407450131015
1542.5 1.0201687377619388
1543.0 1.3419729744071787
1543.5 0.8627954415921416
1544.0 1.061475595363607
1544.5 0.6145820869136458
1545.0 0.7354728413363649
1545.5 1.1141662815202908
1546.0 1.0775392736669214
1546.5 1.2767572871601591
1547.0 1.0899147938723677
1547.5 1.5719756855396758
1548.0 1.0066975330651187
1548.5 1.1654095787250154
1549.0 1.2114199828503274
1549.5 1.310407384778812
1550.0 1.304940871928912
1550.5 1.5793361868252251
1551.0 0.8399033340525459
1551.5 1.789117666049436
1552.0 0.9906992920855384
1552.5 2.0075964485689135
1553.0 1.2632619312703603
1553.5 0.8885519101407842
1554.0 1.4836742953861357
1554.5 2.2395318647179536
1555.0 2.6056010431492242
1555.5 0.3803541818234857
1556.0 1.755213869287487
1556.5 0.9749449840946123
1557.0 1.352984905221795
1557.5 1.5683675925923448
1558.0 0.9652575122756875
1558.5 1.8192159404506107
1559.0 1.5317253872175842
1559.5 2.3049077146978356
1560.0 1.8763937063581373
1560.5 1.2470505435593227
1561.0 1.3414031431462305
1561.5 0.8532821548383629
1562.0 1.7031551655940946
1562.5 1.8004924594299379
1563.0 2.00463547039574
1563.5 1.5923442731338249
1564.0 0.6354884570950161
1564.5 0.6281265007966677
1565.0 0.5820048123322571
1565.5 0.602896243461577
1566.0 0.8526256487559631
1566.5 0.5761091128788365
1567.0 0.7175512752654283
1567.5 0.6679142201451991
1568.0 0.6657878207886361
1568.5 0.6695202154604192
1569.0 0.740093996310061
1569.5 0.705525440189084
1570.0 0.6360805775214555
1570.5 0.6380824618715364
1571.0 0.7455156435004022
1571.5 0.7511659654224361
1572.0 0.6541677319252721
1572.5 0.7866642490059426
1573.0 0.8686418393235669
1573.5 0.612162939001466
1574.0 0.4655843501790084
1574.5 0.7384863572298226
1575.0 0.5909615857682955
1575.5 0.7613867498552256
1576.0 0.6235098482137285
1576.5 0.5441655828613174
1577.0 0.7048052702819183
1577.5 0.6985866723694141
1578.0 2.840231475794292
1578.5 1.8974038171287437
1579.0 0.8998875463130664
1579.5 1.5294611736779378
1580.0 1.6471658243440181
1580.5 1.835604343662327
1581.0 2.489420444788662
1581.5 2.0504072639214184
1582.0 3.363728986516433
1582.5 1.6059158321464952
1583.0 0.7145187400820344
1583.5 1.2188845356019455
1584.0 0.8190497768080307
1584.5 1.572169411164455
1585.0 1.084161206251487
1585.5 1.7351878256660345
1586.0 2.0963199507684283
1586.5 2.3252848951747658
1587.0 2.961314965579649
1587.5 0.8036917381062367
1588.0 0.5566995721672603
1588.5 2.0043936963406273
1589.0 1.3313713258626567
1589.5 1.3409128562385244
1590.0 1.5360104861119266
1590.5 2.475771109506682
1591.0 1.3724046522199227
1591.5 2.2206464017144234
1592.0 2.1922487580273424
1592.5 1.4483861750048594
1593.0 1.2281677485653302
1593.5 1.3742562263621578
1594.0 1.406213756002459
1594.5 1.7955830420235712
1595.0 1.1241924379444188
1595.5 0.8467945956706975
1596.0 0.7758339926948374
1596.5 1.5192153733814087
1597.0 0.8190415516921596
1597.5 1.541458893304791
1598.0 1.0235675768448456
1598.5 2.2458164863176933
1599.0 1.6128168204780229
1599.5 0.9489003108284118
1600.0 1.3265578174866355
1600.5 1.3374631911228965
1601.0 0.9916722535773892
1601.5 1.1234039356885996
1602.0 1.319958431117253
1602.5 0.7829931711456728
1603.0 0.8695104470413584
1603.5 1.082815169055801
1604.0 0.8633110430290524
1604.5 1.66189778174012
1605.0 1.1937485690791902
1605.5 1.3707551693867588
1606.0 0.49353371922672906
1606.5 0.9531292055269318
1607.0 1.1200412188634612
1607.5 1.8370979807382009
1608.0 1.1858492676450116
1608.5 1.9196411091081744
1609.0 1.2953266073947116
1609.5 1.006137007746306
1610.0 1.405947282326976
1610.5 2.042907347769005
1611.0 2.3223047421573897
1611.5 1.3699250851534708
1612.0 2.4157457477274766
1612.5 0.9496300624970291
1613.0 1.6962281279367073
1613.5 1.4022970780495303
1614.0 0.7318917270162821
1614.5 1.1030249070971028
1615.0 0.9429114906504996
1615.5 2.8775665410987745
1616.0 2.447228314729723
1616.5 2.009501997963096
1617.0 2.007001475366698
1617.5 2.1012834549995536
1618.0 2.154450774257338
1618.5 2.3396636245374482
1619.0 1.9080782543039443
1619.5 1.9838307668136266
1620.0 1.716857299472595
1620.5 1.3496640916133953
1621.0 1.384531936854999
1621.5 0.9412439965227121
1622.0 1.3949718579016446
1622.5 2.3525308946500347
1623.0 1.1266256539822965
1623.5 1.3269324896724166
1624.0 1.3082254272119833
1624.5 2.184857372201746
1625.0 2.453352824982777
1625.5 2.2070872726585273
1626.0 0.516409128436226
1626.5 1.194680120471765
1627.0 1.7779990301099506
1627.5 1.2014354328590915
1628.0 1.3013963500148733
1628.5 1.1987834124249832
1629.0 0.4272038039131416
1629.5 2.423105158791399
1630.0 1.925469490732469
1630.5 1.7344033088841768
1631.0 1.7331281348531025
1631.5 1.8721054840979179
1632.0 1.4377549913766148
1632.5 1.6867636603235148
1633.0 1.8517187004743703
1633.5 0.9970363060157001
1634.0 1.6416423277967551
1634.5 2.0821738359781903
1635.0 1.1465565823289996
1635.5 2.734239134268619
1636.0 2.1959642484457857
1636.5 3.3964945603351495
1637.0 1.1497810309302097
1637.5 1.714866018262059
1638.0 1.4417693199187007
1638.5 4.0316904217207945
1639.0 2.14691809735986
1639.5 2.2621623838384455
1640.0 3.1144174027033644
1640.5 1.0293125177440066
1641.0 4.291137188455419
1641.5 3.584306646043014
1642.0 3.465435259605968
1642.5 1.7179180030799506
1643.0 0.4670973681400741
1643.5 3.751457623050206
1644.0 2.006054778450846
1644.5 2.86142596652926
1645.0 0.46597057327171143
1645.5 0.6856976150596187
1646.0 0.9326062555521434
1646.5 0.7944538023635945
1647.0 0.7981483153485511
1647.5 0.6677390684405103
1648.0 0.6894628496844211
1648.5 0.7627641466557504
1649.0 1.0803509333857868
1649.5 1.116557268747628
1650.0 1.687318458522345
1650.5 2.7593694292841286
1651.0 1.697762487707026
1651.5 2.6662658544990343
1652.0 1.2743703317513289
1652.5 2.5192346622650277
1653.0 1.3789831973818933
1653.5 1.9263679493832335
1654.0 1.4186324549206644
1654.5 2.167908807995696
1655.0 2.525062119607133
1655.5 1.293404422117486
1656.0 1.8270180441391408
1656.5 0.6616308867494574
1657.0 2.471761350224182
1657.5 0.8393755988908524
1658.0 2.0599997157823546
1658.5 1.6659281038725722
1659.0 3.165634983135866
1659.5 0.9452610753147856
1660.0 2.048709489707185
1660.5 0.7453083675842159
1661.0 1.0587183987992987
1661.5 0.7874331071564776
1662.0 1.729224171873697
1662.5 1.514492250473959
1663.0 0.9767341877586329
1663.5 0.3469362122451942
1664.0 2.9910633518592062
1664.5 1.9583168633990349
1665.0 2.293230505389668
1665.5 3.9975476115964534
1666.0 1.9742158842099475
1666.5 1.8951004708309536
1667.0 1.8899005116018865
1667.5 1.6356949848277575
1668.0 1.0927525287602025
1668.5 1.519528751345384
1669.0 2.0373353741120317
1669.5 1.3049809623320763
1670.0 1.802885276746894
1670.5 1.2265371634650903
1671.0 2.8160944514732185
1671.5 2.2932219760427124
1672.0 2.631507022301151
1672.5 2.3332648084942464
1673.0 3.630196652826851
1673.5 2.493000950131718
1674.0 2.7253190036503376
1674.5 1.839678295423524
1675.0 1.9092169787714042
1675.5 1.1593334229969767
1676.0 1.8491846982968154
1676.5 1.271358985699038
1677.0 1.4576890370834439
1677.5 1.4562342666129162
1678.0 1.7185690668772793
1678.5 1.0901639044707545
1679.0 0.8937027366996475
1679.5 1.1117468203843246
1680.0 1.8134546275033618
1680.5 1.0735337621217824
1681.0 1.3661502194932726
1681.5 0.7420370289125514
1682.0 1.3123209655468213
1682.5 1.1078015460404333
1683.0 1.1434578258653998
1683.5 2.0324470379463033
1684.0 1.2395162620624156
1684.5 1.159084942335854
1685.0 0.9780764112300782
1685.5 1.3796457638374422
1686.0 2.178381074728356
1686.5 1.772995496082714
1687.0 1.8867300829551155
1687.5 1.1982547647428736
1688.0 2.6212091097554535
1688.5 0.502590514888033
1689.0 1.4552462890564954
1689.5 1.491889437753705
1690.0 0.6467103029652178
1690.5 1.218093427383886
1691.0 1.1448564089530113
1691.5 3.1298457846411605
1692.0 2.0590874657849656
1692.5 0.9214072129409203
1693.0 2.0549946982674103
1693.5 0.8177496162114334
1694.0 1.2381909814738556
1694.5 0.2
1695.0 1.7706773351650233
1695.5 1.3282645702430436
1696.0 1.3699090055999226
1696.5 0.8573031652841562
1697.0 1.2660693561625374
1697.5 1.2310958511386934
1698.0 0.4188716499434918
1698.5 0.5382653530482673
1699.0 1.288444661933217
1699.5 1.181897447422977
1700.0 0.9428794472706744
1700.5 0.9921273496342378
1701.0 1.3834849344792923
1701.5 1.331021780096425
1702.0 1.0346957080752321
1702.5 0.9713424034501081
1703.0 1.1314167772902932
1703.5 1.0664229014992115
1704.0 1.983440538101461
1704.5 0.7373136216997023
1705.0 0.64307838889231
1705.5 1.1209529817247657
1706.0 1.0140227478349944
1706.5 1.103284257100067
1707.0 0.9777135876586709
1707.5 1.3773995261079421
1708.0 0.5201655196709168
1708.5 0.9114706497936411
1709.0 1.0718618096957746
1709.5 1.3196985865870372
1710.0 1.4591088514670392
1710.5 0.9363205987613679
1711.0 1.1506247555044282
1711.5 1.172709604913499
1712.0 1.160069841641662
1712.5 0.8694120787086825
1713.0 0.757255415845365
1713.5 1.0407645414519093
1714.0 1.1437563688320738
1714.5 0.8415595095976065
1715.0 2.6232664993137487
1715.5 2.68644416513916
1716.0 3.7413611756590033
1716.5 1.3983357646580854
1717.0 1.0359264946184001
1717.5 1.2934631405561934
1718.0 0.9238047240824265
1718.5 0.7138500139307851
1719.0 0.8102640404344702
1719.5 1.4205919861157932
1720.0 1.0212134225437184
1720.5 1.5014569314200432
1721.0 1.409356283075586
1721.5 1.3226126004751972
1722.0 0.8034757481888879
1722.5 1.644045435180377
1723.0 1.4068601552372875
1723.5 1.4089608695160367
1724.0 1.4907200336829056
1724.5 0.7257640123739757
1725.0 0.7016947900239656
1725.5 1.0389382948519448
1726.0 1.9837467287141846
1726.5 1.60364433659765
1727.0 1.8102936602113697
1727.5 2.243592973953514
1728.0 1.5249485255624586
1728.5 1.8797813389973275
1729.0 3.6473943666841127
1729.5 0.42874791613524244
1730.0 0.9242590136077524
1730.5 1.2998566486045153
1731.0 1.2000429826892618
1731.5 0.8865145017749538
1732.0 1.1578299218175108
1732.5 0.987220596455616
1733.0 0.7972594423398508
1733.5 1.0160301568970658
1734.0 1.1965670319257278
1734.5 0.9301889647599165
1735.0 1.084596980263082
1735.5 0.6748800389725219
1736.0 1.2016054561230636
1736.5 1.1231541666756164
1737.0 0.8244546274713338
1737.5 1.0805353496967005
1738.0 0.979282786161471
1738.5 1.1460575336242105
1739.0 0.6818892216317539
1739.5 1.1257152736886198
1740.0 0.7424418264697045
1740.5 0.6531174962652644
1741.0 0.9861583656443845
1741.5 0.9740742558156498
1742.0 0.6172786932434591
1742.5 0.6966543838948216
1743.0 0.8268526190380143
1743.5 0.6889817500825741
1744.0 0.7552687056556712
1744.5 0.8437523882908727
1745.0 1.1338065621511748
1745.5 0.8690691291865589
1746.0 0.9489346350232449
1746.5 1.2715949056384441
1747.0 1.0115296891784995
1747.5 0.9078081906376579
1748.0 1.226075826699969
1748.5 0.9959240409272688
1749.0 0.8275587881988492
1749.5 3.1686561116695593
1750.0 2.8412114419861334
1750.5 2.257869424072987
1751.0 2.9174916594754006
1751.5 1.517762225793542
1752.0 2.822647031213805
1752.5 2.9641500240651952
1753.0 3.207629759084011
1753.5 1.738353168025779
1754.0 2.7902176858656684
1754.5 2.5519909743195033
1755.0 2.487836185197135
1755.5 2.443937148637999
1756.0 2.2368025179984836
1756.5 1.9973811384301787
1757.0 2.381166515454007
1757.5 2.828737724057937
1758.0 0.4934064867443604
1758.5 0.47945717435351276
1759.0 1.0572636992436804
1759.5 2.284903168690307
1760.0 2.0978388608307923
1760.5 0.5941739308578122
1761.0 0.8491124025489392
1761.5 0.9947187497106114
1762.0 1.0618536584729412
1762.5 2.6087136310982193
1763.0 2.3334628640243453
1763.5 1.3289928884702662
1764.0 1.2604313386986825
1764.5 1.2000206889234186
1765.0 1.8112986366888693
1765.5 1.1780841475632169
1766.0 0.4915657985663531
1766.5 1.5353426083582629
1767.0 2.211863813116109
1767.5 1.2284839948267923
1768.0 2.363690974960246
1768.5 1.415433260007675
1769.0 1.295031978057667
1769.5 3.9674584008262768
1770.0 3.639342409937519
1770.5 2.362726790451904
1771.0 3.9245889908640135
1771.5 0.8856400451156738
1772.0 2.638786656787886
1772.5 1.7470442619887798
1773.0 3.0147211705311387
1773.5 2.1515426338075705
1774.0 4.525108003595113
1774.5 2.690427249666122
1775.0 1.4737591525436415
1775.5 1.3925274032052062
1776.0 1.7803213581389596
1776.5 4.229423543994846
1777.0 3.3965897788743975
1777.5 2.192178683305876
1778.0 1.7323086444900246
1778.5 0.5403333597337006
1779.0 2.3947246086054705
1779.5 1.616290972804536
1780.0 1.1034823995254932
1780.5 1.2906836719590993
1781.0 1.830549705050323
1781.5 1.2118170306479314
1782.0 1.7394138790866158
1782.5 1.5636218201006995
1783.0 3.2389455999061862
1783.5 2.121711346092747
1784.0 1.4044637590803837
1784.5 2.5932334652170277
1785.0 1.7338782934572652
1785.5 3.0210961374562277
1786.0 1.4945886912331305
1786.5 2.1686280150616297
1787.0 1.9522031654590712
1787.5 3.4539178765882084
1788.0 2.349051223730855
1788.5 3.4572608655127874
1789.0 1.4085012749066077
1789.5 1.6526650724244434
1790.0 2.1387804776509425
1790.5 3.463828587704376
1791.0 2.830734833774984
1791.5 1.6350719147261157
1792.0 2.657460245335446
1792.5 1.432268568058284
1793.0 1.0455131920161316
1793.5 1.722265625840129
1794.0 1.6460880676956116
1794.5 2.3947131002774538
1795.0 0.9653124337131138
1795.5 2.3636661160180124
1796.0 2.5768419695337412
1796.5 2.702202485251422
1797.0 1.706783343046966
1797.5 1.4556168239621823
1798.0 2.058356352562857
1798.5 2.058824991716779
1799.0 1.9282354567477782
1799.5 2.5763265112592273