300.0 2.7855444268693255
300.5 0.9420873854475819
301.0 1.0180684427789273
301.5 1.3110292224580047
302.0 1.5502736068020744
302.5 1.6033690463366252
303.0 1.7155773550011726
303.5 1.047259940790308
304.0 0.8919296740213557
304.5 0.8310945184684492
305.0 1.323542584498902
305.5 0.7350586266026238
306.0 1.1817311059135287
306.5 0.9653888657816161
307.0 1.1838698498319224
307.5 0.6605121353165017
308.0 1.009714271376131
308.5 1.3653513616707855
309.0 1.7098958862096347
309.5 1.1671466382026738
310.0 2.3150264449406754
310.5 2.8884619379725565
311.0 2.9838846564060386
311.5 1.2189679671108529
312.0 1.082961890723602
312.5 1.5031233900126946
313.0 1.5011068786905424
313.5 0.9247370300476007
314.0 1.6576487880798343
314.5 1.959284130921441
315.0 1.578446197340286
315.5 2.6627957029607034
316.0 2.0136792445651053
316.5 2.135739634276586
317.0 1.2970581123088576
317.5 1.8267350106066949
318.0 2.2917335400615926
318.5 1.8684464318977918
319.0 1.6597068182333012
319.5 1.0485220222886078
320.0 0.977372767558902
320.5 2.194231024032276
321.0 2.6070387428432733
321.5 1.4221142665549
322.0 0.9822601393121169
322.5 1.122420335320883
323.0 0.9610273447692775
323.5 0.7857889706861623
324.0 0.9374274398056313
324.5 0.8135981391467191
325.0 0.5049166937492979
325.5 1.013153678532802
326.0 0.8234833892954605
326.5 0.9093000788634054
327.0 0.7867932168149254
327.5 0.49225068580316317
328.0 0.9462659314099656
328.5 0.6901203576411181
329.0 0.7406531640459292
329.5 1.0209088377912363
330.0 0.8825357231172939
330.5 1.0115750396560275
331.0 0.6513858252715224
331.5 1.165887649727126
332.0 0.7646018983741756
332.5 1.459058985857879
333.0 0.5520919567421633
333.5 1.2136813801827584
334.0 0.2646455030887378
334.5 0.7526577770242006
335.0 0.9937646134409398
335.5 1.2741328552814846
336.0 0.8993514270812977
336.5 0.9646169774523097
337.0 1.0764427421705711
337.5 1.2347008990186805
338.0 0.8741034982106345
338.5 0.769935344501865
339.0 0.6005801229656821
339.5 0.8311785606726998
340.0 0.6021276389943178
340.5 0.7961375237343395
341.0 0.7740188616102751
341.5 0.9057621164975881
342.0 1.1087416024332164
342.5 1.0643997040851771
343.0 1.048568996165715
343.5 0.9416331320761843
344.0 0.9030316775602659
344.5 0.9582109675939225
345.0 1.243743177446714
345.5 0.9129095753227559
346.0 0.6838039643683895
346.5 0.8380491693198953
347.0 0.8449824123786531
347.5 1.3710052432849054
348.0 1.7293894553547875
348.5 2.253739532845256
349.0 1.3923507216967006
349.5 1.4221416844340533
350.0 1.0373811894626508
350.5 2.3331225989260256
351.0 1.3645460691255995
351.5 1.4046002555333772
352.0 1.6004583869913684
352.5 2.2138878319398247
353.0 1.180273749214897
353.5 1.0557089926909127
354.0 1.6085860980649622
354.5 2.095718354904061
355.0 1.7602578223932923
355.5 0.4428785278605345
356.0 2.7306248750073348
356.5 1.925231210684999
357.0 2.148746356096185
357.5 2.301625054569999
358.0 3.163920716648898
358.5 2.0522535661368
359.0 1.9609754051134078
359.5 1.6604404058508595
360.0 1.0110573639493812
360.5 1.8418431804311526
361.0 1.447677820233249
361.5 1.9837825764284234
362.0 1.1736712850533726
362.5 1.5078798392509953
363.0 1.4128091880323925
363.5 1.0293467710795892
364.0 2.1247524661575232
364.5 1.3544712018714564
365.0 1.6771716484478345
365.5 1.2987765528861883
366.0 1.7312790077614726
366.5 1.118305683427947
367.0 1.6739490733032556
367.5 2.0768557937141345
368.0 1.0589946461612125
368.5 1.0019908193994866
369.0 0.6544028635685046
369.5 0.902824000802302
370.0 0.9927024410139486
370.5 0.9495903917508722
371.0 0.7201458120987119
371.5 0.5166952214276093
372.0 0.7908389422919406
372.5 0.7504145903578379
373.0 0.8166277316466821
373.5 0.9048778603291101
374.0 0.6750925668964596
374.5 0.5620982068843732
375.0 0.7336519336845742
375.5 0.636063553322145
376.0 0.5590517433690605
376.5 0.6563698382994297
377.0 0.7243651548375618
377.5 0.6737220594768031
378.0 1.2615933289978147
378.5 2.5635993814444156
379.0 1.5728783204431611
379.5 1.7550784237954216
380.0 2.017414566504895
380.5 1.7429131463267649
381.0 2.24024100186266
381.5 1.5338013063600109
382.0 1.51697214156705
382.5 1.569915382566884
383.0 2.4140143008747104
383.5 0.6592346836987795
384.0 2.573593152871197
384.5 1.9140523688237912
385.0 2.1711297919561705
385.5 2.7293563709650064
386.0 2.014961475110155
386.5 2.661448321948707
387.0 0.4958201578900061
387.5 0.9775266896468827
388.0 1.774024406276585
388.5 0.8767750636325069
389.0 0.718832936571818
389.5 0.6871303643760908
390.0 0.7942120144872771
390.5 0.8300515668683521
391.0 0.6738529654093436
391.5 1.180407371607303
392.0 2.079062270635382
392.5 1.6167838263958494
393.0 1.842767480736075
393.5 1.0469973754575785
394.0 0.5993720058315832
394.5 1.3755875469244732
395.0 1.8989533627922912
395.5 1.4895866332555934
396.0 1.812271853476625
396.5 1.4807996532239915
397.0 1.228009027134978
397.5 0.9740500973008603
398.0 0.9475507977083517
398.5 1.0441063189944537
399.0 2.072419830219344
399.5 1.038864108970138
400.0 1.109840005425725
400.5 0.7109908048626323
401.0 1.058960798677834
401.5 0.8357392687824461
402.0 0.8569007660294815
402.5 0.6155356440898274
403.0 0.5921435752364891
403.5 1.658426898654293
404.0 1.8145138478771956
404.5 0.8430122149328003
405.0 0.8681993869960271
405.5 1.4715267419659561
406.0 0.8799460510085009
406.5 0.5757393608767674
407.0 0.8524015112504538
407.5 0.825379877442588
408.0 1.2423900730657549
408.5 1.2746255160601647
409.0 1.1957770511867105
409.5 1.1397249478088498
410.0 0.9602404319320872
410.5 0.8428594687142624
411.0 1.2012198762609256
411.5 1.057999721651493
412.0 0.9912136466675029
412.5 0.9460943901732509
413.0 0.7255976426186941
413.5 0.8341005031084328
414.0 2.6830663752739827
414.5 1.5852846857595309
415.0 1.8000299217406104
415.5 4.000846587379549
416.0 1.9522998846924275
416.5 0.6898808740650075
417.0 1.8782244723161892
417.5 1.6274473551155435
418.0 1.5661631072720104
418.5 2.4651201906252114
419.0 1.4184131672513187
419.5 2.094826499082544
420.0 2.458150998119487
420.5 1.8079488333775093
421.0 1.2651072857292105
421.5 1.6820022971467485
422.0 1.6466273238913585
422.5 2.2115341857825017
423.0 0.6525313405958246
423.5 1.7207063060720436
424.0 1.2614410480809477
424.5 1.5037640935074
425.0 1.725448353998567
425.5 0.5200530417426148
426.0 0.8924771691896902
426.5 1.2383752848936318
427.0 0.8724153374941995
427.5 0.7150621198201295
428.0 0.7053694222323539
428.5 0.9013483498923626
429.0 0.864966925263833
429.5 0.8307355536843128
430.0 1.0178923158214392
430.5 1.8475875609304009
431.0 1.8848092225895692
431.5 1.166594034494827
432.0 1.282313721158714
432.5 1.6302922266377446
433.0 0.8028335165902901
433.5 3.0394483822311753
434.0 0.8271953158593959
434.5 0.7269361808629168
435.0 2.1527979293145325
435.5 1.2734422773236054
436.0 0.7418178680734298
436.5 0.7233528121210773
437.0 0.7794619552161888
437.5 0.5194326757039993
438.0 0.7383407661662877
438.5 0.7632629262799551
439.0 0.6182033318469375
439.5 1.1002322269481355
440.0 3.341113592201692
440.5 2.3664617954046303
441.0 2.0115857889822317
441.5 2.3479268486379934
442.0 2.460722171788928
442.5 2.7729419229522487
443.0 3.6266363297394513
443.5 1.5573128923693136
444.0 3.0052005584585038
444.5 3.7373616013503277
445.0 1.6527873760554819
445.5 1.348488194510267
446.0 2.8150929222528194
446.5 3.016315759101798
447.0 2.3800069151786785
447.5 3.617503798282821
448.0 3.310363184942914
448.5 2.7468535825798055
449.0 3.433985442493829
449.5 2.3059827429984656
450.0 3.0470804891494
450.5 3.3945210555291236
451.0 3.168875023533694
451.5 2.565393293213562
452.0 1.1436206947835683
452.5 2.6023054551113507
453.0 3.696569418694015
453.5 2.397561225396297
454.0 0.4917005384031117
454.5 2.8952835827843755
455.0 2.150020180321577
455.5 1.2476047092243698
456.0 2.6349500121750897
456.5 4.076477875863023
457.0 2.330237052306275
457.5 2.9120885952589646
458.0 2.608909018340785
458.5 1.7471679720641191
459.0 1.581381149919454
459.5 3.13952412618858
460.0 1.6399547535665362
460.5 0.8378907921804728
461.0 1.5496301043378788
461.5 1.9634272178997927
462.0 2.004406238784801
462.5 1.6063973364371988
463.0 1.1816644939028436
463.5 0.849603690039392
464.0 2.411153693216725
464.5 2.7833779266115424
465.0 1.7726444382336433
465.5 2.0650365890760396
466.0 2.7679362664617733
466.5 1.440927825698239
467.0 2.6669104775949153
467.5 1.529523747459209
468.0 2.4407304982697617
468.5 3.0676981769759104
469.0 2.070900292078475
469.5 2.8907690508591344
470.0 2.4302896541500263
470.5 1.9459035186274507
471.0 0.7229259508369341
471.5 2.0456039240256403
472.0 1.1132251509561726
472.5 1.2014734304182677
473.0 1.5030318105449143
473.5 0.2675198696867982
474.0 2.2492923535821188
474.5 2.1147854671210977
475.0 2.181384184699257
475.5 2.2579541274831385
476.0 2.540811045346506
476.5 2.314972669390103
477.0 1.505250648497082
477.5 0.8354280679761441
478.0 2.73404060634112
478.5 1.8601200030331762
479.0 2.9593842501240166
479.5 2.3070644337098325
480.0 2.215334387950442
480.5 1.9128734107050933
481.0 1.6885599763483854
481.5 2.5760636888914172
482.0 2.2210664966153164
482.5 3.505867740721611
483.0 1.3198574428743264
483.5 2.2069511098374024
484.0 1.7160649723277435
484.5 2.999477056653874
485.0 1.020215706157321
485.5 1.203294672648174
486.0 1.1323734100374758
486.5 3.1384763377438887
487.0 2.558467907551961
487.5 2.996424963482158
488.0 2.1316173708127293
488.5 2.076126510493032
489.0 1.1435127148657374
489.5 0.8094204524778915
490.0 1.231178048581529
490.5 0.8887961171303889
491.0 1.3559446596589813
491.5 0.9662467328809514
492.0 0.8509062386151918
492.5 1.8458634908585645
493.0 1.1618310070407607
493.5 2.3023534346150907
494.0 1.8805300033312082
494.5 1.1065987833120983
495.0 2.5071655439262823
495.5 1.2746742759082905
496.0 0.7020306068630507
496.5 0.6489114730915831
497.0 0.8819222047349369
497.5 1.9274598924089832
498.0 1.2815098688278685
498.5 0.7412347433171613
499.0 1.1648280932191089
499.5 1.4875133945608092
500.0 1.8029859734306408
500.5 1.484645088762181
501.0 1.1921874627839573
501.5 1.2108075372461409
502.0 1.3148130760979062
502.5 1.246360948412107
503.0 1.340396333508866
503.5 2.5454608794416806
504.0 1.4966107775604152
504.5 0.9065227030632714
505.0 2.4870477237523385
505.5 2.542854246628006
506.0 1.781496891884977
506.5 2.486107689265277
507.0 1.9857466884955768
507.5 2.5260495880379192
508.0 1.8154669354076043
508.5 0.46588347967341825
509.0 1.0207068093854526
509.5 0.7412027318097079
510.0 0.6245254620006403
510.5 0.7224698795833797
511.0 0.7706480808952254
511.5 0.8839812443612237
512.0 0.836497045967468
512.5 0.9090299677199231
513.0 1.0026173621606502
513.5 0.9050908426534416
514.0 1.0697447119582475
514.5 0.8353555998212545
515.0 1.2101855948745497
515.5 0.7451914068635046
516.0 0.7157835905177911
516.5 0.8263346169382124
517.0 1.1462262530987464
517.5 1.125203300178402
518.0 1.1463900629697157
518.5 1.1419522988046815
519.0 1.0825618296927364
519.5 0.915287799510109
520.0 0.8418537460179913
520.5 0.8951358758489696
521.0 0.9029157640371562
521.5 1.2227794329810089
522.0 0.49129801074750323
522.5 0.8661528758638449
523.0 0.663119081376241
523.5 1.0049969963710224
524.0 1.2151195048149463
524.5 0.47880315114771577
525.0 0.8511325570082794
525.5 0.824175218387662
526.0 1.0711439984235098
526.5 0.8263395374626129
527.0 0.754261276213291
527.5 0.7537070670691457
528.0 1.0627491917663936
528.5 0.985843385053805
529.0 1.0203979412364657
529.5 0.9383004338419357
530.0 0.8132622819735972
530.5 0.7000910509885203
531.0 1.0626686554934344
531.5 0.7361899074668186
532.0 1.07489269887648
532.5 0.9118592958941016
533.0 1.4708655907537507
533.5 1.697006127971701
534.0 1.437274401242191
534.5 0.7358749020731983
535.0 1.0562879741779994
535.5 0.8510233203165456
536.0 0.7086130637547484
536.5 2.0077287177653904
537.0 2.4286636654810865
537.5 2.256586551886419
538.0 3.035568688691163
538.5 1.2658285405912917
539.0 2.9001115059636557
539.5 2.6165093828768624
540.0 3.199925559303229
540.5 2.745541965122805
541.0 3.8130962766803584
541.5 4.152041519738298
542.0 1.6615620454166247
542.5 2.726349983689902
543.0 2.9478205199629848
543.5 2.481458159725782
544.0 3.3953573764269014
544.5 1.1067950041031467
545.0 0.2
545.5 2.759872674424521
546.0 0.7911654327853526
546.5 2.8821808832264297
547.0 2.162791769952778
547.5 2.189281897395688
548.0 1.206569781970666
548.5 1.0593968961190257
549.0 1.86987023060423
549.5 1.9280850799216775
550.0 1.5323933518111659
550.5 1.5772100467909875
551.0 1.1510812155920407
551.5 2.1109250207029717
552.0 0.6482314574078136
552.5 1.4948083761600988
553.0 1.9904053499237386
553.5 1.5464230375294523
554.0 1.4272325444548544
554.5 1.6890240803500296
555.0 1.7138660021306067
555.5 1.3735162724762535
556.0 1.9575550649045805
556.5 1.8819202153707302
557.0 1.264849613929505
557.5 0.991842673169754
558.0 2.0502856777276164
558.5 1.808888751327662
559.0 1.3280891849181382
559.5 1.5829456400870734
560.0 1.607609794109178
560.5 1.2998428060284521
561.0 1.361268980552264
561.5 1.88465483240703
562.0 1.7427854826741012
562.5 0.895497601456505
563.0 0.7991496903223871
563.5 3.1863960771928523
564.0 1.7660947348374678
564.5 2.048932397842853
565.0 1.3137444952826904
565.5 1.4403972480030525
566.0 1.260132509932352
566.5 1.4369309603013918
567.0 1.5452038277162403
567.5 1.9091262529824065
568.0 1.779080267865006
568.5 1.2705102779412651
569.0 2.095027075525892
569.5 2.002223456320044
570.0 2.2385957640558396
570.5 1.031335630060291
571.0 2.498357824805355
571.5 0.9317834535374859
572.0 0.8869278418638695
572.5 0.9137767148656597
573.0 0.8726833895134254
573.5 0.5680024282207597
574.0 1.0558513607410163
574.5 0.6361429601307884
575.0 1.097671507477388
575.5 0.8301910046937315
576.0 0.8701508156787018
576.5 0.9733442548583079
577.0 0.9046978349776327
577.5 0.798966589995856
578.0 0.8122715518143334
578.5 0.5157404797545171
579.0 1.1878000791355507
579.5 0.8681876904378706
580.0 0.7673230457489679
580.5 1.0139742719383287
581.0 0.9600921015921986
581.5 0.9307525215845466
582.0 0.8364208485782605
582.5 0.7796328640857968
583.0 1.0087720085055571
583.5 1.190420346082714
584.0 0.9120100791982355
584.5 1.0194171401248324
585.0 0.3020825262190242
585.5 1.3409846551323037
586.0 0.9367340552165213
586.5 0.6053648052730485
587.0 0.5724865738640247
587.5 0.8022973083129745
588.0 0.6570011442087688
588.5 1.1071446956635196
589.0 0.7851345940344644
589.5 0.9862839239893558
590.0 0.9250150720883172
590.5 0.9783183814791067
591.0 0.9900363977807052
591.5 0.9309541850693899
592.0 1.8458401680906455
592.5 1.930257173839749
593.0 1.177878710682704
593.5 1.3114611687243076
594.0 1.2038210190505485
594.5 2.0547513200859724
595.0 2.049002968847118
595.5 1.617124555159149
596.0 1.296056931878622
596.5 1.162595539079919
597.0 2.370869630322372
597.5 1.723870280170271
598.0 1.0838121205411022
598.5 1.16828847606272
599.0 1.523087604538942
599.5 1.1617315988521342