1800.0 2.616642362324705
1800.5 1.876925201236296
1801.0 1.5749580362640647
1801.5 1.7506429698494295
1802.0 2.868984866463407
1802.5 0.9295959393068788
1803.0 0.7861307578093162
1803.5 0.971269336941922
1804.0 0.8999908445490598
1804.5 1.0604986582850657
1805.0 0.7227857994486464
1805.5 0.7353857574800432
1806.0 1.0007885306962416
1806.5 1.2129325259935722
1807.0 0.7648452180222164
1807.5 1.2807640740586712
1808.0 1.0170476303099516
1808.5 0.7309363949848063
1809.0 0.8976470054536214
1809.5 1.3825791900725608
1810.0 1.5528882882061494
1810.5 0.971584398567825
1811.0 1.4541873170672335
1811.5 1.2884415919600403
1812.0 1.1666444023688538
1812.5 1.0298224022831097
1813.0 0.5377623511063987
1813.5 0.6651819802399029
1814.0 0.7230841752373025
1814.5 0.7351991542993082
1815.0 0.7027949719377908
1815.5 0.6945902751401986
1816.0 0.6058700842126354
1816.5 0.8071094906900451
1817.0 0.7766017298646632
1817.5 0.7398786199425358
1818.0 0.4451847474057739
1818.5 0.6532911685598699
1819.0 0.8391776922168754
1819.5 0.5822332283639947
1820.0 0.7011161933501007
1820.5 3.1107717756906954
1821.0 1.8709317827673169
1821.5 1.4967013949303822
1822.0 0.2971391778387298
1822.5 3.059025478153133
1823.0 2.238047280836131
1823.5 1.4874346608993514
1824.0 1.485412425123731
1824.5 1.6722379249366206
1825.0 3.382564676368931
1825.5 2.6779400815323804
1826.0 1.6235296546312754
1826.5 2.16820260237572
1827.0 2.481032454735147
1827.5 1.2746295516154504
1828.0 1.1271814758268444
1828.5 2.6039897753664927
1829.0 2.4278220333094134
1829.5 1.86832119103101
1830.0 1.4298810149259618
1830.5 2.004836210955906
1831.0 2.1341943147856797
1831.5 1.5008243596076132
1832.0 2.5958434015542373
1832.5 0.9569927844462076
1833.0 1.7703401970868984
1833.5 1.4905862622721338
1834.0 2.1518748906388394
1834.5 0.835093225823667
1835.0 1.5739826547248335
1835.5 0.9664288242250674
1836.0 1.0462402145459122
1836.5 1.0476909452805327
1837.0 0.7979166663858404
1837.5 1.4499874442090481
1838.0 0.8311221478514506
1838.5 1.4733737281775616
1839.0 0.9392119146633995
1839.5 1.1534390404571129
1840.0 1.4730572346002109
1840.5 1.2058413294785457
1841.0 1.4311861290617045
1841.5 1.5042194290384496
1842.0 0.7556112487929625
1842.5 1.6421326601420851
1843.0 0.6046345406579706
1843.5 0.6923806830937148
1844.0 0.778882035869452
1844.5 0.9112282563229609
1845.0 1.4425531545511772
1845.5 2.5270620282811618
1846.0 2.306326424302544
1846.5 1.7764421979999432
1847.0 1.7635056007992547
1847.5 1.704274667314531
1848.0 1.6601229640551662
1848.5 1.8941453597739173
1849.0 1.6338475044316263
1849.5 3.015508535363253
1850.0 3.310933025058266
1850.5 1.7574662503889884
1851.0 2.1570337983088015
1851.5 2.37835401019865
1852.0 2.160469766402613
1852.5 1.194663392847192
1853.0 2.016356905599972
1853.5 2.260931943252072
1854.0 2.8870414202797225
1854.5 1.9121666876829106
1855.0 2.0322731087687167
1855.5 1.1299419408088212
1856.0 0.5439952589167919
1856.5 3.5516778943050236
1857.0 5.299587323589624
1857.5 1.5387376412510714
1858.0 0.8092631950109228
1858.5 3.5821086345563486
1859.0 1.8137492724008895
1859.5 2.6993364546405907
1860.0 3.1646458305354748
1860.5 4.1863727287839305
1861.0 2.4505919584759486
1861.5 3.2146416601478025
1862.0 2.7926749134266595
1862.5 2.383960216810955
1863.0 2.8560827387905356
1863.5 1.9847541936456792
1864.0 0.2
1864.5 2.719846201340361
1865.0 2.076322100544026
1865.5 0.8730566829823461
1866.0 1.6774495942845937
1866.5 0.6377050702141493
1867.0 1.7115869509625508
1867.5 1.2895258690902027
1868.0 0.34242132336046927
1868.5 1.2891487587901416
1869.0 1.0420759729269173
1869.5 1.0734540239305415
1870.0 0.8640795685800156
1870.5 1.0950749337193642
1871.0 1.0202434753252516
1871.5 1.5553228853711423
1872.0 1.548666181843493
1872.5 1.2951831383719044
1873.0 1.313589036234164
1873.5 1.5789512046159087
1874.0 0.6243975529955503
1874.5 1.260922360000414
1875.0 2.373984882098541
1875.5 3.5561242321978277
1876.0 3.3131728078034266
1876.5 3.290332785264894
1877.0 1.6789057170293082
1877.5 3.108830429260876
1878.0 2.0519511956690044
1878.5 2.8966295959810484
1879.0 1.85416729617087
1879.5 2.761548739215197
1880.0 1.675510465594762
1880.5 1.2072296738125963
1881.0 2.2310998943853173
1881.5 0.9747540029824846
1882.0 2.3139633271360505
1882.5 2.2822422239615374
1883.0 2.4612590142888395
1883.5 1.616413723064659
1884.0 2.744417968372152
1884.5 1.421300757527752
1885.0 0.5947715328711931
1885.5 2.148572607089772
1886.0 1.2090818402725536
1886.5 1.7676281201482404
1887.0 2.685895835384236
1887.5 1.689584629468659
1888.0 1.9418267349669138
1888.5 1.6274538979807502
1889.0 2.095623672210928
1889.5 1.2119708088313952
1890.0 1.6335941027494458
1890.5 1.5609296257185274
1891.0 1.9039117598540631
1891.5 1.2270920404647478
1892.0 1.1390086113736466
1892.5 2.3951104067646467
1893.0 1.8923968964853874
1893.5 2.4255504736330167
1894.0 1.7232405239060344
1894.5 1.1031669498140064
1895.0 0.9196019338799735
1895.5 1.3616330668237118
1896.0 1.3648510907591684
1896.5 1.8578272151661617
1897.0 0.2
1897.5 1.8757799104055315
1898.0 0.9548342125295052
1898.5 1.9878407778040232
1899.0 1.3930564748408318
1899.5 2.3132741709499824
1900.0 1.9690405547944523
1900.5 1.3060274284065558
1901.0 1.6914923367935746
1901.5 1.4606857986307167
1902.0 1.594652277823745
1902.5 1.3924937676637525
1903.0 1.9688708259370473
1903.5 2.1566926315824557
1904.0 0.9537111202304709
1904.5 1.45948008471627
1905.0 0.6830496739899865
1905.5 1.4424410568690988
1906.0 0.9824086192092232
1906.5 0.7814844553986197
1907.0 1.5732397266042448
1907.5 0.905011704409043
1908.0 0.7054552560458767
1908.5 1.7063943757190492
1909.0 1.315431584158017
1909.5 0.7043957148816052
1910.0 2.1446427656835185
1910.5 1.745516936233833
1911.0 1.2633973462612595
1911.5 2.7201824168993705
1912.0 1.9744448898664961
1912.5 2.7002212656068036
1913.0 2.0113602333867244
1913.5 1.8927182043682393
1914.0 1.912162864772709
1914.5 2.5621982037015734
1915.0 0.41554453116631596
1915.5 1.028610576250588
1916.0 2.512603687951538
1916.5 2.0907153274349404
1917.0 2.4345639779111616
1917.5 0.6560026071202077
1918.0 1.5562636455387575
1918.5 1.899711248089789
1919.0 1.7994606108431626
1919.5 1.3238595615287774
1920.0 1.1842068619991168
1920.5 0.6790477625397757
1921.0 2.62795059517756
1921.5 2.8742692395441214
1922.0 0.8957938163575658
1922.5 2.200367314311949
1923.0 2.187043416915014
1923.5 2.908139492046817
1924.0 2.8428743066061513
1924.5 1.3063430057894398
1925.0 1.451315088104982
1925.5 0.840796198494842
1926.0 2.4525322327395176
1926.5 1.4302157296253009
1927.0 0.9692849623796556
1927.5 1.2989282942425102
1928.0 2.362010192039543
1928.5 1.1072232333324954
1929.0 1.7794359023806872
1929.5 0.6352211484604562
1930.0 1.8565756322645275
1930.5 1.7643209470813723
1931.0 1.4394369327592704
1931.5 1.2355949710340837
1932.0 1.3370093864154091
1932.5 1.4864393472470718
1933.0 1.7476812468864937
1933.5 1.3287735896659443
1934.0 1.766601125677284
1934.5 2.2401793896206987
1935.0 0.6981559526274221
1935.5 1.7550816226875927
1936.0 1.0899667860857807
1936.5 2.53334992182114
1937.0 1.4110865736256815
1937.5 1.882269535162161
1938.0 1.1455469235666196
1938.5 2.9040385310910546
1939.0 0.47026178545813857
1939.5 1.5018695620114522
1940.0 1.4860417413381097
1940.5 1.9590218849058945
1941.0 0.6801628106801078
1941.5 1.1839731950736765
1942.0 2.279415464625382
1942.5 1.9074373961774371
1943.0 2.301523938737186
1943.5 1.3443683523775225
1944.0 1.3960525177025418
1944.5 0.6791529590059778
1945.0 2.2685004763140237
1945.5 1.5450163179536003
1946.0 1.7935060286170983
1946.5 1.0236070904509913
1947.0 1.8595068852089913
1947.5 1.2006784506565658
1948.0 1.223154392357217
1948.5 1.9887405017714008
1949.0 2.018909645880056
1949.5 2.7096912105089253
1950.0 2.8208430660381785
1950.5 1.8628972591679154
1951.0 1.4437520128735706
1951.5 1.649660195770096
1952.0 0.9329926647963771
1952.5 1.4924774138980326
1953.0 0.888566943565415
1953.5 1.151375608538717
1954.0 1.8861333109174723
1954.5 1.9251008556347318
1955.0 0.7665115849210372
1955.5 1.6619135717111093
1956.0 1.1813624568885706
1956.5 0.8554906511806448
1957.0 1.4504018139518786
1957.5 1.9819750078037528
1958.0 1.379077777818796
1958.5 1.2421169546136386
1959.0 2.1195822437085865
1959.5 1.174729709015865
1960.0 1.5692453178792993
1960.5 1.329740405223402
1961.0 1.418743061850747
1961.5 1.2729714722228325
1962.0 0.9283959894433863
1962.5 1.4680113985354177
1963.0 1.4390752070339856
1963.5 1.1444626569567522
1964.0 0.3764069381293398
1964.5 2.261810936794503
1965.0 1.8415251496350875
1965.5 3.0666096237237404
1966.0 2.219807349201762
1966.5 3.302177023673674
1967.0 2.444559345152702
1967.5 3.467504042300602
1968.0 2.5213296864770633
1968.5 2.844167056998301
1969.0 3.49282025925987
1969.5 1.9939634914389757
1970.0 3.947556667243288
1970.5 2.581840667766234
1971.0 3.508424521183708
1971.5 1.804458740145156
1972.0 2.568063896498882
1972.5 0.8580400268992389
1973.0 1.906052523325192
1973.5 0.8409789854013519
1974.0 1.99494005055805
1974.5 1.0264117231586094
1975.0 1.6174419552078305
1975.5 1.4291326588915565
1976.0 1.6179473387108398
1976.5 3.7353956204541463
1977.0 2.545157411406631
1977.5 2.6372371923134073
1978.0 1.9962867011342187
1978.5 1.788819477735848
1979.0 2.2090834638989323
1979.5 1.5340210380493744
1980.0 1.7249985721599923
1980.5 1.3663750557644576
1981.0 2.556376389887867
1981.5 0.2709706752686416
1982.0 1.5209698051823024
1982.5 0.33921342050133085
1983.0 0.6998227709457658
1983.5 1.563096174401372
1984.0 1.3954620842150813
1984.5 1.5163176126450892
1985.0 1.5240805297076037
1985.5 1.0803533873536206
1986.0 0.6969237651565947
1986.5 1.0645189468701577
1987.0 1.1281911706539722
1987.5 1.4629974280605023
1988.0 1.135200003778047
1988.5 0.8029860967526751
1989.0 0.7432320026532213
1989.5 0.6728475194854389
1990.0 1.0130166272217571
1990.5 2.067642668448267
1991.0 2.558714731815731
1991.5 1.3959190636269367
1992.0 2.382614302813349
1992.5 1.6909458819239518
1993.0 1.5398194683355455
1993.5 2.057693069554893
1994.0 2.4599666547740613
1994.5 2.339717029679969
1995.0 0.725748222964514
1995.5 2.0095124219813347
1996.0 1.9644747310177766
1996.5 1.6132619590786859
1997.0 2.0306853760286874
1997.5 2.794695358753522
1998.0 1.7902673835560345
1998.5 1.2460073759795973
1999.0 0.783129515710535
1999.5 1.1961536334684284
2000.0 1.3058736542461649
2000.5 2.1903082950956456
2001.0 1.6946506994646193
2001.5 1.3399281570684094
2002.0 1.1244980686864456
2002.5 1.341810315555384
2003.0 1.4372473637590313
2003.5 2.2479564107352186
2004.0 1.794021009464129
2004.5 3.3393888054948473
2005.0 0.9671404835009197
2005.5 1.412884559617569
2006.0 1.1560446740586843
2006.5 3.3092103127553067
2007.0 2.567103799461023
2007.5 2.1278423150272703
2008.0 3.5450417805534373
2008.5 3.657365942586279
2009.0 1.4275928640389586
2009.5 1.7134884077344652
2010.0 2.584702529375529
2010.5 2.4432386395279755
2011.0 2.486839980983475
2011.5 1.5692301535127549
2012.0 2.370062757263181
2012.5 1.5424631273099987
2013.0 1.2551859960415896
2013.5 1.1816428697233068
2014.0 2.063630070190259
2014.5 0.8398229751958342
2015.0 1.0252525679059437
2015.5 1.4394685041709456
2016.0 3.2087660281102974
2016.5 1.3169921453476454
2017.0 1.0231000511461281
2017.5 1.0760306471170393
2018.0 0.8419878073865088
2018.5 1.2278695393815715
2019.0 1.0374795175588674
2019.5 1.267579256015631
2020.0 0.707973076142919
2020.5 1.1547522393574918
2021.0 1.0900026827775018
2021.5 1.1740067000770154
2022.0 1.209655898033541
2022.5 1.0742820215146034
2023.0 1.335266250500127
2023.5 1.7361518625592613
2024.0 2.8192702498156956
2024.5 2.5671933006951986
2025.0 1.8810573886668793
2025.5 1.6380242193686396
2026.0 1.839057162739815
2026.5 2.6826142775162234
2027.0 2.1231184742473035
2027.5 1.6356144451622037
2028.0 2.9105387511357854
2028.5 1.5642908737367067
2029.0 1.525216007230696
2029.5 1.85044381618997
2030.0 1.2773415093563334
2030.5 1.6766888825686914
2031.0 2.017424859739697
2031.5 1.5973686227514625
2032.0 2.0262956626189617
2032.5 1.2387093460897245
2033.0 1.4691866684580845
2033.5 1.0827955640478977
2034.0 1.5797986916899311
2034.5 1.30166025388846
2035.0 1.981828135848841
2035.5 1.6334194374612458
2036.0 0.9442604932113972
2036.5 1.9154135785153812
2037.0 1.0651496238322937
2037.5 0.2859178591985443
2038.0 1.5548400022407018
2038.5 1.6726861252878624
2039.0 1.5922569036575944
2039.5 1.6436602129342055
2040.0 0.9477885016878406
2040.5 1.2472154995419875
2041.0 0.8606472090202629
2041.5 0.9430939097285136
2042.0 1.1316346170453828
2042.5 0.5129065615841468
2043.0 0.9425187648121705
2043.5 0.8868566529651207
2044.0 0.8343109352164104
2044.5 0.7585536569448541
2045.0 0.8167980348067372
2045.5 1.0101732638846403
2046.0 0.832981657960632
2046.5 1.1082617961914334
2047.0 1.0667956736003026
2047.5 0.8283994326906723
2048.0 0.8333708265213816
2048.5 1.4578096903712918
2049.0 0.8505616195677561
2049.5 0.7749181736338332
2050.0 1.1272672807772435
2050.5 0.9315787268456793
2051.0 0.9396985296417485
2051.5 0.8826207132589594
2052.0 0.7788100526929537
2052.5 0.8324522388484266
2053.0 1.1596534972750163
2053.5 0.9201026654139249
2054.0 1.151970969212044
2054.5 1.2890798686857372
2055.0 1.278692852237437
2055.5 1.2437833231062334
2056.0 1.1275925470563555
2056.5 0.8085914059604201
2057.0 0.9684352116736934
2057.5 0.4486570026299498
2058.0 0.8917162484553958
2058.5 1.2810730336555545
2059.0 0.7374598546839666
2059.5 1.216222599055925
2060.0 1.2334815675045208
2060.5 1.05370881635032
2061.0 1.43997338650989
2061.5 1.5507770091178383
2062.0 0.9395532602668529
2062.5 1.8858294301251441
2063.0 1.3239500033358749
2063.5 1.5736838886455544
2064.0 0.7938730436960977
2064.5 0.8828255897253515
2065.0 0.9652237318879713
2065.5 0.9313193792067954
2066.0 0.8652670678521693
2066.5 0.8296974379096143
2067.0 1.072718926882242
2067.5 0.8246202876118361
2068.0 0.7967013307156952
2068.5 0.9595602789328469
2069.0 0.7206560297836893
2069.5 1.1248128503337496
2070.0 0.7722328200555056
2070.5 1.3082966835143308
2071.0 0.8884062788603095
2071.5 0.5428883994582645
2072.0 1.2572194287904264
2072.5 0.5890732800523658
2073.0 0.6755491161852625
2073.5 0.9992690922281776
2074.0 0.8298189641897897
2074.5 1.1189232121411212
2075.0 0.9273083308639918
2075.5 0.7278568616720883
2076.0 0.9806356947609638
2076.5 0.945890797562907
2077.0 0.8823642287371385
2077.5 1.7024987145261008
2078.0 1.5805635180856994
2078.5 3.2282133719827018
2079.0 2.882719201353005
2079.5 1.5799218301562394
2080.0 3.1574043929987416
2080.5 1.9482318152128422
2081.0 1.4721820935211631
2081.5 0.5199216362786288
2082.0 3.3000595235252126
2082.5 2.966666608392351
2083.0 1.115749063870825
2083.5 2.128190189098418
2084.0 2.1039691740713695
2084.5 3.221892706673249
2085.0 0.5891806333278031
2085.5 1.5773057990420103
2086.0 1.8206504407412905
2086.5 1.1197453632561793
2087.0 2.53149181161521
2087.5 2.7509255139029016
2088.0 2.1791642179831947
2088.5 2.100668209932899
2089.0 2.1245310237314676
2089.5 3.7390361052988546
2090.0 1.666275194424086
2090.5 2.878427134137396
2091.0 2.010578171798908
2091.5 1.4877752851261303
2092.0 1.2881097845239442
2092.5 1.1978404279801134
2093.0 1.623355700490634
2093.5 1.5381669288689341
2094.0 1.1938760067490728
2094.5 0.9787665872945334
2095.0 0.541761977654436
2095.5 0.8952616688060313
2096.0 0.9750181438678556
2096.5 2.3956121363473386
2097.0 1.3458647760967266
2097.5 1.078147741935815
2098.0 1.5026670068385133
2098.5 1.0068006321732386
2099.0 1.3464873581268773
2099.5 1.627842641770763