1200.0 1.7257414288086517
1200.5 2.7565219960350875
1201.0 2.1415793137217802
1201.5 3.4357269949054463
1202.0 1.7725450289535152
1202.5 2.795626805720844
1203.0 1.8222160854287108
1203.5 2.19663757118787
1204.0 1.6226097019211274
1204.5 2.45705700800497
1205.0 0.7939723345622343
1205.5 2.166357759058596
1206.0 1.783885697844427
1206.5 0.44910964475579523
1207.0 0.8976729203352894
1207.5 0.6764019432275841
1208.0 0.9925316506876669
1208.5 0.9071883063326039
1209.0 0.8492737278806453
1209.5 1.0417439879097556
1210.0 2.386026950010603
1210.5 1.5102845184445834
1211.0 1.2637758673210886
1211.5 2.252334648608793
1212.0 1.6209087230201953
1212.5 2.6916849520829444
1213.0 3.4148965725195626
1213.5 2.0065929347827387
1214.0 2.1149106884189552
1214.5 1.4308020244284445
1215.0 2.1527031700636474
1215.5 1.4411367465629201
1216.0 1.4010732893271136
1216.5 0.8323596196164444
1217.0 2.290598765040396
1217.5 2.5920838317053905
1218.0 1.3891283076371308
1218.5 1.0927239789332213
1219.0 1.8863581712357402
1219.5 2.038106690559569
1220.0 1.217993667597093
1220.5 2.2083568698827123
1221.0 2.088608074702173
1221.5 2.9751868391615623
1222.0 1.0906874258898733
1222.5 2.6311751671224775
1223.0 1.7673819034911975
1223.5 0.9140374686348837
1224.0 1.6695071543042161
1224.5 1.9817788886574088
1225.0 1.8634465693692572
1225.5 3.0660166270525933
1226.0 1.4377550020662264
1226.5 2.613110495058292
1227.0 1.361568017918299
1227.5 0.3537175431799984
1228.0 3.3969185429579736
1228.5 2.4971209105684533
1229.0 2.0406025345425363
1229.5 1.6123994662608918
1230.0 1.6536766730832841
1230.5 2.4486647512146096
1231.0 1.8801053108612538
1231.5 1.0138953377073643
1232.0 3.4066180936766437
1232.5 3.1738745457109956
1233.0 1.8973286105836389
1233.5 0.7783426531205362
1234.0 1.0468871878307116
1234.5 2.1293406020986594
1235.0 0.6776996034103192
1235.5 1.0150221591914712
1236.0 1.532532039628318
1236.5 1.950084963301675
1237.0 0.588683430026524
1237.5 1.9914871944681336
1238.0 1.0977510159112163
1238.5 2.9966784431422124
1239.0 1.420502728947005
1239.5 1.400078958878515
1240.0 1.5827008171147876
1240.5 1.7182206242489446
1241.0 0.7686077212878633
1241.5 2.4535355301252295
1242.0 2.251602058064371
1242.5 2.1973120217043425
1243.0 0.6465685180208827
1243.5 1.3225884310126013
1244.0 1.1969566381760346
1244.5 1.0488078628431312
1245.0 0.46754568651540396
1245.5 0.6745126470094365
1246.0 1.5515832434154109
1246.5 1.137922759542328
1247.0 1.4564713696629483
1247.5 0.758752793033331
1248.0 1.2904609631429076
1248.5 1.3588168825299602
1249.0 1.9634626501261614
1249.5 1.094810175716142
1250.0 1.3089980019092295
1250.5 1.3235253398852098
1251.0 1.3005891500599596
1251.5 1.2962580492380842
1252.0 0.5334265945780603
1252.5 1.6361996891873856
1253.0 1.3978533368558175
1253.5 0.6221630052018581
1254.0 1.6420649745947875
1254.5 1.1428408197226507
1255.0 2.199482640341791
1255.5 1.7666668822727813
1256.0 1.3668749220477063
1256.5 2.0451487938247075
1257.0 0.46059297850547554
1257.5 1.6512258916309461
1258.0 1.4863547324422213
1258.5 1.0379702167851153
1259.0 0.6105198723275052
1259.5 0.796916653385721
1260.0 0.7458000491998285
1260.5 0.5213190135190976
1261.0 0.5662563583738356
1261.5 0.6046616874484365
1262.0 0.7637025066397547
1262.5 0.7943625811860955
1263.0 0.8153045544873505
1263.5 0.6387506806539538
1264.0 0.5923780341198186
1264.5 0.7821006326078792
1265.0 0.48309922325283305
1265.5 0.8725970610177787
1266.0 0.7133473168206705
1266.5 0.7169678525548973
1267.0 0.6599933788155256
1267.5 0.7235047696247656
1268.0 1.1981989518277651
1268.5 0.2
1269.0 1.1013251840328988
1269.5 2.145888940902045
1270.0 1.3094494038890463
1270.5 1.3518793426236062
1271.0 1.8082074496221658
1271.5 1.1627984164310223
1272.0 2.0780206811247295
1272.5 1.051640360987958
1273.0 1.4749064004666113
1273.5 1.2701409231988252
1274.0 1.2597238230552463
1274.5 1.0813067012972593
1275.0 0.7361919508234506
1275.5 1.153410924214997
1276.0 0.8907431355442792
1276.5 1.7470810033147985
1277.0 0.5095302260951788
1277.5 1.8183200318845507
1278.0 1.871042664289821
1278.5 1.4584088578144312
1279.0 1.0868842131005572
1279.5 0.7587974244079517
1280.0 1.6769957878778257
1280.5 2.2530535268313407
1281.0 1.5165288727121213
1281.5 1.1211425204628682
1282.0 1.9051501534866595
1282.5 2.207509107748657
1283.0 2.141255243390773
1283.5 1.5356162356568788
1284.0 1.6156062581123638
1284.5 2.5305706046756553
1285.0 3.2268226183844133
1285.5 1.8796816626540755
1286.0 0.9470577987518102
1286.5 2.3017118088725823
1287.0 1.5979817616355012
1287.5 1.9998672120583387
1288.0 1.6827020356019449
1288.5 1.6762106746161547
1289.0 1.8465339892592754
1289.5 1.042943328339951
1290.0 1.7340002688047476
1290.5 1.5581895472504428
1291.0 2.318918754466046
1291.5 3.404346055925066
1292.0 0.7316226655873955
1292.5 2.070421935850841
1293.0 0.9264921585907443
1293.5 1.607097817346233
1294.0 2.050387627195506
1294.5 0.8603170748673307
1295.0 2.13457420879761
1295.5 2.192783631987929
1296.0 0.4499930294367982
1296.5 1.7264739602915675
1297.0 1.637611661024242
1297.5 1.4643815425888507
1298.0 1.2773191711578273
1298.5 1.12682343520067
1299.0 1.4607528163962895
1299.5 2.254804116046412
1300.0 0.6820770362488331
1300.5 1.798089638779103
1301.0 1.315506300410286
1301.5 1.5834705589547995
1302.0 1.0827671364378681
1302.5 2.0768958041255363
1303.0 1.7049347758823776
1303.5 1.8873452819983976
1304.0 1.7947301216356217
1304.5 1.9551372241329472
1305.0 0.8467678685773659
1305.5 0.7139898717478991
1306.0 1.9197134750459828
1306.5 1.688182358138184
1307.0 0.9360613512314944
1307.5 1.4270239964557834
1308.0 0.9558227086021298
1308.5 1.4787954722196115
1309.0 1.4248598405903015
1309.5 0.9844966315108606
1310.0 1.5365070776695884
1310.5 1.2733913151633818
1311.0 1.6741757863471174
1311.5 1.7872651018727268
1312.0 1.2884497224567655
1312.5 1.4953235263836357
1313.0 1.5816289409191495
1313.5 0.9397604670365004
1314.0 2.01965680057861
1314.5 1.0707904230318377
1315.0 1.6616787508368662
1315.5 1.337141895064288
1316.0 1.685908967877336
1316.5 1.1014054332459406
1317.0 0.5510530929053411
1317.5 1.0550442506733266
1318.0 1.855228351201147
1318.5 1.2792931811286703
1319.0 0.5774618124260137
1319.5 0.7857500052302631
1320.0 1.5504080656802992
1320.5 2.1100701757718836
1321.0 2.566292825215366
1321.5 3.1613680700931672
1322.0 2.275680963991465
1322.5 2.1252882563208626
1323.0 3.155511700584955
1323.5 1.8548635150849666
1324.0 1.6639338495700613
1324.5 1.7749292169094901
1325.0 1.2185573006628532
1325.5 1.0852412953984676
1326.0 3.313768159934118
1326.5 3.923976383744146
1327.0 1.3367648451855194
1327.5 3.063765191782042
1328.0 3.187199611275393
1328.5 1.4023122949692148
1329.0 1.5933498185827928
1329.5 2.5133397593608633
1330.0 1.2816186942155425
1330.5 2.579284494781466
1331.0 3.2231465075916352
1331.5 1.9968573147541204
1332.0 0.7031892659944466
1332.5 2.07790456949523
1333.0 2.1297453147957635
1333.5 1.8119204256554862
1334.0 2.5317199699269377
1334.5 2.4013307946185236
1335.0 1.5240534428959556
1335.5 1.3958576947130632
1336.0 0.4601283419547798
1336.5 1.5160409702722868
1337.0 1.2276480570939086
1337.5 1.6258086613998852
1338.0 1.7175801638465744
1338.5 0.99382735128994
1339.0 1.5560497560702338
1339.5 1.5676041002423702
1340.0 0.9878912326577192
1340.5 2.1040837690200784
1341.0 3.2762707152633803
1341.5 0.7779252445710939
1342.0 0.6465482922109917
1342.5 0.985685822156196
1343.0 0.9798321491475517
1343.5 1.5743741285826607
1344.0 0.8205002824211705
1344.5 1.0660379413736831
1345.0 1.317308932007423
1345.5 1.7857098125626079
1346.0 1.9280995647764183
1346.5 2.0513373503201247
1347.0 1.545832154778421
1347.5 0.7494323420051372
1348.0 1.868067545426556
1348.5 1.9838215332125468
1349.0 2.4935863286928823
1349.5 1.369993819457942
1350.0 3.025604594338967
1350.5 3.669581324213831
1351.0 1.2129508777170577
1351.5 0.2
1352.0 1.6417918267952618
1352.5 2.0075668973277687
1353.0 2.3647150964611194
1353.5 1.6448253947083038
1354.0 2.3278170298948417
1354.5 2.591512906417308
1355.0 1.972781306540879
1355.5 1.32096408860042
1356.0 1.8000210565188366
1356.5 1.5891955709771906
1357.0 0.3692206239509662
1357.5 1.0942741824358584
1358.0 1.5167430379838056
1358.5 1.1405836176943742
1359.0 0.6856675425445914
1359.5 1.345174445526332
1360.0 1.236395040706435
1360.5 0.7112367063934262
1361.0 0.7906170394229357
1361.5 1.193156391626841
1362.0 1.0629175594227824
1362.5 1.0709042701791063
1363.0 0.6109262492512417
1363.5 1.0455357381748085
1364.0 3.012257378402651
1364.5 1.9495922137147468
1365.0 2.86618066786867
1365.5 3.170130695294697
1366.0 1.772273950060367
1366.5 1.9088813330422614
1367.0 3.3201700581918914
1367.5 3.855990870750656
1368.0 2.1876282087634715
1368.5 3.062272572731729
1369.0 1.934019978398215
1369.5 2.3495376086258988
1370.0 3.1279927658091573
1370.5 2.069705389634921
1371.0 1.5688592549539533
1371.5 3.1065680797928414
1372.0 0.5639685051493506
1372.5 0.9080993710042364
1373.0 0.5318462017908052
1373.5 2.3478774479826585
1374.0 3.6294423584100945
1374.5 1.8689287301652155
1375.0 3.667839867245787
1375.5 2.8420413373535416
1376.0 0.5069689093349388
1376.5 1.075536156681319
1377.0 1.2858592812155534
1377.5 1.264094699395391
1378.0 1.38979807126647
1378.5 1.1734473934022114
1379.0 1.0989804997089068
1379.5 1.1577365419841341
1380.0 1.0361856713370596
1380.5 0.9812836393773057
1381.0 0.8063215610827392
1381.5 1.2691635115961868
1382.0 1.352270113538725
1382.5 1.4863238527986526
1383.0 0.8242750602355637
1383.5 1.0536157234521757
1384.0 0.933072733228105
1384.5 1.3579033625070682
1385.0 0.7805023590898387
1385.5 1.6120185921136811
1386.0 1.1130739419781124
1386.5 1.3324588127084727
1387.0 1.0007550956388267
1387.5 0.7655129406828425
1388.0 1.3252653746098595
1388.5 1.0681738729361263
1389.0 1.4600279259417437
1389.5 0.8097686023746549
1390.0 1.307701390263504
1390.5 0.5731503428776891
1391.0 0.8058361568839092
1391.5 1.2521669092136818
1392.0 1.4443476956285393
1392.5 1.3142035453488368
1393.0 0.7467276109744532
1393.5 1.0915729654809487
1394.0 1.2547737391454057
1394.5 1.2936406554730273
1395.0 1.469150326635349
1395.5 0.6714372080326899
1396.0 1.1281421492620662
1396.5 0.8068945879507605
1397.0 1.5463972498630754
1397.5 0.9632661294922904
1398.0 0.7280992071859436
1398.5 1.1761198388324638
1399.0 1.2597619394773358
1399.5 2.308589521054654
1400.0 1.4008900435826295
1400.5 1.5940182024676754
1401.0 1.2127282402139647
1401.5 1.6165073788763693
1402.0 0.93663743447802
1402.5 1.26023319562484
1403.0 1.479542681654687
1403.5 1.410374333559869
1404.0 1.6705744172426342
1404.5 1.3073683975812722
1405.0 1.4491611904824764
1405.5 3.322770732123951
1406.0 4.126518241027411
1406.5 1.1522260449649333
1407.0 1.455351048062272
1407.5 0.8819630941356513
1408.0 0.8964279102840745
1408.5 1.4309349015518291
1409.0 1.7855757975963442
1409.5 1.2662808786636681
1410.0 0.587302371861942
1410.5 0.7186751553163079
1411.0 1.2079794423272892
1411.5 1.3765620543277768
1412.0 1.6657414743010026
1412.5 2.290556942416934
1413.0 2.2607205061675524
1413.5 0.2
1414.0 2.8239887239559938
1414.5 0.902899531935423
1415.0 0.2
1415.5 1.8053605428285846
1416.0 1.5498504138494669
1416.5 2.009314102990497
1417.0 2.31767467607998
1417.5 2.5057115316215928
1418.0 1.6871696555254307
1418.5 1.2376845697622483
1419.0 2.137851802650146
1419.5 2.529058804804935
1420.0 1.1957245223972857
1420.5 1.6043654670360656
1421.0 1.1924210242295517
1421.5 1.3057822843047802
1422.0 2.1645242451461453
1422.5 0.98622076801049
1423.0 1.873219899211349
1423.5 1.7071026388843156
1424.0 1.3429349900184562
1424.5 2.603958050245757
1425.0 3.056510726940293
1425.5 2.846044663858338
1426.0 0.5991940025438853
1426.5 2.605376609254213
1427.0 2.301992507100523
1427.5 2.7346109830234364
1428.0 1.236937049031046
1428.5 2.565555672297153
1429.0 3.1750086169606178
1429.5 1.7983594686361792
1430.0 0.4594063830404731
1430.5 2.422801194764139
1431.0 3.414825155420725
1431.5 1.0650769022855324
1432.0 2.286956578452928
1432.5 1.8781784339961882
1433.0 0.8941766266459206
1433.5 2.1838660052317413
1434.0 1.565847445575949
1434.5 1.592359481265065
1435.0 1.2006457773406942
1435.5 2.585181433046034
1436.0 1.468783394933977
1436.5 0.7785388921315368
1437.0 1.2851117454739218
1437.5 1.1127396921496508
1438.0 0.9906201010337257
1438.5 0.9659897537958686
1439.0 0.6403978465619055
1439.5 0.9004351859972224
1440.0 2.2903271687105056
1440.5 2.919581183173875
1441.0 2.4820054012698765
1441.5 2.257840387844716
1442.0 2.0526229645321807
1442.5 0.9123986657769938
1443.0 0.9014168622829623
1443.5 0.5367099105845252
1444.0 0.6182983070387835
1444.5 0.7017298201216635
1445.0 1.0144443924769675
1445.5 0.9784163309569922
1446.0 0.966931235147072
1446.5 1.0451491305357306
1447.0 1.0922966079541048
1447.5 0.650489578250974
1448.0 1.0035961384757077
1448.5 0.9205001438440547
1449.0 1.0809088637518594
1449.5 0.530497128497992
1450.0 2.107691810361466
1450.5 1.4013022496072245
1451.0 2.173157609764205
1451.5 1.5924659714463265
1452.0 2.464439808159344
1452.5 1.3689283781459343
1453.0 2.1519411430345254
1453.5 2.2754841000548014
1454.0 0.4705563345251167
1454.5 1.8302494470643391
1455.0 2.1639995487727908
1455.5 2.2071006884842097
1456.0 2.3299863891000836
1456.5 1.03371267424794
1457.0 1.8557143945304069
1457.5 0.7578121735808436
1458.0 1.331580481338115
1458.5 0.7876399088442141
1459.0 1.3199698640549957
1459.5 1.1259695115627628
1460.0 0.9966071972862962
1460.5 2.0469990616735796
1461.0 2.2883880039720284
1461.5 2.47500237654625
1462.0 0.48331126933168345
1462.5 1.765296953668582
1463.0 1.8862877776390126
1463.5 2.6495280490411917
1464.0 1.994083726708483
1464.5 0.6280447049051853
1465.0 0.8025791992128208
1465.5 1.429469482934152
1466.0 1.0437679408285727
1466.5 3.289685358560879
1467.0 2.2636549405296873
1467.5 1.9604330076290055
1468.0 1.7493895780330808
1468.5 1.5712216216178954
1469.0 1.3526913030421923
1469.5 0.54262310338616
1470.0 1.6418180181372932
1470.5 0.23239800163368685
1471.0 2.855096108083467
1471.5 1.6312036351573784
1472.0 0.5546307317516476
1472.5 1.2907078825353095
1473.0 1.3262928309241309
1473.5 1.5361166225714076
1474.0 0.8442193145149093
1474.5 2.006103527254016
1475.0 2.0335322256007817
1475.5 1.7999115122764926
1476.0 1.6809210739242315
1476.5 1.8988855682155945
1477.0 1.886947647682187
1477.5 1.7839202520545672
1478.0 1.9812715047476523
1478.5 2.3191431154367934
1479.0 1.9441879778202618
1479.5 1.8948177603336274
1480.0 1.9915070524976333
1480.5 1.0189480922273422
1481.0 1.0133952543013747
1481.5 1.6990516764951495
1482.0 1.3125053885411329
1482.5 1.3085927539044093
1483.0 1.3391433159883062
1483.5 0.6482685074966116
1484.0 1.8400199682088132
1484.5 1.0692148223837128
1485.0 1.1694886917562195
1485.5 0.8639985066792086
1486.0 1.564195842636162
1486.5 1.3765342823716888
1487.0 1.4686663840693222
1487.5 2.2306841500592616
1488.0 0.7385901197414605
1488.5 2.320145673279944
1489.0 1.023753291397664
1489.5 1.9932095304107225
1490.0 1.8540132764266701
1490.5 1.4146314859380444
1491.0 2.2570998533271105
1491.5 1.829195670745647
1492.0 1.9211062731757895
1492.5 1.4042063683926076
1493.0 1.612159169584365
1493.5 0.8433956121548262
1494.0 1.1174492426981422
1494.5 1.2657093118015061
1495.0 0.5213544490337483
1495.5 1.9630545006366718
1496.0 1.7989806027493975
1496.5 1.3919762345066384
1497.0 0.7974583595482371
1497.5 1.6633905150805255
1498.0 2.0371300171865125
1498.5 1.4741546312004532
1499.0 0.8896298466458863
1499.5 1.6556333421459841