2100.0 0.5422985220303467
2100.5 0.698595877351641
2101.0 1.288490788346229
2101.5 2.9901214874018756
2102.0 1.8082963033800983
2102.5 1.8836441781408766
2103.0 1.7245889088137603
2103.5 2.9397637691016505
2104.0 0.452094643387444
2104.5 2.082502629947935
2105.0 2.00689473583217
2105.5 2.0219644361946356
2106.0 1.561739120308737
2106.5 2.194047096026714
2107.0 1.469470015203855
2107.5 2.518658322549255
2108.0 2.264648409468019
2108.5 1.9762778387344384
2109.0 2.341396454097476
2109.5 2.610483265168715
2110.0 1.8354636788225116
2110.5 1.0620120540511038
2111.0 0.7584957262765044
2111.5 2.759224217292062
2112.0 1.2901278105508682
2112.5 1.4314866340640342
2113.0 1.8524601381898465
2113.5 3.5964317246549644
2114.0 1.5772825170383078
2114.5 3.296635062510034
2115.0 1.8581046273172528
2115.5 2.530036662315836
2116.0 2.916813540254174
2116.5 4.286561020871653
2117.0 2.4049056402947344
2117.5 3.381391208073038
2118.0 2.2483780960164133
2118.5 2.1275601589314226
2119.0 3.7602751500461027
2119.5 2.183335564011399
2120.0 1.333969689843332
2120.5 0.44150392208115585
2121.0 2.040647640582109
2121.5 2.6911929864397175
2122.0 0.9975274708840701
2122.5 1.3063435268483625
2123.0 1.210024687797561
2123.5 0.9189384636853013
2124.0 1.122134866942105
2124.5 1.244372190211199
2125.0 0.5185746003212874
2125.5 1.2688499808271814
2126.0 1.5343615493853595
2126.5 1.2500901156600461
2127.0 0.7649775465350139
2127.5 1.9651305683569253
2128.0 1.717295572926222
2128.5 2.751964140933782
2129.0 2.600498503623084
2129.5 1.9884083265583121
2130.0 0.835174867292761
2130.5 3.3797950832941632
2131.0 3.096674429166331
2131.5 2.413387661645274
2132.0 0.9418166475054046
2132.5 1.468991284934276
2133.0 0.7079218638169029
2133.5 1.0402204958839691
2134.0 1.0686533445513784
2134.5 1.0289698711322663
2135.0 2.428269091880888
2135.5 1.3345343806099133
2136.0 1.1726661557997051
2136.5 3.5326616689257158
2137.0 2.99101206978258
2137.5 2.811333878845728
2138.0 3.821860031711103
2138.5 0.6471357675179898
2139.0 2.0214595270013604
2139.5 1.8679620295002834
2140.0 1.7135342715020634
2140.5 1.7095547587317037
2141.0 2.151281799877103
2141.5 0.96577297917014
2142.0 1.4860495468577157
2142.5 1.13897849259929
2143.0 0.9765481324026104
2143.5 1.1324800699966908
2144.0 1.3340180489809548
2144.5 4.013929777630818
2145.0 1.0279555967378093
2145.5 1.0567124415958509
2146.0 2.2444943866823177
2146.5 2.5978516692993825
2147.0 1.015748411233236
2147.5 1.6224335139903754
2148.0 2.0092473982904306
2148.5 0.33387275126069516
2149.0 2.8797323632639102
2149.5 3.2443595314032043
2150.0 0.6889322411386156
2150.5 1.0983390821295456
2151.0 2.3645979596327695
2151.5 2.078358739713093
2152.0 1.190409550239786
2152.5 1.9045729303448018
2153.0 1.8613318237806966
2153.5 0.7328235427499261
2154.0 0.8088216496426239
2154.5 0.828203897183598
2155.0 1.1731052811237412
2155.5 0.9788353632587377
2156.0 1.128958417542202
2156.5 1.2799664554336405
2157.0 0.8642261125629898
2157.5 0.7014128124488233
2158.0 0.68487767150689
2158.5 0.7083593326651672
2159.0 0.9997776322801881
2159.5 0.9657654242386028
2160.0 1.48377425089875
2160.5 1.9423411434220297
2161.0 1.1669628310240294
2161.5 1.3450380939969615
2162.0 2.98016002859415
2162.5 3.3433422252969374
2163.0 0.6851623403483542
2163.5 2.840420641332571
2164.0 1.2559993219915175
2164.5 2.3313168095887224
2165.0 2.4612221620821977
2165.5 2.302478278850321
2166.0 2.725804780454074
2166.5 2.461368426401159
2167.0 2.128139427586987
2167.5 2.80368400996662
2168.0 0.852431476529445
2168.5 1.5142771774404633
2169.0 1.5975321850252324
2169.5 3.013134929116604
2170.0 2.284659458647867
2170.5 1.0530075270480281
2171.0 2.922819432192491
2171.5 2.6529476651918618
2172.0 2.092376974725825
2172.5 3.059669188350065
2173.0 2.465990287281185
2173.5 3.3527790357344567
2174.0 1.750047174153233
2174.5 4.370290240734523
2175.0 2.365885693619675
2175.5 1.8402557253878018
2176.0 1.8308274344875914
2176.5 2.561666917876159
2177.0 0.9350935341073991
2177.5 2.156663363737149
2178.0 0.7711055156286861
2178.5 1.9486815851895978
2179.0 3.313393706565866
2179.5 3.5099561073602032
2180.0 3.194053908371414
2180.5 1.662458802064569
2181.0 1.8838160214390158
2181.5 2.1776514273363654
2182.0 2.5715554762288306
2182.5 1.623927610135893
2183.0 2.9608050390991134
2183.5 2.118783971649683
2184.0 1.915147992724284
2184.5 1.9635010418283714
2185.0 3.4961551737551
2185.5 2.235724124967051
2186.0 2.1050227926734024
2186.5 2.774016585145788
2187.0 3.268844035586471
2187.5 3.0111504997010785
2188.0 2.6569054458955335
2188.5 2.3047765242201823
2189.0 3.8694867373421147
2189.5 2.0696287993104145
2190.0 1.8802975123489816
2190.5 2.5266578195559894
2191.0 2.2992653264418017
2191.5 3.1807638874383732
2192.0 3.5669168403230582
2192.5 2.79079964057786
2193.0 1.5234849641328916
2193.5 2.5765504590771378
2194.0 4.520164486589801
2194.5 2.8919367584817692
2195.0 1.6168983159181307
2195.5 2.686138699616216
2196.0 1.6559237494199532
2196.5 2.4999534056554804
2197.0 1.6309379244368918
2197.5 3.4516860716754687
2198.0 0.5844274885130827
2198.5 1.6689694432302766
2199.0 1.6130590342368192
2199.5 1.2106421584124276
2200.0 3.1442123279189316
2200.5 2.372546148629718
2201.0 2.3754949016236537
2201.5 1.6200923913958132
2202.0 0.4598731280103303
2202.5 0.9335636635026962
2203.0 1.1657434409267071
2203.5 3.1309024603561673
2204.0 2.6474967796620685
2204.5 2.2303739055037237
2205.0 2.8214751111069187
2205.5 3.342091949907796
2206.0 2.0686404803971765
2206.5 1.1645673945955919
2207.0 2.3072014035202715
2207.5 3.4664571205681733
2208.0 3.4245707809264827
2208.5 2.6400810310749856
2209.0 1.5986847030688045
2209.5 2.0910436529721967
2210.0 2.835203428127155
2210.5 3.216368517836602
2211.0 2.286467896904588
2211.5 3.9472295259138495
2212.0 1.9769278740640839
2212.5 1.541404829100991
2213.0 3.0586771639737753
2213.5 2.1894759337224836
2214.0 1.4404481093539976
2214.5 0.8561423847083258
2215.0 1.758149335326632
2215.5 1.869044649964492
2216.0 0.9153180692515782
2216.5 1.919015859419696
2217.0 1.181487383592049
2217.5 2.5928240946289653
2218.0 1.8616058058564784
2218.5 1.554230627623697
2219.0 2.5168536826729717
2219.5 2.863565654801528
2220.0 0.8487210554987468
2220.5 1.3368898042112007
2221.0 1.1557156041023626
2221.5 0.9806273097636101
2222.0 3.451588575216023
2222.5 1.978252203643561
2223.0 1.1121572546478016
2223.5 2.7072012504279677
2224.0 2.933346215609783
2224.5 1.5383203429837722
2225.0 1.7056059742611749
2225.5 2.271005483437242
2226.0 1.673156181199455
2226.5 1.709214096380781
2227.0 1.8904919714362458
2227.5 0.7262498006636458
2228.0 2.0480028294334467
2228.5 1.1243782117348864
2229.0 1.2219320214205798
2229.5 1.3901434424097316
2230.0 1.4813926217067532
2230.5 1.1931593265338158
2231.0 2.4415089234606837
2231.5 2.5098517740689257
2232.0 2.3617789003277525
2232.5 1.0600220718290068
2233.0 1.529039522994716
2233.5 1.1753876249087682
2234.0 2.271350474196484
2234.5 1.8815180552908486
2235.0 1.7488562178082696
2235.5 1.7905687815289197
2236.0 1.7720028633799223
2236.5 1.683120970972663
2237.0 2.424769215860664
2237.5 1.3601033371795692
2238.0 1.72968696408994
2238.5 1.920808562371161
2239.0 1.5233344374351776
2239.5 0.23100956770911885
2240.0 1.712883900377423
2240.5 2.1873019493397288
2241.0 1.596935011113068
2241.5 1.381794470990631
2242.0 1.3010982520798158
2242.5 1.3565802100551123
2243.0 0.9631752978652443
2243.5 2.190289290879286
2244.0 1.8526799486323948
2244.5 2.6092193268303463
2245.0 2.576217795130426
2245.5 1.499485705671507
2246.0 1.2229764267756011
2246.5 1.1916199372440495
2247.0 0.8311947249624718
2247.5 0.6617994146471646
2248.0 0.7327996229692677
2248.5 0.4813039273763989
2249.0 0.9123303741868509
2249.5 0.7626360204661432
2250.0 0.9972245611477293
2250.5 1.1809908023329978
2251.0 1.0106949956575813
2251.5 0.43157581961487984
2252.0 0.64992403097205
2252.5 0.7526925603159675
2253.0 1.378161755132338
2253.5 2.2884428627067797
2254.0 1.6720378311587352
2254.5 0.9979598648073614
2255.0 1.4292791199298476
2255.5 0.5921566469555972
2256.0 0.9758822825047913
2256.5 2.582532335610841
2257.0 2.2731475602264966
2257.5 1.8906681634932712
2258.0 0.8412215149508503
2258.5 1.8579169031078844
2259.0 1.1851744126223909
2259.5 3.0258540758979704
2260.0 2.0647555802067945
2260.5 1.1046207506683765
2261.0 1.5173447357739132
2261.5 2.8840915844458985
2262.0 1.940982385519438
2262.5 1.90654593384562
2263.0 1.6658007476596228
2263.5 0.9162420654208794
2264.0 1.7903417747958763
2264.5 1.2839024983672445
2265.0 1.4506105451711704
2265.5 1.35932367003902
2266.0 1.1857298715135294
2266.5 0.9924142379396588
2267.0 1.1270550490796374
2267.5 0.4771360651498312
2268.0 0.9056042533687758
2268.5 1.062865750107075
2269.0 3.1218982129484374
2269.5 3.0229543806923216
2270.0 1.5780206280039502
2270.5 1.0393874159222904
2271.0 0.9446685063372808
2271.5 0.7440862889092681
2272.0 0.7593431837163873
2272.5 0.9917727769702531
2273.0 0.8489807390305432
2273.5 0.9496526896689693
2274.0 0.813961468309066
2274.5 1.0134984907683884
2275.0 0.972127696988973
2275.5 0.9416140401804421
2276.0 0.788906299263338
2276.5 0.6419293289948933
2277.0 0.7140344842264743
2277.5 0.737516504791321
2278.0 0.6546539875059545
2278.5 0.838761783249621
2279.0 0.8732359429936747
2279.5 2.696025426127017
2280.0 1.3338857425093342
2280.5 1.8390140366970846
2281.0 1.6944294385903909
2281.5 1.1362952096230103
2282.0 0.7636012757067968
2282.5 1.4088018188483165
2283.0 1.3084413974986298
2283.5 1.8272622270587773
2284.0 2.2928899058689396
2284.5 0.7700072949759922
2285.0 1.4325547478796257
2285.5 1.0499996259044955
2286.0 0.5794732382766703
2286.5 1.7202713584774696
2287.0 1.6724365865958215
2287.5 1.1350511151333664
2288.0 1.9548010161049245
2288.5 2.052056682308039
2289.0 1.7977927019413416
2289.5 0.469885586656693
2290.0 1.0718316104516785
2290.5 0.9266090949693637
2291.0 1.6299007379517307
2291.5 0.3983055611631322
2292.0 1.232918659840796
2292.5 1.1900319692814758
2293.0 1.193783442230416
2293.5 2.0005601368806554
2294.0 1.579640849744174
2294.5 1.8010944422079107
2295.0 1.4400304356542528
2295.5 0.9009561764358421
2296.0 0.8159733799484246
2296.5 1.0278781428710992
2297.0 1.1452297710556767
2297.5 0.6723195001512323
2298.0 2.4691048325722678
2298.5 2.2043507452195223
2299.0 1.7436600485253226
2299.5 1.348321493939061
2300.0 2.629678380984398
2300.5 2.3000824163522333
2301.0 2.341130233411945
2301.5 1.9844590438459166
2302.0 1.5056499280012399
2302.5 3.26715866473881
2303.0 2.158852920323141
2303.5 1.646215790047561
2304.0 1.3524576246182924
2304.5 2.3587256607307
2305.0 1.548013589975282
2305.5 2.718018733824853
2306.0 0.6966178548091364
2306.5 1.1346817195521979
2307.0 1.6442663591419178
2307.5 0.9409799461612747
2308.0 1.615972497250291
2308.5 1.7945987826138452
2309.0 1.516112276168915
2309.5 1.2768530331467698
2310.0 1.1240635771038523
2310.5 0.8639937708576164
2311.0 1.3216326505034064
2311.5 0.703899244329499
2312.0 1.6153747003167416
2312.5 1.802945331390082
2313.0 0.2
2313.5 1.3112460741032477
2314.0 1.7288615716494815
2314.5 1.3678102369633485
2315.0 0.7599226150845819
2315.5 0.5514601586941414
2316.0 0.5798532450825769
2316.5 0.5230442834300892
2317.0 1.7763331149267723
2317.5 1.7031280439242191
2318.0 1.3332153228678179
2318.5 1.2516161392441698
2319.0 1.595500823701128
2319.5 1.51086367497535
2320.0 0.7393435011527739
2320.5 1.2643353071174133
2321.0 1.0062996749014133
2321.5 0.8474929218554875
2322.0 1.2366648373722042
2322.5 0.9884305521151575
2323.0 1.7095398275242526
2323.5 1.3603261893011815
2324.0 1.102201340681407
2324.5 1.4744018111184958
2325.0 1.0546159657370835
2325.5 2.0547936465814676
2326.0 2.477604044995274
2326.5 3.7738941540386186
2327.0 2.6871811693005516
2327.5 1.6838013978885549
2328.0 1.6266174152371176
2328.5 2.5773257647252548
2329.0 2.52568556432274
2329.5 1.8376488340417318
2330.0 1.6189252646096073
2330.5 0.8442510440409001
2331.0 2.1319265777430942
2331.5 1.3498624378802107
2332.0 2.4114706126691985
2332.5 1.4651261639072621
2333.0 2.046237834517525
2333.5 1.1357488804873235
2334.0 2.112315408147805
2334.5 2.247017900422778
2335.0 2.6067318170971143
2335.5 2.5866092103787883
2336.0 1.728008331524914
2336.5 1.8377465675619549
2337.0 0.2
2337.5 1.270210677544036
2338.0 1.2544613651278531
2338.5 1.5214868587102215
2339.0 2.9647438529786125
2339.5 1.5083126175160242
2340.0 3.057256461263832
2340.5 1.4881129973378175
2341.0 2.8457372984753935
2341.5 2.0877196162231026
2342.0 1.4536472366552171
2342.5 3.191353123534281
2343.0 2.406177981486156
2343.5 2.183879334527969
2344.0 1.4954316970734196
2344.5 1.5926220384946188
2345.0 1.2368763226723951
2345.5 1.3962227628434327
2346.0 2.0288036569824306
2346.5 1.4088827250441756
2347.0 0.8268021873760975
2347.5 1.0502937054138783
2348.0 0.7022417503641152
2348.5 1.308250630564153
2349.0 0.731212674365877
2349.5 4.400042920740491
2350.0 2.4585744911211735
2350.5 2.110256367079513
2351.0 1.4939082343768202
2351.5 2.9820290008331227
2352.0 1.6421404710494008
2352.5 1.169720698150865
2353.0 1.6409666413830397
2353.5 1.6750254499763138
2354.0 1.4573362748292424
2354.5 0.5279524896318717
2355.0 3.062018063013172
2355.5 2.426208476466331
2356.0 2.347128407670729
2356.5 0.9041034936187424
2357.0 2.144380572952164
2357.5 2.1399584059013588
2358.0 1.8689897433777645
2358.5 2.2805272894018844
2359.0 2.221088048637613
2359.5 1.8988861982167076
2360.0 3.5132860319005146
2360.5 1.4030245487585788
2361.0 2.5516007524092297
2361.5 3.068780306192125
2362.0 1.9276466513625319
2362.5 2.1642813378693795
2363.0 3.00440331355253
2363.5 3.781465126347763
2364.0 2.3372379385255684
2364.5 3.7810471978769247
2365.0 3.0984278046465956
2365.5 1.2273229730263118
2366.0 1.0971588481985035
2366.5 0.9684333015475765
2367.0 0.28705835455097883
2367.5 0.8615171784085223
2368.0 1.475537449407126
2368.5 0.8826057359739804
2369.0 0.8589783122508479
2369.5 1.304965192518128
2370.0 1.2241458409759165
2370.5 1.089009307082227
2371.0 0.867616698669033
2371.5 1.1649662531646823
2372.0 1.4803394592383456
2372.5 1.1885570101865939
2373.0 1.2272888499252632
2373.5 1.0278163077440574
2374.0 1.3911102234268358
2374.5 0.8029773162555871
2375.0 1.4355482052900068
2375.5 0.7561166132345938
2376.0 0.6823474246789956
2376.5 0.6338696735945509
2377.0 0.7669569444612194
2377.5 1.3800181780112215
2378.0 0.6478606086263086
2378.5 0.949146305410547
2379.0 1.2789785682731392
2379.5 1.2931731609289883
2380.0 1.321261665462036
2380.5 1.0146802189857551
2381.0 1.3402164933072938
2381.5 1.0564587561350134
2382.0 1.6696641200133155
2382.5 0.7596071717087425
2383.0 0.5587218942986917
2383.5 0.6670589275346065
2384.0 0.9320015029750216
2384.5 0.7043288568362291
2385.0 0.8160668854477146
2385.5 1.096859922745744
2386.0 1.3243494216451333
2386.5 0.7511041550668303
2387.0 0.8841540010620916
2387.5 0.7221645341497629
2388.0 1.037005474606086
2388.5 0.7967434328123261
2389.0 0.9535901743660349
2389.5 0.9110738511254339
2390.0 0.9118840850035619
2390.5 1.046331185357757
2391.0 1.266864021760489
2391.5 1.2037481363244824
2392.0 0.7557798810789875
2392.5 1.4097913616043756
2393.0 1.1054422136120565
2393.5 0.7512298630326725
2394.0 3.3904588738684414
2394.5 1.87557386804012
2395.0 3.004382646870793
2395.5 2.39062824903038
2396.0 0.720016200087079
2396.5 2.0474952698847932
2397.0 1.1386186172947772
2397.5 0.8503760926832951
2398.0 1.4054534841421986
2398.5 2.286112632995358
2399.0 0.7225592425764981
2399.5 0.9771094327115609