2399.5 1.4868086327424637
2400.0 1.0275249112236633
2400.5 1.8509643529530813
2401.0 1.8642353521337405
2401.5 1.8397172402048318
2402.0 1.7002743850414932
2402.5 1.1105103535135674
2403.0 1.2240709393934304
2403.5 1.6637247151362586
2404.0 1.405041269432454
2404.5 1.8477762270983664
2405.0 0.5836881728145231
2405.5 2.5413797447239554
2406.0 2.235527260649433
2406.5 2.3484172058700032
2407.0 0.8209968358350715
2407.5 1.5242164734943293
2408.0 1.715543613538285
2408.5 1.880932603771297
2409.0 2.6351157570503867
2409.5 2.855029578622991
2410.0 1.81806990595159
2410.5 2.2698500203931684
2411.0 1.6016140230315472
2411.5 1.8433717757405317
2412.0 1.5014826544262592
2412.5 0.6685144392263154
2413.0 1.0267976182245873
2413.5 1.3561267083022273
2414.0 1.5897250061806816
2414.5 2.0218795253935364
2415.0 1.2852448616543106
2415.5 1.191645702617357
2416.0 1.0272603769085955
2416.5 1.370201499565605
2417.0 1.492405169750594
2417.5 1.4776543684272831
2418.0 0.9530489440724488
2418.5 0.9253392735682859
2419.0 1.057167679514381
2419.5 2.4834980657282064
2420.0 2.0889377929805573
2420.5 1.992089762749159
2421.0 0.38711447873379323
2421.5 1.4443303206051357
2422.0 1.310804291417074
2422.5 1.4555372227342884
2423.0 2.080994891612468
2423.5 1.1414320863046004
2424.0 1.8100017398887063
2424.5 1.455425771322052
2425.0 1.4749983454942248
2425.5 1.5748390331277562
2426.0 0.7184523371138382
2426.5 1.2155341125165255
2427.0 1.4582617805085951
2427.5 3.2317390420359224
2428.0 2.014703349103753
2428.5 3.5525637303368427
2429.0 2.3765288832620604
2429.5 2.1408078658358574
2430.0 1.72737305525974
2430.5 3.0139291678585516
2431.0 3.3789602927476405
2431.5 2.954811851080043
2432.0 1.4055415984940351
2432.5 1.0555942729917478
2433.0 1.374992498751565
2433.5 2.0621931306076933
2434.0 1.700320651209227
2434.5 1.6341389430509605
2435.0 1.9410016821858642
2435.5 1.1774270249967218
2436.0 1.0382074916823296
2436.5 0.31811137567018233
2437.0 0.997407973324474
2437.5 1.5481515517045787
2438.0 1.1838729736568743
2438.5 2.1372639582940285
2439.0 1.2249201591706806
2439.5 1.2572808419788366
2440.0 2.054200691210789
2440.5 0.9877804707733602
2441.0 1.0157721998175622
2441.5 1.1560298554309438
2442.0 0.9935219063553267
2442.5 1.3356782857455292
2443.0 0.647732935418923
2443.5 1.0041195721660654
2444.0 1.0002781935763094
2444.5 0.6990469907262604
2445.0 1.3739060169142179
2445.5 1.4889743593557734
2446.0 1.6587223389634556
2446.5 0.7658536159546261
2447.0 1.2590765486361006
2447.5 1.3436149276991511
2448.0 0.6724990906868444
2448.5 1.0005218698410943
2449.0 1.6571359903831158
2449.5 1.8448370966757133
2450.0 1.7617565027008693
2450.5 1.0711865435095924
2451.0 1.3590782330654192
2451.5 1.4375572348600798
2452.0 3.526771175807872
2452.5 1.8536868452845219
2453.0 1.1238741206543645
2453.5 3.0541192862154998
2454.0 2.466809500005658
2454.5 3.1206786641722877
2455.0 2.511732755912192
2455.5 1.8655384696483899
2456.0 3.3630287196160307
2456.5 0.7332006332106198
2457.0 0.6699119772780964
2457.5 1.4031267496783415
2458.0 2.6150609162474043
2458.5 2.4292031191072714
2459.0 1.7417004138460663
2459.5 3.403335588021097
2460.0 3.1187695588335185
2460.5 0.8738321360180838
2461.0 2.956677118830565
2461.5 1.8301006252106915
2462.0 1.2951839278418442
2462.5 2.450634950148893
2463.0 0.8671244702461149
2463.5 2.8040715007569643
2464.0 3.397207143937253
2464.5 2.261583848477118
2465.0 1.4326570549683
2465.5 1.9074570414592187
2466.0 2.119458947484341
2466.5 3.292903962782238
2467.0 3.1767180847990186
2467.5 1.1668977341396751
2468.0 1.308342710315255
2468.5 1.6130178576960514
2469.0 1.6526685676831283
2469.5 1.6083040042840833
2470.0 1.1780085654146484
2470.5 1.645660561777141
2471.0 1.9886045598781328
2471.5 1.6664517486109234
2472.0 1.3799864752981361
2472.5 2.4943577119507276
2473.0 1.7209562480233864
2473.5 1.4193207925163263
2474.0 1.0149221925642595
2474.5 1.0960820633813544
2475.0 1.9678278874750328
2475.5 1.5537176061036313
2476.0 2.2006641237323534
2476.5 1.2087682889991047
2477.0 1.3901137225898363
2477.5 0.7950277139836327
2478.0 0.9516634465348633
2478.5 1.3647060541608376
2479.0 1.038256516180299
2479.5 1.3858277522656897
2480.0 1.3790112375973238
2480.5 1.6571995389558938
2481.0 2.370842586688048
2481.5 3.0919298495638525
2482.0 1.4629585672910923
2482.5 2.5341219543072664
2483.0 1.3785934870430454
2483.5 1.0005432968973909
2484.0 2.227150670812055
2484.5 2.3571931022339974
2485.0 2.0449144579177756
2485.5 1.5778680002297296
2486.0 0.6958747058776606
2486.5 0.492437575085497
2487.0 1.3547281754788558
2487.5 1.352125978079477
2488.0 1.3228643213999214
2488.5 1.1653308984231092
2489.0 1.0439120242993312
2489.5 0.5404833020941259
2490.0 0.7101823688399744
2490.5 1.979446540087002
2491.0 1.2010310420838266
2491.5 0.9251330972107247
2492.0 1.1376931891037256
2492.5 1.8286934670851065
2493.0 1.7145603874963466
2493.5 0.86456800034615
2494.0 1.2213938005045346
2494.5 0.3700253864653884
2495.0 1.200305117164357
2495.5 1.4752631386928137
2496.0 0.7491003927630069
2496.5 1.242978759560153
2497.0 0.6822961123482688
2497.5 0.8973633606966208
2498.0 1.8336936604757885
2498.5 0.9751143005572069
2499.0 1.2831630726075098
2499.5 1.2682238519201054
2500.0 1.4407084063881346
2500.5 1.5463506772711948
2501.0 0.9160422096906327
2501.5 1.051333913006631
2502.0 1.674819555951652
2502.5 0.9671397373981712
2503.0 1.523188650219889
2503.5 0.96927174434708
2504.0 0.9176258919023961
2504.5 0.657751110117179
2505.0 1.1485753862230161
2505.5 1.4076220891311042
2506.0 1.963405673273426
2506.5 1.8429951757176037
2507.0 2.8267497812734086
2507.5 1.5342890011369401
2508.0 1.7753392922867914
2508.5 1.4849037960767038
2509.0 1.6171199128302014
2509.5 1.8794332449250892
2510.0 2.9218950951930043
2510.5 2.454738348557745
2511.0 0.6825682066398648
2511.5 2.2395416015999365
2512.0 1.4922791130553885
2512.5 2.2082115670482185
2513.0 4.8619646339856075
2513.5 0.8087778174834368
2514.0 3.417920511847792
2514.5 2.281159117261848
2515.0 4.425105104046941
2515.5 2.318137714875922
2516.0 3.372743656959316
2516.5 1.3382942404317162
2517.0 3.2803050062125516
2517.5 1.0880847372631113
2518.0 1.9949145483535806
2518.5 0.9210494956069131
2519.0 1.9215151675264144
2519.5 2.060951844997546
2520.0 1.655877886749281
2520.5 1.164686399079341
2521.0 1.3595782938137972
2521.5 1.4034012915043914
2522.0 1.1668381396324943
2522.5 1.7898205588876652
2523.0 1.4291694380079445
2523.5 1.1161406395931008
2524.0 0.6567619244047529
2524.5 1.61015739576744
2525.0 1.1361221984237804
2525.5 1.3053076696543777
2526.0 1.5847694152427945
2526.5 1.75122133474958
2527.0 1.2407460145285851
2527.5 1.736021148152793
2528.0 1.6365937668827826
2528.5 1.571341130616199
2529.0 1.3832595222538548
2529.5 0.8140063507311789
2530.0 1.0691173764130282
2530.5 0.9104684225948023
2531.0 1.4281759016801043
2531.5 1.0734583514070644
2532.0 0.9042447202326012
2532.5 1.5126075903366492
2533.0 1.1663930134687572
2533.5 2.2736232412622654
2534.0 1.3401677239793224
2534.5 0.9933243050617744
2535.0 1.5032901181918654
2535.5 1.2425755192827301
2536.0 1.4461030194074775
2536.5 1.145171029631419
2537.0 2.9401196997582217
2537.5 3.3105694235674594
2538.0 2.5898190076556027
2538.5 2.4444623304729314
2539.0 1.4154894728070873
2539.5 1.769775945244774
2540.0 2.0131196254791752
2540.5 2.6324478049404996
2541.0 2.1968786888659992
2541.5 2.591255877471381
2542.0 1.3868968097061183
2542.5 2.444799352402862
2543.0 0.7499668313216863
2543.5 1.1684169840527145
2544.0 3.046027705709597
2544.5 1.7816236205751754
2545.0 2.2572817743563087
2545.5 2.201627970541746
2546.0 1.3543881157001951
2546.5 2.1733302954606337
2547.0 2.164284652285842
2547.5 1.5309207318935443
2548.0 2.1238613661593657
2548.5 1.526145570467333
2549.0 3.0981203219064417
2549.5 3.699605575093366
2550.0 2.243383952815038
2550.5 2.0177882196373784
2551.0 1.3095861979758205
2551.5 1.8584162312884447
2552.0 2.955745608482638
2552.5 2.3541579027832187
2553.0 1.3073474683278459
2553.5 1.484887618989208
2554.0 2.240723840610758
2554.5 1.3263946060752025
2555.0 0.26025593377028455
2555.5 1.67612303942814
2556.0 2.197992647619445
2556.5 1.9160412096103454
2557.0 1.3611712720547458
2557.5 1.111106803884261
2558.0 1.3618809096920377
2558.5 2.5622751342156693
2559.0 1.3458634642393597
2559.5 1.2918370357032063
2560.0 2.05174855254423
2560.5 1.6479834632560708
2561.0 1.296155695791553
2561.5 1.3615854919192478
2562.0 1.6625245598681981
2562.5 1.1305262140454366
2563.0 1.4973662469618432
2563.5 1.0616234761686074
2564.0 2.0975743398797775
2564.5 0.7006147374267041
2565.0 1.345377902290978
2565.5 1.340418732144685
2566.0 1.368237422219524
2566.5 1.3432892090394606
2567.0 2.966429217293638
2567.5 1.0423380090446044
2568.0 2.192933584435975
2568.5 1.4032607718848702
2569.0 2.712333134857226
2569.5 1.7688439119081298
2570.0 0.7733143171860817
2570.5 1.1372491020831363
2571.0 1.5498999266179325
2571.5 0.9524063379721903
2572.0 0.8795871434067821
2572.5 1.2190954041935163
2573.0 1.1298743206879938
2573.5 2.4378319209983226
2574.0 1.3478555372715668
2574.5 2.334118222432996
2575.0 3.36610541948213
2575.5 2.5786533314323856
2576.0 1.2908445714157746
2576.5 3.8341753770428815
2577.0 2.581011588691188
2577.5 3.0018441297423237
2578.0 4.364745619349815
2578.5 3.260042112130488
2579.0 2.908959451865961
2579.5 1.9500015701361442
2580.0 3.529640164369245
2580.5 4.055386140117813
2581.0 3.1891708710719375
2581.5 2.545557750836103
2582.0 2.1060388254455775
2582.5 1.6089705069422728
2583.0 0.5662315541696246
2583.5 2.7837496720456736
2584.0 2.1568144920009766
2584.5 2.0845931624666307
2585.0 1.751350188585881
2585.5 0.9052861710218477
2586.0 1.3753968823551475
2586.5 1.4473093908199655
2587.0 4.801579355423974
2587.5 2.7177360194144957
2588.0 1.8361690193292073
2588.5 3.451851273183973
2589.0 2.700175271311525
2589.5 2.3513926325134076
2590.0 1.456357632255088
2590.5 0.6614616659068018
2591.0 0.46812882227367636
2591.5 2.4797187020921205
2592.0 2.130314225984867
2592.5 1.839779392188674
2593.0 0.8443036508510413
2593.5 2.6119151082530987
2594.0 2.3964611179617794
2594.5 2.0760917357405173
2595.0 2.856626359032892
2595.5 3.39837714428176
2596.0 1.6989056179349915
2596.5 2.654357223419881
2597.0 2.1813797736281453
2597.5 3.525726604733192
2598.0 2.960856348555633
2598.5 1.3781637876744421
2599.0 1.3865133476976435
2599.5 2.8933582041178916
2600.0 2.6584105037987156
2600.5 3.094048377080836
2601.0 3.0017429417538715
2601.5 2.9735597922333987
2602.0 2.017947665791365
2602.5 2.207691293499906
2603.0 1.9764071305936695
2603.5 1.5290820164108305
2604.0 1.144571427115066
2604.5 0.8907967369708067
2605.0 2.663405555614978
2605.5 3.8936962023236994
2606.0 1.1331394059322892
2606.5 1.0037005117314983
2607.0 1.1786341859733283
2607.5 1.2162980883896857
2608.0 0.9860131218690338
2608.5 0.8448496806030195
2609.0 1.2404334071097092
2609.5 1.1477001559208535
2610.0 1.7299176907535134
2610.5 1.5194775062211239
2611.0 1.2507858978687838
2611.5 1.782808615505506
2612.0 1.761811973395183
2612.5 1.714016925700741
2613.0 1.0617786978078463
2613.5 0.9844909461111706
2614.0 2.378392948921258
2614.5 1.9518186714055736
2615.0 2.130734720782679
2615.5 0.7369543197155327
2616.0 0.9814795697157533
2616.5 1.2067645751350495
2617.0 0.6447566535025413
2617.5 0.9333505543784205
2618.0 1.1751525898598612
2618.5 1.2187625018686261
2619.0 1.057286348372857
2619.5 1.081499913738225
2620.0 0.7748238130462358
2620.5 0.5963625002222727
2621.0 0.5475403532801799
2621.5 1.0015422764133475
2622.0 1.209767575420035
2622.5 0.5686557183127214
2623.0 1.1087200482066155
2623.5 0.723165104250329
2624.0 2.033645355227674
2624.5 1.3747058404714325
2625.0 2.8843624010754363
2625.5 0.4523853133496112
2626.0 2.635504560060828
2626.5 2.642106971730576
2627.0 2.305106946368613
2627.5 3.342408891231815
2628.0 2.87645914678524
2628.5 1.8715322117971271
2629.0 1.8392430742032166
2629.5 1.3355211270359326
2630.0 1.9328925300064475
2630.5 2.529610257213101
2631.0 3.7377540920695727
2631.5 2.911885978983422
2632.0 3.222607044525062
2632.5 3.247140945876608
2633.0 3.114084206080432
2633.5 2.2702978985099183
2634.0 1.7940093764512963
2634.5 3.0134405636168102
2635.0 3.6290346969338945
2635.5 0.5174526946309472
2636.0 2.185051288650946
2636.5 2.3199546551045316
2637.0 1.8771556061005683
2637.5 5.482529155639796
2638.0 3.3541546963336666
2638.5 1.9812327935910763
2639.0 3.551278827853541
2639.5 1.7738575992303591
2640.0 1.971928719623734
2640.5 2.1770615774569237
2641.0 1.183568481236367
2641.5 2.6676747207741007
2642.0 2.278402062081751
2642.5 2.6027484595544834
2643.0 1.5829854925227167
2643.5 0.7251572695826449
2644.0 4.099482884896429
2644.5 2.150882358562851
2645.0 0.2
2645.5 1.806264707683093
2646.0 0.688586387257666
2646.5 2.8621762973804645
2647.0 2.0648090771212617
2647.5 1.0822484058255628
2648.0 2.0813825091526983
2648.5 3.4373467169011596
2649.0 1.5382827209894976
2649.5 2.0266484020496875
2650.0 1.8886489491780856
2650.5 0.8745864426420524
2651.0 1.595461443016208
2651.5 2.5225055046549656
2652.0 2.0897296041027573
2652.5 2.624354665169015
2653.0 1.2467830489212983
2653.5 2.7591984168185695
2654.0 1.0100216419649262
2654.5 1.728609535504325
2655.0 0.2
2655.5 2.1721547501329717
2656.0 3.1003606356557505
2656.5 3.0015328063279085
2657.0 1.8867039370834937
2657.5 0.9716147621095148
2658.0 2.387815662043552
2658.5 2.783604367382381
2659.0 2.8131941998509697
2659.5 0.891529365874368
2660.0 1.44101104203685
2660.5 1.312199147091535
2661.0 1.5075023513813783
2661.5 1.0201070277235922
2662.0 0.6412777630223538
2662.5 1.6277030540079052
2663.0 1.1846463738481907
2663.5 1.3695393896221375
2664.0 1.4471172041398073
2664.5 1.1189745078414743
2665.0 0.7916390307910104
2665.5 0.8430671443966635
2666.0 1.3384555785756895
2666.5 1.0058428198736813
2667.0 1.3002857049534118
2667.5 1.7845324489251997
2668.0 1.0896257589356828
2668.5 0.6854722054449958
2669.0 1.0453061624335753
2669.5 0.6071843168128762
2670.0 0.6614059489157715
2670.5 0.24977570768996538
2671.0 1.1496284023365275
2671.5 1.2332456874312852
2672.0 1.1299857661192543
2672.5 1.1543744108580505
2673.0 1.2445855953034346
2673.5 1.3491085439472181
2674.0 1.9530065396364675
2674.5 2.1079061113635325
2675.0 1.4605545181976383
2675.5 1.6049445036908512
2676.0 1.7320367295623318
2676.5 0.7976487277721063
2677.0 0.7822436793845314
2677.5 0.9530589096801363
2678.0 1.2269550036288273
2678.5 0.9730902237664548
2679.0 1.0518797598114429
2679.5 1.2504669435763027
2680.0 3.673306594151848
2680.5 1.5515970764768876
2681.0 3.124431651760056
2681.5 1.8911823417699762
2682.0 3.1518837774819803
2682.5 3.215517065000234
2683.0 2.567671188400377
2683.5 2.0353213008361424
2684.0 2.7969531369234852
2684.5 2.2991538142270374
2685.0 0.5262783128942399
2685.5 2.080476694807845
2686.0 3.3727138164572734
2686.5 2.7578039178343987
2687.0 3.198859537860776
2687.5 3.100603095987894
2688.0 2.757086023227809
2688.5 2.2263619337600904
2689.0 2.1072025105605436
2689.5 0.8825666799525616
2690.0 2.3256955557738843
2690.5 2.232859156299832
2691.0 2.5106285363930008
2691.5 2.890366118278645
2692.0 1.7164579157781001
2692.5 2.00535070851226
2693.0 2.45845378520506
2693.5 2.327151855552986
2694.0 0.6244395489378274
2694.5 2.2964755252581845
2695.0 2.890046390207449
2695.5 1.8246520749180855
2696.0 0.46863228160720105
2696.5 1.167822930162513
2697.0 1.5242253821684772
2697.5 0.9159051805626612
2698.0 1.7619653340058112
2698.5 0.8685689188039915
2699.0 1.2551671175253765