1800.0 1.5733209531779155
1800.5 1.9459410593343265
1801.0 0.5392003169308437
1801.5 1.368357725131431
1802.0 1.3243180679362496
1802.5 2.160674505648868
1803.0 2.3333835322275434
1803.5 1.4561462762113364
1804.0 1.9384215310302058
1804.5 1.0935474598337338
1805.0 1.4067955217231098
1805.5 2.038225785039857
1806.0 1.3569025626499087
1806.5 1.653329815521329
1807.0 1.014399212243129
1807.5 2.1471470240508763
1808.0 1.15563362106868
1808.5 1.618944546418449
1809.0 1.3207728959380123
1809.5 1.0546596789678426
1810.0 1.2072615388028884
1810.5 1.624353884386748
1811.0 1.5620522894776183
1811.5 0.8606832761677802
1812.0 1.105064091232946
1812.5 3.5587433037180496
1813.0 2.476082160912102
1813.5 1.6834448563376099
1814.0 1.9852697222951636
1814.5 2.4734169635195062
1815.0 3.485719773546883
1815.5 1.0634671095339006
1816.0 1.9027625907261427
1816.5 2.004463309810373
1817.0 2.7717323182689784
1817.5 1.9368783522263278
1818.0 1.7138750207334634
1818.5 1.5934093320077904
1819.0 2.2415226973221642
1819.5 2.456500501235308
1820.0 1.9648220433967785
1820.5 1.516823002481638
1821.0 2.089073696235836
1821.5 2.3235656263291036
1822.0 0.8755314942365768
1822.5 1.028281606454276
1823.0 1.7731334986176073
1823.5 0.636638160005937
1824.0 1.2894187109571762
1824.5 1.0002286229846094
1825.0 0.758286000391816
1825.5 1.1219558445518665
1826.0 1.301115408475146
1826.5 0.6321272330446837
1827.0 1.02775755620403
1827.5 0.8859443229096357
1828.0 1.435533851344545
1828.5 0.5558755694600185
1829.0 0.9916568654922739
1829.5 1.5456049834563554
1830.0 1.0890145164191942
1830.5 1.3584493177027148
1831.0 1.1956665475323653
1831.5 1.4392797876034436
1832.0 1.0343688006553902
1832.5 0.8123366183094494
1833.0 0.9326420477260109
1833.5 1.3883624328005029
1834.0 0.9554329170214091
1834.5 1.6103874492932246
1835.0 1.5028370844370906
1835.5 1.503091085321895
1836.0 0.9091502261351394
1836.5 0.7301097269596255
1837.0 1.0856747565829727
1837.5 0.9006246566024525
1838.0 1.2448539421038256
1838.5 0.5871120801191618
1839.0 1.4737931345417896
1839.5 0.827835762938497
1840.0 1.5305630138077495
1840.5 0.7238455426001935
1841.0 0.8486017163268993
1841.5 0.9746315658520184
1842.0 1.0088756180954763
1842.5 0.926502780899348
1843.0 1.2190675110768985
1843.5 2.421049528572021
1844.0 2.6164635319879306
1844.5 3.717005983216775
1845.0 0.7504316930275181
1845.5 2.5651023502397665
1846.0 1.1662752155175555
1846.5 0.8160366145224631
1847.0 2.6599010404641232
1847.5 3.53000782964489
1848.0 2.635377718621895
1848.5 3.7259667902753106
1849.0 2.3568942764776724
1849.5 2.241116804966751
1850.0 1.254645564762708
1850.5 2.8952019525487884
1851.0 0.6188672104971586
1851.5 0.5208974680437073
1852.0 0.9263050818177226
1852.5 1.1820621197485153
1853.0 1.2066699841793849
1853.5 1.4203535594207803
1854.0 1.3197544178968528
1854.5 2.836411941780598
1855.0 1.5074812828238588
1855.5 0.6845910516877949
1856.0 1.9139033994183985
1856.5 0.6009540327872682
1857.0 2.3825077577874922
1857.5 2.2360207949370934
1858.0 3.379353247284434
1858.5 3.214396930376804
1859.0 2.2997511429677835
1859.5 3.3347666438295227
1860.0 2.321731617641711
1860.5 2.0827028769306772
1861.0 0.9928486963438721
1861.5 2.3177084399870007
1862.0 0.6548072221662766
1862.5 1.348108735190281
1863.0 2.289990344537565
1863.5 1.643472152975527
1864.0 1.4143728528117152
1864.5 1.6314300973732223
1865.0 1.8879704389564518
1865.5 2.393336282911723
1866.0 1.4994714822221806
1866.5 1.2454273595227687
1867.0 1.4212524347639566
1867.5 2.0940350394105973
1868.0 2.914474275961717
1868.5 1.2742540242465488
1869.0 1.2964707948930827
1869.5 1.1365780873768474
1870.0 1.227963592513525
1870.5 1.8332714794361633
1871.0 2.715280219418343
1871.5 2.0464543487205376
1872.0 1.8872269665879458
1872.5 2.5318361112270584
1873.0 1.453570859389154
1873.5 2.306910044297887
1874.0 1.073981050674334
1874.5 0.6198228749061874
1875.0 1.439739057114886
1875.5 1.2018851425832104
1876.0 0.7582197178669224
1876.5 2.1400118706686526
1877.0 0.9992310642234583
1877.5 0.6883926865803434
1878.0 1.0633675136443634
1878.5 2.0106406963925476
1879.0 1.23426547965728
1879.5 1.3768269135192184
1880.0 0.7154862065544553
1880.5 0.9291977990487706
1881.0 0.7197927599374992
1881.5 0.6657537514096891
1882.0 0.9902973037616983
1882.5 0.2
1883.0 2.1765717221807326
1883.5 2.8305853124617695
1884.0 1.3210566651471551
1884.5 3.478770478010387
1885.0 2.1068258697336937
1885.5 0.7870822936651363
1886.0 1.7026908784889827
1886.5 1.8692381729912155
1887.0 1.7888874360720144
1887.5 1.728117234551299
1888.0 1.5607619743082461
1888.5 1.572440737583571
1889.0 1.5281124212585762
1889.5 1.607123012457094
1890.0 2.139741792422481
1890.5 1.763230864204122
1891.0 1.0379297496022626
1891.5 1.1787619952024777
1892.0 1.7650576622314444
1892.5 0.7039403883149438
1893.0 0.6535413048507428
1893.5 0.6455805560215653
1894.0 0.7205846100123685
1894.5 0.6685367652930717
1895.0 0.6236427996432977
1895.5 2.620048346913496
1896.0 2.0987370567657377
1896.5 2.7118680699587667
1897.0 2.31330254406601
1897.5 1.4461480938293443
1898.0 1.0165268134645993
1898.5 1.1989844200600337
1899.0 1.5657858828107059
1899.5 2.1171181808493946
1900.0 1.5245336297466037
1900.5 1.9795885612809396
1901.0 1.6241401601362209
1901.5 0.9910139933020543
1902.0 2.5682679241594144
1902.5 1.7058430866529855
1903.0 2.933246674672649
1903.5 1.8843792745166503
1904.0 1.713214014095033
1904.5 2.6914814525755615
1905.0 1.9272806197463332
1905.5 2.3064270677988676
1906.0 2.8925111624761897
1906.5 3.116640806890624
1907.0 3.1251147072703516
1907.5 1.6569981704325065
1908.0 3.4745554870749302
1908.5 3.1355227684442273
1909.0 3.3168177317311445
1909.5 3.2168832603301016
1910.0 2.731153468330052
1910.5 2.759802970612933
1911.0 0.6523342613887071
1911.5 2.9838662797804947
1912.0 3.648171347841269
1912.5 0.7980225720774132
1913.0 2.440178223462021
1913.5 2.1182917840815136
1914.0 0.5732022715789278
1914.5 2.3626011175468395
1915.0 1.981707776768232
1915.5 1.3716332180561461
1916.0 1.0604862755397377
1916.5 2.2852092607772403
1917.0 2.784182712855702
1917.5 2.973693384264683
1918.0 1.5895240409218538
1918.5 2.3099594423453333
1919.0 2.0597884242021887
1919.5 2.201787342750854
1920.0 1.7763887575749306
1920.5 1.422310536527421
1921.0 0.739533933387907
1921.5 0.5435283299090473
1922.0 1.1904773355986866
1922.5 0.9381049847605513
1923.0 0.6991463368479887
1923.5 0.7449677365034569
1924.0 1.0212212675345442
1924.5 0.9381768739144154
1925.0 0.880829616143672
1925.5 1.0158339031251278
1926.0 0.9899723328327702
1926.5 1.9990512376868754
1927.0 1.9152630120601273
1927.5 1.883625254447346
1928.0 2.3295567735364595
1928.5 1.8488377666051399
1929.0 1.592574995660948
1929.5 2.2860835830932746
1930.0 2.937109030542146
1930.5 1.6580448411344513
1931.0 1.2276439194906947
1931.5 1.9750372800539555
1932.0 2.5591450576741903
1932.5 2.6872850787967373
1933.0 2.159996014011779
1933.5 1.6776750534220843
1934.0 2.5283787642686004
1934.5 1.191778570623033
1935.0 1.0333662675245863
1935.5 1.0278023069304956
1936.0 0.7827028787203127
1936.5 0.6099403888765147
1937.0 1.6024031549971127
1937.5 2.801200119409943
1938.0 1.1193727627902916
1938.5 0.59732075556974
1939.0 0.9969076158994125
1939.5 0.788636197352373
1940.0 1.9115815648252452
1940.5 1.57808389643766
1941.0 2.871288887657
1941.5 1.0042885953862117
1942.0 0.898865244772858
1942.5 2.097074550244197
1943.0 1.3448687269803448
1943.5 0.9971151224208441
1944.0 1.166962500549833
1944.5 1.6762750408658826
1945.0 1.407455182423746
1945.5 0.396009805728171
1946.0 1.3107611834187847
1946.5 1.029452269988625
1947.0 2.397447509484585
1947.5 1.4964123272661423
1948.0 2.8849122934655806
1948.5 2.284769009356455
1949.0 0.9757628012064962
1949.5 1.347616553149126
1950.0 1.9993075245870333
1950.5 1.6308717512409032
1951.0 3.0917348645136533
1951.5 2.068498832437156
1952.0 0.9354596829364712
1952.5 1.8881955371826349
1953.0 1.5734733194333463
1953.5 2.0064900098001206
1954.0 3.0368974312362216
1954.5 2.0185332786783245
1955.0 0.8645476502872383
1955.5 0.8450867526080255
1956.0 1.1151012113174148
1956.5 1.689570066679106
1957.0 1.159112668939419
1957.5 0.8301123497889215
1958.0 0.7306726685836004
1958.5 0.9480088040050068
1959.0 0.8146103213563909
1959.5 0.5226220411114756
1960.0 1.634240002980918
1960.5 1.5677858565724274
1961.0 1.0398551749426113
1961.5 1.4024698474113264
1962.0 1.6146961630976866
1962.5 1.7851597119218465
1963.0 1.7296576564595476
1963.5 1.4643162139566641
1964.0 1.650873506240563
1964.5 1.1196836485380408
1965.0 1.3849432879680472
1965.5 1.589564779254765
1966.0 1.2841779389387808
1966.5 1.2675843379111151
1967.0 1.6856927454355861
1967.5 1.1413929714534863
1968.0 1.4149319054168235
1968.5 1.0462962530527924
1969.0 1.3189579370745186
1969.5 1.2704687273364939
1970.0 1.129824290663457
1970.5 1.2391593827574443
1971.0 0.970171973554948
1971.5 0.9158979428598352
1972.0 1.9748964054386957
1972.5 1.847150338929851
1973.0 2.5044149987872593
1973.5 0.7998434614283639
1974.0 1.0749501554217389
1974.5 1.6170432427677774
1975.0 1.103726794998652
1975.5 2.2142812488449257
1976.0 1.3013108466898726
1976.5 1.2760695832390618
1977.0 1.2776498012538062
1977.5 1.5199500073187755
1978.0 1.728565601544698
1978.5 1.3066418920259533
1979.0 2.6559093849751303
1979.5 2.9749792986759074
1980.0 1.258808118253123
1980.5 2.7758975695965473
1981.0 2.5568933574079926
1981.5 1.5025475427155341
1982.0 1.5932177156450866
1982.5 3.428865945985979
1983.0 1.8239102540080028
1983.5 1.1384984719239362
1984.0 2.355818489633598
1984.5 2.509014594803402
1985.0 2.5424719098093838
1985.5 3.292431274558855
1986.0 2.323438654697412
1986.5 1.6968296404337786
1987.0 1.1971130613730179
1987.5 1.267178957803542
1988.0 1.5787384359608525
1988.5 0.2265209040790166
1989.0 1.0277643652318305
1989.5 1.7026757586255383
1990.0 1.2184796059819254
1990.5 1.1659298560682343
1991.0 1.5508607408934598
1991.5 2.3650354395622926
1992.0 0.7513558587137206
1992.5 0.7594612325712566
1993.0 1.12691428178703
1993.5 1.3419918088942193
1994.0 0.8615329219990967
1994.5 0.6731471146102606
1995.0 1.161365136887151
1995.5 0.87738765734211
1996.0 0.8546879156578735
1996.5 1.0323799372601625
1997.0 0.9532039830992759
1997.5 0.7509257146743464
1998.0 1.3371879215602869
1998.5 0.9801966661619661
1999.0 1.2957209473062128
1999.5 1.2400953737028464
2000.0 1.3996522054174043
2000.5 0.7768515797683214
2001.0 1.2009543548627273
2001.5 0.7246805738084872
2002.0 1.3513436711074323
2002.5 1.3727062169921334
2003.0 0.7679820852142081
2003.5 0.750679766300073
2004.0 0.9737852988817624
2004.5 1.6710583781027366
2005.0 1.0277398599610668
2005.5 1.8452860067393446
2006.0 1.1128975450413816
2006.5 1.2915474913422735
2007.0 0.9722291673663799
2007.5 0.8896982852203923
2008.0 0.9947971330958673
2008.5 0.7432581407703549
2009.0 1.168601583662562
2009.5 1.2186100789130765
2010.0 2.7263536728369404
2010.5 1.7357185983661507
2011.0 1.4382163300502917
2011.5 1.2154114269572993
2012.0 1.1071689074771771
2012.5 1.2097393743034552
2013.0 1.480399350525835
2013.5 1.4992117044071045
2014.0 2.4377323847788293
2014.5 2.0337480825110164
2015.0 1.1011865047622535
2015.5 0.6647652328043518
2016.0 1.1666784721441095
2016.5 2.8412453677095417
2017.0 1.133291375026634
2017.5 1.98467165520404
2018.0 1.9778233392212585
2018.5 0.894015416774054
2019.0 1.3885341862282394
2019.5 1.572771664997708
2020.0 1.4344665624362671
2020.5 2.745622789634969
2021.0 2.224803558793705
2021.5 2.0140963362062987
2022.0 1.6406402177958963
2022.5 2.029467028088484
2023.0 1.4309692947163555
2023.5 1.4480049533331523
2024.0 1.734410399400792
2024.5 2.0989539196440528
2025.0 1.6416162135736911
2025.5 0.9664523083007567
2026.0 2.554886463266413
2026.5 1.3894050077325475
2027.0 1.7491468702263022
2027.5 1.149226656691584
2028.0 1.5636279979258454
2028.5 1.5041334210114594
2029.0 1.4226268563948783
2029.5 1.4624174454535714
2030.0 2.8630623640772095
2030.5 0.9666714536585587
2031.0 1.7336218536674282
2031.5 2.0050003605796785
2032.0 1.4484989516599465
2032.5 1.541091563204484
2033.0 1.6347022502704216
2033.5 1.5964571489723485
2034.0 3.176019175186326
2034.5 1.751800568556729
2035.0 0.4752561669923745
2035.5 2.0784270733807197
2036.0 1.9708963469807221
2036.5 2.065084652156397
2037.0 2.8494122263790405
2037.5 1.4133441837721068
2038.0 1.6020460422019172
2038.5 1.5452113443491464
2039.0 1.388057876837856
2039.5 1.6090567203738848
2040.0 1.2226697985369823
2040.5 2.0061770024080383
2041.0 2.2397126840736696
2041.5 0.886907997915643
2042.0 1.758544643806049
2042.5 1.1926871969939867
2043.0 0.8668257507018352
2043.5 0.5468188866968016
2044.0 1.611449332729118
2044.5 0.9773139758658596
2045.0 1.8068776683843744
2045.5 1.6285591942890936
2046.0 1.6144531796990016
2046.5 1.4069734491665102
2047.0 0.59128433085902
2047.5 1.7573382233971415
2048.0 1.130829531720499
2048.5 0.90465354429965
2049.0 1.8537569478647502
2049.5 1.7013254815423107
2050.0 3.0242185603341554
2050.5 1.9461963287260433
2051.0 2.9923283710895774
2051.5 1.364440687516426
2052.0 1.1155407348931226
2052.5 3.097507859542851
2053.0 2.106868163836675
2053.5 2.0173098369455493
2054.0 1.4528750835358162
2054.5 3.2686130681002314
2055.0 0.8471131648732044
2055.5 2.2597043566276938
2056.0 2.019553604155055
2056.5 1.461398450882458
2057.0 2.1936752812884857
2057.5 2.4265123005694744
2058.0 1.743665391834305
2058.5 3.1273341532076104
2059.0 0.3808023854100011
2059.5 1.3461973514779784
2060.0 1.7057703279157377
2060.5 1.1088211332873028
2061.0 1.7372738023119934
2061.5 1.2381502406084377
2062.0 2.031890517694704
2062.5 0.9213471877574982
2063.0 1.2426615861240689
2063.5 1.778799797149505
2064.0 0.39035832237637147
2064.5 1.8354097112022147
2065.0 1.6865010967106522
2065.5 1.3002952035314572
2066.0 0.8217736100431923
2066.5 1.4019386517141443
2067.0 0.8607973588401847
2067.5 1.4097897456149946
2068.0 0.7315699934721057
2068.5 1.483168918465066
2069.0 1.2188515970386895
2069.5 1.4473732564724608
2070.0 2.720246241712265
2070.5 2.9462693549578827
2071.0 1.95642569854375
2071.5 3.446538995860855
2072.0 1.1182396226070033
2072.5 2.766101053118648
2073.0 2.527090732084387
2073.5 2.4264742833493638
2074.0 2.9095636500012647
2074.5 2.8376920171908004
2075.0 2.574670505746569
2075.5 2.6217724391817603
2076.0 1.06263054214857
2076.5 2.094527503300685
2077.0 1.40875758163217
2077.5 3.1823468535348742
2078.0 1.6920830707010208
2078.5 1.3983507929055305
2079.0 2.8920576023571902
2079.5 2.2274609229901134
2080.0 2.9455490030554508
2080.5 2.906607971106115
2081.0 1.0375350936592291
2081.5 0.6311302556930511
2082.0 0.6649883666630265
2082.5 0.9127490684418299
2083.0 1.1040784474030545
2083.5 0.7921201053009581
2084.0 1.538901935433675
2084.5 0.9802041082838365
2085.0 0.9226005555329007
2085.5 1.0728248830025184
2086.0 0.9304481649416533
2086.5 0.7093140564108218
2087.0 0.881553588969894
2087.5 1.922753547537083
2088.0 1.0433947555441894
2088.5 1.607130790949336
2089.0 1.3406414330006713
2089.5 0.6326036201308082
2090.0 1.573182943922209
2090.5 1.5141361537506857
2091.0 1.8595732230538249
2091.5 2.005102861615359
2092.0 2.5625596143794214
2092.5 1.537437738592215
2093.0 1.1042658072361422
2093.5 0.619263219201104
2094.0 2.1707646039622954
2094.5 2.196470051394912
2095.0 2.3820002833616614
2095.5 1.4706046965321597
2096.0 1.6153312676369675
2096.5 1.92820945958773
2097.0 1.7232250927153157
2097.5 0.6324092742782921
2098.0 1.1190656986615801
2098.5 1.9219657226067572
2099.0 1.8003760339162338
2099.5 2.135182528693891