2100.0 1.7802013782375656
2100.5 2.038165417240092
2101.0 2.0520864128896346
2101.5 0.8126527748463707
2102.0 2.2634700073026623
2102.5 1.39263162247084
2103.0 2.2567448862958415
2103.5 2.022825915112147
2104.0 2.54369873287072
2104.5 1.897061958201459
2105.0 1.1393238718339989
2105.5 1.2757157423764691
2106.0 1.6162286381593096
2106.5 0.7615661816874896
2107.0 1.0297130500506337
2107.5 1.4941840925853584
2108.0 1.0404348535793997
2108.5 0.864265579234662
2109.0 0.9928286641261795
2109.5 1.176980721166391
2110.0 1.2957194417236315
2110.5 1.4606305350984041
2111.0 1.311972562881321
2111.5 0.5460427780554812
2112.0 0.8985482196509467
2112.5 0.9441921175416379
2113.0 0.5818479935279681
2113.5 0.6811265730294326
2114.0 0.6658140269461041
2114.5 0.6796038585192725
2115.0 0.8068719764555934
2115.5 0.7992533782751332
2116.0 0.5840048935663043
2116.5 0.6115695290136729
2117.0 0.5240782996974485
2117.5 0.7317172236288423
2118.0 0.7803347067843007
2118.5 0.5954289521468661
2119.0 0.9094146086951354
2119.5 0.48748852572187684
2120.0 0.6389688710692505
2120.5 0.584634133996249
2121.0 0.6916302254499722
2121.5 0.8542248736014424
2122.0 0.7314665104776044
2122.5 0.6419843581749936
2123.0 0.8393521196116327
2123.5 0.7815166347232454
2124.0 0.5863798709832326
2124.5 0.7457582752315839
2125.0 0.6564153303547343
2125.5 0.5823772334133106
2126.0 0.7104452908724321
2126.5 0.67436890910824
2127.0 0.5404736855264993
2127.5 0.8073152447436163
2128.0 0.5783628236703977
2128.5 0.7212844198237052
2129.0 0.6549937525749496
2129.5 0.5649243768746353
2130.0 0.6477770830057126
2130.5 0.6484490217768007
2131.0 0.5514987869737247
2131.5 0.7860342124358113
2132.0 0.6320681317332635
2132.5 0.6514544274793517
2133.0 3.480793755581641
2133.5 2.197664804916462
2134.0 2.4227646623866432
2134.5 1.6671229876350868
2135.0 2.83360817176178
2135.5 1.5816688792460518
2136.0 2.7762056252130423
2136.5 2.3690437946812484
2137.0 3.012034081366582
2137.5 1.5747302516319692
2138.0 2.0330541017270556
2138.5 2.189916826762667
2139.0 0.9032389222870887
2139.5 3.093409297060957
2140.0 2.096781136893328
2140.5 1.9330361425202485
2141.0 1.3379184707852765
2141.5 2.073163506961933
2142.0 1.9189416448035987
2142.5 3.0676403312883687
2143.0 2.6971160608592024
2143.5 1.2334921561745706
2144.0 2.266044162595547
2144.5 1.5500173155381187
2145.0 1.5012745439551418
2145.5 1.6924187791698646
2146.0 0.8560313240632225
2146.5 1.4076613497697734
2147.0 0.9869566326714398
2147.5 1.2550339104442398
2148.0 0.8725087016850668
2148.5 1.7568063504049598
2149.0 0.8181276839032435
2149.5 1.75021368827763
2150.0 1.367256973112527
2150.5 1.3651919881285837
2151.0 3.4885876056705785
2151.5 0.40852701406683845
2152.0 0.8336579651454734
2152.5 3.0499744780946343
2153.0 1.2529292995371804
2153.5 1.8127556769744093
2154.0 2.007743171513399
2154.5 2.28702356089366
2155.0 1.0098150947307243
2155.5 2.5764514355646053
2156.0 1.6453589561597426
2156.5 0.8775879831258178
2157.0 1.9638150513528867
2157.5 2.0136110185217766
2158.0 0.9038328686387127
2158.5 1.4571631770735147
2159.0 1.0767072435370368
2159.5 1.0024587927618076
2160.0 0.644181897027263
2160.5 1.0112896579644524
2161.0 1.4772569794684423
2161.5 0.996769623903267
2162.0 0.8279884046733389
2162.5 0.8690470015419569
2163.0 0.9294919042660674
2163.5 0.8715273101139756
2164.0 1.0954329173259587
2164.5 1.3154563095231944
2165.0 1.1542017440839123
2165.5 1.3148775581034866
2166.0 1.3405136064643304
2166.5 0.9628692732752575
2167.0 1.3797797646129397
2167.5 1.577006910106853
2168.0 1.0027520581344986
2168.5 0.943768426228767
2169.0 1.4264186542912345
2169.5 1.089671988765689
2170.0 0.9282727657151408
2170.5 0.6984734821310037
2171.0 1.1476073167506233
2171.5 2.389397887840289
2172.0 2.490506311692146
2172.5 0.7486015217266133
2173.0 2.556948919242558
2173.5 3.0716161471613215
2174.0 0.9339490572191991
2174.5 2.0661722279904415
2175.0 2.741712491284397
2175.5 1.3749010068504703
2176.0 1.461508067309436
2176.5 0.8656667828965696
2177.0 2.3957310588142686
2177.5 2.631384088371727
2178.0 0.7502998469057429
2178.5 1.4707468475163676
2179.0 2.287552147239081
2179.5 2.64479379638293
2180.0 1.7621577257419743
2180.5 0.8823416430764564
2181.0 1.4508464400125516
2181.5 1.9273229369910685
2182.0 1.7430784702305948
2182.5 2.6015505851193907
2183.0 0.9416736932513622
2183.5 1.4834675980387297
2184.0 2.9299105447627327
2184.5 2.4499407774945086
2185.0 2.3465350496077724
2185.5 1.2836149741449265
2186.0 1.3333871219328817
2186.5 2.0851457628509555
2187.0 2.097913098700626
2187.5 1.685410604288122
2188.0 0.9061535591592045
2188.5 2.4278152693255843
2189.0 1.6479154862176948
2189.5 3.227988597694785
2190.0 1.8134264804604474
2190.5 1.8438872687597399
2191.0 0.8653402462288745
2191.5 0.7275127877442282
2192.0 1.509845412896122
2192.5 0.7435424734244048
2193.0 0.8305416886353144
2193.5 0.8805517475729046
2194.0 0.8265942061124973
2194.5 0.8348031860523988
2195.0 1.9900065871459927
2195.5 1.5363155968992461
2196.0 1.5873018678350843
2196.5 1.6341362870442397
2197.0 2.0585811378686305
2197.5 1.086911501232264
2198.0 1.3700189729028398
2198.5 1.9822700372563962
2199.0 1.6489000581873412
2199.5 1.7063170001084225
2200.0 1.3156711609605123
2200.5 2.4553573666363797
2201.0 1.0305818184814801
2201.5 1.6647525344566243
2202.0 1.9704800749235014
2202.5 4.079331409703358
2203.0 2.490311087967714
2203.5 1.3511779439072087
2204.0 1.4151819533710808
2204.5 1.03506098871441
2205.0 1.7603706606483496
2205.5 2.3893107489714156
2206.0 1.8747585659908235
2206.5 2.329674975963342
2207.0 1.7401909236258353
2207.5 2.11454831891238
2208.0 1.5749291962868994
2208.5 1.9481412810701457
2209.0 2.4172060595270137
2209.5 1.576201517593231
2210.0 1.6009415623557146
2210.5 0.7163219106693491
2211.0 1.9144222526004206
2211.5 2.0198009362350087
2212.0 1.0202142983906164
2212.5 1.07359663305586
2213.0 1.3137578766048266
2213.5 1.0344200500330325
2214.0 0.8025516203658354
2214.5 0.8088925521979036
2215.0 1.0433364180484443
2215.5 1.3719200089272336
2216.0 1.5395326252663062
2216.5 1.678299248005016
2217.0 0.7939872739135583
2217.5 0.8654865702414692
2218.0 1.7538241085708903
2218.5 1.7183612300445852
2219.0 1.6006577162065896
2219.5 1.3974390247118642
2220.0 1.1737250930290162
2220.5 1.9777694124002723
2221.0 1.0631015102768904
2221.5 1.2233005819644198
2222.0 1.455294655236002
2222.5 0.7470146044628686
2223.0 1.3070016255712116
2223.5 1.2880862526061323
2224.0 1.7273713449517731
2224.5 1.3535509401639705
2225.0 0.729661774366578
2225.5 1.1029144538403792
2226.0 1.1285278700655175
2226.5 1.2229370780188709
2227.0 1.3645721437075027
2227.5 1.4185673394884821
2228.0 0.8639728727257026
2228.5 1.118048067204466
2229.0 0.7222877324243215
2229.5 1.3136893008025368
2230.0 1.160338651929461
2230.5 1.1539916466540971
2231.0 2.7815322378570584
2231.5 1.575749970726684
2232.0 1.5029924678421889
2232.5 1.465836418604928
2233.0 1.6801377410805376
2233.5 1.198574986416287
2234.0 1.7221820301250554
2234.5 1.132352940997162
2235.0 1.4884325312151865
2235.5 1.230759464069616
2236.0 1.3555374170254493
2236.5 1.2312412372193642
2237.0 0.8921880671460787
2237.5 2.106344555920805
2238.0 2.1757137983925507
2238.5 2.6039468127381116
2239.0 0.7208853617436388
2239.5 2.5410780908646204
2240.0 2.3129692348992767
2240.5 2.187382417931727
2241.0 1.3535927822483194
2241.5 1.9248119061706088
2242.0 1.75306342089227
2242.5 2.2989534536748573
2243.0 2.6169593398998083
2243.5 2.4170878407476177
2244.0 2.4020278149308805
2244.5 0.7142934679589151
2245.0 0.6529173519665408
2245.5 0.5830535309593857
2246.0 0.6609654670244764
2246.5 0.7692038974875022
2247.0 0.762316547781267
2247.5 0.7847459023158074
2248.0 0.801796176528244
2248.5 0.6331289675446636
2249.0 0.6961497750064762
2249.5 2.6868195849861864
2250.0 2.102655364836777
2250.5 0.6963670292389783
2251.0 1.470367996074533
2251.5 1.1935120843637899
2252.0 2.0091679674467793
2252.5 1.878785792546402
2253.0 2.214140976291887
2253.5 1.183502326631321
2254.0 1.2127302533867776
2254.5 1.4671613039866824
2255.0 2.256688645147832
2255.5 2.431207484888928
2256.0 1.4355724830829955
2256.5 1.2200740752876573
2257.0 1.5609548559163304
2257.5 0.9310512193997679
2258.0 2.3521505964522245
2258.5 3.0975843207507348
2259.0 2.022814052143814
2259.5 2.393406076764241
2260.0 2.0033508672212443
2260.5 1.0146720861914247
2261.0 0.2
2261.5 2.5257006295476083
2262.0 1.7667075709731377
2262.5 2.081182089680323
2263.0 2.286394737436898
2263.5 2.3099869873205128
2264.0 2.722716804431677
2264.5 1.9119865712512865
2265.0 1.9870633434959133
2265.5 1.9646255985902652
2266.0 2.727012802361608
2266.5 1.130766783341275
2267.0 1.2647858967329737
2267.5 1.963878858719245
2268.0 1.156598149823239
2268.5 2.4030346414721997
2269.0 1.5348916509506734
2269.5 2.9644067590139596
2270.0 2.2049353668240164
2270.5 2.101216079573958
2271.0 1.5478846036887652
2271.5 2.1698585369712022
2272.0 2.905266269300548
2272.5 2.434993855658022
2273.0 1.2438789990242167
2273.5 2.750323110017944
2274.0 1.8320591886154403
2274.5 2.243743392022873
2275.0 0.3201665161484084
2275.5 1.596988262545938
2276.0 1.236591877926432
2276.5 1.7156936525779753
2277.0 2.7179775129639903
2277.5 1.2963077584201055
2278.0 2.399462908134411
2278.5 2.248138199584683
2279.0 1.595636879714518
2279.5 1.0575656034632468
2280.0 1.393105632734737
2280.5 1.2386164102057915
2281.0 1.1424999800494358
2281.5 0.9510965507922037
2282.0 2.0432149946944396
2282.5 0.7870692732607472
2283.0 0.7061798397790457
2283.5 1.8707095671056668
2284.0 1.474974694280677
2284.5 1.8172957467102693
2285.0 1.9675916626623335
2285.5 1.1487648415722433
2286.0 0.8705502925719475
2286.5 2.289860021367427
2287.0 2.3692091266367337
2287.5 2.5597890493700053
2288.0 1.1829040427629058
2288.5 1.5423266430379123
2289.0 1.4131549452014551
2289.5 2.5645791777649074
2290.0 3.0652536032715005
2290.5 2.377101141068186
2291.0 2.5986767247092137
2291.5 3.6400508103867355
2292.0 3.8355779901283786
2292.5 1.8531394797055298
2293.0 1.7129752904745315
2293.5 0.33574379866000315
2294.0 1.374103112332497
2294.5 1.0724120035943807
2295.0 2.030058489624472
2295.5 2.86445811577967
2296.0 2.4589382664932344
2296.5 1.0516275575947616
2297.0 2.6503927950401467
2297.5 1.9842727629992791
2298.0 2.852993941066448
2298.5 2.7092037421750303
2299.0 1.4201834034764813
2299.5 2.4252881947723797
2300.0 2.8361093124614003
2300.5 0.7358877260092656
2301.0 3.1054530750944704
2301.5 2.1039155287602105
2302.0 0.5686660118805882
2302.5 1.8069460859764304
2303.0 2.295462714359113
2303.5 2.443997042192316
2304.0 3.4426327400929067
2304.5 3.402124517911419
2305.0 2.9759348870487785
2305.5 0.4712753706297934
2306.0 1.8250050284796042
2306.5 3.894880114246238
2307.0 3.153611378544354
2307.5 1.7244603984493314
2308.0 3.1562385189469477
2308.5 1.541931730465358
2309.0 1.6038477023391402
2309.5 2.1073659634648148
2310.0 2.002924754061747
2310.5 0.2308762342692232
2311.0 0.6296212857412207
2311.5 1.0995096676406484
2312.0 0.8540503355176354
2312.5 0.9189024861914935
2313.0 1.1959175630369119
2313.5 1.5574860497113043
2314.0 1.1778191832484806
2314.5 1.4530347144604265
2315.0 0.8404342107174091
2315.5 0.8121695347082094
2316.0 1.2001565269216332
2316.5 1.1664749692892102
2317.0 1.312935082441281
2317.5 1.9311727969289574
2318.0 2.0829994881284173
2318.5 1.4372309668598666
2319.0 2.91368997932043
2319.5 1.697449708012508
2320.0 1.7594391275125412
2320.5 1.8455063146725343
2321.0 1.800898148599806
2321.5 1.1658827552955129
2322.0 2.061441387346332
2322.5 1.1438303449513856
2323.0 2.2553713939231512
2323.5 1.2362120646038388
2324.0 1.0472969416737543
2324.5 1.2096470154742605
2325.0 1.8603498221323589
2325.5 1.6054977747206145
2326.0 2.177898337928105
2326.5 2.353062038819342
2327.0 4.388514932432534
2327.5 1.4701084555302486
2328.0 4.5320693607130185
2328.5 2.255833469377799
2329.0 1.3521294245688567
2329.5 1.6481940041530958
2330.0 0.7321658392634631
2330.5 2.5463747599237685
2331.0 0.8758579893688319
2331.5 2.2422647130008224
2332.0 2.2859311819056525
2332.5 2.255183379810972
2333.0 3.0091461940335176
2333.5 1.4676080547824573
2334.0 2.8201719453281298
2334.5 2.6809625796877867
2335.0 3.0855735674673097
2335.5 3.156657655712399
2336.0 1.2662275095190494
2336.5 1.8858698694754716
2337.0 1.012282545604383
2337.5 1.1685466257141974
2338.0 1.1436660639222709
2338.5 0.8878481110750558
2339.0 1.2949168673056848
2339.5 1.2790095466964586
2340.0 1.1154015855646264
2340.5 1.2158200019297933
2341.0 1.4249964435070472
2341.5 0.7807505030612755
2342.0 1.268310132012939
2342.5 1.185965490396486
2343.0 1.6312929354369223
2343.5 1.2451102231052769
2344.0 1.6108288435915312
2344.5 1.0276075504158073
2345.0 0.8116790137344438
2345.5 1.432182804622339
2346.0 2.082117737932239
2346.5 0.9644565109546119
2347.0 1.2883390047473546
2347.5 2.42924909118941
2348.0 2.0165585540390527
2348.5 2.236487848697127
2349.0 2.5751890960196153
2349.5 1.2824862257750809
2350.0 2.14397884030129
2350.5 1.6882473913345317
2351.0 0.49292832098383355
2351.5 1.3119670154716325
2352.0 1.4608813736261297
2352.5 2.248046216710826
2353.0 2.922494830153423
2353.5 1.7298765519582073
2354.0 1.583552213081348
2354.5 1.7954611712872273
2355.0 2.487103719247095
2355.5 1.2090261068476518
2356.0 1.4063772095666507
2356.5 2.4293051779964046
2357.0 1.0768741093488625
2357.5 1.5396963859822017
2358.0 2.203687792546297
2358.5 1.9746419056694031
2359.0 0.7905595983239075
2359.5 4.101291535397129
2360.0 0.8879145835238933
2360.5 2.7079025823713625
2361.0 1.6277722866529007
2361.5 1.0930793126422824
2362.0 0.2
2362.5 2.4964146368318776
2363.0 1.0547433778324098
2363.5 1.9774145426873844
2364.0 1.5064430336870207
2364.5 2.084540662331274
2365.0 1.3159028143029574
2365.5 1.544691709270683
2366.0 1.4776338291909983
2366.5 1.3956469734854733
2367.0 0.5911387458146369
2367.5 1.3010782222077664
2368.0 1.6842571720230013
2368.5 1.8608115943717745
2369.0 1.7265568350575742
2369.5 0.78494221116107
2370.0 1.9868160798630385
2370.5 2.5323852724964064
2371.0 1.523223047122553
2371.5 1.6464080403498342
2372.0 2.372647525294264
2372.5 4.559286290871197
2373.0 2.9407147893726364
2373.5 3.4456875231439765
2374.0 2.3238080949097
2374.5 2.860173026376601
2375.0 1.5643836820808332
2375.5 2.4610982665008736
2376.0 2.9749238331575008
2376.5 1.2258682123897193
2377.0 2.6058176344541586
2377.5 2.1419468923164553
2378.0 1.5611141478625201
2378.5 2.0107312276575504
2379.0 1.8274446724527247
2379.5 1.423400593737561
2380.0 0.9882938280620902
2380.5 1.305096737311064
2381.0 1.084412333819719
2381.5 0.8762623634299935
2382.0 0.6683743114680198
2382.5 0.625871568516756
2383.0 1.2575568101136443
2383.5 1.1706485604898034
2384.0 1.2857670172458118
2384.5 0.733067591316477
2385.0 0.6586312296703636
2385.5 0.5461927356904994
2386.0 1.9828267459095816
2386.5 1.8572175337603887
2387.0 2.1472973557095814
2387.5 2.662085270890347
2388.0 1.5309761956632628
2388.5 0.7986176060147019
2389.0 2.108054668756421
2389.5 2.106003583189035
2390.0 2.180402880423052
2390.5 1.7297689796890086
2391.0 1.4999171385963896
2391.5 1.3375626440270332
2392.0 0.908720970967554
2392.5 1.042035646006556
2393.0 1.2670490625029731
2393.5 1.6265356443641446
2394.0 1.7629147984023268
2394.5 1.6631883369179392
2395.0 2.011149407694296
2395.5 1.0874232686073688
2396.0 2.101133011641228
2396.5 2.2023606442881443
2397.0 2.011205374796212
2397.5 2.400993747613053
2398.0 1.9366347512683753
2398.5 1.9441958409950537
2399.0 2.5691202382671077
2399.5 2.2141006049075984