300.0 1.0862121241615414
300.5 1.1442566883051049
301.0 1.1818009418755224
301.5 0.9360864643426337
302.0 1.04410030156824
302.5 1.318644995745814
303.0 1.2280756295912894
303.5 0.7924060361424097
304.0 1.3075677158046708
304.5 0.3001909491837381
305.0 0.5062489291082706
305.5 0.7929302890225818
306.0 1.3369322577059664
306.5 1.4080984623706894
307.0 0.9621142869622847
307.5 1.3279765183708592
308.0 1.2064790003996633
308.5 0.7370345140845981
309.0 1.3357573194059937
309.5 1.5183496187776198
310.0 1.1836791176940542
310.5 2.006891130896088
311.0 2.0383009237990173
311.5 2.016070658993226
312.0 1.4366229806886328
312.5 1.6597256501828872
313.0 0.9553821373806979
313.5 1.5168467017600806
314.0 1.5808782127909295
314.5 3.2072896983778314
315.0 0.5338693072022695
315.5 2.266203160577639
316.0 3.800604435044283
316.5 4.227207382198143
317.0 1.0988263143716372
317.5 2.51328461566471
318.0 2.0275867782846415
318.5 3.1085123793841296
319.0 2.5961228597373425
319.5 1.9440652760552424
320.0 2.9525515682339245
320.5 1.3940470853953424
321.0 2.408692708505914
321.5 3.335522188834843
322.0 0.9461745564892543
322.5 0.9183330935218498
323.0 1.6892539410491938
323.5 0.9781039334226189
324.0 0.4401543685016259
324.5 0.9299701622997425
325.0 1.0266605667063178
325.5 0.8833663512002051
326.0 1.3985538665302333
326.5 1.72524556483497
327.0 1.3070212865205155
327.5 0.7834524237178248
328.0 1.5633700759152438
328.5 1.101880140162301
329.0 1.2829490766895773
329.5 1.825894445472861
330.0 1.5637670197158762
330.5 1.0358818640820306
331.0 2.5891719067284136
331.5 1.090153334596326
332.0 1.38962756169555
332.5 2.6764590956765044
333.0 1.7665337683824054
333.5 1.4628074786745777
334.0 2.1486918765758967
334.5 2.2789500348963356
335.0 1.522232935107084
335.5 0.9668323148963802
336.0 0.8504740204662371
336.5 2.3353785691389404
337.0 2.055172427764744
337.5 1.4466437979603766
338.0 2.090488618226861
338.5 1.870292392809548
339.0 1.197348365919587
339.5 1.8816609427853002
340.0 1.4169786151615564
340.5 1.6223447963668731
341.0 0.6723081901597836
341.5 1.5271131631442016
342.0 0.995056279044053
342.5 0.775145434844728
343.0 1.5028630019550757
343.5 2.829831276649534
344.0 1.5225442781944163
344.5 1.6717889726978679
345.0 1.4536090823083756
345.5 1.2613549818266039
346.0 0.6595211005274959
346.5 2.746766898158415
347.0 2.343072443787041
347.5 1.3552932695415953
348.0 1.106593184945777
348.5 1.4383313194184915
349.0 1.8803965364731194
349.5 2.364244814690772
350.0 1.8459693742964023
350.5 1.718830706592568
351.0 1.7146744194515733
351.5 1.3834341775110952
352.0 0.8233314846526758
352.5 1.276550086062823
353.0 0.9891474902586127
353.5 0.9166815412181792
354.0 1.9265045491097228
354.5 1.6144696021888394
355.0 1.4925415704041538
355.5 1.0737123764324892
356.0 1.7424219223044566
356.5 0.40431243895304425
357.0 1.0426300163937858
357.5 1.540053936253451
358.0 0.941293729282384
358.5 1.88990057885251
359.0 1.9532816643006468
359.5 0.5832903422792106
360.0 0.9327166549571166
360.5 1.0821503554586818
361.0 1.7427906165469675
361.5 1.0394369074392262
362.0 1.1125338842183907
362.5 2.3010062406923777
363.0 2.549300006496314
363.5 2.335017706907129
364.0 2.039002947003507
364.5 2.749199607938091
365.0 1.5116409842905631
365.5 1.8763750701970134
366.0 1.5007097020257292
366.5 2.1028128130741552
367.0 2.4184419235614794
367.5 1.5611543510289532
368.0 2.2190907033092495
368.5 2.2466831629606983
369.0 1.533499141055545
369.5 1.737998938674893
370.0 1.112954186919045
370.5 2.0894546175108775
371.0 2.9526674426355104
371.5 1.1971752395142436
372.0 1.7984677364054733
372.5 1.1225920398831528
373.0 2.298974046659573
373.5 1.8500809181241982
374.0 2.4273487186840446
374.5 1.3322623860842975
375.0 1.3950829192908172
375.5 1.517377100086394
376.0 1.9785230894673067
376.5 1.6242058339718932
377.0 1.2638433094412986
377.5 2.4391150236364467
378.0 2.8626017617363533
378.5 2.6089210067944046
379.0 1.2853149957787697
379.5 0.5370402650112032
380.0 2.400104562762509
380.5 1.2218666490950447
381.0 1.9489363320388366
381.5 1.4565713887670888
382.0 2.336005930464191
382.5 1.7895704860670827
383.0 1.7022171376985948
383.5 0.854786522797019
384.0 2.044545861271631
384.5 0.2
385.0 2.372142470706337
385.5 2.6530504949966356
386.0 1.424406939629245
386.5 0.9520188540761296
387.0 0.6715807999055334
387.5 2.1211701083147303
388.0 1.7321643555371016
388.5 2.43044841934236
389.0 1.1721910583739492
389.5 0.8241604696492267
390.0 0.879503679579441
390.5 1.0284781967596
391.0 1.100435299038808
391.5 1.0193006891845489
392.0 0.6830218572883268
392.5 1.0098683868029794
393.0 1.1207757463753292
393.5 1.110092665452766
394.0 1.2422589023213542
394.5 0.6758105020519777
395.0 0.6131593166664576
395.5 0.7575079108058085
396.0 0.6350481677755369
396.5 0.6627019337019988
397.0 0.7525360668897312
397.5 0.8866983125587695
398.0 0.7066680211939647
398.5 0.6406973202250825
399.0 0.8564050627709465
399.5 0.6566434475866103
400.0 0.7991738655951179
400.5 0.6122369177422247
401.0 0.7780997972130048
401.5 0.7563431346238785
402.0 2.299366513691095
402.5 1.9237962913118072
403.0 1.9187951373486047
403.5 1.3646651401991443
404.0 1.3229974203162373
404.5 0.8636899200626365
405.0 1.2948542954668627
405.5 1.4575595775848904
406.0 2.398828833004532
406.5 1.844468383594717
407.0 1.8874701974986405
407.5 1.3873168270160865
408.0 2.541888949407986
408.5 1.4866238574208102
409.0 1.6788452072066025
409.5 1.9178129997737594
410.0 1.949907929873189
410.5 1.738126185310041
411.0 2.6355770227088007
411.5 1.502368653227075
412.0 2.0581856973142925
412.5 1.0327223923428783
413.0 1.292829250639711
413.5 1.7209940043031122
414.0 1.8127944244230088
414.5 0.9930357044361755
415.0 1.8302558060896
415.5 0.8050893972242152
416.0 1.0113012803527968
416.5 1.7909963260927617
417.0 1.3261855906676083
417.5 1.5211796029211162
418.0 1.4078990325307639
418.5 1.725305939688785
419.0 1.095219881607117
419.5 1.133891659791621
420.0 1.2780874397045192
420.5 1.554225131983297
421.0 0.7778592843313928
421.5 1.59686679627065
422.0 1.8753608730518805
422.5 2.5040771481859547
423.0 1.3398066644394704
423.5 0.7544641193374853
424.0 1.6637674983808706
424.5 0.8060963014586209
425.0 0.7901053305206456
425.5 1.0260722361563166
426.0 1.7585233688794593
426.5 0.9822599230062153
427.0 1.0772662267433193
427.5 1.5673989415771024
428.0 0.7274873293491497
428.5 0.735015486391207
429.0 1.551390261784556
429.5 1.530971925584324
430.0 1.070867619374605
430.5 2.7827363484535947
431.0 1.2085229637045032
431.5 2.648090822567225
432.0 1.604154424908777
432.5 2.11301992545523
433.0 2.9454498854177817
433.5 2.201044477689106
434.0 1.9917278215833014
434.5 1.3976918899885475
435.0 3.5905894232877547
435.5 2.2770523341156976
436.0 3.276309010469631
436.5 1.8739247922747375
437.0 0.9037763508405237
437.5 1.1737128357423288
438.0 1.0098851971910703
438.5 0.6799063635625213
439.0 0.9203158172492492
439.5 0.7103053236718125
440.0 1.0056549663241037
440.5 0.5027089611607051
441.0 1.1060964308897414
441.5 0.9457718410044069
442.0 0.6734416785550297
442.5 1.0257501442533346
443.0 1.1298165719357558
443.5 0.8905733840088372
444.0 1.0483021672269173
444.5 0.8196121569250816
445.0 1.1695687248984519
445.5 0.9839396072270851
446.0 0.6469444862340957
446.5 1.2020229064979269
447.0 0.8144269347747648
447.5 0.8637801201183757
448.0 0.9206786901624748
448.5 0.6734224276661248
449.0 0.9316540827709253
449.5 0.8548547426204494
450.0 0.847192235387981
450.5 0.6689718568266261
451.0 0.937118268568839
451.5 0.9969214222495592
452.0 0.8445486703134625
452.5 1.1095937010510992
453.0 0.8641415637722134
453.5 0.873610348944661
454.0 1.1920623950272784
454.5 1.096282742613273
455.0 0.9581078658732246
455.5 1.2144780537199669
456.0 1.0781666235188068
456.5 2.190404312632678
457.0 1.1273928734500296
457.5 1.8683874051491278
458.0 1.6041001878898706
458.5 1.9860527063892106
459.0 1.8710583075942417
459.5 0.5487879163065041
460.0 1.8493034658834526
460.5 1.4389627650593964
461.0 1.270282571939585
461.5 2.274954767027822
462.0 3.01845148567128
462.5 1.7015051752786963
463.0 0.8145341725690626
463.5 1.0706482202891767
464.0 0.9684891756886785
464.5 0.7750019635926824
465.0 0.6609137961232268
465.5 0.8101789963810275
466.0 1.3786949159897077
466.5 1.8234522138470433
467.0 0.7488238304418838
467.5 1.4593001079386854
468.0 0.7492125674712767
468.5 0.7452583628983235
469.0 0.6614106843560875
469.5 0.6834612537255507
470.0 1.2193105067731926
470.5 0.9320042120617177
471.0 1.7906838382456693
471.5 1.4530165103420682
472.0 0.7316946395551825
472.5 1.3474623217508257
473.0 1.3090490274284203
473.5 1.7645490538144497
474.0 1.2634143446255832
474.5 1.79575088251722
475.0 1.532407635293509
475.5 0.9832139564741609
476.0 0.9977347565538599
476.5 0.9087595929522113
477.0 1.314619780215133
477.5 1.1786103202442302
478.0 1.1684379191151917
478.5 1.7052122396450298
479.0 0.6646956382684974
479.5 0.9155291670702007
480.0 0.7091099708928853
480.5 1.8946100252329308
481.0 1.1562294293565025
481.5 1.417763064336218
482.0 1.559710270117308
482.5 1.301680722075797
483.0 1.141585431437977
483.5 1.6085193315090498
484.0 1.0371918442238748
484.5 1.3361612790237696
485.0 1.777582774175706
485.5 1.6579532115893683
486.0 0.2
486.5 1.299901359384383
487.0 1.8662515946233922
487.5 2.07342171374966
488.0 2.3860381127087535
488.5 2.5175914164104336
489.0 1.303516532614204
489.5 1.6284359430713748
490.0 0.5844245346146677
490.5 1.050700232000702
491.0 0.7062423790520085
491.5 0.6920078997333736
492.0 0.5569011312602447
492.5 3.2763318636534833
493.0 1.7440024868249686
493.5 2.0737484774644064
494.0 1.8958520257181581
494.5 2.313699111285164
495.0 2.479141305531837
495.5 2.8837742851803165
496.0 1.8966135182049277
496.5 2.217500950018436
497.0 3.955257911240169
497.5 2.720166767657636
498.0 2.3742745541630716
498.5 1.72763667722965
499.0 2.0101213896866095
499.5 2.731931266021369
500.0 2.7099709168257364
500.5 1.6362778843440653
501.0 2.645482706077325
501.5 2.280915222828148
502.0 0.8848270322248311
502.5 3.283964300346745
503.0 1.2916736304547283
503.5 2.925166355734632
504.0 2.151282632257459
504.5 1.5930806271983764
505.0 3.1751991116708043
505.5 1.7456984329034309
506.0 1.9430671095921805
506.5 1.4875918022018002
507.0 1.3680498816167512
507.5 1.8401762960161645
508.0 1.5216373594832748
508.5 0.6888125876376993
509.0 1.4192229944330284
509.5 1.7997857706898914
510.0 1.1773790202207604
510.5 0.8636178046945802
511.0 0.7352068219884735
511.5 0.7653775560014533
512.0 0.6796034691720878
512.5 0.807561174944569
513.0 0.6981483439951912
513.5 0.7015306852169028
514.0 3.34915779631505
514.5 2.4147564787351805
515.0 1.7522943977120025
515.5 1.7192118652566117
516.0 2.4071165581722935
516.5 2.8980419054735576
517.0 2.209832356198869
517.5 1.460586774392683
518.0 2.0652254608026865
518.5 2.331326006806128
519.0 2.170319551488335
519.5 2.513191416714479
520.0 1.6303074498972119
520.5 2.4351311418555754
521.0 1.389972858772412
521.5 1.3449162027248627
522.0 0.4332768092574979
522.5 1.3050057678321465
523.0 3.6270596638554875
523.5 1.9491241436890079
524.0 3.607440543135332
524.5 3.9476882806532103
525.0 2.0990836837163243
525.5 2.170097635863801
526.0 2.963351256074125
526.5 2.9286386765174144
527.0 2.288094211657035
527.5 2.9059914758892647
528.0 1.8273883825291743
528.5 2.4396013795341953
529.0 2.328945595723081
529.5 2.412012695253612
530.0 0.6643357147755498
530.5 0.6835518511874453
531.0 0.8059235903632367
531.5 1.0902402647617921
532.0 1.1875805752758772
532.5 1.13504318569281
533.0 0.7601846552822904
533.5 1.8765757611712552
534.0 2.6845101590094695
534.5 2.1768967425229313
535.0 1.710079161320504
535.5 1.874914476001094
536.0 1.4279273686444305
536.5 1.8083471336239132
537.0 0.8476375188755984
537.5 1.4433921323911016
538.0 2.114956536674596
538.5 1.9786211941376444
539.0 1.458603771730818
539.5 0.8814785165487161
540.0 0.727890622100708
540.5 1.172283979845993
541.0 2.082225497355151
541.5 2.4862639449425084
542.0 3.315215863989411
542.5 2.754661329403077
543.0 3.19432141398262
543.5 2.2267565048779434
544.0 1.0993607613979173
544.5 1.8804079451433546
545.0 0.8006214112021679
545.5 1.2115824526975827
546.0 2.402791675913712
546.5 2.4117323520873057
547.0 1.6228808898237814
547.5 3.5018558334721255
548.0 3.0424542485408703
548.5 1.674494960917552
549.0 2.777038838421125
549.5 3.5694394922932404
550.0 1.5071066336941783
550.5 2.998582646872777
551.0 1.71266185516709
551.5 1.560186493943381
552.0 1.4406808178235713
552.5 1.9193110562975428
553.0 0.9896003867056847
553.5 0.4036383713723648
554.0 1.471766639273981
554.5 0.6982636667658162
555.0 1.3723230254360024
555.5 1.0946132940339852
556.0 1.3267415475928481
556.5 1.4883442866627266
557.0 1.411687267538475
557.5 0.8274497966787302
558.0 0.8824059070012079
558.5 1.3330552500961554
559.0 0.9119504171016953
559.5 0.8884056427901578
560.0 1.0861544826343708
560.5 1.732096509620538
561.0 2.948144260224095
561.5 1.102400783714086
562.0 1.054266926319999
562.5 1.1580839573057184
563.0 0.46924080045251115
563.5 1.3158201145585873
564.0 0.985662575618253
564.5 0.6772017848954984
565.0 1.2458345242488051
565.5 1.559608792433193
566.0 1.0565739070365285
566.5 0.7247748984979271
567.0 1.8031093743344877
567.5 1.7339980254720968
568.0 1.3535397288895448
568.5 1.2644930657004587
569.0 2.1728093916053735
569.5 2.291159924285215
570.0 1.5955561454207228
570.5 0.8338263406239403
571.0 0.2
571.5 2.015805509381841
572.0 2.240178112914727
572.5 2.2218011297473836
573.0 1.6903927079747247
573.5 2.4332768798778757
574.0 0.762821887571389
574.5 1.0995226345310123
575.0 2.34865452619583
575.5 2.9666332407714737
576.0 3.1492850059618127
576.5 1.7719918307766003
577.0 1.4442348701152938
577.5 2.9504182666282546
578.0 0.7681675239507337
578.5 0.9461071347910052
579.0 0.6667029953283056
579.5 0.8609633586623291
580.0 0.943839613756008
580.5 1.0237920896310866
581.0 0.6114841109564984
581.5 0.5418252022849657
582.0 0.6350378313994836
582.5 0.948898551398397
583.0 0.8256594886599139
583.5 1.8650318742066154
584.0 1.135483274236112
584.5 1.3655531618208627
585.0 0.6324252699427105
585.5 0.794374317372857
586.0 0.561183005471027
586.5 0.8561032817652983
587.0 1.4576326870342213
587.5 1.5749061622311233
588.0 1.7984873494036742
588.5 1.8753337263184242
589.0 1.3793753788504157
589.5 1.470755122811523
590.0 1.1973862786458196
590.5 1.5345125211538249
591.0 2.5856072391521954
591.5 1.826889670911545
592.0 2.5066615466708733
592.5 1.345365599169222
593.0 2.172484212515433
593.5 1.88550841430744
594.0 2.6027212196403435
594.5 2.3757016262945396
595.0 2.1108784614320153
595.5 0.8368283687953142
596.0 1.037575627694661
596.5 1.4636278854920202
597.0 2.0584148737554244
597.5 1.2222411963428588
598.0 1.8837565399721892
598.5 1.596897269368647
599.0 2.477005857173567
599.5 1.6132946503957513