600.0 0.8798383121528048
600.5 0.9567723459903943
601.0 0.7698465577548247
601.5 1.5599452862537126
602.0 1.7265817695042212
602.5 1.4146918316545092
603.0 1.7468432250009909
603.5 1.188002257064932
604.0 1.7049574337655913
604.5 0.8079848253442248
605.0 0.7787060825133647
605.5 1.6632488449651999
606.0 1.501371226739244
606.5 0.717653302503162
607.0 1.0012709961663888
607.5 0.9436471033296576
608.0 0.8758616589557302
608.5 2.25217114371858
609.0 1.200527231852409
609.5 1.4870545905215085
610.0 2.2020019611027672
610.5 2.362264337466847
611.0 0.937717741904821
611.5 2.224703247548989
612.0 2.2102477022959164
612.5 2.882035763215144
613.0 1.7160143801107601
613.5 1.0826208840273301
614.0 3.055035560566084
614.5 2.385174264528286
615.0 1.8633613871180632
615.5 2.3244964282921656
616.0 4.214746410565777
616.5 2.2834029675050527
617.0 2.393855691423953
617.5 0.46166744354479383
618.0 2.9713636254368723
618.5 1.883298638253451
619.0 2.8906957197465237
619.5 0.2
620.0 2.2966595849053975
620.5 2.8067106283147725
621.0 1.8189054854773374
621.5 1.6269673087899057
622.0 2.943514843858957
622.5 3.7743023440585013
623.0 4.7553282616061505
623.5 1.7742616928549337
624.0 3.161995436817879
624.5 0.38464472515642634
625.0 0.7726860795813415
625.5 1.0543648774455963
626.0 0.34393358385718853
626.5 1.2270206644619734
627.0 1.391416361924333
627.5 0.8955019091581982
628.0 0.9592649726538781
628.5 0.9364180150474926
629.0 0.6999124451003661
629.5 1.3784939050227814
630.0 0.7177684454583235
630.5 0.8324915204033583
631.0 1.4075069359058054
631.5 0.9827682616971372
632.0 1.1947607769861395
632.5 1.4717731637508846
633.0 1.448244554466292
633.5 0.5179656091048496
634.0 1.4130896036300522
634.5 1.6819558073365672
635.0 1.4332197157375788
635.5 1.1322803016099974
636.0 0.5177206907369873
636.5 1.069748202752165
637.0 1.8245814970213035
637.5 1.373030227033095
638.0 1.931343339758865
638.5 2.325394854851731
639.0 1.2542753323925195
639.5 2.2951388221078672
640.0 0.8978084959868191
640.5 1.1971837800307408
641.0 1.5737183920021283
641.5 1.7627650828356964
642.0 1.4339700220011022
642.5 1.0295849713157863
643.0 1.5544031000220921
643.5 0.8736941600963399
644.0 1.755007510950524
644.5 0.5964624381407049
645.0 2.0913289524735292
645.5 1.5951611939524168
646.0 2.1990625618018216
646.5 1.3875648733652661
647.0 1.4421859834419968
647.5 2.436654271336846
648.0 1.9133366950582968
648.5 1.9437031871153698
649.0 1.4024919122053965
649.5 1.9329001309421037
650.0 1.2206105721404974
650.5 1.2648297551966918
651.0 0.699187543588336
651.5 2.254048989976993
652.0 0.8029189093111935
652.5 1.0734338374472725
653.0 0.6286016764257705
653.5 0.6695345634159116
654.0 0.6329870159748275
654.5 0.5281588986461085
655.0 0.5552302393915178
655.5 0.36946994189212934
656.0 0.933745429850187
656.5 0.6425006230630903
657.0 1.4052663994137133
657.5 1.5914999494504785
658.0 1.1622113207593097
658.5 1.5777099499554301
659.0 1.6597486593376738
659.5 1.3258046425641448
660.0 0.6877609842391623
660.5 1.470122206336394
661.0 1.0714037326175432
661.5 1.3363705401312362
662.0 1.9562042289590602
662.5 1.4265548780264719
663.0 0.9346215393188853
663.5 3.17823509290245
664.0 2.205191104361294
664.5 2.2439033413515825
665.0 3.029494278631276
665.5 2.6240863055786434
666.0 1.1754434144935981
666.5 2.126575714979106
667.0 2.462655993638636
667.5 1.6799937301178014
668.0 1.98516656654644
668.5 1.7168724160524422
669.0 2.488128849209812
669.5 1.0923862763977765
670.0 1.3958770205239857
670.5 2.363036907898623
671.0 1.3102292382829734
671.5 1.2661438417743858
672.0 1.4380477015380733
672.5 2.3857071757533608
673.0 2.844561669122413
673.5 0.7847191287416273
674.0 0.517358192818497
674.5 0.8573489744881468
675.0 0.7312313872052333
675.5 0.4034536069935951
676.0 0.8326954992308864
676.5 0.9039875353341912
677.0 1.0488424340036429
677.5 0.7304676043975104
678.0 0.7799519991183058
678.5 1.0936040351776761
679.0 0.783813172808895
679.5 2.4909458345828552
680.0 2.5516486543295986
680.5 3.9711538465840235
681.0 3.3554299155572487
681.5 3.8649576520343913
682.0 3.4797181775782473
682.5 2.321954896940775
683.0 0.44000693807285374
683.5 3.042708551089627
684.0 2.409118878870946
684.5 3.3274900589541185
685.0 1.914280259349345
685.5 1.006820059538043
686.0 3.8656877715015474
686.5 2.8296916430994132
687.0 1.3888653389041317
687.5 1.204416507106856
688.0 3.6459611173142736
688.5 4.438168139544361
689.0 2.3288128410483213
689.5 1.914077100922763
690.0 1.4624284363588143
690.5 0.3318878418230984
691.0 1.1067420529621539
691.5 1.9219075496957059
692.0 2.135356416263109
692.5 2.2686923252946105
693.0 1.2880416609369143
693.5 1.6261672780047551
694.0 1.9238697362007684
694.5 0.7166438997655846
695.0 1.7861441452172255
695.5 1.0696710116257253
696.0 1.4505688826009902
696.5 1.3488894264119755
697.0 1.0779186989815162
697.5 1.4991724809735856
698.0 1.9372808767243253
698.5 1.4980535117159481
699.0 0.8549370955594218
699.5 2.168096930781819
700.0 1.7466882823603354
700.5 1.0660059138344196
701.0 1.1320389399335387
701.5 1.4318427107514264
702.0 1.9909869218647371
702.5 2.2058246182869414
703.0 1.6127462492787894
703.5 1.197661276581793
704.0 1.7163637515450827
704.5 1.0460565127946104
705.0 2.1485899662467505
705.5 1.4631465252382412
706.0 1.5587093690190432
706.5 2.3045806677852614
707.0 2.614902126538542
707.5 0.8784176198368824
708.0 2.231561868693988
708.5 3.5356552552897345
709.0 1.7275681812796755
709.5 1.7988551085285645
710.0 1.6722996707670301
710.5 2.3029456420759464
711.0 3.0419763182867148
711.5 1.899588375203603
712.0 1.5679983114365998
712.5 2.3537235252081707
713.0 1.5867120893531075
713.5 1.6496364887668227
714.0 0.9215561910446238
714.5 1.4911917276662447
715.0 2.2889915261407743
715.5 1.2016941343689156
716.0 2.112402301182422
716.5 2.236244638633014
717.0 2.005934558389957
717.5 1.4168199239893837
718.0 1.499972601608806
718.5 0.9322429760833184
719.0 1.6411050711348272
719.5 0.628792709535928
720.0 0.8358086152376075
720.5 0.8872055787686405
721.0 1.0543492997258643
721.5 0.9813575327462687
722.0 1.0760547486846503
722.5 1.1425040377826619
723.0 0.9239311436943921
723.5 0.873787240199505
724.0 0.6231100579776032
724.5 0.9652102683563316
725.0 1.0864508693968784
725.5 0.9109232243354809
726.0 0.7467345381053474
726.5 0.7444673670112549
727.0 1.2517560099187683
727.5 0.9954098994257735
728.0 1.118657025899323
728.5 0.8352838172406764
729.0 1.5909744788943807
729.5 0.49736889510436644
730.0 2.0654722744812757
730.5 1.2089104538322117
731.0 1.788722305049732
731.5 1.901275244304288
732.0 0.9002790753371219
732.5 0.9006937397299287
733.0 0.9451774285440018
733.5 0.9716599865195098
734.0 0.9274626148919252
734.5 0.9063362375853287
735.0 0.9235942651171919
735.5 1.1693211196151645
736.0 0.8976913156630398
736.5 1.3730726746705364
737.0 1.3234926458759042
737.5 1.2868099305796334
738.0 1.603280203477767
738.5 1.368757241379235
739.0 1.40590221890188
739.5 1.0495443676174416
740.0 1.4211469164849697
740.5 1.6010516780943302
741.0 2.018668022089496
741.5 1.3852853102203972
742.0 2.667973781496418
742.5 1.4945884465992523
743.0 1.2830949105041118
743.5 2.821578555005253
744.0 1.064148505589278
744.5 2.338439734431198
745.0 2.2314211901495025
745.5 2.937307306345563
746.0 1.6891567026947414
746.5 0.9487831223249568
747.0 0.8445722990903862
747.5 1.5325633577746265
748.0 1.5872940356194518
748.5 1.7572517266440497
749.0 1.4838571106865694
749.5 1.2577206980240345
750.0 0.6687472124737411
750.5 0.9362796741604973
751.0 1.7347097627436465
751.5 1.7965460512456828
752.0 1.6872734762515895
752.5 2.6427302847937764
753.0 1.5938532379966803
753.5 1.6116883615360205
754.0 1.4763721754347534
754.5 2.4945990678596597
755.0 1.7883725612728623
755.5 3.243360585675579
756.0 2.638253080155145
756.5 3.0500711099671696
757.0 2.81475388855987
757.5 2.2289912935678124
758.0 1.6798658421066417
758.5 3.4222932166367386
759.0 1.4142973540282824
759.5 2.4872632922085747
760.0 1.6814610280799744
760.5 2.885758315465468
761.0 2.2977491703910378
761.5 2.9251401023212082
762.0 2.5358593479910603
762.5 1.4159419543481837
763.0 0.9422584197612746
763.5 1.1843451903667166
764.0 1.6895759131240145
764.5 1.9850330879572506
765.0 1.36666964925093
765.5 2.6759649405323134
766.0 2.5828298922600545
766.5 2.939724152880593
767.0 2.7929811642415454
767.5 1.8480537941914195
768.0 1.7733316834896111
768.5 1.802244257249599
769.0 1.780758963356317
769.5 1.0728703405915834
770.0 1.269944419390693
770.5 1.9268017074343833
771.0 0.9188421168516832
771.5 1.9726518813110108
772.0 1.0848666385916625
772.5 0.6941225206782844
773.0 1.9025371515691738
773.5 1.5468805050941161
774.0 2.0655606158695914
774.5 2.0327420622415575
775.0 1.7838332420453709
775.5 0.8093560939413715
776.0 1.196632567326927
776.5 0.9091585194123337
777.0 3.116032820128287
777.5 2.5692369991120314
778.0 2.4026324388454774
778.5 2.3885293370893397
779.0 2.150100249869234
779.5 2.1465645436854226
780.0 3.0659605999324766
780.5 1.5930487611701487
781.0 1.0457040530593955
781.5 2.4319350930045904
782.0 2.4956114381778898
782.5 2.9843320682379835
783.0 3.2826651600069967
783.5 2.8604060408301635
784.0 0.8591191261700508
784.5 2.000668977560923
785.0 1.6406073406787427
785.5 1.625698402002911
786.0 1.9252952685290576
786.5 2.599208980547824
787.0 0.7369964836471224
787.5 1.4777739225183022
788.0 1.315442269433968
788.5 1.008720410471947
789.0 0.7339320236664073
789.5 0.8603391689268862
790.0 1.5788538581461091
790.5 0.8889877222877829
791.0 2.2904965755943794
791.5 2.200037262672441
792.0 1.5919905666944123
792.5 2.0564565721982606
793.0 0.4341224690534904
793.5 1.9025475130399956
794.0 1.561001378712729
794.5 1.7581337781403243
795.0 1.1519370012591363
795.5 1.578024507437057
796.0 1.3665059891216917
796.5 1.5955320134505953
797.0 1.5137643012118378
797.5 1.569118339719234
798.0 0.799743342434931
798.5 2.034234047802178
799.0 1.3202750959522764
799.5 1.784059451819689
800.0 2.7543010480837244
800.5 1.4115620279332333
801.0 1.5782051449758518
801.5 1.7762585759207512
802.0 1.4370596048432072
802.5 0.7128492467245906
803.0 0.9407611975695932
803.5 1.3068379237343386
804.0 1.9269614714883838
804.5 1.0335167452505087
805.0 2.2618282547590165
805.5 2.1031898933616047
806.0 2.02507987554997
806.5 1.9783441522309344
807.0 1.0897645658568986
807.5 0.2852856882770347
808.0 0.838748404315143
808.5 1.2502037164230915
809.0 1.4537963597903514
809.5 2.0852536238489243
810.0 1.2576771717090214
810.5 1.675437385459457
811.0 0.5172608574904478
811.5 1.555167307635088
812.0 1.2254173709462677
812.5 1.860332765169661
813.0 0.756578502834696
813.5 1.650440209554354
814.0 2.3584033327142127
814.5 2.28971857525665
815.0 2.1265804126743615
815.5 1.6046505015556547
816.0 1.2782865395881298
816.5 2.587906557309947
817.0 0.7441779307299734
817.5 2.70696749753606
818.0 2.9773565399961024
818.5 2.4328689216747863
819.0 2.4310608119142976
819.5 2.003057989771026
820.0 1.0680415579984206
820.5 2.251204844101871
821.0 2.9794927873019024
821.5 1.9071926258934608
822.0 2.7676469163494737
822.5 1.0743218923705573
823.0 3.2168432388088544
823.5 1.0170637343419477
824.0 2.1300794905076703
824.5 2.2626453580459023
825.0 1.3415719632398853
825.5 2.1958395332359046
826.0 1.714416789585902
826.5 1.0236459515747216
827.0 1.3809924688607598
827.5 2.3218307135421936
828.0 1.9835550491626124
828.5 2.4271289776473703
829.0 1.5480099338778697
829.5 2.837700574424288
830.0 0.2
830.5 0.2
831.0 1.9917306120049187
831.5 1.3690169743219738
832.0 2.0451233809826306
832.5 3.036606785475413
833.0 1.6478208528027547
833.5 1.1997815170992956
834.0 1.7055707210532698
834.5 3.2359522183906853
835.0 1.8809105636602004
835.5 1.8874892772619876
836.0 1.2751103720706367
836.5 0.9677317163558078
837.0 2.313609947788602
837.5 1.485018128688342
838.0 2.3037561588542874
838.5 2.3323896614344033
839.0 1.429996829924543
839.5 1.5919065994130688
840.0 1.56322793875868
840.5 1.4736613841129849
841.0 2.2495364711255013
841.5 1.6505175205236413
842.0 1.641326816865797
842.5 0.9331708293077957
843.0 1.9122189250324269
843.5 1.5819824082173124
844.0 1.566785033356196
844.5 1.5341051963180217
845.0 1.9262847434592558
845.5 1.4269917133912409
846.0 1.57413981612175
846.5 1.7135329315706334
847.0 2.3170898596670604
847.5 1.768327649254527
848.0 1.022709920281119
848.5 2.0407691664028773
849.0 1.4575934222183824
849.5 1.152511911318567
850.0 1.4060673620033626
850.5 1.3205979710319393
851.0 1.1048121731555969
851.5 0.7044184540203944
852.0 0.6788650872056173
852.5 0.569888669648327
853.0 0.5467300464297993
853.5 0.6855715351352225
854.0 0.8017766243555362
854.5 0.657500424414276
855.0 1.5040524898754253
855.5 1.9122104711362025
856.0 2.519774514256583
856.5 2.1665774082398546
857.0 2.9653841379539543
857.5 3.452022456219347
858.0 2.9656070981639324
858.5 3.6119302727953633
859.0 2.908460465448747
859.5 2.1490829485287155
860.0 1.6461246422285072
860.5 0.2
861.0 3.372489893322866
861.5 2.847435388305925
862.0 2.7489486289920615
862.5 0.5104498516694504
863.0 1.8364396710740727
863.5 2.215151598699591
864.0 1.3540376080275967
864.5 1.4261641865449999
865.0 3.475551057442866
865.5 3.1462474876539126
866.0 3.067199995850085
866.5 0.6411334652200904
867.0 0.2
867.5 1.8346475211774609
868.0 1.2993108168214036
868.5 2.3486333369286756
869.0 2.064823575382853
869.5 2.8348241907736047
870.0 1.1903245124026147
870.5 2.326346509661828
871.0 1.493970133680743
871.5 3.0548111115563508
872.0 3.3171102555734375
872.5 3.213287016863982
873.0 3.1151235243123643
873.5 3.0309735401287066
874.0 2.0117466736529845
874.5 1.222884396563655
875.0 0.9477378262483636
875.5 1.7310878706002593
876.0 1.488916993811618
876.5 1.3898570830281933
877.0 1.2521147751044381
877.5 1.3925754273061288
878.0 1.3260249237252804
878.5 0.8115491037868181
879.0 1.17385227838039
879.5 1.484761971003251
880.0 1.7736392318083072
880.5 0.9280316195549129
881.0 1.209681127119206
881.5 1.4805787401055466
882.0 1.191369152123794
882.5 1.113504028696192
883.0 1.2934526712446184
883.5 1.8525895118287006
884.0 1.527590024937487
884.5 1.5916456372861347
885.0 1.6089487714401534
885.5 2.5757651974299964
886.0 2.8056125764206876
886.5 1.9659233743919025
887.0 2.2963383001576085
887.5 2.9025975904959065
888.0 3.1278298346689306
888.5 2.1834826418546758
889.0 2.809390740027005
889.5 2.2812649756961476
890.0 0.2
890.5 0.36350353558791104
891.0 2.7097402105619626
891.5 1.2125495287587709
892.0 1.2582992700231996
892.5 3.025324838687908
893.0 1.0861375188405322
893.5 0.7153313002674873
894.0 1.8654266203641228
894.5 0.32257302330634974
895.0 1.999196697934123
895.5 1.0270573787452053
896.0 1.9177315803323651
896.5 1.8282542920155078
897.0 1.3257835904050745
897.5 0.9232087743117441
898.0 2.0889302181480573
898.5 2.1076195008943874
899.0 2.5520555735628347
899.5 2.3655358502227894