1200.0 0.9651195308327724
1200.5 0.6977303928064309
1201.0 0.9074368982819925
1201.5 0.7990605791062506
1202.0 1.1134710654569089
1202.5 0.8761237497587389
1203.0 0.7042756973697992
1203.5 0.697643774630355
1204.0 0.6262088221426452
1204.5 0.7430205546101083
1205.0 0.5470516555362142
1205.5 0.8498663415744565
1206.0 0.7185694775384178
1206.5 0.8109803283284434
1207.0 0.7369299056681786
1207.5 0.5128200486719171
1208.0 1.1997118904499922
1208.5 0.9551139143726692
1209.0 1.1472593784911829
1209.5 0.7675838250920916
1210.0 0.869374620553029
1210.5 0.6347199788143449
1211.0 1.887775048613576
1211.5 2.5070070606437778
1212.0 1.620283022302003
1212.5 1.3652420332424202
1213.0 1.7377858393315797
1213.5 2.6376118321474182
1214.0 1.750345371021269
1214.5 1.729518575784733
1215.0 1.4832434265540404
1215.5 0.3881340849314989
1216.0 1.1253508743073024
1216.5 1.3326228232234922
1217.0 1.531314662583432
1217.5 1.2340168038668815
1218.0 1.68357357056382
1218.5 0.9086833480065097
1219.0 1.5701249228965561
1219.5 0.8079782807863284
1220.0 1.8414367706067187
1220.5 1.4799492759820443
1221.0 1.6195494215321555
1221.5 1.0343239009068779
1222.0 1.7901185378288758
1222.5 1.3632602434107408
1223.0 1.4305798072173592
1223.5 1.1771748023972295
1224.0 0.8723457372966388
1224.5 1.4860490774049195
1225.0 1.2988091902178307
1225.5 0.722454854985776
1226.0 0.5338096651705294
1226.5 1.5082607284854541
1227.0 1.0547511545122368
1227.5 1.7287742088659879
1228.0 1.2152490542945364
1228.5 0.8923746387212744
1229.0 1.3187001344540745
1229.5 1.1761698815259067
1230.0 1.5875792121124948
1230.5 1.4658750298419658
1231.0 1.832977894006845
1231.5 1.0278536285847728
1232.0 0.7080192377667401
1232.5 1.101411543195165
1233.0 1.9556140445741188
1233.5 0.7483784479034412
1234.0 2.0044098086323654
1234.5 2.413870155456037
1235.0 1.6187686116427402
1235.5 1.8403716141761348
1236.0 1.665896140796005
1236.5 1.9711087974103385
1237.0 2.299762478828219
1237.5 1.8316163857539411
1238.0 1.4195687918397444
1238.5 2.6206641530670787
1239.0 1.0493552762500413
1239.5 2.7436794831434894
1240.0 1.441860367810634
1240.5 1.3060131866873559
1241.0 1.385816579528034
1241.5 0.745635654200533
1242.0 1.2305934882424245
1242.5 1.3647937078157855
1243.0 2.4436925105630687
1243.5 1.8382765303952533
1244.0 1.964036191466065
1244.5 1.343577156873955
1245.0 1.4860749394723713
1245.5 2.3849980657244636
1246.0 1.2644199348781073
1246.5 2.4909586262581684
1247.0 1.5396138450696022
1247.5 1.5652377246016225
1248.0 1.6354631631934207
1248.5 1.3457231035091746
1249.0 1.2848648061260208
1249.5 1.1094194892450178
1250.0 3.376117506069372
1250.5 1.4162600911408658
1251.0 3.0586729502439187
1251.5 2.032801797514029
1252.0 1.7224861651569947
1252.5 2.8892510093523303
1253.0 1.0435285742942504
1253.5 3.2608980634062226
1254.0 1.4778288281340957
1254.5 2.5756955581374132
1255.0 2.750220083254554
1255.5 2.5357827450191954
1256.0 2.1577101233995495
1256.5 2.9851321569583016
1257.0 0.45163341101077004
1257.5 2.755742953147064
1258.0 2.4988898813188563
1258.5 1.0323416343048797
1259.0 2.5728455503735903
1259.5 2.2702991624916113
1260.0 2.0299634206400756
1260.5 2.7290594894762394
1261.0 1.8662257726503044
1261.5 1.654264669384785
1262.0 1.2381869142612194
1262.5 1.9709801440322599
1263.0 0.2858210283662821
1263.5 2.1226033231865977
1264.0 2.6358479686393776
1264.5 1.8216524354780737
1265.0 1.5114783448083058
1265.5 2.84314428772465
1266.0 2.2747408287375173
1266.5 2.2282038222499896
1267.0 2.1904400094962835
1267.5 2.7326910713165944
1268.0 2.070954497265241
1268.5 1.472817120710163
1269.0 1.5312095925868534
1269.5 1.4671979354863218
1270.0 1.4253924565844844
1270.5 1.2103565268461645
1271.0 0.9027870256786275
1271.5 2.2121160096898835
1272.0 2.374953161173398
1272.5 2.5359287478900754
1273.0 0.8408866643885589
1273.5 2.118580250973558
1274.0 3.5924806315078337
1274.5 0.983130476267291
1275.0 1.8240881674157712
1275.5 1.3504528628059593
1276.0 1.5502516022738797
1276.5 1.1749156906106588
1277.0 0.8462491690985301
1277.5 1.4986078018667168
1278.0 1.1411897028745677
1278.5 1.348070529200088
1279.0 0.5331299338466702
1279.5 0.6615307755650446
1280.0 0.6714104787255606
1280.5 2.7183651999348433
1281.0 2.0848153548069748
1281.5 1.502950653498866
1282.0 1.3178095123223077
1282.5 2.2303395591690025
1283.0 2.344902257279461
1283.5 0.9175611927277285
1284.0 0.9925938568529417
1284.5 1.618693836246288
1285.0 1.5068727133072617
1285.5 1.7930630147694069
1286.0 1.618977536825402
1286.5 2.0566379888854573
1287.0 2.3727808488189694
1287.5 1.1264256332797093
1288.0 1.2093998287039307
1288.5 1.841921854674378
1289.0 1.0360290392949274
1289.5 0.9745436834844359
1290.0 0.4799717339401288
1290.5 1.056859395521725
1291.0 0.800650751044101
1291.5 1.7289637936450974
1292.0 1.357176667920963
1292.5 0.7509617237338879
1293.0 0.7935168091088745
1293.5 0.6244037740362607
1294.0 0.751302216166192
1294.5 0.5100308501195877
1295.0 1.0138324553574134
1295.5 0.9486042643727796
1296.0 2.3153519313714597
1296.5 1.1716992376078892
1297.0 2.075556627109168
1297.5 1.7684096687013224
1298.0 1.6087238990136496
1298.5 0.7082770791027805
1299.0 1.3604784654786397
1299.5 2.7046994284769146
1300.0 1.954161870708224
1300.5 1.6007774739889573
1301.0 1.6862543920647273
1301.5 1.9913752060702656
1302.0 2.12803096019522
1302.5 3.1812674775060925
1303.0 1.6923272367806184
1303.5 2.528388873884415
1304.0 1.161025274792817
1304.5 0.9080307236402435
1305.0 0.9384238257054865
1305.5 1.1586186951127346
1306.0 0.5267898925670285
1306.5 2.337965397629067
1307.0 1.494977206779314
1307.5 2.474893467497929
1308.0 1.425198435810914
1308.5 2.8128819855726537
1309.0 1.0245406551942724
1309.5 1.1554290006405603
1310.0 2.7297369731602865
1310.5 2.8806565215676985
1311.0 2.208663208275592
1311.5 2.1784186823508502
1312.0 3.1119336630771643
1312.5 1.9814225495608242
1313.0 2.1799920931097927
1313.5 1.5814623753017423
1314.0 2.3852229681141814
1314.5 1.9108680279647423
1315.0 2.496277694602294
1315.5 0.936120303048255
1316.0 2.972363059725608
1316.5 2.443122705362954
1317.0 1.8087995264200483
1317.5 2.715904541111521
1318.0 2.1108768478573574
1318.5 1.1207211242908794
1319.0 1.549721153020671
1319.5 1.7326931503972047
1320.0 0.6117837548622996
1320.5 2.157452279348741
1321.0 1.3540102632965798
1321.5 1.5497301822936356
1322.0 1.5529607461934536
1322.5 1.1814584001014876
1323.0 0.8244041328540404
1323.5 1.0036128482327114
1324.0 1.4481824329893251
1324.5 2.611874717357727
1325.0 1.5461096217860582
1325.5 1.0229802999495687
1326.0 2.1542115890191726
1326.5 1.6060862432462182
1327.0 1.5225521562895963
1327.5 1.549584965028739
1328.0 1.7941253321683992
1328.5 1.6270624345725047
1329.0 1.4393296346590914
1329.5 1.776154483011575
1330.0 0.5228887856842803
1330.5 0.2823668565383515
1331.0 1.5563266136914118
1331.5 1.8458635408836148
1332.0 1.521540825698632
1332.5 0.9734157176252362
1333.0 1.08936548183829
1333.5 0.7103994796246027
1334.0 1.15914376580979
1334.5 1.153486649178196
1335.0 1.1083410331205354
1335.5 0.8412487977842718
1336.0 0.8655641596816137
1336.5 0.8715671262305901
1337.0 1.2801916395756172
1337.5 0.8761231580440907
1338.0 0.853733203646395
1338.5 0.6343336013722917
1339.0 0.871522976313315
1339.5 0.8904093098813868
1340.0 1.066776520841883
1340.5 0.9223375051520216
1341.0 0.986758272677941
1341.5 0.9562805073735121
1342.0 0.5311420289669181
1342.5 0.7267318351243608
1343.0 0.9221080058270535
1343.5 3.0098076714836193
1344.0 0.7457139955727139
1344.5 1.8100989131460228
1345.0 3.261291882104045
1345.5 1.6408651595218777
1346.0 0.8938883406200053
1346.5 2.2307201320767893
1347.0 1.980320490369137
1347.5 1.2620936072195712
1348.0 1.3950064474164057
1348.5 1.1278216354834742
1349.0 1.0837088139483706
1349.5 0.8646794428213607
1350.0 1.5666943950044192
1350.5 2.7959019258510436
1351.0 2.545233835619773
1351.5 0.9715872522306641
1352.0 1.887963056003644
1352.5 2.9435181722819923
1353.0 2.6009021444393152
1353.5 1.2248233508650341
1354.0 1.0674846632340647
1354.5 2.495993536755094
1355.0 0.8196943698682251
1355.5 1.5353149028612676
1356.0 1.0156924481718217
1356.5 0.7411395349427908
1357.0 1.6666458133034991
1357.5 1.7255440236146655
1358.0 1.4821150500209543
1358.5 1.8346714012509842
1359.0 0.20713575012621166
1359.5 1.5452529046623364
1360.0 1.4927824171071662
1360.5 1.3559436733037156
1361.0 1.2133630416501073
1361.5 1.3209083670018313
1362.0 1.7691817319686123
1362.5 1.4416859142510892
1363.0 0.9806613315408687
1363.5 1.4850440770794153
1364.0 1.0274993852356877
1364.5 1.2513186429451963
1365.0 1.4080711989911425
1365.5 1.1897731873389468
1366.0 1.6114604884065735
1366.5 1.2909469759615848
1367.0 2.043280165659114
1367.5 1.9731209459748147
1368.0 2.1830720433811055
1368.5 1.0411876586488016
1369.0 1.197262358956287
1369.5 0.9649945340506781
1370.0 1.352496075287152
1370.5 0.964027700134513
1371.0 0.834987426879874
1371.5 0.9255478090515672
1372.0 0.6787854852321487
1372.5 2.64384798649857
1373.0 0.9785467224617024
1373.5 1.2261095970475646
1374.0 1.5600549584748298
1374.5 2.143662537685704
1375.0 2.623882232469536
1375.5 0.9210837062122621
1376.0 1.8282482705471501
1376.5 1.487717973384928
1377.0 1.0283319328985436
1377.5 0.8295466778464877
1378.0 0.9034865987051414
1378.5 1.0570889699309918
1379.0 1.614465977294336
1379.5 1.04287067667696
1380.0 2.674243130380514
1380.5 2.0698276740904715
1381.0 1.4561553098436582
1381.5 3.11497841625634
1382.0 2.288140704996722
1382.5 2.065195285960379
1383.0 2.1417691212622256
1383.5 0.7651275831833606
1384.0 3.657370963075172
1384.5 0.808906930962376
1385.0 1.2011154378258433
1385.5 0.5722411839455619
1386.0 2.3318028883840283
1386.5 1.9415031222872048
1387.0 3.0964485149649184
1387.5 1.7648726743676268
1388.0 1.2202819253693757
1388.5 3.260444636655081
1389.0 2.8870501993874766
1389.5 2.076167968735692
1390.0 3.096010313448957
1390.5 2.0630564115645353
1391.0 3.011591579128398
1391.5 2.5858338873473286
1392.0 3.5624010145459364
1392.5 2.4819933450192098
1393.0 2.809026075718304
1393.5 1.5472689452062067
1394.0 1.9588360880681779
1394.5 2.2937961032731735
1395.0 1.614551564006649
1395.5 2.501653617323681
1396.0 2.6497086774631935
1396.5 3.303226189035869
1397.0 2.420343353475074
1397.5 1.505685047513018
1398.0 2.2109304593761094
1398.5 2.2280212677697326
1399.0 0.25517825651555803
1399.5 0.6073122357774117
1400.0 2.167310945500916
1400.5 1.7187323229817548
1401.0 1.336144491540335
1401.5 1.398164174843038
1402.0 1.529117491142829
1402.5 2.166519649200579
1403.0 1.0581683707175067
1403.5 1.297293469424013
1404.0 1.6991462491953997
1404.5 0.8686641273584145
1405.0 1.7886300904013128
1405.5 2.160248086393908
1406.0 1.6897821983183468
1406.5 1.8339805655868355
1407.0 0.9522355220068124
1407.5 1.5501485526049006
1408.0 2.3108999621647106
1408.5 1.4302850632772157
1409.0 1.4397399158654423
1409.5 2.8478377208224677
1410.0 1.7432063307585923
1410.5 1.3298761730587374
1411.0 1.3246669061456344
1411.5 1.55093572068224
1412.0 2.0218670101429876
1412.5 2.2696134932516614
1413.0 0.9202582520552773
1413.5 3.651701449330321
1414.0 2.0945075787430785
1414.5 2.082939629133171
1415.0 1.7415296263573994
1415.5 1.6529218562970684
1416.0 1.7329453279219327
1416.5 0.9482946247430558
1417.0 0.7040204671724142
1417.5 1.2365969913417127
1418.0 0.6981944877171293
1418.5 0.5054340320809734
1419.0 0.9747852740181642
1419.5 0.7412006978451973
1420.0 0.5436818551457177
1420.5 0.6388162050930162
1421.0 0.33341611235283725
1421.5 0.6890163267775518
1422.0 0.7212794516645944
1422.5 0.5044165532190101
1423.0 0.6244876702904155
1423.5 0.6353974424584455
1424.0 0.7182065084682574
1424.5 0.6313356040814189
1425.0 0.7134819115849196
1425.5 1.793317513110765
1426.0 1.462683648821939
1426.5 1.5603727025135594
1427.0 1.5764443801830916
1427.5 1.4475623822010015
1428.0 1.1007501219871692
1428.5 2.2490215385066366
1429.0 1.2981921112888424
1429.5 2.78962244354695
1430.0 1.9908593935724008
1430.5 1.01120849422405
1431.0 0.907136781131957
1431.5 0.9345308077223271
1432.0 0.8009588054167721
1432.5 1.01127343713367
1433.0 1.6186381107853134
1433.5 0.6203820845739012
1434.0 1.2976922524961005
1434.5 0.9191983544856072
1435.0 0.9366976670251512
1435.5 1.149899319830559
1436.0 1.0049606142973344
1436.5 0.8234495059334443
1437.0 2.0132896202035355
1437.5 2.6540041676048665
1438.0 1.7179887900656174
1438.5 0.8917309495964343
1439.0 1.2737558936963818
1439.5 1.1680492064200263
1440.0 1.4714143265807735
1440.5 2.9761906493768695
1441.0 2.661784337641353
1441.5 2.876846820056066
1442.0 2.217531462265105
1442.5 0.9928897110831105
1443.0 3.2120720141106363
1443.5 2.5397724855090784
1444.0 1.5670613576820844
1444.5 2.0032522490892157
1445.0 0.7851184963362441
1445.5 1.7474151042513382
1446.0 0.7629888067305918
1446.5 0.9134302764839497
1447.0 1.1736633585535685
1447.5 1.7449940107035427
1448.0 1.4979959363200606
1448.5 1.2051632546093956
1449.0 0.8751343877029975
1449.5 1.0465356640973016
1450.0 0.9522981781592925
1450.5 1.245885245880198
1451.0 0.8947928485775996
1451.5 1.2441407209650832
1452.0 1.0469095396827046
1452.5 1.3367517212074773
1453.0 0.6835075046456159
1453.5 1.164153854329577
1454.0 1.4672934378102134
1454.5 1.3330703880244743
1455.0 0.7317997288077227
1455.5 0.3558178374623894
1456.0 0.9710632842154676
1456.5 1.0929119795600835
1457.0 0.8470847551261934
1457.5 0.3135666838655471
1458.0 2.0352490979503717
1458.5 0.857845346798876
1459.0 2.2394147247088654
1459.5 0.9454669829399013
1460.0 1.687167074783095
1460.5 1.2390718172285435
1461.0 1.2503337817098104
1461.5 1.4569015907321037
1462.0 2.5759192177737518
1462.5 1.4314941126323872
1463.0 1.8443781360293117
1463.5 1.8530511936086085
1464.0 2.037200385016991
1464.5 1.2343680367478218
1465.0 0.7780354386903563
1465.5 1.594286209162966
1466.0 2.4138168722066746
1466.5 1.7765275327142607
1467.0 1.7882700546764076
1467.5 1.724077207315037
1468.0 1.1040456608622875
1468.5 1.9161629537475975
1469.0 1.626147849891741
1469.5 1.4194788459268197
1470.0 2.493607384563127
1470.5 1.3028304938106592
1471.0 0.7853092701658191
1471.5 2.4472546119743193
1472.0 0.6660362035952252
1472.5 2.003481219594285
1473.0 2.9303013119387415
1473.5 2.4985669019999763
1474.0 1.4729478352349923
1474.5 1.2080468843949799
1475.0 0.902105298088446
1475.5 1.4524004984920516
1476.0 1.4655885659480794
1476.5 2.1941330705490096
1477.0 1.5116659332476228
1477.5 1.2085187448141435
1478.0 1.1854043435925004
1478.5 0.9764711611660273
1479.0 2.1387507305465148
1479.5 1.54485125398771
1480.0 2.2777428577893786
1480.5 2.04724642890158
1481.0 1.1377856586691333
1481.5 1.7597336326898256
1482.0 0.3882149857569934
1482.5 0.7432796189249117
1483.0 1.294713957957778
1483.5 1.4795820883843345
1484.0 0.9227565106970222
1484.5 0.9422851605028265
1485.0 0.9601322347376491
1485.5 0.8106488191615554
1486.0 0.6602596697367418
1486.5 0.9963244237723456
1487.0 1.2306428827048688
1487.5 1.3360146055907394
1488.0 1.3339771685137827
1488.5 1.1660508982470839
1489.0 1.0930667864450736
1489.5 2.311070358580954
1490.0 1.8667706186221036
1490.5 1.7773891894506737
1491.0 1.9353268737743543
1491.5 3.284582702425671
1492.0 1.4452887512434915
1492.5 1.3908808386059057
1493.0 1.0264944217002905
1493.5 3.160178599012003
1494.0 0.2
1494.5 4.873903597449017
1495.0 2.5005183537216986
1495.5 3.1029457049411837
1496.0 3.8735371041194426
1496.5 3.256321852912305
1497.0 2.2325827606739357
1497.5 4.024759692237655
1498.0 2.136548515702238
1498.5 2.3391274308215317
1499.0 4.232430397311909
1499.5 2.9849802549200835