2400.0 1.6067584298825912
2400.5 2.4503374983509305
2401.0 1.1092663236418794
2401.5 1.5909216477869892
2402.0 0.6997003748267914
2402.5 1.3945244713615805
2403.0 2.825534866452567
2403.5 1.5643094370885386
2404.0 1.1839714124707386
2404.5 2.4023769952243708
2405.0 2.0517982443794285
2405.5 2.016690312355287
2406.0 1.654885477550089
2406.5 2.502545559613404
2407.0 2.5346174275376114
2407.5 1.0364094091333425
2408.0 1.8793556201872683
2408.5 1.0144775885013886
2409.0 2.803052755187615
2409.5 1.8445924420860673
2410.0 1.1041653802910627
2410.5 2.5403975667594945
2411.0 2.2015835341875376
2411.5 1.815130388285497
2412.0 1.887452790831619
2412.5 0.937165709093537
2413.0 1.5944959607218063
2413.5 0.9380729896362602
2414.0 0.6103478857539926
2414.5 1.3554841927622296
2415.0 1.2195871545991495
2415.5 0.272263323826083
2416.0 1.6780448694479275
2416.5 1.2095419842652404
2417.0 1.058797459617177
2417.5 1.4557601127344404
2418.0 1.2961796335686875
2418.5 2.1274196898236553
2419.0 1.5693083175981177
2419.5 0.8881758827104934
2420.0 1.8868341450914796
2420.5 0.2
2421.0 0.7123657096914907
2421.5 1.0639693746105492
2422.0 2.525207357855198
2422.5 2.015592181159406
2423.0 2.1122866250323575
2423.5 1.7988695281032907
2424.0 3.281114936643714
2424.5 2.085181626246897
2425.0 0.301752251839875
2425.5 1.964568567245537
2426.0 2.0722734260975146
2426.5 3.463481608996427
2427.0 1.2691636260099746
2427.5 1.673134839974333
2428.0 1.7341506164580414
2428.5 1.46105991170061
2429.0 0.9656662168370715
2429.5 2.4519998964649643
2430.0 1.6562551079465173
2430.5 2.5041155779266644
2431.0 2.2033963025748298
2431.5 2.026548391766541
2432.0 0.7584547694624015
2432.5 1.5935759451329257
2433.0 0.8653393334868607
2433.5 1.5821608871621338
2434.0 0.9908861129940402
2434.5 2.1506707459339514
2435.0 1.845320359512003
2435.5 1.464104194143659
2436.0 2.149362431211334
2436.5 1.5689401826734772
2437.0 0.30136451057727287
2437.5 1.529668003940989
2438.0 1.1497912540401416
2438.5 0.8464654496562556
2439.0 1.4127188415540766
2439.5 1.1766407628769977
2440.0 0.9625525002987796
2440.5 0.9373726391358659
2441.0 0.7232875899044395
2441.5 1.4603412678452494
2442.0 1.5540824523316972
2442.5 1.1416317158241938
2443.0 1.1116514601223324
2443.5 1.1271475729301748
2444.0 1.1927007643093828
2444.5 1.4121861821795099
2445.0 0.5525465492947331
2445.5 1.4508487870440354
2446.0 1.3169376806500344
2446.5 0.8805224751454782
2447.0 0.9508684480160253
2447.5 1.3785614453163288
2448.0 0.63727040137049
2448.5 1.1918816331436042
2449.0 0.9205906623239117
2449.5 1.6651051878497962
2450.0 0.6854604313005962
2450.5 1.0936890219592663
2451.0 1.077354123259369
2451.5 1.0138953538787092
2452.0 3.1360472151747603
2452.5 2.193976740769912
2453.0 2.707842527289695
2453.5 2.3995977417364553
2454.0 1.8296454598316205
2454.5 1.7893405130116307
2455.0 1.8223976464287193
2455.5 3.7366414341480727
2456.0 0.6933529809065192
2456.5 0.755479999781185
2457.0 1.458145340545176
2457.5 1.4337509112515803
2458.0 1.30976852196095
2458.5 1.222677073182823
2459.0 1.1201653455803486
2459.5 1.228063630469499
2460.0 1.5022665301018263
2460.5 1.3533867518220477
2461.0 1.6780495911711726
2461.5 1.0788238719546686
2462.0 1.0375970512815083
2462.5 0.8709191052023099
2463.0 0.9599777764914482
2463.5 0.8754070366546662
2464.0 0.8281521437344855
2464.5 0.6648059938352491
2465.0 0.6624141936149966
2465.5 0.9212981468590014
2466.0 0.7173695293636838
2466.5 0.9311748001572786
2467.0 1.1424265366680166
2467.5 1.030259591304847
2468.0 1.920276180759149
2468.5 1.5789622160551096
2469.0 1.3033501842286603
2469.5 1.4545056795544098
2470.0 1.0356609824878156
2470.5 2.4314728057998507
2471.0 1.7052335289948548
2471.5 0.6929870344271445
2472.0 0.9000290251553208
2472.5 0.9292226867685764
2473.0 0.8428401090167169
2473.5 0.9828849526569428
2474.0 0.33544653501310184
2474.5 1.4596748225599594
2475.0 1.5312381351228264
2475.5 1.3824496711759844
2476.0 1.856937703125299
2476.5 1.2602093218341537
2477.0 1.0970581861585371
2477.5 1.3804415294615173
2478.0 1.3037086148346688
2478.5 1.9118398092993596
2479.0 2.0429869679749664
2479.5 1.7720778313423342
2480.0 2.387937649269281
2480.5 3.251667586918085
2481.0 2.770357683951053
2481.5 1.902791785609347
2482.0 3.4836116634510343
2482.5 3.6105473275924864
2483.0 2.8447259482873997
2483.5 2.137210024508191
2484.0 2.2090907505706685
2484.5 2.4698978182115856
2485.0 1.2865491438850247
2485.5 3.3250959856188653
2486.0 2.5187558126663943
2486.5 1.6033810164600313
2487.0 1.9079276907271847
2487.5 4.1851719405984795
2488.0 2.0763852228876023
2488.5 0.8655849294184086
2489.0 1.0334731611282784
2489.5 3.0663962322010527
2490.0 0.7358371875984804
2490.5 1.1627295756173008
2491.0 0.5787767389127918
2491.5 0.7504128419247615
2492.0 1.0010671721471631
2492.5 0.8594644597986354
2493.0 0.5659016973806981
2493.5 0.963185746072102
2494.0 1.1620725341819786
2494.5 1.1256223245400774
2495.0 1.1268374030186976
2495.5 0.9395683295743839
2496.0 0.4406028767816881
2496.5 0.8601551198243804
2497.0 0.7971071711129942
2497.5 0.8000837487672499
2498.0 0.7578032159241936
2498.5 0.7950126072393131
2499.0 0.8227708370952587
2499.5 1.3066515613477052
2500.0 1.5013990576559182
2500.5 0.8687932417797841
2501.0 1.2808025497679694
2501.5 0.7664193785508542
2502.0 1.2468653297563133
2502.5 2.6275629874716024
2503.0 1.7794156412054725
2503.5 2.0686644991689587
2504.0 1.1802760254445892
2504.5 1.286932489327508
2505.0 1.8361166647541345
2505.5 2.3773048177513085
2506.0 0.5560500191035354
2506.5 2.169609311041059
2507.0 1.3647471797824005
2507.5 1.5821796070219993
2508.0 1.41302337429189
2508.5 1.8160529015430646
2509.0 1.9153161521670476
2509.5 1.673179373198066
2510.0 2.6184909082837686
2510.5 1.2783989112964111
2511.0 1.9041693371392632
2511.5 2.369087419779757
2512.0 2.9426033049909823
2512.5 1.200431615835659
2513.0 1.61894214422446
2513.5 3.35040248682685
2514.0 1.5252186212630507
2514.5 2.793800044578921
2515.0 2.243333689585132
2515.5 0.9242370077792219
2516.0 2.6621052534287317
2516.5 2.1676418224244958
2517.0 1.829942958399842
2517.5 1.8312535888266979
2518.0 1.3990217706435872
2518.5 1.9035125249617937
2519.0 3.272411521719731
2519.5 3.1914189214424913
2520.0 2.2393204963875646
2520.5 1.093822670667593
2521.0 1.7527132193199257
2521.5 2.00397136110331
2522.0 1.051462428083028
2522.5 1.2105205000742942
2523.0 0.9816907831696925
2523.5 0.3403741999450419
2524.0 0.8133309985605415
2524.5 1.0807032468840472
2525.0 0.9662882961342149
2525.5 0.6769334461821763
2526.0 1.1046327033717587
2526.5 1.0813666734961211
2527.0 2.8811422847036012
2527.5 2.8047737025136357
2528.0 0.6148840370936342
2528.5 1.312653417066484
2529.0 1.0785864127768536
2529.5 0.8128643916543254
2530.0 1.5279546341184278
2530.5 1.8666329984767729
2531.0 1.294336640295545
2531.5 2.2758521022399756
2532.0 2.6475460592836826
2532.5 2.105804497429128
2533.0 1.4529088183733556
2533.5 0.6925164738955651
2534.0 2.909126777598387
2534.5 1.7771574365110043
2535.0 1.104536825984588
2535.5 3.30157673165738
2536.0 2.7378426315828053
2536.5 2.0136305905152696
2537.0 1.0887262688291175
2537.5 3.2319424646224846
2538.0 2.181691437583452
2538.5 1.1642759382695997
2539.0 1.0079235310384247
2539.5 0.38916097921664117
2540.0 0.753562090521349
2540.5 0.7716939025870522
2541.0 0.8155700123677
2541.5 1.3847180970082964
2542.0 1.9260469618681768
2542.5 1.1757716348930183
2543.0 1.1458480745131692
2543.5 1.8195079943305041
2544.0 1.015269623961237
2544.5 1.0125998002869916
2545.0 1.5846281663477184
2545.5 1.567696121509397
2546.0 0.6743625056445259
2546.5 1.3459090815763637
2547.0 0.8858093228050199
2547.5 1.6991570889106784
2548.0 1.6004076588238783
2548.5 1.4999587053489736
2549.0 1.1948375654400656
2549.5 1.5339888920276648
2550.0 1.3278835071036477
2550.5 0.8722642034263071
2551.0 1.320405016626597
2551.5 1.298859147682494
2552.0 1.243402254268414
2552.5 1.2578899111901545
2553.0 1.0855687173330422
2553.5 1.1380981519832236
2554.0 1.5685281303041914
2554.5 1.0096201220375298
2555.0 1.08454934570061
2555.5 1.5453539305068107
2556.0 1.6721791276996116
2556.5 0.5850790008178046
2557.0 1.8720805786999437
2557.5 1.055260476469668
2558.0 1.3741054511286137
2558.5 3.3356827179836013
2559.0 1.4702373904112434
2559.5 1.9271370784538644
2560.0 1.6684965431217706
2560.5 2.7366536270741557
2561.0 3.55498449724655
2561.5 2.9685515699480742
2562.0 3.1282860744947936
2562.5 1.7688240066599434
2563.0 3.445651818451373
2563.5 1.589122684271384
2564.0 2.0699697573383196
2564.5 2.574056853991202
2565.0 2.719122631297851
2565.5 1.0440042587837923
2566.0 1.1845288047030527
2566.5 1.9127030243507122
2567.0 1.3972936068924326
2567.5 1.2312677780781476
2568.0 1.055805027590727
2568.5 1.1867487346081522
2569.0 2.482505665608519
2569.5 0.6167853874608925
2570.0 1.6172656844656095
2570.5 1.7463981357175613
2571.0 1.1796637932048883
2571.5 1.3045277714268269
2572.0 1.9822487689277057
2572.5 1.0647163176745629
2573.0 1.5513333415543609
2573.5 0.7975460633030348
2574.0 1.7709925111296885
2574.5 2.054510140321354
2575.0 0.8699958022789752
2575.5 0.7589411539637412
2576.0 2.1727687367002217
2576.5 1.7669379845872784
2577.0 1.8639574242014125
2577.5 1.1772556247180668
2578.0 2.4040082187941842
2578.5 0.6624103183502679
2579.0 0.9036083813762081
2579.5 0.6844242066532794
2580.0 0.694139276183583
2580.5 0.7161412315777507
2581.0 0.852134552604066
2581.5 2.493854118474141
2582.0 2.282099037849709
2582.5 1.9179916953176268
2583.0 0.6341305747949089
2583.5 0.9330009696429533
2584.0 1.1190989788458083
2584.5 1.4165429368679932
2585.0 0.9814139402397926
2585.5 1.1616299629508364
2586.0 0.8308277446300265
2586.5 0.8731837435569691
2587.0 0.8526030906231297
2587.5 1.0421909500203643
2588.0 2.281758456099445
2588.5 2.384241566663893
2589.0 1.569358024637947
2589.5 2.6485540000854124
2590.0 2.2153414802517197
2590.5 1.7144479136772892
2591.0 1.4638018129220771
2591.5 2.770421412326634
2592.0 1.0183762484565426
2592.5 2.294960082886453
2593.0 3.0800670052707164
2593.5 0.49953576430220115
2594.0 2.322454378740378
2594.5 1.9342038401056727
2595.0 2.514398441648953
2595.5 2.161597172486225
2596.0 1.212562070720658
2596.5 1.3033553068745396
2597.0 2.130645321127429
2597.5 2.8219822522268467
2598.0 2.0077632819505924
2598.5 1.8857510450279453
2599.0 2.386160521973718
2599.5 2.993368792912909
2600.0 3.126687417788737
2600.5 1.7864257231091496
2601.0 1.790500351169151
2601.5 0.6769479420810564
2602.0 1.7685944690401894
2602.5 0.8229405217096197
2603.0 1.8588698324340798
2603.5 2.0964024583451497
2604.0 2.009853762010713
2604.5 2.2428943450667114
2605.0 1.1530787654549624
2605.5 1.21570307314203
2606.0 1.9067710063445584
2606.5 1.488160192440467
2607.0 0.9171470438409229
2607.5 1.9938739666666536
2608.0 2.0090747522391244
2608.5 2.161718116330522
2609.0 0.785287127132091
2609.5 1.9050894221955916
2610.0 0.7779784142333244
2610.5 0.9484091671865438
2611.0 1.4754362757719108
2611.5 1.5057494042727977
2612.0 0.7984542705064315
2612.5 1.2630629028960183
2613.0 1.465177960702031
2613.5 0.8763740103780413
2614.0 1.4958525880728313
2614.5 1.488213395284008
2615.0 0.6178095788345273
2615.5 0.47284419344302087
2616.0 0.44940803876765
2616.5 0.8699411582925339
2617.0 1.2829208852057006
2617.5 0.6435788691303896
2618.0 1.2797190985577658
2618.5 0.9536768438379749
2619.0 0.9183157734713387
2619.5 1.8019243268548064
2620.0 0.5662747308933399
2620.5 1.6559324886426228
2621.0 1.7677213713399733
2621.5 1.4490998776551196
2622.0 1.3380238954017798
2622.5 0.9524907965779381
2623.0 1.6487873437558853
2623.5 2.4593706545384064
2624.0 0.9359243659760788
2624.5 1.80480287355669
2625.0 1.1953974117792612
2625.5 1.2529094884932466
2626.0 1.4410597924560313
2626.5 2.358080327605067
2627.0 1.3221388980383009
2627.5 1.753725598974929
2628.0 2.2231433392142215
2628.5 2.152034670580737
2629.0 0.9064627217162227
2629.5 2.019306743278307
2630.0 0.9993408439056838
2630.5 1.4813354511969028
2631.0 1.2887316637384048
2631.5 2.253568102132185
2632.0 1.4307627873249176
2632.5 1.319158856172069
2633.0 1.752438186773778
2633.5 2.086242298551067
2634.0 1.9960594080400598
2634.5 0.7293413378014608
2635.0 2.51098567916019
2635.5 1.7822956769859726
2636.0 1.447944069740709
2636.5 2.3371357731074016
2637.0 1.599638971132113
2637.5 1.7135158730471762
2638.0 1.7556106517489138
2638.5 2.880136496244238
2639.0 2.5498336357588727
2639.5 1.7222538850776863
2640.0 1.7376246975497185
2640.5 1.0797231906080742
2641.0 2.25946797741093
2641.5 1.225493297237596
2642.0 2.0153460722502947
2642.5 3.141462172905629
2643.0 0.8316211276645584
2643.5 2.020631690215235
2644.0 2.648285150248961
2644.5 1.9393651044796252
2645.0 1.9337048046080878
2645.5 1.7235049329457302
2646.0 2.2006269029780188
2646.5 2.382431538953477
2647.0 2.2637104795178935
2647.5 3.951835602403828
2648.0 1.4859439128482397
2648.5 2.4514408706051385
2649.0 2.7578983290222867
2649.5 1.7786964658221156
2650.0 3.0081851752644777
2650.5 2.0783567656309385
2651.0 1.221886501107377
2651.5 1.9878647611704054
2652.0 2.0256001554032537
2652.5 1.5449852738046805
2653.0 2.57787694199582
2653.5 2.5699452082036247
2654.0 2.0621301208793987
2654.5 1.770677424118226
2655.0 2.798399181916399
2655.5 3.5569319844217464
2656.0 2.640068410133127
2656.5 1.0621361036208885
2657.0 2.766129788229041
2657.5 2.2849995801924576
2658.0 1.9158914244394416
2658.5 1.5888680614715613
2659.0 2.8734900738820763
2659.5 2.4360758638422917
2660.0 2.1849749500783657
2660.5 2.677361065807781
2661.0 0.7482256769687115
2661.5 2.5617607030345466
2662.0 1.5616335222289839
2662.5 1.6767797317208148
2663.0 1.8776021274671693
2663.5 1.7530901500676481
2664.0 1.685480625485783
2664.5 2.370044889953226
2665.0 0.7146748859717114
2665.5 2.174085052932105
2666.0 1.791831762875527
2666.5 3.7568020746816257
2667.0 3.094065301609527
2667.5 2.3606783938007463
2668.0 2.041249164756488
2668.5 1.9584409698470049
2669.0 1.8406042019990672
2669.5 2.2478123892911768
2670.0 1.5408226741694357
2670.5 2.4537304832054176
2671.0 3.754305883826352
2671.5 1.710533420901212
2672.0 2.777409808155009
2672.5 1.73945851386172
2673.0 1.6407684688355522
2673.5 1.5796490222056134
2674.0 1.5042185690967693
2674.5 2.5220178934374906
2675.0 1.4269074017698031
2675.5 2.1748924441410993
2676.0 2.6036235828665144
2676.5 2.7504558416532037
2677.0 2.346944353139577
2677.5 1.8712726696124893
2678.0 2.10513248080459
2678.5 1.1271130752129035
2679.0 1.508218830773853
2679.5 2.190125684227047
2680.0 1.2213375475813726
2680.5 2.288586485404828
2681.0 2.299523982167687
2681.5 1.2574206153101117
2682.0 2.5507230315355147
2682.5 2.5047561255614568
2683.0 2.794015270951199
2683.5 0.2
2684.0 2.486235198316139
2684.5 1.9674604339511053
2685.0 1.758095235152228
2685.5 2.0086813600324747
2686.0 2.882912259884682
2686.5 3.338111156249872
2687.0 1.9484372431066561
2687.5 2.234323239683357
2688.0 1.4099808118852328
2688.5 1.9482417250414228
2689.0 1.3863104214816795
2689.5 0.7672467941558481
2690.0 2.309113215621606
2690.5 2.448549685279569
2691.0 0.7105030922256885
2691.5 1.6341293327591426
2692.0 2.8080585066215216
2692.5 1.265875321851802
2693.0 0.21724735279459817
2693.5 1.523741128441228
2694.0 2.234359313291284
2694.5 3.346001638896622
2695.0 0.5739037679824195
2695.5 2.334370419969715
2696.0 4.231310256766194
2696.5 2.42894180270389
2697.0 2.133069432704311
2697.5 2.1045864019321536
2698.0 1.7860563018386448
2698.5 2.5713767779877386
2699.0 2.1588773603264633
2699.5 2.6510134780624997