900.0 0.9633599591881556
900.5 1.0379823279513924
901.0 1.7601290111751042
901.5 2.13042674822006
902.0 1.4505151245969519
902.5 1.4783584947005246
903.0 0.8881982861684632
903.5 1.0695225076891215
904.0 0.8292110071172152
904.5 0.8265157497705182
905.0 0.7157299774611456
905.5 0.9173204745426052
906.0 1.1183987183132542
906.5 1.00802569157316
907.0 0.8866996434356673
907.5 2.1097055340999873
908.0 1.0034863102985092
908.5 1.047979359353496
909.0 1.2283073750565874
909.5 1.7511620503804692
910.0 1.6912305850121732
910.5 2.1893582387788926
911.0 2.0755379563497347
911.5 2.4835074906469616
912.0 1.4010662638407658
912.5 2.583886017699756
913.0 2.34459646657673
913.5 0.3001826608313436
914.0 1.6630682264794352
914.5 1.1047797060330005
915.0 1.9721307653718467
915.5 0.7588819834161292
916.0 1.2566427160440696
916.5 1.624736593585676
917.0 1.7298586206414954
917.5 1.2130071257002677
918.0 2.00744343900219
918.5 1.545807804185097
919.0 0.22228596608725293
919.5 2.098860414133979
920.0 3.851508341500698
920.5 3.0975214289946864
921.0 2.539779707435631
921.5 1.825605687357319
922.0 1.0353872582527093
922.5 3.59050155261758
923.0 1.496473139245332
923.5 3.0209059670726788
924.0 2.817180014131081
924.5 3.7360782490336994
925.0 1.5190380215853567
925.5 3.3077388228724747
926.0 2.5398684181932207
926.5 2.071264478704147
927.0 0.9635381962145398
927.5 0.9143352319303526
928.0 1.914470361681081
928.5 1.8724504455705238
929.0 1.422968627206072
929.5 3.91022829704435
930.0 2.463124426230492
930.5 3.457189728721824
931.0 2.7667269800424457
931.5 2.720229006318962
932.0 4.26264298014001
932.5 2.0029088246571227
933.0 3.628821740890811
933.5 0.8106968493738396
934.0 3.4492844951765855
934.5 3.7149819185706026
935.0 1.794998915516757
935.5 3.8643172542017017
936.0 2.3151158363382267
936.5 1.2136667500827107
937.0 1.6264868521792852
937.5 1.6141744804711675
938.0 2.763746594568943
938.5 3.1534888285179523
939.0 2.4491426305137085
939.5 2.168423427321667
940.0 2.4185564997713653
940.5 2.184150098382795
941.0 2.5099665639908486
941.5 1.9092820496028424
942.0 1.3507644855792988
942.5 0.8960073310911711
943.0 1.2296348898254972
943.5 1.1505882670591965
944.0 1.4618371720120573
944.5 1.9223943874942226
945.0 0.2
945.5 2.442300760307891
946.0 3.0531737631907063
946.5 1.280220939267181
947.0 2.5003773722010703
947.5 3.7113959704693795
948.0 2.442987738146546
948.5 1.9198514596011365
949.0 2.066553291709026
949.5 2.8932064452744637
950.0 2.2212176482573964
950.5 1.1651246820228323
951.0 1.002657718911487
951.5 0.5747617690307496
952.0 2.7678307486952836
952.5 1.7535658770161668
953.0 3.233892284125216
953.5 2.4689714545449766
954.0 2.3619406190752517
954.5 1.83962138503894
955.0 0.9762185660285161
955.5 2.235088806375666
956.0 2.9800107833915943
956.5 1.7845462902950058
957.0 2.8539436147581227
957.5 2.333104719792381
958.0 1.0967832180648005
958.5 1.565059815260409
959.0 2.775909650172304
959.5 1.0630630429806511
960.0 2.860489187504428
960.5 2.656343083959566
961.0 0.6208039021049356
961.5 0.899813542932127
962.0 1.0441949718984422
962.5 1.3160768209288938
963.0 0.7769680260738334
963.5 1.070482978878661
964.0 0.5834091548313662
964.5 0.8057442436813406
965.0 0.7079124319450997
965.5 1.0519180621314188
966.0 0.9793033274944112
966.5 0.5966002098817655
967.0 0.9444560147984422
967.5 2.077500700113971
968.0 1.0870120436021902
968.5 2.1764701616148487
969.0 3.0669392443519183
969.5 1.5532384339667284
970.0 2.492977787280334
970.5 1.8188883223575458
971.0 1.375041537683861
971.5 2.1975560325774097
972.0 2.486019253849716
972.5 1.363134222730271
973.0 1.5223928948518761
973.5 2.2185312494188816
974.0 2.1105142330571236
974.5 1.6034133470845284
975.0 2.1481797128042612
975.5 1.537830485999962
976.0 1.94138618955811
976.5 2.8418517695634646
977.0 1.8768547610542317
977.5 1.761337747845413
978.0 2.050100310087959
978.5 1.7737030680298558
979.0 2.0922464096196003
979.5 2.3048124517933624
980.0 1.729116421885733
980.5 1.0508345865507023
981.0 1.4828807103062
981.5 1.4290751998881674
982.0 1.4041929666662314
982.5 2.056402539012101
983.0 0.3894317138462402
983.5 2.836074377773339
984.0 1.8391931192572173
984.5 2.8075368237984284
985.0 1.4052314258601333
985.5 1.4716006755175264
986.0 1.6006306371145889
986.5 1.8989500560524442
987.0 2.127822756024188
987.5 2.3055401205397947
988.0 0.7958813071554787
988.5 1.0766958601844716
989.0 1.340915381830008
989.5 1.3272479876693646
990.0 0.9621693456727486
990.5 1.8720523744229192
991.0 1.9190874769915396
991.5 2.790241601359206
992.0 2.0369896086594466
992.5 1.7125968253658868
993.0 1.3324966573175736
993.5 1.066435383673698
994.0 1.9450748962719413
994.5 1.5138515835507398
995.0 2.8618621782685656
995.5 2.139700532517705
996.0 1.340371099305601
996.5 1.9380062870331258
997.0 1.5466674894136134
997.5 1.7573064958220133
998.0 2.0354654116441386
998.5 1.3718702374175225
999.0 1.7999559172666035
999.5 1.2466251543671552
1000.0 1.4739958106474984
1000.5 1.2254891739308214
1001.0 1.30322645020476
1001.5 1.5463533898088677
1002.0 2.1555437048926063
1002.5 2.147899066390754
1003.0 2.5900200507962605
1003.5 1.020506638781737
1004.0 2.4964026102003323
1004.5 1.21278027014357
1005.0 1.6869779724232439
1005.5 1.2752571895797422
1006.0 0.40266305374209166
1006.5 1.199053424426517
1007.0 2.0391517668559844
1007.5 1.3359042022906404
1008.0 1.6478151772565486
1008.5 1.8743916507397986
1009.0 0.8111681230603035
1009.5 0.9118804662251642
1010.0 1.5661679978251304
1010.5 2.047337996495784
1011.0 1.991468385518604
1011.5 1.8076482900938078
1012.0 1.044152764500717
1012.5 1.5352559876685254
1013.0 2.0569990184267173
1013.5 1.0529499690883843
1014.0 1.1820730238448356
1014.5 1.5179642892792027
1015.0 1.5460051283141252
1015.5 1.5099350364096094
1016.0 1.2287289577380514
1016.5 1.4463115480109985
1017.0 1.4750639416234193
1017.5 2.1513347950034687
1018.0 0.8377434193676941
1018.5 1.2040592461737016
1019.0 1.8234302164815448
1019.5 0.9949747127800009
1020.0 1.0470532318555605
1020.5 0.5988664692121666
1021.0 1.1148031673879872
1021.5 0.6786551441157834
1022.0 0.675120854917356
1022.5 0.6976373095375932
1023.0 0.9433341560682083
1023.5 0.4913729984453911
1024.0 0.6847897665754584
1024.5 0.895353249438785
1025.0 0.9818748600786353
1025.5 2.3904405180700055
1026.0 1.299204314372178
1026.5 1.8693957601416418
1027.0 1.3219837776999208
1027.5 0.8824974979499906
1028.0 1.886872923628264
1028.5 3.1896630315084833
1029.0 3.1464429344304676
1029.5 2.4357187500977964
1030.0 0.2565771197611497
1030.5 1.797966867290917
1031.0 0.6453186995532987
1031.5 1.9232150586923091
1032.0 1.0384070909363214
1032.5 2.0020270876105095
1033.0 2.1586252898038776
1033.5 1.8837944938458415
1034.0 1.7631013277382337
1034.5 2.0761195093964013
1035.0 1.5645067140753521
1035.5 2.5026514101925663
1036.0 1.3855610381590209
1036.5 2.245114663817646
1037.0 1.45470942973131
1037.5 3.23509003676384
1038.0 0.549637319336383
1038.5 2.333730274981288
1039.0 1.5585030055179185
1039.5 1.8604068753407057
1040.0 1.3997896139138584
1040.5 0.7757914916969506
1041.0 3.404263603041386
1041.5 2.9634257313161383
1042.0 2.493080597923247
1042.5 0.998600135995406
1043.0 1.4893792356268414
1043.5 1.322633421621478
1044.0 2.8688353985131556
1044.5 2.4535866343472468
1045.0 2.4552455241574584
1045.5 1.4804309782883651
1046.0 1.3163113791011285
1046.5 1.5154962187483978
1047.0 1.4397818307389834
1047.5 1.9091102104672306
1048.0 0.9447643396058469
1048.5 3.419706623272887
1049.0 0.2949369762136138
1049.5 2.173230210777165
1050.0 3.457489447190185
1050.5 1.1708169538292414
1051.0 1.1903312752935538
1051.5 1.547256880096115
1052.0 1.6209515959021523
1052.5 1.8883818661275757
1053.0 1.8481873374446403
1053.5 2.8992123106988683
1054.0 1.182632918750195
1054.5 2.3497703692037395
1055.0 2.7404756210479446
1055.5 1.3914305856257854
1056.0 0.7259005347522749
1056.5 3.17905516732499
1057.0 1.9482084183196995
1057.5 1.8262861113519575
1058.0 2.09221830964134
1058.5 2.2709844772216243
1059.0 2.873315746556223
1059.5 1.9836318682329
1060.0 1.2946936549711257
1060.5 1.3986580715904535
1061.0 1.5566074231054179
1061.5 3.1557987991705625
1062.0 1.2592478762709267
1062.5 1.9427558764346102
1063.0 1.6399377419853796
1063.5 0.581233168506704
1064.0 1.4424161499858346
1064.5 3.145037071296755
1065.0 1.7856317671019402
1065.5 1.6910956006289561
1066.0 1.772908824792389
1066.5 1.262379833477609
1067.0 1.4785733929272502
1067.5 1.7467454789893058
1068.0 2.6988961009512087
1068.5 1.1791797512493172
1069.0 2.4742731667258386
1069.5 1.0063194168582632
1070.0 1.9649796949266345
1070.5 1.1308342247706948
1071.0 0.8753794914134856
1071.5 1.3528976264351207
1072.0 0.8634843326306022
1072.5 0.5755577561696097
1073.0 1.212320622789566
1073.5 2.153204556199114
1074.0 1.553709964625749
1074.5 1.5703765603555602
1075.0 2.7855494785204855
1075.5 3.1848354777966215
1076.0 2.4493267597074997
1076.5 0.9156527427208203
1077.0 2.4617187439717503
1077.5 1.4038764253862743
1078.0 2.930050959317115
1078.5 2.4155879694808147
1079.0 3.743101544089085
1079.5 2.202222160606158
1080.0 1.6125306766088228
1080.5 2.860708155810103
1081.0 1.1793249820291687
1081.5 2.7353286492984292
1082.0 1.8991490400479285
1082.5 1.7390450298231994
1083.0 2.980319963810276
1083.5 2.539066897865198
1084.0 3.0138527623941362
1084.5 2.2248822435055557
1085.0 1.8495353887689896
1085.5 2.0042660839157493
1086.0 1.7479387983902104
1086.5 1.7325671784178556
1087.0 1.8959548821604395
1087.5 2.2632053058949864
1088.0 2.677410260380358
1088.5 2.305866976499022
1089.0 1.7099646588146842
1089.5 3.5605402926811736
1090.0 2.9840870212326256
1090.5 2.2055029968960715
1091.0 2.279314161997479
1091.5 2.859443862816599
1092.0 0.5411773758918821
1092.5 0.8697935992825542
1093.0 1.2877272746912882
1093.5 1.694870494549617
1094.0 1.5327677514347253
1094.5 1.3921273944725705
1095.0 1.1733807035430992
1095.5 2.3104857112558808
1096.0 0.7665852839539196
1096.5 1.8852236939438582
1097.0 2.025482539022553
1097.5 2.2251721688215174
1098.0 2.670903186253356
1098.5 3.1087366792945854
1099.0 1.0348106482902621
1099.5 1.3015459187149458
1100.0 2.225445642621747
1100.5 0.5379239594331203
1101.0 1.178259329370916
1101.5 1.6262516942979088
1102.0 3.0394765734119273
1102.5 1.6812750992712955
1103.0 2.662506985886088
1103.5 1.1104651619488117
1104.0 3.001577264276401
1104.5 1.0025467570746438
1105.0 2.8679037480108738
1105.5 2.9873836849366047
1106.0 1.8819995536578338
1106.5 1.9419133811622276
1107.0 1.952205805683235
1107.5 1.9103298444199357
1108.0 1.8648240396267133
1108.5 0.9203135984673654
1109.0 1.9377852326593972
1109.5 1.4003593532179142
1110.0 0.9820812818898647
1110.5 1.769805359885677
1111.0 1.3781154936223756
1111.5 1.6414999971643942
1112.0 0.21170686974065855
1112.5 1.4048939873940292
1113.0 1.91951353141572
1113.5 1.4829146777721491
1114.0 1.2319216951842709
1114.5 0.9063210070858981
1115.0 1.155046258082703
1115.5 0.9847404779382426
1116.0 1.8152923403655088
1116.5 1.4886356887645762
1117.0 0.716929859067887
1117.5 1.1268350977460688
1118.0 1.0953296947784583
1118.5 1.04023598447594
1119.0 1.1422970661915033
1119.5 0.4701533060852894
1120.0 0.6826952695444869
1120.5 0.591136981803007
1121.0 1.0360533181725737
1121.5 0.7387504236337078
1122.0 1.1215739896615542
1122.5 0.8942674566984254
1123.0 3.0241544657023915
1123.5 1.4974011019392925
1124.0 3.566388335178539
1124.5 3.3106430908438433
1125.0 2.2252211371862876
1125.5 0.9459947793443166
1126.0 3.1982104056598897
1126.5 4.75770615687501
1127.0 3.856511233287015
1127.5 2.8730986513967673
1128.0 2.5216844373500926
1128.5 4.152039067540247
1129.0 3.1551670096605196
1129.5 1.3026750642926914
1130.0 1.4726811777905011
1130.5 2.368958440100386
1131.0 1.8031483518221059
1131.5 1.7543087920307059
1132.0 1.4132423991212013
1132.5 1.1244638847684785
1133.0 1.5653400574614986
1133.5 1.1124944635979146
1134.0 1.7783937326683452
1134.5 1.0244807604211381
1135.0 1.4778558624390106
1135.5 1.7657983821695167
1136.0 1.155716308235546
1136.5 0.7740876229463836
1137.0 0.750337586217634
1137.5 0.665975378950965
1138.0 0.7512843681986514
1138.5 0.6752076112113905
1139.0 0.716778494176554
1139.5 0.6436966813677453
1140.0 0.7823162205628631
1140.5 2.1802625032357383
1141.0 1.3694679143907358
1141.5 0.6719118386451501
1142.0 1.307926422923558
1142.5 2.615874555700918
1143.0 0.6709327283107502
1143.5 1.4615770347012171
1144.0 2.6688440249151464
1144.5 1.6754051223325626
1145.0 1.9414007959064996
1145.5 0.35275036131341686
1146.0 1.0798138201840422
1146.5 1.4888079660201583
1147.0 1.8273122005726372
1147.5 2.037310147903171
1148.0 1.9553651441248705
1148.5 2.0178464970922354
1149.0 2.038643496161196
1149.5 1.353841877399264
1150.0 1.9420963284213446
1150.5 0.9621437133273975
1151.0 1.4918645372181518
1151.5 2.385173305873273
1152.0 1.3982011597931545
1152.5 2.3979393632114334
1153.0 2.077418716021642
1153.5 2.020689489123832
1154.0 1.395205591092112
1154.5 1.7050060793650026
1155.0 1.7445200857774221
1155.5 1.0741506741373228
1156.0 0.9501909050863814
1156.5 1.1835056539917181
1157.0 1.1300198629782645
1157.5 1.1887188798202861
1158.0 1.3652589676705373
1158.5 1.4222867834365387
1159.0 0.6214447569705022
1159.5 1.5721764256849273
1160.0 1.6645148827767187
1160.5 1.2939205607955673
1161.0 1.3415269507762009
1161.5 1.5206523038096518
1162.0 0.6177497914037093
1162.5 1.7558907210848163
1163.0 1.8095999465915347
1163.5 2.1586559216592116
1164.0 1.2788009004822989
1164.5 1.924972313158669
1165.0 1.7103761539282778
1165.5 0.6413721429878598
1166.0 0.9148706497535374
1166.5 2.2570029770696394
1167.0 1.465880411753708
1167.5 2.0390469931022954
1168.0 1.6008824881231218
1168.5 1.1877631267508932
1169.0 1.4958367053572665
1169.5 2.9148894499183697
1170.0 2.1263314093894037
1170.5 2.7705781049109204
1171.0 1.9699525601406707
1171.5 2.0414504344918285
1172.0 1.8634731205468191
1172.5 1.062097857288038
1173.0 1.9985802697020771
1173.5 1.8881343356704645
1174.0 0.3279226563233295
1174.5 0.6176573236792963
1175.0 1.54203193386945
1175.5 0.9779245762698163
1176.0 1.1751620231065543
1176.5 1.1629039195707191
1177.0 1.4552770174315306
1177.5 1.1414460276433243
1178.0 0.8939547625244191
1178.5 0.949455203926927
1179.0 1.430758230858926
1179.5 1.2740519146240563
1180.0 2.6133102217673465
1180.5 1.8750176668510663
1181.0 1.2577289872293609
1181.5 1.9383090901416677
1182.0 1.662875095065381
1182.5 1.0406987623567288
1183.0 1.9699257266429986
1183.5 1.430421862028822
1184.0 2.100490210992762
1184.5 1.7332670301509574
1185.0 1.689762883032909
1185.5 1.885974459761676
1186.0 2.265502953182998
1186.5 1.6302739753903723
1187.0 2.229416641139517
1187.5 1.3067732241415864
1188.0 1.0830659708992987
1188.5 1.40865287371093
1189.0 1.3756517083242095
1189.5 1.1135368231819684
1190.0 1.1995013161730848
1190.5 0.6847007644057503
1191.0 1.0309979540145393
1191.5 1.4726216252839777
1192.0 0.9870829051357688
1192.5 0.9351693030100767
1193.0 1.251701227436988
1193.5 0.5351853790331683
1194.0 1.0941062168236428
1194.5 1.6303488980232934
1195.0 1.5461346851405826
1195.5 1.0807673112999812
1196.0 1.026651958517851
1196.5 0.987219181980099
1197.0 0.7410308816319724
1197.5 1.128618767343812
1198.0 0.973252131014726
1198.5 0.9692958007072512
1199.0 1.247770644916764
1199.5 0.6530897016620537