900.0 1.5885085946625606
900.5 0.6004336619582582
901.0 2.0300089651379776
901.5 1.5312702995367182
902.0 1.407895623370375
902.5 1.9525857110734117
903.0 1.5581351658707434
903.5 1.52210300135363
904.0 2.2114857861372084
904.5 2.7356261518688214
905.0 1.653584340334655
905.5 2.058527747813431
906.0 0.8409027405425762
906.5 2.431703530782089
907.0 1.865330016321961
907.5 1.8781491607004845
908.0 1.6245526463249824
908.5 2.7084683769787823
909.0 2.2711360938393517
909.5 1.851550858744404
910.0 0.9883664166360507
910.5 1.880012125284872
911.0 2.8134584428407123
911.5 0.8530719639500689
912.0 0.8918498269780964
912.5 0.919779627498129
913.0 0.9720372345911478
913.5 1.0577038928131244
914.0 0.807310232217327
914.5 0.6029283277762546
915.0 0.7761728340253887
915.5 0.7160120166514774
916.0 0.4843956186347091
916.5 0.8002136506761152
917.0 0.6985979698315763
917.5 1.2651218803749362
918.0 1.151433542891482
918.5 1.0228901143087192
919.0 1.3066649302412756
919.5 0.9738363456984745
920.0 1.597420778615691
920.5 3.009465226681474
921.0 1.8158901655537947
921.5 1.0198878184959261
922.0 1.244680917004871
922.5 1.7967812593783097
923.0 1.3005245548348674
923.5 0.9923157198725034
924.0 1.0981445071723164
924.5 1.3266473828782415
925.0 1.4735510852565983
925.5 1.7198224117974423
926.0 0.9124761869984552
926.5 0.7958888499738045
927.0 1.7729375305090687
927.5 1.2744078789791535
928.0 0.7192333982813096
928.5 1.0033383188556593
929.0 1.0140225164215249
929.5 0.7321702257483715
930.0 1.0016507186032608
930.5 0.6536294803078196
931.0 0.6189007796614472
931.5 0.6809146156704488
932.0 0.840465553510499
932.5 0.6710105639893224
933.0 0.8613179329642846
933.5 0.8475620540256508
934.0 1.0097836159813522
934.5 0.9597784639989563
935.0 1.2027039233567596
935.5 0.90449582418786
936.0 0.5553734928860562
936.5 1.0347363329139216
937.0 1.0149461231912817
937.5 0.680262978871573
938.0 1.0808282985202733
938.5 1.196598563513162
939.0 0.6205691740309204
939.5 2.1463738516038173
940.0 1.3101879997677899
940.5 2.606859101857866
941.0 2.940861884322814
941.5 2.422905292721288
942.0 1.7101510977101653
942.5 0.9166191358278841
943.0 1.3622592805123053
943.5 2.6795874055279096
944.0 1.6676689045306916
944.5 0.957838819597016
945.0 2.0002805091150995
945.5 0.9871972252704898
946.0 1.0041187393755102
946.5 0.863524269282328
947.0 1.0886877811779572
947.5 0.8387050733699878
948.0 0.800902653684189
948.5 1.0608540821607388
949.0 1.2288252974150335
949.5 1.0886451108294404
950.0 1.3175150559777302
950.5 0.9040308732635371
951.0 1.4839154198098425
951.5 0.42022838137603447
952.0 1.2510064649496568
952.5 0.8375302929700159
953.0 1.1532141589729643
953.5 1.5133000112798336
954.0 1.181206350012879
954.5 1.1277761819474394
955.0 1.2731137136281037
955.5 1.0406543721139285
956.0 1.5944133443189832
956.5 0.8380605048952259
957.0 1.3846518039530686
957.5 2.0522688916668987
958.0 1.0204551801134925
958.5 0.5349405371625859
959.0 0.8152383833510821
959.5 2.70449277376687
960.0 2.5094085640077206
960.5 2.548606810735633
961.0 1.4577143109100945
961.5 1.3462698946443061
962.0 1.6873881233653996
962.5 0.2
963.0 2.0073378230291326
963.5 0.528670479730643
964.0 1.840848956696972
964.5 2.1338761681713816
965.0 1.1856074393462301
965.5 1.175040718995217
966.0 2.1897446937615186
966.5 1.0481375072097487
967.0 0.829027530460224
967.5 0.8533435912754636
968.0 1.4367153130189467
968.5 2.117489585934274
969.0 1.7137433384101506
969.5 1.7210182027426069
970.0 1.9003971422365111
970.5 1.0057150789296072
971.0 1.6184011462646162
971.5 1.5081103433671994
972.0 1.7250355487691293
972.5 1.4121033210338079
973.0 1.3337398914510046
973.5 0.30258447883808337
974.0 1.5750694350912746
974.5 2.0872948423024216
975.0 1.4580966454724318
975.5 1.2599421168957479
976.0 1.4310733968002336
976.5 1.4263670085740623
977.0 0.7555180120391634
977.5 1.4355822201004125
978.0 0.8980970934891332
978.5 1.401585781983592
979.0 1.6705650168832995
979.5 1.529523298840636
980.0 0.43569930749867924
980.5 1.2252697811282869
981.0 0.684162430342474
981.5 0.8507575900570727
982.0 1.6406361676120678
982.5 1.8107242239943317
983.0 1.146940703382175
983.5 1.8486930668857462
984.0 0.2
984.5 1.6472442806110539
985.0 2.148216091126378
985.5 1.862484220132363
986.0 1.0129807835886258
986.5 0.9955254173256645
987.0 1.6434164027207894
987.5 0.7226321237589071
988.0 1.620343907923945
988.5 0.973665009497634
989.0 0.971327251245352
989.5 2.2810411205153365
990.0 1.316970450728447
990.5 1.6260107897616076
991.0 1.4047573970979406
991.5 0.8877337781252581
992.0 1.844960502367137
992.5 0.9209917112731674
993.0 1.484884121833664
993.5 0.6718813606269085
994.0 1.1868665755595929
994.5 1.337777021305856
995.0 3.1857598463308587
995.5 2.3467094652057034
996.0 2.2633543535168497
996.5 1.7396431241267554
997.0 4.685130302112188
997.5 3.2594864426294796
998.0 2.0311388960977026
998.5 1.088951874056019
999.0 1.8282666361476236
999.5 2.286899278099658
1000.0 1.1069238833369577
1000.5 2.449783035652887
1001.0 1.8777383468308777
1001.5 1.9493392184669598
1002.0 1.8037819601046006
1002.5 1.098426161213788
1003.0 1.3467405082985713
1003.5 0.453566259334681
1004.0 1.1399026121568583
1004.5 0.5826402841688141
1005.0 0.7678514698290135
1005.5 1.3644438951923645
1006.0 1.3464389228338025
1006.5 1.1831831305682614
1007.0 0.9153670455297654
1007.5 1.3972993438384556
1008.0 0.9114230064560489
1008.5 1.276891934430712
1009.0 1.901659279508757
1009.5 2.177508301904354
1010.0 1.9382485759754577
1010.5 0.8561209892513909
1011.0 1.3996455164301338
1011.5 1.3410117859902506
1012.0 1.3662077919945088
1012.5 1.1479961119370687
1013.0 0.8998407782470859
1013.5 1.3412973647683364
1014.0 1.1863020219882348
1014.5 0.6615429488924461
1015.0 1.6171168990969778
1015.5 2.134910018824631
1016.0 1.7927953233834002
1016.5 2.0292496039618424
1017.0 2.436677227684725
1017.5 2.383695324893904
1018.0 1.227107196967929
1018.5 2.3859873009602817
1019.0 0.8864802266626927
1019.5 0.9275162547586266
1020.0 2.3480797515977625
1020.5 2.3704805251398433
1021.0 1.405592363243691
1021.5 2.560357211581376
1022.0 1.936429401241242
1022.5 2.8069690859427032
1023.0 1.547057539338196
1023.5 1.1703823400808313
1024.0 1.309995119630641
1024.5 0.2539221327864877
1025.0 0.943162043082577
1025.5 1.3167657852985386
1026.0 0.9022373577304246
1026.5 1.505740667811362
1027.0 0.8304948525406274
1027.5 1.9683494929829262
1028.0 1.381925063638978
1028.5 1.695582294523616
1029.0 2.194430933313158
1029.5 2.0406382078585485
1030.0 1.5004800740533861
1030.5 2.884959142686844
1031.0 1.0964983155785926
1031.5 1.5795924955462821
1032.0 1.6802694663929651
1032.5 1.1258872369294264
1033.0 2.1946740233562654
1033.5 1.0526480364158424
1034.0 2.835975216855001
1034.5 1.4487974986137935
1035.0 1.8727387870720658
1035.5 1.500448400897282
1036.0 1.0839019289244298
1036.5 1.1024556013385611
1037.0 1.0568403337332368
1037.5 1.4522329879544846
1038.0 1.5234853088862437
1038.5 1.9895320829256464
1039.0 1.929222237461039
1039.5 2.328139440288684
1040.0 1.7837367658439938
1040.5 1.9541334302580695
1041.0 0.9964957465636282
1041.5 2.179032377795235
1042.0 3.1353325916854646
1042.5 2.9992283427254707
1043.0 1.5305976615714019
1043.5 3.554140408885062
1044.0 1.9669155135257879
1044.5 1.5710978597781413
1045.0 2.115837843951881
1045.5 2.6244938390699764
1046.0 2.9641201632755734
1046.5 2.0206159727626454
1047.0 2.114764475479933
1047.5 3.4146558690200575
1048.0 3.1884831365253516
1048.5 4.165456769834062
1049.0 2.3593372151968355
1049.5 3.603341158820367
1050.0 1.392839766157246
1050.5 1.0955937760338426
1051.0 1.2430730035161743
1051.5 2.660112538748211
1052.0 2.862370264810894
1052.5 2.2812993151790426
1053.0 3.569833546851277
1053.5 2.044359738370818
1054.0 1.2759291720231445
1054.5 2.5202071281161125
1055.0 3.1657544286098003
1055.5 2.3036489046871163
1056.0 1.7731817975043933
1056.5 2.8953036489348754
1057.0 2.039793360962059
1057.5 1.543046653544761
1058.0 1.0021327970072837
1058.5 1.8277884025044653
1059.0 1.7095671262645742
1059.5 3.122716144539848
1060.0 1.2453759306723362
1060.5 2.7540468206108946
1061.0 0.23549815771829108
1061.5 2.129707846004623
1062.0 2.7321130066533224
1062.5 2.349477440773478
1063.0 0.2
1063.5 2.969404525372835
1064.0 1.4090143886528792
1064.5 3.1167895123384763
1065.0 2.9740635956983805
1065.5 1.8095552920902904
1066.0 1.4261477443344184
1066.5 2.459041299425981
1067.0 2.9865455598341804
1067.5 2.257427663149012
1068.0 2.388700279200507
1068.5 1.7470347329830622
1069.0 2.8319519445220207
1069.5 2.1777982414755104
1070.0 1.4162718093488338
1070.5 1.9033192594520738
1071.0 2.2745013736858435
1071.5 2.2460483854323634
1072.0 2.651559819916373
1072.5 0.9752768209333378
1073.0 2.140299631839182
1073.5 2.5888090363857774
1074.0 1.7793433975247952
1074.5 2.4136014961969647
1075.0 1.9038112617363208
1075.5 1.704810900284663
1076.0 2.132374538594693
1076.5 3.5828280851873355
1077.0 2.925902688604147
1077.5 1.5857201052959387
1078.0 3.1439467002011092
1078.5 2.2319371809625426
1079.0 0.6363206237146879
1079.5 0.6004593206616761
1080.0 0.9222384891713233
1080.5 1.2882529977076504
1081.0 1.7692348727406095
1081.5 1.44505826391125
1082.0 1.3732197976850697
1082.5 1.378258647505719
1083.0 1.5880090998602816
1083.5 1.695701772321577
1084.0 1.6177439312678819
1084.5 1.4836940641451581
1085.0 1.952808232674981
1085.5 2.338349200027776
1086.0 1.3205559894149064
1086.5 0.637568816189424
1087.0 1.1623448671294825
1087.5 1.713712289965445
1088.0 1.073767416464951
1088.5 1.3317079690329048
1089.0 1.9834116701318878
1089.5 0.872085152424456
1090.0 1.011233649199987
1090.5 1.5746855256031855
1091.0 0.2799500720013932
1091.5 1.4696595969847017
1092.0 0.4026337329070582
1092.5 1.2176956179665608
1093.0 1.1670625075090275
1093.5 1.3544489274837956
1094.0 1.6205440921202037
1094.5 0.2
1095.0 1.0467990367739697
1095.5 1.2874516676899221
1096.0 2.0582981563307943
1096.5 0.8393253180067435
1097.0 1.3046771552608547
1097.5 1.3792662739419648
1098.0 0.2715371131634079
1098.5 0.996118771247038
1099.0 1.6810036892234472
1099.5 0.9187048925278849
1100.0 1.7325227077442142
1100.5 1.5277437747390636
1101.0 0.7239341068749254
1101.5 1.0993700920470633
1102.0 1.5911170394894907
1102.5 1.5417362878229566
1103.0 1.757438657180197
1103.5 0.6858967051680424
1104.0 1.67180958287856
1104.5 1.086520355177953
1105.0 1.7951501613875929
1105.5 2.4030279006230635
1106.0 3.5128856624104676
1106.5 0.9094062243287708
1107.0 1.4512999554863328
1107.5 2.6603138827492394
1108.0 2.2621361778768243
1108.5 2.069196115652155
1109.0 2.041786343726939
1109.5 2.641271000849363
1110.0 3.7532458140887677
1110.5 1.6392786508982877
1111.0 1.8172615219688404
1111.5 1.2466518404491145
1112.0 2.402194184370143
1112.5 3.505201719164223
1113.0 2.512086726152413
1113.5 1.329691453832175
1114.0 4.104496612419976
1114.5 2.305898597638954
1115.0 1.7980150627052705
1115.5 0.868760457283398
1116.0 2.7179747970173036
1116.5 0.8923596536522647
1117.0 1.1001885708963162
1117.5 0.3790490791234007
1118.0 0.883191156951485
1118.5 1.023126182242879
1119.0 0.8078609971430705
1119.5 2.6277987214703984
1120.0 1.6233283589647405
1120.5 1.402443952149055
1121.0 2.772474696036507
1121.5 2.6818445645437414
1122.0 2.6693985193082064
1122.5 0.2
1123.0 2.400185298973688
1123.5 1.9948526634294081
1124.0 3.082283273934852
1124.5 1.0976263411100893
1125.0 0.6773702961263812
1125.5 1.2259494020750599
1126.0 1.8550221369225666
1126.5 2.6153322853195213
1127.0 1.3164794679222263
1127.5 1.8005483707594991
1128.0 1.5321671746310122
1128.5 1.6437451249565955
1129.0 0.4269057250980348
1129.5 1.9781901816714174
1130.0 1.4008653926768466
1130.5 1.847282970819803
1131.0 1.8085464220737415
1131.5 1.767644145149808
1132.0 1.9557756788388125
1132.5 3.370731605437601
1133.0 2.100030064180298
1133.5 1.9366738630213887
1134.0 1.6569159358203012
1134.5 1.3460279508721653
1135.0 0.8166225738254527
1135.5 1.4203266832831924
1136.0 1.3173218991000262
1136.5 1.5853450769688824
1137.0 0.25376532245371175
1137.5 2.140361712392205
1138.0 1.4121090775268996
1138.5 1.155743505362076
1139.0 1.4067412856773822
1139.5 1.6182578731235373
1140.0 0.8766490259723632
1140.5 1.5037158685199774
1141.0 0.8739267813021556
1141.5 1.4795322646171902
1142.0 1.558408099290072
1142.5 1.7952138910153788
1143.0 2.7717007015774375
1143.5 4.331836386972786
1144.0 2.013906224161717
1144.5 1.2549512080621457
1145.0 1.6045149238652208
1145.5 2.5665288532091477
1146.0 4.417653541074025
1146.5 0.2520391095478083
1147.0 0.2
1147.5 1.6229958090765244
1148.0 1.037625985647952
1148.5 0.8154515268916174
1149.0 2.883477981393747
1149.5 1.3116852010386162
1150.0 1.6815176540988732
1150.5 2.004903955675932
1151.0 2.9719362536000693
1151.5 2.0037358667740217
1152.0 3.075315385514202
1152.5 2.527150425990913
1153.0 2.314577002065639
1153.5 3.587612168202692
1154.0 2.3559703962574963
1154.5 3.488473094596852
1155.0 3.3361214726482027
1155.5 1.7455335981633977
1156.0 2.6977083275342846
1156.5 1.1052393393508018
1157.0 2.629510374073834
1157.5 1.3636149296914062
1158.0 5.055858607594726
1158.5 0.3428237177168867
1159.0 0.3725717641363213
1159.5 1.8666190134254985
1160.0 0.41757950092195173
1160.5 1.538916772585043
1161.0 1.612269223340627
1161.5 1.1425572250328033
1162.0 1.240993044252515
1162.5 1.4577745147052128
1163.0 1.108428315853509
1163.5 1.5215206251065307
1164.0 1.135007953906241
1164.5 1.2814240577687412
1165.0 0.7229891343017049
1165.5 1.6322052553669257
1166.0 1.2965879493208727
1166.5 1.8160574833229794
1167.0 1.5473333366692497
1167.5 0.5157956311388789
1168.0 3.4750764802810408
1168.5 2.360055086124155
1169.0 1.4093785161067602
1169.5 3.9578794279018674
1170.0 1.8046638062494482
1170.5 3.58298861652081
1171.0 1.8798164173959546
1171.5 3.6319322697269265
1172.0 2.944873032334976
1172.5 4.01959180029844
1173.0 2.2043241848858854
1173.5 1.2525339134621063
1174.0 2.2816797197684275
1174.5 3.693324081476615
1175.0 4.859497290572645
1175.5 0.2717757249163737
1176.0 3.3137397185657793
1176.5 3.1115011360010785
1177.0 2.7243139586181373
1177.5 3.5101115729487526
1178.0 2.0010618638412434
1178.5 2.7279042237485407
1179.0 3.7848746702914733
1179.5 3.511733980181435
1180.0 3.5641504018343175
1180.5 2.8919344381879295
1181.0 1.5965505066463357
1181.5 4.165415220881845
1182.0 3.1016488529930824
1182.5 2.302867596359499
1183.0 1.881237057238037
1183.5 1.5282602556623586
1184.0 2.1227961165731113
1184.5 3.314428922665887
1185.0 2.540817523629042
1185.5 2.8695942659178293
1186.0 1.505595434764213
1186.5 1.7605534575589388
1187.0 1.728355840232072
1187.5 1.38067463312164
1188.0 0.745507059563328
1188.5 2.6838083485530597
1189.0 1.6294901498296848
1189.5 2.1607908956749053
1190.0 1.231847836771653
1190.5 1.8688151026386735
1191.0 2.6971812614623403
1191.5 2.759211043443986
1192.0 3.9952143879571254
1192.5 1.743176303307732
1193.0 1.4211202631925408
1193.5 1.7880952713190346
1194.0 2.0287362070276
1194.5 2.653612697711285
1195.0 1.6573005093083237
1195.5 1.1690088599149424
1196.0 0.9996950377911535
1196.5 2.0422091137613854
1197.0 1.7113299142966838
1197.5 2.4610080261570726
1198.0 3.7155934778530177
1198.5 2.3338017460837177
1199.0 1.7636919230320818
1199.5 1.4236283749038716