2100.0 1.695700356427214
2100.5 0.9794689668253793
2101.0 0.8072149221814585
2101.5 1.8077391737259703
2102.0 0.7519142103128573
2102.5 0.8867065463267162
2103.0 1.06406233764439
2103.5 1.6072766996849075
2104.0 1.04101280360161
2104.5 0.7926620997666758
2105.0 1.2222130678988214
2105.5 1.2515041409700616
2106.0 1.437733045060266
2106.5 0.9665200618723944
2107.0 1.0095200278876975
2107.5 1.082318524857446
2108.0 1.2573388272165407
2108.5 0.9420556016362471
2109.0 1.0044284343538152
2109.5 0.8896825447574892
2110.0 0.7099942006525493
2110.5 0.8541091945207723
2111.0 1.1902996457158488
2111.5 0.7877573137707933
2112.0 1.3258099890125088
2112.5 0.8498957936679948
2113.0 1.0878537760238243
2113.5 1.1967046657806422
2114.0 0.6102096005499166
2114.5 1.188320792496873
2115.0 0.6324032086124336
2115.5 1.317463066358357
2116.0 1.735991651682771
2116.5 2.074204674557009
2117.0 2.2125761030395865
2117.5 2.312184864723406
2118.0 1.4090926029169466
2118.5 1.825699106054703
2119.0 1.9830339471131884
2119.5 1.5988933392243707
2120.0 1.5605562318343804
2120.5 1.2259798245199949
2121.0 1.886352323807011
2121.5 1.140613626543723
2122.0 1.1747482274973284
2122.5 0.7497899255502456
2123.0 1.5330761748396506
2123.5 1.4106178040977828
2124.0 0.7947697785242048
2124.5 1.2179172072064501
2125.0 1.594059594880623
2125.5 2.6811746509440644
2126.0 1.4670804029619469
2126.5 3.7333740198460976
2127.0 1.2449540839545794
2127.5 1.4730675740772243
2128.0 3.1801678158284843
2128.5 1.790761334808355
2129.0 2.152465928652181
2129.5 2.3006387481838546
2130.0 3.4299616026389295
2130.5 1.2496053309789465
2131.0 3.092527959937513
2131.5 1.8663640276541005
2132.0 1.6711736267157598
2132.5 0.9599665808100697
2133.0 0.9348918354535246
2133.5 0.9399051638032513
2134.0 0.9118304326881678
2134.5 1.0436989922150985
2135.0 0.9347967993491012
2135.5 1.1913601353840955
2136.0 0.8168386872426777
2136.5 1.5086854295312422
2137.0 1.0334486492370374
2137.5 2.221144994069257
2138.0 3.06188079474291
2138.5 1.57216248413914
2139.0 2.106345011897406
2139.5 1.7908835156950074
2140.0 2.4226243212898644
2140.5 2.1821043867235854
2141.0 2.4256485078720695
2141.5 0.8281079287158535
2142.0 1.2647141689769863
2142.5 1.0958736256471182
2143.0 1.141722566139653
2143.5 0.8035764495344583
2144.0 1.0556089845748535
2144.5 1.307937988861808
2145.0 0.7704085153978187
2145.5 1.193325217973825
2146.0 0.8681123701585668
2146.5 1.02641775893421
2147.0 0.7438677509194709
2147.5 0.8104716845518034
2148.0 2.399559695329664
2148.5 2.296736059366249
2149.0 0.8249847621550712
2149.5 0.8768092718219169
2150.0 2.422901557139646
2150.5 1.6019876829119304
2151.0 1.2710119513665736
2151.5 4.675961143012039
2152.0 2.9000110955875114
2152.5 2.7559862278662006
2153.0 3.013819387203485
2153.5 1.7433800747598944
2154.0 2.4118248909734574
2154.5 4.341269311893147
2155.0 1.3162129504424729
2155.5 1.3849154158912533
2156.0 0.7571061139669464
2156.5 1.2587593256216216
2157.0 1.2039807770229372
2157.5 1.1007265499628116
2158.0 1.4585526071414399
2158.5 1.1421576824128998
2159.0 0.7921597653185612
2159.5 1.1300145559853514
2160.0 2.16345989461877
2160.5 1.0598576615029354
2161.0 1.1908945949906116
2161.5 1.2135872336468747
2162.0 1.0831255674777172
2162.5 0.8860113805195108
2163.0 0.684979435327115
2163.5 0.8665984212505883
2164.0 0.9471046846909112
2164.5 1.1367519723466462
2165.0 0.6525085133613502
2165.5 0.8311928943859341
2166.0 0.8246721696715543
2166.5 1.297272870945951
2167.0 0.7728459207737716
2167.5 0.6217071699756336
2168.0 0.8336847322568066
2168.5 0.7957397466193938
2169.0 0.9715827131426723
2169.5 0.7800981934554019
2170.0 0.8672872316462621
2170.5 1.1365979664274344
2171.0 0.8815179205983191
2171.5 1.049886929498582
2172.0 0.5962842956371671
2172.5 0.7311819525982383
2173.0 0.8933123145046467
2173.5 0.9590713886661718
2174.0 1.0768344591352976
2174.5 0.5678812902527799
2175.0 1.055216760010043
2175.5 0.9169174422447833
2176.0 0.42719372031632413
2176.5 0.7344555807267439
2177.0 0.9298449121015818
2177.5 0.9314673901629063
2178.0 0.6516700283854557
2178.5 0.9241603654459954
2179.0 0.5527435682575385
2179.5 0.913660567733803
2180.0 0.9030162691350626
2180.5 0.90061467841657
2181.0 0.8255874214482453
2181.5 0.4834682176465022
2182.0 0.8674008010284454
2182.5 0.7715040878814653
2183.0 0.45340590308661655
2183.5 0.5750413598460282
2184.0 0.69129377949709
2184.5 0.7889586561727726
2185.0 1.2011155636099327
2185.5 0.617611201153879
2186.0 0.8808364041893282
2186.5 1.1643375587790405
2187.0 0.8735704697593719
2187.5 3.123710002602256
2188.0 1.557836168662151
2188.5 1.8569462500436686
2189.0 1.535469072565673
2189.5 0.8435830795291955
2190.0 0.8729260761857088
2190.5 1.3680496111852518
2191.0 1.9365883636593078
2191.5 2.0052295878674995
2192.0 2.7269544872119376
2192.5 1.3725865281874818
2193.0 0.9384172157663327
2193.5 0.8455197301566317
2194.0 0.8125730441671576
2194.5 1.2844931824353565
2195.0 1.0575314473140613
2195.5 0.5656876181801636
2196.0 1.4037767963461403
2196.5 0.7185637979948499
2197.0 0.5020713646870318
2197.5 0.9804845840469069
2198.0 0.8202152359550118
2198.5 0.7033052106232196
2199.0 1.4969124830068186
2199.5 1.2886343985689357
2200.0 2.432804027445248
2200.5 1.2145208239432543
2201.0 1.908416194405612
2201.5 1.8353354292352948
2202.0 1.768339695694963
2202.5 0.9675081358296593
2203.0 2.5867300125952513
2203.5 2.6838723472443773
2204.0 1.3719798764743598
2204.5 1.6995364139874933
2205.0 1.0381930849827625
2205.5 1.05849106669365
2206.0 0.9842709187300647
2206.5 0.878271469482098
2207.0 2.193638611016797
2207.5 0.707675954016558
2208.0 1.7476830000626125
2208.5 2.678758628671506
2209.0 1.3106162587809855
2209.5 2.8843754847580043
2210.0 3.679245367850336
2210.5 2.325817616707666
2211.0 3.7606953092729443
2211.5 1.6550653201439636
2212.0 1.5852242148196503
2212.5 2.8415268851038213
2213.0 3.2336848525036235
2213.5 2.9496380143485625
2214.0 1.4221549345874003
2214.5 2.187870684650182
2215.0 2.073123268636519
2215.5 1.5314232169845674
2216.0 1.7595868451936727
2216.5 2.9550137602469393
2217.0 1.9906406626439515
2217.5 1.3361529336976172
2218.0 3.5513209593189483
2218.5 1.5840773068342506
2219.0 0.8355675357260419
2219.5 2.3230880861930543
2220.0 2.8953720510798986
2220.5 2.1207395480740043
2221.0 2.5186143020089116
2221.5 2.4145824243345935
2222.0 1.8047639208232709
2222.5 2.063263281192573
2223.0 2.5531268047838704
2223.5 1.6090626880763867
2224.0 1.1729129689025741
2224.5 1.1058580152736732
2225.0 2.423561421380635
2225.5 0.9785506987886274
2226.0 1.5379852477134566
2226.5 0.4256057645633522
2227.0 2.3541984373771374
2227.5 0.2
2228.0 3.50217727937665
2228.5 2.1024002829692026
2229.0 1.2214106945949923
2229.5 0.48887398462763665
2230.0 1.7576603127312986
2230.5 2.088674160161858
2231.0 2.6190006251835944
2231.5 2.698332198329836
2232.0 2.1506949574127985
2232.5 2.67531532340422
2233.0 1.6045805676541574
2233.5 1.9909341173491502
2234.0 2.6378235633172107
2234.5 2.188262125361253
2235.0 1.2745584485386825
2235.5 1.7210293001684485
2236.0 1.448215142125512
2236.5 1.2323507886351157
2237.0 1.5054536505548919
2237.5 1.3342379322473485
2238.0 1.432034554471905
2238.5 1.3544846467952247
2239.0 1.26910233011895
2239.5 1.200578218042321
2240.0 1.1328669109352079
2240.5 0.7910785315034519
2241.0 1.8288805795045382
2241.5 1.2221038891845362
2242.0 0.6451166264005036
2242.5 1.4499589269763593
2243.0 1.7057940661305933
2243.5 1.1805647108004147
2244.0 1.2804588522583404
2244.5 1.180819748247238
2245.0 1.6486932772923106
2245.5 1.9807732520608397
2246.0 1.428464451880735
2246.5 0.9872102145291861
2247.0 1.5605400462027779
2247.5 1.7847015620016233
2248.0 2.2971565112711128
2248.5 4.265231861174896
2249.0 1.0678396842397126
2249.5 2.1583281072756826
2250.0 2.284698069884666
2250.5 1.6582754559911397
2251.0 1.1819236700978835
2251.5 2.0348275163063185
2252.0 1.760010717117434
2252.5 1.6971343341123792
2253.0 2.376810190584569
2253.5 0.9539229255580196
2254.0 1.732491318663065
2254.5 1.7479481900670901
2255.0 0.9577024309157463
2255.5 2.3665197856326046
2256.0 1.259683576140449
2256.5 2.562774772408038
2257.0 2.9872201805394782
2257.5 1.2848280964235235
2258.0 1.134590474245834
2258.5 0.2
2259.0 0.8101668748195687
2259.5 1.072520775160837
2260.0 0.2
2260.5 3.0044932226355456
2261.0 0.9245663521661398
2261.5 1.0361396871145598
2262.0 1.4778384258434234
2262.5 2.054519344111675
2263.0 2.3117565696716103
2263.5 2.0516237389580647
2264.0 0.727248059493415
2264.5 1.3811612579094807
2265.0 1.090085935969059
2265.5 1.7790760497877915
2266.0 1.019255545445238
2266.5 1.619471111102294
2267.0 0.8761506714100388
2267.5 1.6657597270455602
2268.0 1.7415141700480223
2268.5 1.6399859210494618
2269.0 0.8309134609694588
2269.5 1.8900438095009184
2270.0 1.2710328551785657
2270.5 1.2387610707982515
2271.0 1.6407099919655597
2271.5 1.0949694801438066
2272.0 0.7363909385754781
2272.5 1.5811531539182766
2273.0 0.9433851280054875
2273.5 1.474759275228682
2274.0 1.120970140933822
2274.5 1.9106717686067758
2275.0 3.1157355607533033
2275.5 3.230190200511974
2276.0 3.331705166936592
2276.5 2.321649035761147
2277.0 2.4303056605737554
2277.5 2.1718890139273577
2278.0 2.5036587339741363
2278.5 1.0144822282562223
2279.0 1.0881761793558304
2279.5 0.8718107504151498
2280.0 0.5670558446380208
2280.5 0.5900812460593998
2281.0 1.10435283082671
2281.5 1.0162868622659262
2282.0 0.9527128308111501
2282.5 0.7747889583875545
2283.0 0.8581081036735743
2283.5 0.6092152862755049
2284.0 1.057873038492656
2284.5 1.133370390963307
2285.0 0.6670577033933853
2285.5 1.04337548961258
2286.0 1.0647342866156184
2286.5 0.9769722071240007
2287.0 1.361746938647025
2287.5 0.6461313008250431
2288.0 1.2301451782795947
2288.5 0.956143808672987
2289.0 0.5805570638707741
2289.5 1.120490118015666
2290.0 1.5519012160684809
2290.5 2.0607349889723867
2291.0 1.3278377306123166
2291.5 1.5805025398705506
2292.0 1.8895629057391523
2292.5 2.1630559117627146
2293.0 1.673246409394409
2293.5 0.7544790726395223
2294.0 0.811091893058244
2294.5 0.9711044177927665
2295.0 2.2007850327942338
2295.5 2.6037884120291634
2296.0 2.03736723829942
2296.5 2.1498779437898565
2297.0 2.6285260182530603
2297.5 1.286521852697116
2298.0 0.8176872589994277
2298.5 2.3219913483478516
2299.0 1.4943334976664568
2299.5 0.9020326796341702
2300.0 2.179489695054085
2300.5 2.8943809212848004
2301.0 0.974599607541125
2301.5 0.6826360547014596
2302.0 1.2014017367437388
2302.5 2.904997262357212
2303.0 2.4969210695705275
2303.5 3.172751088663951
2304.0 1.4557467026058393
2304.5 3.5162624729588146
2305.0 3.54299512239872
2305.5 2.6832843450411943
2306.0 2.2701622802940946
2306.5 3.586305395350659
2307.0 1.3236321679591545
2307.5 1.9457467478256174
2308.0 1.4992380940695473
2308.5 0.76207240775756
2309.0 1.7455747694098684
2309.5 2.5014457719490766
2310.0 1.884483677988399
2310.5 2.41337781376674
2311.0 2.024692451664276
2311.5 2.0911289908276953
2312.0 0.8123263737577788
2312.5 0.7094917249604127
2313.0 1.8054507300356042
2313.5 2.1512510382586756
2314.0 2.4245561435309444
2314.5 1.9186307299152094
2315.0 1.9499023232867887
2315.5 1.861626843550304
2316.0 1.5508171820248822
2316.5 1.158615287751955
2317.0 2.4374131670538666
2317.5 1.7863434869974275
2318.0 0.859881957900514
2318.5 0.967596767717054
2319.0 0.7257485529767451
2319.5 1.208844911796529
2320.0 1.3831911985211356
2320.5 1.4507800500412782
2321.0 1.170053935481177
2321.5 1.4804821778928634
2322.0 2.024335678544827
2322.5 0.6650476860740641
2323.0 1.036238471148743
2323.5 0.9446987601817977
2324.0 1.9205390223982093
2324.5 0.896827628509308
2325.0 1.9362924226791658
2325.5 1.7676174351287763
2326.0 2.0095467314919633
2326.5 1.3884728881798494
2327.0 2.9496403912178173
2327.5 1.6154071798341687
2328.0 2.9987848549267864
2328.5 2.904432133733158
2329.0 3.2244197831654655
2329.5 1.814541428795653
2330.0 1.3776568388087895
2330.5 4.337453433387578
2331.0 2.037653015979957
2331.5 1.3378615493682302
2332.0 2.337528073531678
2332.5 1.2681429764434173
2333.0 4.046387829440683
2333.5 1.369745295642071
2334.0 1.8798133616188366
2334.5 2.6699046110173765
2335.0 3.2270775310284305
2335.5 3.0431911234509035
2336.0 1.7340175078324083
2336.5 1.0100439737111273
2337.0 3.4944852566061284
2337.5 1.7125273987720524
2338.0 2.9816812953979857
2338.5 4.823085460683331
2339.0 2.231619532009282
2339.5 2.4008239380980716
2340.0 1.778761787951285
2340.5 0.2
2341.0 2.0156145208767593
2341.5 2.2642785073222167
2342.0 3.361194741647611
2342.5 2.267256221440896
2343.0 2.8280613703008664
2343.5 1.0861063075777093
2344.0 1.9136271810801462
2344.5 5.52439805673302
2345.0 2.623724123591148
2345.5 2.557194950640321
2346.0 3.0659557033187257
2346.5 4.012458249355829
2347.0 2.2245136674607213
2347.5 2.62353904498916
2348.0 5.072223584936434
2348.5 1.976967010936293
2349.0 1.7112174620230118
2349.5 1.7246720934563542
2350.0 0.706902951616486
2350.5 2.2498163043925636
2351.0 3.4709973999653663
2351.5 1.8371419033647154
2352.0 2.5407542600400177
2352.5 2.1113285385069314
2353.0 2.311509100439061
2353.5 1.0172422944021695
2354.0 1.5167596237224803
2354.5 0.4339576831648668
2355.0 1.3103045050237823
2355.5 1.7237610300501984
2356.0 2.3576760328014617
2356.5 1.1541714563402468
2357.0 1.2074970289697682
2357.5 1.9987178180958587
2358.0 2.0786299754692354
2358.5 0.6797162031659099
2359.0 1.127699218988098
2359.5 0.6509110980093624
2360.0 1.359435120935201
2360.5 0.6603134929623602
2361.0 1.6459410232111904
2361.5 1.5987057724262863
2362.0 1.4490822153620617
2362.5 1.3221335799326923
2363.0 2.747717647844773
2363.5 1.9653681583085043
2364.0 2.488953435832908
2364.5 2.4782397768383175
2365.0 2.368393241895954
2365.5 3.5196920729463175
2366.0 1.0917339190094608
2366.5 1.9759997341936744
2367.0 3.7651941394947848
2367.5 3.7371374324875144
2368.0 2.834139160271822
2368.5 1.675929778891097
2369.0 2.2165853806458666
2369.5 1.7319714284676346
2370.0 3.8172790628064734
2370.5 2.465405222715013
2371.0 1.8644659863819568
2371.5 2.4815973183221116
2372.0 3.42576137524926
2372.5 1.8892733518867386
2373.0 0.8187094891701185
2373.5 0.9631550211685705
2374.0 1.0222069459444358
2374.5 1.8751086213878179
2375.0 1.010901526244273
2375.5 1.3252709599766348
2376.0 1.469927671340045
2376.5 1.6724297072256233
2377.0 1.2026954839995139
2377.5 0.7174178472876551
2378.0 1.0724473710341362
2378.5 1.5570506337089536
2379.0 0.7454630328097612
2379.5 1.436116578835382
2380.0 1.6503385670139954
2380.5 1.3191319656657494
2381.0 1.686058838330646
2381.5 1.698959351927908
2382.0 1.100176631515036
2382.5 1.2375621699924164
2383.0 1.3976607667293832
2383.5 1.7602957356254383
2384.0 0.8838956189315084
2384.5 0.8232857908526143
2385.0 1.7055176430888794
2385.5 0.7635272549429535
2386.0 1.407991362473234
2386.5 1.732611115999274
2387.0 1.3101277212783229
2387.5 0.7326357922886172
2388.0 1.2323490382887115
2388.5 1.6941678335156583
2389.0 1.2730958345324823
2389.5 1.9005313979950935
2390.0 1.5615643649730913
2390.5 1.2446228366475072
2391.0 1.683404664773662
2391.5 1.1076110106901225
2392.0 0.912470445339879
2392.5 1.3294108667767515
2393.0 1.4039676086516144
2393.5 1.3258740746293909
2394.0 1.3370321057792887
2394.5 1.6724420351286042
2395.0 1.9443562980730829
2395.5 1.7048622560124538
2396.0 1.840811078482761
2396.5 2.071179840625483
2397.0 1.6463665873813222
2397.5 0.9947156269598088
2398.0 0.8791638976921403
2398.5 2.19533698030137
2399.0 1.55063285457764
2399.5 0.7903062084436873