1800.0 1.4365512920829748
1800.5 1.6343519621191713
1801.0 0.8533706568033754
1801.5 1.605316462962271
1802.0 2.596520192018258
1802.5 2.092329442316829
1803.0 3.4772985225781516
1803.5 0.74578057787797
1804.0 0.7723134568272143
1804.5 1.1090451233075087
1805.0 0.5074775932357507
1805.5 0.9555045528848576
1806.0 0.7516304692266379
1806.5 1.1311308222613454
1807.0 0.9630722846214906
1807.5 0.8367087478059999
1808.0 0.9254439269049731
1808.5 0.8530522782877765
1809.0 0.820417104340508
1809.5 1.1905976383308419
1810.0 1.1492113207740389
1810.5 1.0692765129803692
1811.0 1.9392364537748303
1811.5 1.1394228416644139
1812.0 1.8580937556660402
1812.5 1.1301212583350777
1813.0 2.4606002676991903
1813.5 1.159851905696604
1814.0 1.9972406970309553
1814.5 0.6724272037096852
1815.0 2.2366180351169427
1815.5 1.5975873470920017
1816.0 2.422610116806148
1816.5 1.6113209410882954
1817.0 2.195838273723157
1817.5 2.231567351923319
1818.0 1.9647601653796922
1818.5 1.973322639220041
1819.0 2.6962656685745143
1819.5 1.6501067337990403
1820.0 3.815077037811876
1820.5 3.207922183364321
1821.0 2.0966551509055793
1821.5 3.858616266014577
1822.0 1.3933572781287356
1822.5 2.795537935179719
1823.0 1.4585684581173535
1823.5 2.7628898191922033
1824.0 1.7936105582300519
1824.5 2.013457576768047
1825.0 1.6403306435677476
1825.5 2.5436971260910477
1826.0 1.8083389345936574
1826.5 3.3440023359294564
1827.0 2.6616254434260735
1827.5 1.8004000579496586
1828.0 1.6268879532370955
1828.5 1.2384244610389048
1829.0 2.458803677368848
1829.5 1.915286763733771
1830.0 3.376204106234547
1830.5 1.3683489613278144
1831.0 3.454508539839528
1831.5 2.8382679283930816
1832.0 1.666898352867453
1832.5 0.7984313296930914
1833.0 1.4212514721348586
1833.5 1.4458349871646403
1834.0 1.1283624597233235
1834.5 1.0943893754808716
1835.0 1.1445173264084334
1835.5 1.0470607045576543
1836.0 1.052204902556305
1836.5 0.5943019599198703
1837.0 1.5931055075236205
1837.5 1.5036821185488578
1838.0 1.5011754780882087
1838.5 1.482397405575348
1839.0 1.1865454977000587
1839.5 1.4928475639190117
1840.0 1.3107139839069193
1840.5 0.8936730280450755
1841.0 1.2382416898394717
1841.5 1.2677681077489051
1842.0 1.1530363623999227
1842.5 0.9411547174055711
1843.0 0.5956695339489664
1843.5 1.5112149162057402
1844.0 0.6237698077484652
1844.5 1.4958787794139052
1845.0 1.269381790261186
1845.5 1.158540565711053
1846.0 1.0144813430806925
1846.5 1.2805757940954954
1847.0 1.1031617601843826
1847.5 1.8118144468500992
1848.0 1.1985564272925435
1848.5 1.2323172451732123
1849.0 1.6282415867161022
1849.5 1.5639910395292043
1850.0 1.1708921263829168
1850.5 1.3483507872670237
1851.0 1.1303590776965873
1851.5 1.5615543326914563
1852.0 0.9094436063923695
1852.5 0.9565975225390113
1853.0 0.794952414761112
1853.5 1.7357787766474244
1854.0 1.8385683944853188
1854.5 2.51352780716321
1855.0 0.8666308305344483
1855.5 1.1962845351617433
1856.0 1.074775427462966
1856.5 0.5190860826096945
1857.0 1.2742418278787198
1857.5 1.3636350648045663
1858.0 1.214525661463194
1858.5 1.6390953287597725
1859.0 0.8353731554576524
1859.5 1.4012257277678355
1860.0 0.9532931910386369
1860.5 1.5021512877701038
1861.0 0.798218462173838
1861.5 0.8446238934174263
1862.0 1.2839386467973002
1862.5 0.8456436222992799
1863.0 1.2541089639507899
1863.5 1.0150484994718236
1864.0 1.3750133160843683
1864.5 1.1793183959929525
1865.0 1.6240712904867602
1865.5 0.92670380132411
1866.0 0.7003699802300003
1866.5 0.9524805844541685
1867.0 2.2327231588536725
1867.5 2.3855376781525823
1868.0 1.0985095248457823
1868.5 0.9312547573517208
1869.0 1.652146798622224
1869.5 1.1627455844769226
1870.0 2.1224754735931772
1870.5 1.9194271047047708
1871.0 2.091916059968707
1871.5 1.971820421092514
1872.0 3.098538329907379
1872.5 2.0634666931995995
1873.0 2.293484790424942
1873.5 1.6202349176509556
1874.0 2.6918822061039487
1874.5 2.114256294548791
1875.0 1.7578213105807015
1875.5 2.135226309980413
1876.0 2.1143594542230097
1876.5 1.6888724892997453
1877.0 0.929262586986945
1877.5 0.6680447273601671
1878.0 0.7183640082713262
1878.5 0.9106458230661816
1879.0 0.7897239936428526
1879.5 0.9792801229335987
1880.0 0.964383338454849
1880.5 0.6222788894216491
1881.0 0.8633021334941084
1881.5 1.618472858903969
1882.0 1.7539328684163153
1882.5 1.7642400630176907
1883.0 0.971568065485359
1883.5 1.1897698303538333
1884.0 2.420415546554464
1884.5 0.9070887955514185
1885.0 2.337787678107739
1885.5 2.283080909348613
1886.0 1.2471669626680693
1886.5 2.4641418426175496
1887.0 1.5554728223617111
1887.5 1.3601918146423255
1888.0 1.8364265335259375
1888.5 2.2767368558140357
1889.0 1.594391560357916
1889.5 1.3726722592558307
1890.0 1.6209725664676369
1890.5 2.670841299396283
1891.0 2.4974636754838464
1891.5 2.567737421379339
1892.0 1.8181356496788506
1892.5 0.6360413060124961
1893.0 1.8159445621967398
1893.5 1.8760663348579543
1894.0 1.9408056371157825
1894.5 2.145036151367498
1895.0 1.848565214997644
1895.5 1.1443653395690374
1896.0 0.8894596605585827
1896.5 1.1415054051203
1897.0 1.0512353167363497
1897.5 0.6623578031501955
1898.0 0.9306951053703015
1898.5 1.0825765439695025
1899.0 0.7957030131433326
1899.5 0.7248202483127272
1900.0 1.6749339433438541
1900.5 1.3813010255098286
1901.0 1.1421157867990122
1901.5 0.9036472987458056
1902.0 0.9236949509741377
1902.5 1.100819801629458
1903.0 1.4126906174569944
1903.5 1.1497777018195334
1904.0 1.1608457931327376
1904.5 1.2543016000947511
1905.0 0.7119947348599771
1905.5 1.5627173124845202
1906.0 1.002678885196024
1906.5 0.7932001503441679
1907.0 0.6529319703383003
1907.5 0.8024592437475709
1908.0 1.3985742272224821
1908.5 1.3473578883176915
1909.0 0.6604008277729458
1909.5 0.8115534239843327
1910.0 0.7683365219455691
1910.5 0.8090284238910537
1911.0 1.4069774018592967
1911.5 1.4679614858523022
1912.0 0.9107112341548386
1912.5 1.1159054113504911
1913.0 0.42486051629312727
1913.5 1.2455413856025648
1914.0 1.0134152452785794
1914.5 1.3928664975378695
1915.0 1.254317616811925
1915.5 0.7169721355994629
1916.0 1.3656989503905734
1916.5 1.099635136480341
1917.0 1.4185099509609396
1917.5 1.4389125632290367
1918.0 1.2751611629342778
1918.5 1.073926084287015
1919.0 1.358165698015121
1919.5 1.2955660726972265
1920.0 0.8894308769443222
1920.5 1.246167131198586
1921.0 1.7703725969873096
1921.5 1.348152790492128
1922.0 1.245588982971135
1922.5 0.8189184871883028
1923.0 1.577948023165472
1923.5 1.0848036512175288
1924.0 2.4444521159434403
1924.5 2.842921165211119
1925.0 2.62556797672214
1925.5 2.7321091503453614
1926.0 1.3889703002133227
1926.5 3.3658904173651365
1927.0 3.120727145749799
1927.5 2.692239286559885
1928.0 2.372149048271704
1928.5 1.1072297874590258
1929.0 1.210233157296987
1929.5 0.778509925695068
1930.0 1.0675328161427307
1930.5 1.0440297957270976
1931.0 1.6072356303273028
1931.5 1.7919508028206326
1932.0 1.5674791149522007
1932.5 1.3474341390640912
1933.0 3.407472530306983
1933.5 2.8755807814339627
1934.0 0.9151768129049757
1934.5 1.5245015032463778
1935.0 1.7629649958313516
1935.5 1.0505188657294653
1936.0 0.9794778173421324
1936.5 1.4396569145343459
1937.0 1.8339986834625206
1937.5 1.3259383236362596
1938.0 1.7857777801889743
1938.5 0.6269038973931751
1939.0 2.0633551761869136
1939.5 1.12454272990865
1940.0 1.75317383489796
1940.5 0.2
1941.0 0.7721820678308166
1941.5 1.0263421983924192
1942.0 1.9471467447989297
1942.5 1.3085006641531778
1943.0 2.3516519531461526
1943.5 1.5978879146545877
1944.0 2.2013654098156374
1944.5 2.189248119653243
1945.0 2.1831777563621246
1945.5 1.6421810309453013
1946.0 2.5297354038730053
1946.5 2.157416518087248
1947.0 2.7352555735162793
1947.5 1.2955950962149076
1948.0 1.2493916036627772
1948.5 0.6999350375115719
1949.0 0.6551256661543565
1949.5 0.725034316138842
1950.0 0.652602626024531
1950.5 0.6561398171686941
1951.0 0.6435941184920242
1951.5 1.1962196967985235
1952.0 0.7089881479332891
1952.5 1.5419252799375007
1953.0 0.8721292665815717
1953.5 2.772440318922942
1954.0 2.9646028787779217
1954.5 1.4877224494085621
1955.0 3.8262700616427585
1955.5 0.2
1956.0 1.5849160560525397
1956.5 2.5008235746305107
1957.0 2.3521459938659586
1957.5 2.4441884324492076
1958.0 2.670591362528474
1958.5 2.7671009715336092
1959.0 0.9980411445710111
1959.5 0.5001922200880797
1960.0 3.4949727276133533
1960.5 1.1822772340310377
1961.0 1.2783551870274565
1961.5 2.857018160968539
1962.0 1.1635750040825967
1962.5 2.249226368744263
1963.0 1.7674067409261807
1963.5 2.943696509535284
1964.0 1.8814607635782332
1964.5 2.7864332059111376
1965.0 2.3288434381478704
1965.5 2.4214210816060624
1966.0 2.9723719814179566
1966.5 1.849643435207466
1967.0 2.2200779925036347
1967.5 1.2486352234875226
1968.0 2.874581454709034
1968.5 3.3385207779528403
1969.0 2.1118977851079004
1969.5 1.1867332687232905
1970.0 0.9820235000515236
1970.5 2.1697932986915345
1971.0 1.1776132845731824
1971.5 0.923508383344649
1972.0 0.9792830862817887
1972.5 0.768688171439236
1973.0 1.2922196685427756
1973.5 2.5186636087224032
1974.0 1.3801102124429485
1974.5 2.0011724631947234
1975.0 2.040894931998261
1975.5 2.8668274117551418
1976.0 1.088128487852547
1976.5 2.1808738759641115
1977.0 3.004479056326674
1977.5 1.5070492115236362
1978.0 1.1830134656731544
1978.5 0.8145766816179543
1979.0 1.3441362488221094
1979.5 1.436848867306566
1980.0 2.976755697997543
1980.5 1.563236104690684
1981.0 2.235709224727697
1981.5 1.8837987980475126
1982.0 1.794399606060286
1982.5 2.732665401482684
1983.0 0.5174160465524352
1983.5 1.6548292732354017
1984.0 1.7787611572228452
1984.5 0.2
1985.0 0.9776163738858372
1985.5 2.2516291243854947
1986.0 1.9933588362627956
1986.5 1.5548014652925957
1987.0 1.7645155273494115
1987.5 1.1804522464758904
1988.0 1.8713848774825697
1988.5 1.5559436961024926
1989.0 0.6956555901440135
1989.5 0.6083402053275266
1990.0 0.6709541188566082
1990.5 0.7757589193026289
1991.0 0.509682273179143
1991.5 0.4920159560922656
1992.0 0.7508001054113491
1992.5 0.7302331659870087
1993.0 0.6829689273150992
1993.5 2.5375623358941692
1994.0 2.412791645215261
1994.5 2.2477276469848015
1995.0 1.5592448849872629
1995.5 1.6794683425013845
1996.0 2.3097934914059453
1996.5 1.5862584370564485
1997.0 2.2184914405307246
1997.5 1.0206431907132933
1998.0 1.2956423101514505
1998.5 1.4656478559245596
1999.0 1.8492603970735308
1999.5 2.099862689912083
2000.0 1.4730970830341235
2000.5 2.29907635687268
2001.0 1.5574541310132128
2001.5 1.950146111434635
2002.0 2.3059063482634663
2002.5 2.963300760733686
2003.0 3.554478479326056
2003.5 3.505305517100087
2004.0 1.8394684830482553
2004.5 2.6269277958013104
2005.0 0.3578673496778495
2005.5 2.157621897896493
2006.0 2.202125431445148
2006.5 1.9810868035538338
2007.0 1.2398596806828324
2007.5 1.629662091861058
2008.0 2.3089257888431582
2008.5 1.8444947614180995
2009.0 2.8009972614074217
2009.5 0.7278825483202245
2010.0 2.434369585384929
2010.5 2.15826597459961
2011.0 3.61695523966214
2011.5 2.840218148769546
2012.0 2.176924234185692
2012.5 2.4628447653099688
2013.0 1.7408371551455195
2013.5 1.0467320938274116
2014.0 2.0668486697945494
2014.5 1.8372357183469168
2015.0 1.2915246190395349
2015.5 1.6948423809786168
2016.0 1.5640199527319962
2016.5 1.6725180456552444
2017.0 3.016332552976564
2017.5 1.7417317367487772
2018.0 0.9230349142630763
2018.5 1.641966531706486
2019.0 1.617825099222568
2019.5 2.257015776120947
2020.0 0.9497871527420712
2020.5 0.6435350807000513
2021.0 0.9394039494080352
2021.5 1.7792602003543507
2022.0 1.7290074320742994
2022.5 3.32410615340755
2023.0 2.095056273031262
2023.5 1.9732444703497154
2024.0 1.8596684916882746
2024.5 3.021194440110887
2025.0 2.74910813564995
2025.5 1.6713398866228353
2026.0 1.350171503996782
2026.5 3.2990111148257673
2027.0 1.8302930491326732
2027.5 1.485111236417897
2028.0 0.8926673760853894
2028.5 0.2
2029.0 1.6519871660313998
2029.5 0.2
2030.0 2.960759500517907
2030.5 2.963005333701062
2031.0 2.7213607665204123
2031.5 1.1850411144538457
2032.0 2.262565247164587
2032.5 1.2332076647197758
2033.0 1.9873563005042496
2033.5 0.9350321222609319
2034.0 1.0555282790036358
2034.5 0.7690891141606252
2035.0 0.8512131484407353
2035.5 0.8854285157889115
2036.0 1.268248252487429
2036.5 0.7898403031055469
2037.0 1.042705620699755
2037.5 0.8971956635223508
2038.0 0.8115300722622265
2038.5 0.7202394670936013
2039.0 0.946126992792191
2039.5 1.1612268645515056
2040.0 0.5751540196324334
2040.5 0.8812502400054341
2041.0 1.4045165722885673
2041.5 0.7664989450842057
2042.0 0.9983405284493068
2042.5 0.8827088079677141
2043.0 0.9717247244456384
2043.5 0.968251390122247
2044.0 1.0453201614980392
2044.5 0.9530202262165689
2045.0 2.961672209788542
2045.5 1.5149816423838813
2046.0 1.2936326238660678
2046.5 2.5159600149318853
2047.0 2.663939185426192
2047.5 1.202633368266448
2048.0 2.1026307945377636
2048.5 1.9286074473091868
2049.0 1.3798511677699736
2049.5 1.0597197002142444
2050.0 2.72880549995926
2050.5 2.08830066554852
2051.0 1.1577854405671395
2051.5 1.4881770700148227
2052.0 0.5653739774356955
2052.5 2.6046666253702337
2053.0 1.8691860060893242
2053.5 0.9764636268729758
2054.0 1.4215784339817374
2054.5 0.8723061201921783
2055.0 0.2154615941055854
2055.5 1.0729658618814815
2056.0 1.124561607460092
2056.5 1.3340024361484222
2057.0 0.6475523821705805
2057.5 0.9208230460676765
2058.0 1.5710856853977504
2058.5 1.7725355188463792
2059.0 1.7899970875001974
2059.5 1.703659310997682
2060.0 1.6514472450844724
2060.5 2.3004398102772186
2061.0 1.5144401063127
2061.5 2.066490195963756
2062.0 1.846886368154106
2062.5 1.797156911700374
2063.0 2.010270348811237
2063.5 2.1482307270190093
2064.0 1.2351249913962552
2064.5 2.860121360116128
2065.0 1.599691091884102
2065.5 2.0098515471459737
2066.0 1.826749925675125
2066.5 3.1887034676282076
2067.0 1.4286110686531703
2067.5 2.359407221481125
2068.0 1.928712312283302
2068.5 2.304101199371341
2069.0 1.1625968802245836
2069.5 1.378769560321512
2070.0 1.6876503318524732
2070.5 1.2751522296441506
2071.0 1.0064164603180767
2071.5 0.7557742346074232
2072.0 1.0315154194234335
2072.5 0.4833925183395846
2073.0 0.5981180800350689
2073.5 0.9316947618756908
2074.0 0.9781234209542287
2074.5 0.36624401256949723
2075.0 0.8633144790021262
2075.5 0.7623882666616715
2076.0 0.9941872135720004
2076.5 0.9301439944948223
2077.0 4.140150200104394
2077.5 2.237031389937607
2078.0 1.935933241273774
2078.5 2.96016909581333
2079.0 3.2859680404303115
2079.5 1.8539236556882996
2080.0 2.666064881861782
2080.5 3.771857055708473
2081.0 1.455795788676761
2081.5 1.621663491617439
2082.0 2.302022428216178
2082.5 1.8070854985991511
2083.0 2.247749780919865
2083.5 1.9822840706583853
2084.0 2.162309764665898
2084.5 1.1484679840532082
2085.0 1.1349956407910904
2085.5 1.0897212574422253
2086.0 2.2585339447610213
2086.5 1.5461425522179106
2087.0 3.475318972767635
2087.5 2.720491608602001
2088.0 2.059132025255411
2088.5 1.3035519322074904
2089.0 3.218453143709954
2089.5 2.1411416477262915
2090.0 2.5444569151686993
2090.5 2.1200842126984827
2091.0 1.931812288431767
2091.5 3.2658399907992033
2092.0 2.0817386718782838
2092.5 1.6158841778339674
2093.0 2.3707794689989763
2093.5 0.7421732378782415
2094.0 1.4142200554398823
2094.5 0.774226934068655
2095.0 0.9699158126408145
2095.5 1.2741183637118554
2096.0 1.3630904278294371
2096.5 1.2815116919603535
2097.0 0.9614685415045405
2097.5 1.0760829425492595
2098.0 0.7600575591926877
2098.5 1.3962175811911932
2099.0 1.0241525729624235
2099.5 0.8308184783513601