1500.0 1.804949631170311
1500.5 1.7926108792215774
1501.0 1.180957316295348
1501.5 1.4681641505336853
1502.0 0.9614797029015805
1502.5 2.10522187593969
1503.0 1.497867189873942
1503.5 1.0219791682235402
1504.0 0.2
1504.5 0.6955964848049496
1505.0 1.1519239941190804
1505.5 0.7455492384363807
1506.0 0.7711108187547195
1506.5 0.6128063886755771
1507.0 0.9215111788922342
1507.5 0.8693036616700134
1508.0 1.0694676549408841
1508.5 1.2592415050620795
1509.0 0.9512424363760827
1509.5 0.7929883569649205
1510.0 0.895295717962036
1510.5 1.1849857447922447
1511.0 1.3071481065998551
1511.5 1.21630383450447
1512.0 0.7333059657920143
1512.5 1.4898532529903874
1513.0 0.9112680902316667
1513.5 1.4305029761444943
1514.0 0.9138790042822685
1514.5 0.6971448965800575
1515.0 1.0398370637298058
1515.5 0.954075513907532
1516.0 1.3401824971211242
1516.5 1.7230569879853173
1517.0 1.1339266106238493
1517.5 1.1882896042562103
1518.0 2.319434364063699
1518.5 0.6943206416084393
1519.0 0.899513884166451
1519.5 0.7620461342144822
1520.0 1.527366627423498
1520.5 0.9444521495625755
1521.0 1.1348728897145053
1521.5 1.404379895908051
1522.0 1.567860327934241
1522.5 0.8896320461277594
1523.0 1.4606460418846832
1523.5 1.4587336169000218
1524.0 1.2196031731717194
1524.5 0.9957150675619639
1525.0 1.4890914463576062
1525.5 0.9284654329914562
1526.0 1.3254029442745823
1526.5 1.9107143885698388
1527.0 1.6621189411386728
1527.5 1.81445908141952
1528.0 0.7092738947148589
1528.5 1.7987908811441116
1529.0 0.7259600603029703
1529.5 1.20986401178945
1530.0 1.751407100949926
1530.5 0.568322135968848
1531.0 1.9940712039939446
1531.5 1.2718082884013149
1532.0 1.2361386177352176
1532.5 1.7565893563077124
1533.0 1.6909714741843427
1533.5 1.3255721734521737
1534.0 1.0108135458006213
1534.5 0.6570347053605894
1535.0 1.0959621034032094
1535.5 1.3380983165139262
1536.0 1.434465802406649
1536.5 1.4857413901793963
1537.0 0.5900659435255624
1537.5 2.0522222965755006
1538.0 1.0130126720629193
1538.5 1.8860381049431432
1539.0 1.107322418730951
1539.5 1.4834160379464512
1540.0 1.1758914584575488
1540.5 1.3735890643484077
1541.0 1.3908024172335136
1541.5 0.8782308934041145
1542.0 1.4378897067122436
1542.5 1.1015217605690606
1543.0 1.1385402581384827
1543.5 0.7580606779634098
1544.0 1.6920657938320778
1544.5 1.6344928516860124
1545.0 1.3690493107233213
1545.5 1.5558372172557169
1546.0 0.5118509764687836
1546.5 2.2402680132501276
1547.0 1.0929687946712607
1547.5 0.5541225176787739
1548.0 1.7965207943170702
1548.5 1.552938753801755
1549.0 1.9809172121924616
1549.5 2.1443289326976043
1550.0 2.254411207002823
1550.5 1.6200589132552796
1551.0 0.8130947939442033
1551.5 1.7362079574310183
1552.0 1.9666399983944005
1552.5 2.1480843845482185
1553.0 2.032705910438729
1553.5 0.8422011908025989
1554.0 2.196220318337707
1554.5 2.3949468945207224
1555.0 2.612488471846686
1555.5 1.7117843255915361
1556.0 0.7399924958040724
1556.5 1.2335985821261943
1557.0 1.9828341950376918
1557.5 1.6377907933761233
1558.0 1.9577744241122164
1558.5 2.95358742437249
1559.0 3.2197060000186806
1559.5 1.5591183184487383
1560.0 1.8287675468188143
1560.5 2.3314699007414825
1561.0 1.8206801267139845
1561.5 2.015356453535149
1562.0 0.904771515293608
1562.5 0.787394212621485
1563.0 1.1911474302242544
1563.5 2.3047615433698283
1564.0 2.0441734319451506
1564.5 1.4834664066138998
1565.0 1.4466799958388084
1565.5 1.1022902120050644
1566.0 0.7524603404790742
1566.5 2.460501615470708
1567.0 3.930246498622447
1567.5 1.1510755123965528
1568.0 0.9164546266789027
1568.5 0.7294241167600521
1569.0 1.0670806969455044
1569.5 0.9443615444927274
1570.0 1.070634656753855
1570.5 0.8983211115561239
1571.0 1.2224180382655638
1571.5 1.3224163266613989
1572.0 0.48723230354345415
1572.5 1.3005448419829857
1573.0 1.2345325562670735
1573.5 1.0759856065282971
1574.0 0.6569445211107078
1574.5 1.3359177770379445
1575.0 0.9761231075799692
1575.5 1.5053663518188105
1576.0 0.7638453681638055
1576.5 0.8508999827373831
1577.0 1.0572940095957262
1577.5 1.3025355710616084
1578.0 1.1849570809941747
1578.5 1.4217525969919984
1579.0 0.7881088829638027
1579.5 0.7647193681365007
1580.0 2.248793883710176
1580.5 2.1200253437251178
1581.0 2.437349291055018
1581.5 2.375419370517047
1582.0 1.4832618945661848
1582.5 2.9005218230120926
1583.0 1.6361429013596591
1583.5 1.2437268845109373
1584.0 1.5948616211042164
1584.5 2.3027423002805354
1585.0 1.851048756103114
1585.5 2.993069408174886
1586.0 2.9329899289042816
1586.5 2.2995965085236207
1587.0 1.2353185750958195
1587.5 2.879127151647388
1588.0 1.6233671511062573
1588.5 2.200449386965856
1589.0 2.33961654345621
1589.5 1.820049773232897
1590.0 2.4598238098749015
1590.5 1.2679693192187633
1591.0 0.9741389849650537
1591.5 3.4723454017183206
1592.0 3.987908396700848
1592.5 2.1628206130651493
1593.0 2.8858582388652994
1593.5 0.8663873644377833
1594.0 3.145727108101217
1594.5 2.38926415865372
1595.0 2.5568086295630668
1595.5 2.2358681994643708
1596.0 2.836100190780126
1596.5 1.4180872998131524
1597.0 2.191175721841734
1597.5 1.4572182819109833
1598.0 0.5281466738045737
1598.5 3.814172743566382
1599.0 2.4770672086538674
1599.5 2.2452424927796457
1600.0 1.9634927486940863
1600.5 4.234665668009418
1601.0 0.3873440534088899
1601.5 1.784514205645219
1602.0 3.370368496959599
1602.5 0.9655981697257654
1603.0 1.5122529698226277
1603.5 1.2162307918179094
1604.0 1.9128333405225366
1604.5 1.5509868655438008
1605.0 0.7123072682574295
1605.5 1.4483423129538866
1606.0 1.2322224422880494
1606.5 1.5308978684640562
1607.0 1.6483843991213294
1607.5 1.5807839274834783
1608.0 1.001094007081008
1608.5 2.1698231177082064
1609.0 1.9198794919117377
1609.5 0.5400045766645505
1610.0 0.9304988061688517
1610.5 0.8822324439543183
1611.0 0.799836474322395
1611.5 1.2425081177609159
1612.0 1.4160517130956702
1612.5 0.8562430120291038
1613.0 0.8224146581350198
1613.5 0.9752592038046362
1614.0 0.5848887798496117
1614.5 1.4334714600570453
1615.0 1.3319603902520623
1615.5 1.2895580147838877
1616.0 1.9750311928229232
1616.5 2.5582660456328963
1617.0 1.5152721010636978
1617.5 0.417342497513554
1618.0 2.018847666411796
1618.5 2.5175217191410035
1619.0 1.7960558538378888
1619.5 1.2638257803394368
1620.0 1.435208318577652
1620.5 1.8787868126683391
1621.0 2.2755490804925103
1621.5 1.2654135713367727
1622.0 1.0672199735787147
1622.5 1.5496111963463195
1623.0 1.5517571499800216
1623.5 0.8019695729218576
1624.0 1.7228182478201621
1624.5 1.5325391006756526
1625.0 2.218251181380084
1625.5 0.861036024992587
1626.0 1.748395482722894
1626.5 1.9514740370883041
1627.0 1.5968431761175856
1627.5 2.9002784049061843
1628.0 1.0072498189701062
1628.5 0.8875593674616502
1629.0 1.339261478449045
1629.5 0.4182050792637826
1630.0 0.7286713104015267
1630.5 1.1109309249662398
1631.0 0.809657899333706
1631.5 0.9217020070021831
1632.0 0.6069195326771435
1632.5 0.8544308356659012
1633.0 0.8776212974820989
1633.5 1.3289916774399426
1634.0 0.9748550187388195
1634.5 1.250338896775709
1635.0 0.9476330130982803
1635.5 1.2118590020953783
1636.0 1.8649463111900453
1636.5 1.1094509253314593
1637.0 0.9273814784563634
1637.5 1.9859320670979075
1638.0 1.8446532099162611
1638.5 0.7872247325244606
1639.0 1.138391210432872
1639.5 0.4868295262176471
1640.0 1.0402583549853184
1640.5 1.249688682548853
1641.0 1.5305323045051753
1641.5 1.3094672773479168
1642.0 0.6030029154875278
1642.5 0.9700065162503941
1643.0 0.9439015326139124
1643.5 0.3742284421507268
1644.0 1.3632880249646506
1644.5 0.9539173544534463
1645.0 1.0439498908610876
1645.5 1.1001767676439735
1646.0 0.4825383385854043
1646.5 0.8027109658727999
1647.0 1.155613256364877
1647.5 1.41831319380237
1648.0 1.2515484274885784
1648.5 0.6013345410745436
1649.0 0.995642840267674
1649.5 1.5509185673459918
1650.0 2.4683592950957225
1650.5 2.0763101403051927
1651.0 2.054505774553874
1651.5 0.7872752150437203
1652.0 2.5286189174854954
1652.5 2.3570962624509186
1653.0 3.4500909177320076
1653.5 1.416622562510851
1654.0 2.3274183090919576
1654.5 1.6205189743295612
1655.0 2.597763456224775
1655.5 2.650541374625755
1656.0 1.8481411283129292
1656.5 1.0462406976802625
1657.0 0.8763849103946239
1657.5 0.6226268808916233
1658.0 1.0325178494093628
1658.5 1.404842575409178
1659.0 1.2691012591725668
1659.5 0.9980530905588192
1660.0 1.1837029720482466
1660.5 0.996310572725005
1661.0 1.187995533927211
1661.5 1.2783098114837386
1662.0 0.9856040735889902
1662.5 1.0933189855144123
1663.0 0.9162731261500572
1663.5 1.230586811749827
1664.0 1.2920957181344415
1664.5 1.1420055833427125
1665.0 1.1887990294453843
1665.5 1.064671415807964
1666.0 1.2490073528461298
1666.5 1.1066330046717787
1667.0 1.290657858464873
1667.5 1.35832874353954
1668.0 0.964485604795885
1668.5 1.3811091853053858
1669.0 1.297513616236705
1669.5 1.3850874029320575
1670.0 0.42777661254043164
1670.5 0.6727738765592175
1671.0 1.3282311922271515
1671.5 1.1593080068023194
1672.0 1.527347677938252
1672.5 1.0388765238181612
1673.0 1.289968232244805
1673.5 0.60675808857353
1674.0 1.2770789511633314
1674.5 1.0454293207130143
1675.0 0.9648454564053037
1675.5 1.213226514818114
1676.0 1.396169261887765
1676.5 1.5828552150397401
1677.0 0.8572779207339114
1677.5 0.8490024656275504
1678.0 0.9107337275984378
1678.5 0.9621870543208875
1679.0 0.5871510320861426
1679.5 0.6119025163805261
1680.0 0.7036732532681834
1680.5 0.7434619162708096
1681.0 0.8701874677431396
1681.5 1.8046385095881636
1682.0 1.1491450999307298
1682.5 1.432449533575523
1683.0 1.1882480878602382
1683.5 2.009909335469657
1684.0 1.2190128035413719
1684.5 1.3959378647084608
1685.0 1.8336486874921694
1685.5 1.3278792685477712
1686.0 1.9763496056431797
1686.5 1.1563637084820708
1687.0 0.9018903828467345
1687.5 1.9257501060024758
1688.0 1.0263241103364167
1688.5 1.558365606437548
1689.0 0.5441279537752177
1689.5 1.0446503499087108
1690.0 1.119499595552214
1690.5 1.5302236384666887
1691.0 1.1532606473709546
1691.5 1.0896320058550946
1692.0 1.3202257321129904
1692.5 0.9904839857957389
1693.0 0.7431145821837293
1693.5 0.738650310598872
1694.0 0.9374569714595546
1694.5 1.4443483239188333
1695.0 1.1614035083342942
1695.5 0.7333398977961344
1696.0 1.465022721323773
1696.5 0.8986268896497043
1697.0 0.7092016215741135
1697.5 1.2214755580752437
1698.0 1.5122236370261901
1698.5 1.6898243867932459
1699.0 3.194303306171949
1699.5 2.0017288607238424
1700.0 3.271804243026888
1700.5 2.4898640645369072
1701.0 2.534671777815528
1701.5 1.4778123540044628
1702.0 0.9528922538793758
1702.5 1.52990884283905
1703.0 3.186767975705524
1703.5 2.168500739855821
1704.0 1.982651106289125
1704.5 3.5628812379215473
1705.0 2.6693034567690765
1705.5 1.5425055839999673
1706.0 2.3135866476645885
1706.5 1.282835842630306
1707.0 0.5312807878915484
1707.5 3.337850505073047
1708.0 1.6105643819902689
1708.5 1.6928264716224206
1709.0 2.3986299635536685
1709.5 2.5035676095739
1710.0 2.5669608772340498
1710.5 2.2170477821405896
1711.0 2.7523763497284612
1711.5 1.376962347843031
1712.0 1.3049192049988783
1712.5 0.8865183871060351
1713.0 0.8737913925939896
1713.5 1.088425131322539
1714.0 1.1776199073851727
1714.5 1.3562411910161236
1715.0 1.024554542550494
1715.5 1.2586776914239888
1716.0 1.0821853437075222
1716.5 1.1229742670912486
1717.0 0.7521035020627186
1717.5 0.8891735241724117
1718.0 1.3773892211477161
1718.5 1.4674421152777481
1719.0 1.263671432565844
1719.5 1.4608219034871741
1720.0 2.124312597455192
1720.5 1.7948178975498372
1721.0 1.4197253166016908
1721.5 1.2872444175900832
1722.0 1.6533288098735814
1722.5 0.8556962644788122
1723.0 0.8181766396275847
1723.5 1.5701780874639018
1724.0 1.389440102569193
1724.5 0.8783010825708853
1725.0 1.7528422741164285
1725.5 1.2510672302330728
1726.0 0.6687692729782535
1726.5 1.6934543190516
1727.0 0.2
1727.5 2.571503701311941
1728.0 3.2732184603167465
1728.5 3.9459739497076436
1729.0 3.0064214240081544
1729.5 1.5990977134344044
1730.0 3.622195239115926
1730.5 3.7333127224925153
1731.0 0.8239347632839071
1731.5 3.2116326765329015
1732.0 1.1833050595127954
1732.5 1.751651533875056
1733.0 2.708346675817862
1733.5 3.3414595011957324
1734.0 2.148173732666238
1734.5 2.869448297999213
1735.0 2.48546467061093
1735.5 1.5934693542797231
1736.0 2.2812042485087
1736.5 1.84445355076527
1737.0 0.812242658829419
1737.5 0.5846065738689907
1738.0 0.2
1738.5 2.7871343074846022
1739.0 1.5377943335059256
1739.5 1.7446342721765817
1740.0 2.2501489159571735
1740.5 2.08158235005188
1741.0 1.8444161781645596
1741.5 2.7748434695621684
1742.0 1.6333854923713322
1742.5 1.9853356160185307
1743.0 1.9354451765751786
1743.5 0.7567854651469146
1744.0 1.945587507541714
1744.5 2.98381837422104
1745.0 2.95482230939865
1745.5 0.2
1746.0 0.26116629428741245
1746.5 2.3318381762322877
1747.0 2.3984301045759753
1747.5 2.621990225062108
1748.0 4.259055324515119
1748.5 2.4874725145397356
1749.0 3.378003940897572
1749.5 1.2214124986111443
1750.0 0.966663892076843
1750.5 1.0497683859526588
1751.0 0.8875396775227107
1751.5 1.4518467334958312
1752.0 1.3849855774007704
1752.5 1.3928369036405965
1753.0 2.0406210165741605
1753.5 2.165829673869218
1754.0 1.5851851908219587
1754.5 0.24358967817828825
1755.0 1.984603034266481
1755.5 1.1485207787931153
1756.0 1.1480880695139088
1756.5 1.2632152102937342
1757.0 1.674274719348885
1757.5 1.6261169122043997
1758.0 2.0009760336705438
1758.5 1.3188410852265728
1759.0 1.5453287609344453
1759.5 1.2191827338665728
1760.0 1.3992435068863722
1760.5 0.9896104486800439
1761.0 1.8633872785757637
1761.5 1.5929054335611206
1762.0 0.9536676085139154
1762.5 0.8556005827232114
1763.0 1.5636710164811807
1763.5 0.7304591592184361
1764.0 1.036096723193768
1764.5 0.9915521890485441
1765.0 1.2863019343087376
1765.5 0.9549838305149987
1766.0 0.9302381547997203
1766.5 0.9659525857710769
1767.0 0.8846747892649461
1767.5 1.5215304663338656
1768.0 1.3399173643744786
1768.5 0.7863089514079475
1769.0 0.9033650764403858
1769.5 0.9736032773170837
1770.0 1.4697400919640746
1770.5 0.7686298592581718
1771.0 1.0336358225586266
1771.5 0.916817632232334
1772.0 1.0348748826570362
1772.5 1.470163507705601
1773.0 1.4497749285664547
1773.5 2.981974210037044
1774.0 1.977122982166968
1774.5 2.285171297101688
1775.0 3.0680685002046264
1775.5 2.5067232669536166
1776.0 1.2993057480493664
1776.5 3.113964153823196
1777.0 3.1513829818556287
1777.5 0.6592260484084422
1778.0 1.5388724506965439
1778.5 1.5041222276768567
1779.0 1.432681024915217
1779.5 1.081390825866777
1780.0 0.9082166618430039
1780.5 1.2604843787134856
1781.0 1.4356451017107157
1781.5 0.8825583907477991
1782.0 0.8695955714454513
1782.5 1.9207586991017176
1783.0 0.6833907642425427
1783.5 0.7570076966047776
1784.0 0.8218902637468513
1784.5 0.7145518861767464
1785.0 0.7353709781707265
1785.5 0.9514117765019061
1786.0 0.5265224854667026
1786.5 0.723762693822767
1787.0 1.4836954367629611
1787.5 0.830528418595799
1788.0 2.3679303022387357
1788.5 1.1453626343243788
1789.0 0.8109369770649221
1789.5 1.6286554891902452
1790.0 2.2114166916708546
1790.5 1.4531648855812653
1791.0 1.0831009520601014
1791.5 2.344852437169471
1792.0 1.515211557862505
1792.5 0.6882914579099177
1793.0 1.561430604718695
1793.5 1.3594059487162746
1794.0 1.3128994941757328
1794.5 0.4781286638684408
1795.0 1.0962775538673428
1795.5 1.7473008177924507
1796.0 1.2078161318990928
1796.5 1.7223761204487462
1797.0 1.1595752243114905
1797.5 1.3506773423762506
1798.0 1.2774856463006574
1798.5 1.647744124940208
1799.0 1.806730890373535
1799.5 1.952949296085373