2400.0 2.782698222007891
2400.5 2.4456874783338147
2401.0 1.4137960712000766
2401.5 2.7230941635311297
2402.0 2.3934964025707424
2402.5 2.2744700290995583
2403.0 2.710252767657459
2403.5 3.3596708537253464
2404.0 3.5538348100504207
2404.5 2.8834405289713523
2405.0 2.0438276273752702
2405.5 3.849862559905282
2406.0 1.112336636614823
2406.5 4.542453939201846
2407.0 3.61167168208084
2407.5 2.621332070374635
2408.0 1.9771058683761604
2408.5 2.7199327060723473
2409.0 3.020184099372778
2409.5 2.7909483606541508
2410.0 0.9601089745820102
2410.5 1.910918797324849
2411.0 2.5504992927762373
2411.5 3.572278477280573
2412.0 2.7983983852741705
2412.5 3.868115230980382
2413.0 2.0121282530978037
2413.5 3.245758098208198
2414.0 4.796089838390272
2414.5 0.7325037347705898
2415.0 1.2521898930971078
2415.5 1.3760918477769633
2416.0 2.3148445374221938
2416.5 2.214207898879361
2417.0 0.7294652369764976
2417.5 2.0969023392437025
2418.0 0.2
2418.5 1.8137514129063423
2419.0 1.4005927471058375
2419.5 2.908175609139028
2420.0 0.846011051323769
2420.5 2.3232902855525213
2421.0 1.461892760611291
2421.5 0.8662051130835078
2422.0 1.2129328586414392
2422.5 1.0691234504735516
2423.0 1.6126713825377075
2423.5 0.9050167901337276
2424.0 1.181073041071334
2424.5 0.7335035399765959
2425.0 1.1671819246581474
2425.5 1.2520584390687444
2426.0 2.677599310922175
2426.5 1.9234272766350948
2427.0 3.3137685693489947
2427.5 2.330052798098265
2428.0 1.3299946101399727
2428.5 3.6572339560764227
2429.0 1.4682895980486088
2429.5 1.3760152232572311
2430.0 1.803438964867246
2430.5 1.2034470516517684
2431.0 1.8192347567964111
2431.5 1.8490008570640306
2432.0 1.8796438553750419
2432.5 1.9630002669504572
2433.0 1.157239338115501
2433.5 1.3020041925790355
2434.0 1.4180265839674875
2434.5 1.4798100138644872
2435.0 1.062899824161656
2435.5 1.1718985071026058
2436.0 0.4684674281913882
2436.5 1.3010357905837946
2437.0 1.7510086150556505
2437.5 0.8032373655999123
2438.0 0.8123939442631722
2438.5 0.5386101646160149
2439.0 0.5808682137352463
2439.5 0.7368368123035651
2440.0 0.7189288646738705
2440.5 1.4114859791893681
2441.0 1.890883247227074
2441.5 0.8816042665076766
2442.0 2.009732876781131
2442.5 2.68437586329164
2443.0 2.290078382248315
2443.5 0.510109553735685
2444.0 1.8384905171259072
2444.5 1.2113678080945245
2445.0 0.6408031938498615
2445.5 1.8803659992436192
2446.0 1.8434660953502287
2446.5 1.1817569515642643
2447.0 1.6090567421180866
2447.5 1.1172961216397455
2448.0 1.9746232009346454
2448.5 0.9089763201003611
2449.0 2.0177099984535554
2449.5 1.4191301226243107
2450.0 0.819538726886625
2450.5 1.2878646083036216
2451.0 1.406677580525429
2451.5 1.5491510580794356
2452.0 1.518359415232955
2452.5 1.8968842297473596
2453.0 1.18280054263517
2453.5 1.5209278810263465
2454.0 1.4060794862761559
2454.5 0.8362774233358264
2455.0 1.0856066113203307
2455.5 1.0928917642028404
2456.0 1.4999182504331587
2456.5 1.1782441378197963
2457.0 1.6199197298258958
2457.5 1.0461006573044247
2458.0 2.174984274245797
2458.5 1.9031756945053802
2459.0 1.7215450654941067
2459.5 1.2863201358798233
2460.0 2.232059352200276
2460.5 2.7060636671464744
2461.0 1.8432464884655704
2461.5 1.1608754036606654
2462.0 1.7817734273488943
2462.5 1.481038524368582
2463.0 1.1908033920717749
2463.5 1.4435541390338704
2464.0 1.0248433783642148
2464.5 1.3533113248762265
2465.0 1.2527303147250608
2465.5 1.0408883625258718
2466.0 1.1089883782595171
2466.5 0.9396441080712302
2467.0 1.4138069493154304
2467.5 0.8244678653493396
2468.0 1.8253574471928251
2468.5 1.8274761623716522
2469.0 0.9591971356178475
2469.5 2.3648221806730274
2470.0 1.507734851374465
2470.5 1.6821518494799248
2471.0 0.9642697190213536
2471.5 0.38108714062546234
2472.0 2.0899466518860144
2472.5 1.6261639027160988
2473.0 2.510058994569672
2473.5 2.5050998350696854
2474.0 2.3384735426945955
2474.5 1.4294595476678107
2475.0 2.1603815519159646
2475.5 1.725138497675598
2476.0 1.9259589076701524
2476.5 1.1973266702233023
2477.0 2.48193341258776
2477.5 2.556971758237242
2478.0 1.8192435846407569
2478.5 0.2
2479.0 2.293052021111971
2479.5 0.4808638394806588
2480.0 2.1139125417501337
2480.5 1.8081783162420872
2481.0 1.3301920895511006
2481.5 1.5381189152942594
2482.0 1.3955210895775094
2482.5 2.6252356799734877
2483.0 1.9993334378653043
2483.5 2.7151848404313057
2484.0 1.1485246886171068
2484.5 0.6610840749184557
2485.0 0.7059418367346117
2485.5 0.6121908515521011
2486.0 0.8924202351410062
2486.5 0.7378418180024694
2487.0 0.7555818393601423
2487.5 0.7501505531993795
2488.0 0.78588477013501
2488.5 1.0393206505769612
2489.0 1.1504039338265857
2489.5 0.8879326007575258
2490.0 0.7704390534644732
2490.5 1.051914158586654
2491.0 0.622988864396743
2491.5 0.6384187453778736
2492.0 0.517525632255533
2492.5 1.0942420413591214
2493.0 1.174001694260764
2493.5 1.1026956088328466
2494.0 0.7895528018725423
2494.5 0.9050442541445711
2495.0 2.4755983877870342
2495.5 0.9870414597825119
2496.0 1.369876485141355
2496.5 1.7390503510495994
2497.0 1.6726812773669035
2497.5 1.5167025909501581
2498.0 1.7385088849453183
2498.5 0.7206201290989716
2499.0 2.109218486597186
2499.5 1.9516528691588428
2500.0 1.2718064509097335
2500.5 1.9571392651306074
2501.0 1.6613607822211494
2501.5 2.121759518530875
2502.0 1.9169952657354985
2502.5 0.9374695328582349
2503.0 1.794096449174457
2503.5 1.6308904327560247
2504.0 0.7767516421372007
2504.5 1.3512277971781936
2505.0 1.7377415537363707
2505.5 0.7969698998500521
2506.0 1.2506726932945065
2506.5 1.2864100618983074
2507.0 0.9429378440492056
2507.5 1.302455283362031
2508.0 1.0716119655440988
2508.5 0.8227946966645403
2509.0 0.9290093739877302
2509.5 0.7633733885615068
2510.0 1.329881793925563
2510.5 0.6792916205127196
2511.0 0.4687277868115045
2511.5 1.1259652305186174
2512.0 1.2181903939278258
2512.5 0.9504227161627659
2513.0 1.3594759538179741
2513.5 2.1420126373680386
2514.0 2.586971532469053
2514.5 1.8080549191022393
2515.0 1.7182429920506868
2515.5 2.251434333747091
2516.0 1.5187540273528035
2516.5 2.6275575567201943
2517.0 1.4020025695737939
2517.5 1.815277654337501
2518.0 2.622174193475078
2518.5 2.0843463213167928
2519.0 1.790520429862986
2519.5 0.9088230228186692
2520.0 1.246491211173704
2520.5 2.0127325635207463
2521.0 1.733366948019028
2521.5 0.595104045891655
2522.0 2.1323725612396105
2522.5 1.4991815091511997
2523.0 1.9257334352237314
2523.5 2.032829152783502
2524.0 0.8638463231751062
2524.5 1.6128278344718434
2525.0 1.0444893368894475
2525.5 1.6994937733343347
2526.0 2.1462900517896655
2526.5 1.491774302962585
2527.0 1.5844197352367946
2527.5 0.7756214194623373
2528.0 1.963159589829739
2528.5 2.7991903759307357
2529.0 2.6041352138357423
2529.5 1.5907882417808215
2530.0 1.4623583278036507
2530.5 1.7305298887725353
2531.0 2.1079933177339805
2531.5 1.6524945430573363
2532.0 0.8877530792505869
2532.5 1.1896930909092647
2533.0 1.6260716184041235
2533.5 1.5491773643182545
2534.0 0.463514051948799
2534.5 1.467686573954695
2535.0 0.9645357557653262
2535.5 1.8862277089619117
2536.0 0.8384010198811273
2536.5 0.9822530501886272
2537.0 0.9533699980205129
2537.5 1.3145992423682
2538.0 0.4539259579928159
2538.5 1.6452426745164708
2539.0 0.9363888308857169
2539.5 1.1538424177074789
2540.0 2.440583991204117
2540.5 1.8368296102678743
2541.0 1.2239746640231632
2541.5 0.8022136308332164
2542.0 2.16819179002228
2542.5 1.9155898102926852
2543.0 1.3224079464328118
2543.5 2.463565278722195
2544.0 1.8966976608806903
2544.5 2.3307096812461063
2545.0 2.375511185130812
2545.5 1.1623904413005444
2546.0 2.293198798670042
2546.5 3.2091184725517605
2547.0 2.7104099857724937
2547.5 5.023100943335162
2548.0 2.761487900708555
2548.5 2.7768887381351917
2549.0 1.959641267491237
2549.5 4.330008643325018
2550.0 1.8364338115591956
2550.5 2.826208080438313
2551.0 2.0157977302099153
2551.5 3.11420820882993
2552.0 1.1193210673725333
2552.5 1.6038856710054412
2553.0 1.0216615958764426
2553.5 3.2449484321252164
2554.0 1.5711446413956396
2554.5 1.94007962307291
2555.0 3.2788460802417374
2555.5 3.8948323776765763
2556.0 4.3481480430712836
2556.5 3.3153527341563933
2557.0 1.6246393551638434
2557.5 0.719396616222129
2558.0 0.8545584465788973
2558.5 0.5622474680990579
2559.0 0.7362283157962588
2559.5 1.0864336065115765
2560.0 0.8224143962807644
2560.5 1.391398873440787
2561.0 1.0102453259662603
2561.5 1.0456387008724928
2562.0 0.7874362161919506
2562.5 0.6075708228578641
2563.0 0.6072100309224551
2563.5 0.7360419712486936
2564.0 0.9424677743055198
2564.5 0.831642049035263
2565.0 1.2427541582722479
2565.5 1.2633251908508516
2566.0 0.724797927026859
2566.5 1.0033227345607618
2567.0 0.8989316251197559
2567.5 0.9890419905852432
2568.0 0.8480262163708069
2568.5 0.6655450994533558
2569.0 1.0054569917899068
2569.5 0.5955371296582753
2570.0 0.8708649684257177
2570.5 0.6197821928665164
2571.0 0.9054697507094799
2571.5 0.8196059276613525
2572.0 0.90092422567367
2572.5 0.5942614365956118
2573.0 0.8881895229441286
2573.5 0.6479490831547213
2574.0 2.2370883528319796
2574.5 1.616801922855878
2575.0 2.553368279459334
2575.5 1.515243377721874
2576.0 0.3024383679505156
2576.5 1.2569446310574373
2577.0 0.7108522705670228
2577.5 1.5528935332169815
2578.0 2.383548662788381
2578.5 0.8444196526407528
2579.0 1.1593121466185965
2579.5 0.7193074663533461
2580.0 2.5445938164799924
2580.5 0.7664494456205557
2581.0 3.1506908117534613
2581.5 1.115384855842951
2582.0 2.3554422695731034
2582.5 2.064643385833787
2583.0 1.6438619322305754
2583.5 1.1374328411901096
2584.0 2.5135015448427604
2584.5 1.5540892092605834
2585.0 1.7446558263118608
2585.5 1.5106262352803732
2586.0 1.0884897884289702
2586.5 0.7163266689531533
2587.0 0.7523768891415543
2587.5 0.7881949027918576
2588.0 0.5355553680066552
2588.5 0.7264137499085417
2589.0 0.6939772536091369
2589.5 0.8356425390472364
2590.0 0.6657229634348373
2590.5 0.5714345809440668
2591.0 0.7109245143160878
2591.5 0.6326165844892211
2592.0 0.6989879251075883
2592.5 0.6738344978620863
2593.0 0.674302186213579
2593.5 0.7322927530096504
2594.0 0.7995351842067533
2594.5 0.9059018560384595
2595.0 0.7912549323254097
2595.5 0.6851826832620678
2596.0 0.5964701316389347
2596.5 0.5914843132936667
2597.0 0.5922416078011048
2597.5 0.8035292883316738
2598.0 0.7079113318039623
2598.5 0.6920151178909297
2599.0 0.7586070336940101
2599.5 0.7288095895177149
2600.0 0.9034890131523157
2600.5 0.5790326145566316
2601.0 0.7748509482072206
2601.5 0.6822141771199346
2602.0 0.6497209407508417
2602.5 0.6905203118365226
2603.0 0.6583083678153041
2603.5 0.6596923102820644
2604.0 0.7272724072701855
2604.5 0.9058539256759297
2605.0 0.6566939327640016
2605.5 0.6113834492590453
2606.0 0.8637589733026343
2606.5 0.8991962905840416
2607.0 0.7368478216612326
2607.5 0.7682014866853484
2608.0 0.5739247087090167
2608.5 0.6345119242684366
2609.0 0.38979875579931966
2609.5 1.7134471414341097
2610.0 0.45428546995998165
2610.5 0.798771053558551
2611.0 0.8133666719487403
2611.5 0.9825443561823859
2612.0 0.7344509068410098
2612.5 1.0309770199534325
2613.0 0.7737345627313826
2613.5 1.0935977080943422
2614.0 0.6299295830954532
2614.5 0.6778940706179837
2615.0 0.8179244800858195
2615.5 0.6806903982367646
2616.0 0.5226489076023735
2616.5 0.8650809403683497
2617.0 1.106140266710021
2617.5 0.8192907230985492
2618.0 0.9257720943947474
2618.5 1.0306271442291184
2619.0 0.9684991745341636
2619.5 1.0852289323723054
2620.0 0.9047037653686856
2620.5 1.0622742262045257
2621.0 1.16126775862901
2621.5 0.9173073869997531
2622.0 0.6851750003576631
2622.5 0.948533621409584
2623.0 0.978905632987219
2623.5 0.9958188315934903
2624.0 0.7216447989738959
2624.5 1.186102178472451
2625.0 0.7819167194199297
2625.5 0.919647347671353
2626.0 0.8984814064419753
2626.5 0.8817590811646032
2627.0 0.6222753146947806
2627.5 1.1204871110224017
2628.0 0.8272660564441088
2628.5 1.31651015122096
2629.0 0.9081653205967986
2629.5 0.9284059627771405
2630.0 0.6955842250643451
2630.5 1.0793276765509563
2631.0 1.2936916593893129
2631.5 2.32564264297194
2632.0 1.2101534848227338
2632.5 1.5587807406403653
2633.0 0.6682674125479298
2633.5 2.4566491564564448
2634.0 2.3262947484468484
2634.5 1.925541116546333
2635.0 1.0321653429249773
2635.5 3.27326107960166
2636.0 3.0417111133401438
2636.5 1.7404010432108157
2637.0 1.54911512300056
2637.5 1.4684239826461565
2638.0 0.9406526343324646
2638.5 2.576990827104316
2639.0 1.4997543567254874
2639.5 1.120432783301746
2640.0 0.857586197582935
2640.5 1.74288808849341
2641.0 1.5533759745221865
2641.5 1.671444497383625
2642.0 2.698804515011346
2642.5 1.6939480700824352
2643.0 2.852583684785273
2643.5 1.6050070502032097
2644.0 1.2325588201513755
2644.5 0.6397219810540947
2645.0 1.7705562042245804
2645.5 1.705668991614548
2646.0 1.162850559598414
2646.5 1.832078055218933
2647.0 1.0068302351014942
2647.5 2.8612251900512744
2648.0 0.9478994264252137
2648.5 1.4640862925925735
2649.0 1.827320880483283
2649.5 1.893559054329204
2650.0 1.9912761463921727
2650.5 1.1919982532223123
2651.0 1.5483253201211329
2651.5 1.936517461451532
2652.0 1.9677575184850549
2652.5 1.1419319664558265
2653.0 1.042064789579157
2653.5 0.5623641886077573
2654.0 0.5505489427168229
2654.5 0.8523726167878136
2655.0 0.7153175876135371
2655.5 0.6720872620942009
2656.0 0.7137355289014287
2656.5 0.5801827843695051
2657.0 0.6850850572775703
2657.5 0.7972028612868053
2658.0 1.0533032102294806
2658.5 0.9757510821896265
2659.0 1.2381643955227504
2659.5 0.7167600730959789
2660.0 0.7989635652889313
2660.5 1.1801724726639629
2661.0 2.094315643920825
2661.5 1.4740472404712412
2662.0 2.9103683127998483
2662.5 1.1945560437769123
2663.0 1.4968718676262283
2663.5 0.9640067192915709
2664.0 0.83328468783091
2664.5 1.9517268118306712
2665.0 1.093997964722776
2665.5 1.3473975785218428
2666.0 2.26717272888225
2666.5 0.9396281073191315
2667.0 1.9523243004167652
2667.5 0.8965021758362196
2668.0 1.2345556693771802
2668.5 2.281529570543352
2669.0 0.5667640281383035
2669.5 2.239428409108516
2670.0 0.6955383175234502
2670.5 2.1919303887903387
2671.0 1.8494261902551297
2671.5 0.8187360433866928
2672.0 2.0416318141858767
2672.5 1.7136514991648857
2673.0 2.15030364591514
2673.5 1.8351372594487172
2674.0 1.074414585888198
2674.5 1.4919088474828326
2675.0 2.4868192952550245
2675.5 2.244881028377452
2676.0 1.781451040013959
2676.5 0.5550439720018762
2677.0 1.15105006483193
2677.5 1.7865559055124667
2678.0 1.1316239777745003
2678.5 0.874068180715738
2679.0 1.7318148946416747
2679.5 1.156755367269552
2680.0 1.296412368210564
2680.5 0.8763772780014947
2681.0 1.4556734484139902
2681.5 1.638248950991899
2682.0 1.2857406319262685
2682.5 1.5518060033301855
2683.0 1.6545861320776194
2683.5 1.9192007325610128
2684.0 1.6827439934593562
2684.5 1.1613091338580939
2685.0 2.214310162586727
2685.5 2.2701891484123875
2686.0 2.599798134449948
2686.5 2.381731460377424
2687.0 3.022462640312324
2687.5 2.899234104540004
2688.0 2.247530425338046
2688.5 2.9046647430170482
2689.0 1.221450194116715
2689.5 3.9082234514749272
2690.0 1.2303382751319294
2690.5 1.6353595033144144
2691.0 3.12088482113972
2691.5 1.2827005344630527
2692.0 1.9601781453105351
2692.5 2.081435626127875
2693.0 1.5030456587863068
2693.5 0.9212869366335407
2694.0 1.3592434257751513
2694.5 0.9468890258302692
2695.0 0.4883064578206662
2695.5 2.392932888034758
2696.0 1.161706673469146
2696.5 0.408808196725162
2697.0 1.8539812007210026
2697.5 2.722187283162042
2698.0 3.4520479728842606
2698.5 3.434360280168583
2699.0 0.7266133154773462
2699.5 1.9918283859491517