900.0 0.6943431236816797
900.5 0.7669809678431303
901.0 3.0355193795690094
901.5 1.9387355878240256
902.0 2.9887019339038123
902.5 1.6375748298609847
903.0 2.602830177266655
903.5 2.850818045416432
904.0 3.928129497691875
904.5 3.4629776707166733
905.0 1.9731987018329396
905.5 1.0294055590790905
906.0 1.2347473641642668
906.5 1.9755715903418918
907.0 1.2178407163350162
907.5 1.6434288887840414
908.0 2.918753531318201
908.5 0.8207394071921927
909.0 2.479677193165868
909.5 3.6055886803522
910.0 2.7274089221114783
910.5 2.644720186993966
911.0 3.1184349203304436
911.5 3.2573177843606627
912.0 0.7741265238123107
912.5 1.036792249515377
913.0 0.9407922955402976
913.5 1.19484838645506
914.0 1.2775606415937801
914.5 1.2811466121997697
915.0 1.1437947729522409
915.5 1.2547108691984665
916.0 1.1275286575748122
916.5 2.0144039606885187
917.0 1.20335678794177
917.5 0.9378943735364208
918.0 1.9612498626994508
918.5 2.015015131155349
919.0 1.7367240086904563
919.5 1.3067060090779408
920.0 1.310588277633387
920.5 1.0307446609280817
921.0 0.6813808083137448
921.5 0.8331069973950816
922.0 1.4253069126982834
922.5 1.2866994606751418
923.0 2.130663289054839
923.5 1.1043166288393753
924.0 0.7464885052274977
924.5 1.896277973984571
925.0 1.0671113398319227
925.5 2.9710643597469364
926.0 1.318158960655954
926.5 1.8092495899188754
927.0 1.7877975642064101
927.5 0.9233535002453376
928.0 2.319168538988367
928.5 2.1638282289920756
929.0 1.1463627497869187
929.5 2.3682244719023196
930.0 1.7917174197852266
930.5 0.9093214606371095
931.0 2.0196007464047163
931.5 0.8807738055587392
932.0 1.6889434072253204
932.5 2.402384626404661
933.0 1.6880071727493013
933.5 2.047831570004938
934.0 0.2706914640144795
934.5 2.16047017452581
935.0 2.311189387549888
935.5 0.9899452572133292
936.0 1.449725331252743
936.5 0.6746026500403304
937.0 2.203474584915834
937.5 3.106424180683814
938.0 2.185092718780365
938.5 1.5458245271034645
939.0 0.25906580889563324
939.5 0.9245842185766848
940.0 0.7780374359653418
940.5 1.400988600132242
941.0 0.7670090628427984
941.5 1.4570270776501593
942.0 2.2285644834787366
942.5 1.604460146226119
943.0 1.5368431892677596
943.5 0.7824002270679166
944.0 2.41298422513949
944.5 0.9816994534679003
945.0 0.6771175062789588
945.5 2.6461969148294138
946.0 0.6880207741161124
946.5 1.6182883595563906
947.0 1.5148798591273944
947.5 1.420749062043937
948.0 1.093276242495163
948.5 0.7718564321619545
949.0 0.597149407880259
949.5 0.6308072533057985
950.0 0.6836803894450567
950.5 0.5264882544260325
951.0 0.7301380369090611
951.5 0.694892032286602
952.0 0.5914749350915798
952.5 0.6517306178380105
953.0 0.6759556878829391
953.5 0.782146045974113
954.0 0.6330434909434839
954.5 0.8538012633586292
955.0 0.779480812868133
955.5 0.768244867994428
956.0 0.6589109121876293
956.5 1.1407344524890397
957.0 0.8062055567876937
957.5 1.6139653397776097
958.0 1.8874085649283885
958.5 1.2175986346898942
959.0 1.0974282605153975
959.5 0.8626477866734132
960.0 1.450550553972501
960.5 1.9325495447304284
961.0 0.9007399143124752
961.5 1.845913361682605
962.0 0.8200456241295095
962.5 1.9204668776936555
963.0 1.4107896797000217
963.5 1.8078993978239328
964.0 1.9978232026808325
964.5 1.5671167976481832
965.0 1.1129892414975742
965.5 1.3230011749540236
966.0 1.1085252234910867
966.5 1.4907737273935149
967.0 1.6229207103186005
967.5 1.3179868308480718
968.0 1.0005257542618802
968.5 1.6237103662525367
969.0 3.5493245711554837
969.5 0.7505475446607199
970.0 3.4013765131511517
970.5 2.816420637415296
971.0 2.0242478967319135
971.5 2.1945718738419453
972.0 1.5813534061177474
972.5 0.7507704761116767
973.0 2.3790181645258475
973.5 2.9104562252949395
974.0 2.0028456411955657
974.5 1.1378156302010438
975.0 1.3520458568584224
975.5 0.9056718982548183
976.0 2.3702036707997327
976.5 0.5354847485114552
977.0 1.5597885779347362
977.5 2.4545535030141425
978.0 0.701302188135178
978.5 0.8452258700129953
979.0 0.44377737491323094
979.5 0.7984850148759586
980.0 0.584313608687351
980.5 0.7036162320274455
981.0 0.703516057106478
981.5 0.8550043361729807
982.0 0.6268120931060144
982.5 0.6196152072847734
983.0 0.7694086010396606
983.5 0.660404358990637
984.0 0.6426996745768987
984.5 0.6317004721486135
985.0 0.7339927800146882
985.5 0.7565685856756847
986.0 0.6565714516092713
986.5 0.7915056976996726
987.0 0.5812154930253616
987.5 0.716571249974411
988.0 1.0120619155833475
988.5 1.3300490187957048
989.0 0.6715569499364898
989.5 0.8331493268856518
990.0 1.7703400045658853
990.5 2.224829807662773
991.0 2.2059057125988564
991.5 2.2884783704937783
992.0 1.921419337768946
992.5 1.995495936799268
993.0 0.7982397699269554
993.5 2.5022623281980754
994.0 1.4996945115647002
994.5 2.180050452278744
995.0 1.8848863820979143
995.5 2.3208590667129245
996.0 1.0675587498748471
996.5 3.5759600300877774
997.0 1.3480103312070557
997.5 1.5526359743026363
998.0 2.300035778973831
998.5 2.4476804494071573
999.0 2.3171101571340498
999.5 1.9530569544062826
1000.0 2.5153271386091376
1000.5 1.8092595154876923
1001.0 0.8096407846639517
1001.5 2.183114034783306
1002.0 2.565906820733516
1002.5 1.3952674448844768
1003.0 1.4378514870981252
1003.5 1.3741007358398536
1004.0 1.5755068770069491
1004.5 1.5908770976396016
1005.0 1.1860002120484596
1005.5 0.9062078329143867
1006.0 1.659374635672115
1006.5 1.6666946384403258
1007.0 1.2293872956803833
1007.5 1.048086630150909
1008.0 1.2460970038008372
1008.5 0.969404700045444
1009.0 2.0041423227671817
1009.5 1.6047738572492558
1010.0 1.3550639361425587
1010.5 1.0176573262625386
1011.0 2.1954307807857085
1011.5 1.9490761103928829
1012.0 1.0651032605067623
1012.5 0.2
1013.0 0.5538925933147746
1013.5 1.060545646196104
1014.0 2.280769033492901
1014.5 1.445613386679793
1015.0 2.2011352154248423
1015.5 2.1052282360967167
1016.0 1.0712532270211224
1016.5 2.045381727457968
1017.0 2.1734179404990384
1017.5 1.0489777007513683
1018.0 3.0573829741090934
1018.5 1.8833916379536473
1019.0 2.1722098554998173
1019.5 2.2969898421430393
1020.0 1.6492647827859301
1020.5 1.8176702380536431
1021.0 2.2213909462100823
1021.5 1.2046102747326448
1022.0 2.081838837285389
1022.5 1.738300592886905
1023.0 3.094600869820283
1023.5 1.7217400667141778
1024.0 3.440602108985507
1024.5 2.7474783668877736
1025.0 1.1660530707359071
1025.5 1.2468347512160056
1026.0 0.93580503376065
1026.5 1.2778917392665217
1027.0 0.834685003955117
1027.5 2.247790643444716
1028.0 1.4346222572476919
1028.5 1.8409124851743688
1029.0 2.7920308154764824
1029.5 2.2457314380410356
1030.0 2.815738408860799
1030.5 2.670813475980717
1031.0 2.8481555471764812
1031.5 1.3135260476690651
1032.0 1.154138575273452
1032.5 0.6090656176879179
1033.0 1.0394539648191174
1033.5 1.3189270596692761
1034.0 1.4817744010521112
1034.5 1.1900348784076304
1035.0 1.0205834420953175
1035.5 0.9895791252631179
1036.0 1.729443247288838
1036.5 1.084253275443621
1037.0 1.3971040568491573
1037.5 0.9569097304627573
1038.0 0.838175867939937
1038.5 0.6771932644323222
1039.0 0.6051593797368349
1039.5 1.2757321642654946
1040.0 1.0099023684149806
1040.5 2.016923371970658
1041.0 1.5659048102314077
1041.5 0.7758950595135139
1042.0 0.836770605833191
1042.5 1.2222071460327988
1043.0 0.7149254150715199
1043.5 0.9549860215032927
1044.0 0.7073947573406751
1044.5 0.7604568355304692
1045.0 1.0859784813434175
1045.5 0.5787656281159562
1046.0 0.7588505515492007
1046.5 1.092336633991855
1047.0 0.5897256059185234
1047.5 0.9108588056514043
1048.0 0.4691705293079454
1048.5 0.925955626912966
1049.0 0.9233112780831157
1049.5 0.7644382710146288
1050.0 1.1699397621685428
1050.5 0.7584797682001722
1051.0 2.3424535345083246
1051.5 1.932003087452919
1052.0 0.9092747606733342
1052.5 2.0718984121990496
1053.0 2.0895284329640047
1053.5 1.379427691811469
1054.0 2.036556248551907
1054.5 0.5559413157568776
1055.0 1.118252286330112
1055.5 1.326159562865199
1056.0 2.0558385657575164
1056.5 1.6764832663933666
1057.0 3.5733210641224336
1057.5 3.5888695304144145
1058.0 2.1998527789774083
1058.5 2.5502315030285363
1059.0 4.189963167077487
1059.5 3.5331161475879265
1060.0 1.8428943450883533
1060.5 2.5419413001235585
1061.0 1.4493427308656779
1061.5 2.5536512159973337
1062.0 0.37987763569959543
1062.5 2.1824357983883114
1063.0 2.7501375439732256
1063.5 1.70045522771554
1064.0 1.5772939935197887
1064.5 1.400630737169248
1065.0 1.3504172361448954
1065.5 2.34663529670113
1066.0 1.1891881471085624
1066.5 0.9361651768084983
1067.0 1.3304353666614392
1067.5 2.38241712667122
1068.0 0.942664531794754
1068.5 0.9659679883172996
1069.0 0.9202438769443905
1069.5 1.9594870666084037
1070.0 2.7915336466520855
1070.5 1.5737732692678352
1071.0 2.4524113974029813
1071.5 1.1465722523483932
1072.0 1.6654661746486732
1072.5 1.6865569460638485
1073.0 0.9637538150369862
1073.5 1.478096206949289
1074.0 1.768123983816635
1074.5 1.029116388824628
1075.0 1.5283430827612672
1075.5 2.1047826054206125
1076.0 2.7976785379291327
1076.5 3.2193221127332063
1077.0 2.123336920005391
1077.5 1.7852367999422292
1078.0 2.1157379048468843
1078.5 2.9742361864613467
1079.0 1.6381708257463257
1079.5 1.0153765428217425
1080.0 3.5207380587835173
1080.5 2.6192383319400676
1081.0 3.0495655838628903
1081.5 2.3135289359757305
1082.0 1.5636901434322268
1082.5 3.456046783839533
1083.0 1.8327827559158474
1083.5 2.3261643076623315
1084.0 2.7201446949079116
1084.5 2.5006683783097934
1085.0 1.045040000811478
1085.5 2.758872800176893
1086.0 3.8578553699214346
1086.5 3.9820532096348535
1087.0 3.2532722904232276
1087.5 2.5384347383225303
1088.0 1.5827861287217975
1088.5 1.335719781085005
1089.0 1.4684255537058455
1089.5 2.2028902903000764
1090.0 1.2793359042530497
1090.5 1.103351277987685
1091.0 0.800251995305395
1091.5 1.983619705371988
1092.0 2.10356941841765
1092.5 1.4912436227802952
1093.0 1.5677743806256603
1093.5 1.3915648586860914
1094.0 0.7157239814527541
1094.5 0.5614114184727985
1095.0 0.6124998374284321
1095.5 0.776797418263889
1096.0 0.6119943980685575
1096.5 0.6755672588476436
1097.0 0.6428168055005485
1097.5 0.7033611194456284
1098.0 0.7587838443522985
1098.5 0.6647005669007615
1099.0 1.557960606933205
1099.5 1.4564671044495692
1100.0 0.9085918123157737
1100.5 1.3278731005398297
1101.0 1.7907018703390858
1101.5 1.1595270684036332
1102.0 1.2351533176301805
1102.5 0.8367350557350743
1103.0 1.7546956032737138
1103.5 0.8963437038387064
1104.0 1.6449267009419015
1104.5 0.7604955463857719
1105.0 0.47348551071020645
1105.5 0.8883296981350957
1106.0 0.7074308003730534
1106.5 0.6728724254508522
1107.0 0.7410984239014944
1107.5 0.6207345230380189
1108.0 0.5444588697462764
1108.5 0.7241195505024987
1109.0 0.5535722213002596
1109.5 0.8833781820963664
1110.0 0.7813341210345588
1110.5 0.7564075057195998
1111.0 0.5715819884677824
1111.5 0.799676473157825
1112.0 0.681730504687663
1112.5 0.5847157361442548
1113.0 0.7048072077777359
1113.5 0.6936383116561388
1114.0 2.135882089009847
1114.5 2.3347359374624395
1115.0 1.8496383175839348
1115.5 1.1884811770210018
1116.0 0.7088362378941032
1116.5 0.2
1117.0 1.4858687978877314
1117.5 1.593288097737537
1118.0 1.3034834346426574
1118.5 2.0206904490625464
1119.0 1.7281209369304973
1119.5 0.8449919640803543
1120.0 1.0483205311028083
1120.5 0.9743584011342257
1121.0 1.4035493246934392
1121.5 1.415211685992906
1122.0 1.8954824522322482
1122.5 1.9163452468792461
1123.0 3.4853524412597503
1123.5 1.2216576892479911
1124.0 2.3454305259899293
1124.5 0.661682660749525
1125.0 1.505805762616486
1125.5 1.4429008847877078
1126.0 1.191247777124083
1126.5 1.2710833872140737
1127.0 1.306240078298624
1127.5 1.0780780421365002
1128.0 0.9269117600667773
1128.5 1.0559584629078946
1129.0 1.23497407684971
1129.5 0.6659725377636245
1130.0 1.3694845345469662
1130.5 1.8929268690281023
1131.0 1.16572990661675
1131.5 0.9707693979003917
1132.0 0.9607692925453895
1132.5 1.6725107855258117
1133.0 1.1766020611498806
1133.5 0.9959509110476497
1134.0 0.6049747469055309
1134.5 0.7319086730045145
1135.0 1.0910997384176746
1135.5 0.8228655375071221
1136.0 1.7540407480084168
1136.5 0.6964074532062143
1137.0 1.5095777472872425
1137.5 0.5120438004212636
1138.0 3.2232601675817074
1138.5 1.1390288155276522
1139.0 2.8542464171293487
1139.5 1.0071846332213883
1140.0 0.59811449970516
1140.5 1.978454862987423
1141.0 1.2111035599770135
1141.5 2.1564600663682842
1142.0 1.7737681380393724
1142.5 2.0173942267295364
1143.0 1.9636937765511553
1143.5 3.0748267510192138
1144.0 0.834826606889745
1144.5 0.7144671392259465
1145.0 0.7681961072499404
1145.5 1.0658861966458435
1146.0 0.43792899858754525
1146.5 0.7877597201185527
1147.0 0.9261239722957573
1147.5 1.0838198935387104
1148.0 0.8747533764552679
1148.5 0.9168384468604872
1149.0 0.9046576950425573
1149.5 0.8396745047713055
1150.0 0.7368147069477009
1150.5 1.1237921794596373
1151.0 0.839749925811285
1151.5 0.7704956061298056
1152.0 0.7800188864345354
1152.5 1.1099826493183143
1153.0 1.0763560211138365
1153.5 0.9640216012101253
1154.0 0.729786997167142
1154.5 1.0001490354479645
1155.0 0.8831308928480426
1155.5 1.0824726227990855
1156.0 1.0060538780539652
1156.5 1.0341280742024965
1157.0 1.1010230016190032
1157.5 0.5341723089737052
1158.0 0.5426312533919202
1158.5 0.8764508923238545
1159.0 0.5134996395425862
1159.5 0.7781914940696438
1160.0 0.2
1160.5 0.31889450728187985
1161.0 0.5207042907060686
1161.5 2.134410196227127
1162.0 3.0691876039192736
1162.5 4.488230017606049
1163.0 2.3354788260767765
1163.5 2.8075507258881043
1164.0 2.0316073432315926
1164.5 1.948092156990741
1165.0 1.8001214161964734
1165.5 2.3288183075851703
1166.0 3.3294240857372506
1166.5 0.6509601293813443
1167.0 0.2
1167.5 3.389643364358617
1168.0 1.8021761692837621
1168.5 2.156544080511665
1169.0 3.1168877546404894
1169.5 3.449664386609155
1170.0 2.7879626699894544
1170.5 0.7469855097004052
1171.0 1.1944449475101862
1171.5 1.4502680948089934
1172.0 1.417850623268012
1172.5 0.6105387054067226
1173.0 1.45848669898005
1173.5 1.5550739576278851
1174.0 1.980791041850097
1174.5 1.304512135291199
1175.0 1.3944244484593689
1175.5 1.3976197862241024
1176.0 1.8110362358840408
1176.5 1.4932051770520225
1177.0 1.736812240709445
1177.5 2.2972575071346966
1178.0 1.8406026988752544
1178.5 2.3677140346960948
1179.0 2.5827872519246613
1179.5 1.814684253975016
1180.0 1.8475325184583946
1180.5 1.1458766750408542
1181.0 1.556468125941087
1181.5 0.7911025256130844
1182.0 1.9557958768317938
1182.5 1.9546056981861284
1183.0 2.281833632701405
1183.5 2.0026927470760896
1184.0 0.9536989724924195
1184.5 2.736656691981948
1185.0 3.0195684668490492
1185.5 2.4942503678246055
1186.0 2.9744504835128556
1186.5 1.5735144900597882
1187.0 3.285825122310799
1187.5 1.1276501221631774
1188.0 2.7161416379445193
1188.5 2.55431691261571
1189.0 2.4188943362515922
1189.5 1.9759073005770595
1190.0 2.6449644065313014
1190.5 1.15321756564108
1191.0 1.4024774059606222
1191.5 1.1798080500862516
1192.0 2.3287725095399967
1192.5 0.2
1193.0 2.074311081445569
1193.5 1.3430468445119979
1194.0 2.896732567956944
1194.5 1.6459852634524932
1195.0 3.124960730154684
1195.5 1.2041129171397738
1196.0 1.3732364758766442
1196.5 1.3482514222506063
1197.0 3.3305351478135896
1197.5 1.7817308842673285
1198.0 1.2352760336628377
1198.5 2.6696055841919986
1199.0 2.2523261162513215
1199.5 2.6929498483894987