900.0 3.357117549323291
900.5 1.5616773915935453
901.0 2.3823116475970667
901.5 2.7862571004389745
902.0 3.7149807928975016
902.5 1.2531474612521063
903.0 2.273722201104451
903.5 1.807653032498323
904.0 2.0168597160192503
904.5 1.9292519265366457
905.0 2.066522032647457
905.5 1.4220161145932289
906.0 1.7625637453249716
906.5 0.9337412948010189
907.0 0.46350799753934047
907.5 0.7209882202015601
908.0 1.1816948206859363
908.5 0.8873881699069115
909.0 0.7523389533066872
909.5 0.66544107441747
910.0 0.6374714878140917
910.5 1.2064130895852094
911.0 1.1659206300346097
911.5 0.9670263999575188
912.0 1.4761906569404144
912.5 2.066261319062662
913.0 1.7382155889712303
913.5 1.4539059120127995
914.0 1.4311706502824508
914.5 2.7478114002390015
915.0 1.4034747239960192
915.5 0.2
916.0 0.6485104053551466
916.5 1.7074106330458827
917.0 1.9768365870578029
917.5 1.3241772170229171
918.0 1.0357330513134335
918.5 1.0379476147627222
919.0 0.8236735334787926
919.5 1.7583334293686592
920.0 2.0812283652255843
920.5 0.2
921.0 1.5702984800742366
921.5 2.4421878293065706
922.0 1.6923362061499438
922.5 0.806221487096579
923.0 2.104291905336735
923.5 2.190263087162103
924.0 3.0065906034245984
924.5 1.4632365107977052
925.0 2.8036384914222783
925.5 2.5042107594813254
926.0 0.7365388983334915
926.5 1.5195906993959594
927.0 2.2443169876369105
927.5 0.7302763658830093
928.0 0.9275641010636492
928.5 1.2825085231125106
929.0 1.217419136882146
929.5 1.2776676587325808
930.0 1.108503488573045
930.5 0.9054170573273493
931.0 1.5849712916058687
931.5 1.1698959629156815
932.0 0.7796615578776915
932.5 1.3809250724486077
933.0 1.6462541159165927
933.5 1.1560598737714907
934.0 1.4302001012167191
934.5 0.5929405577121138
935.0 1.3325237082094388
935.5 1.0404000500375883
936.0 3.3044870981891257
936.5 3.1231728464367894
937.0 2.5236239165146785
937.5 1.537942233688275
938.0 1.721556945915181
938.5 1.6072915111324688
939.0 0.8670171960455999
939.5 0.9273376005407864
940.0 1.0225726871163285
940.5 0.9109290486428535
941.0 0.9062874763614153
941.5 1.0623153277180752
942.0 1.0153413478887505
942.5 0.8857405707611538
943.0 0.8040691344250419
943.5 1.0404864132884586
944.0 1.0603158504885641
944.5 1.0870358691074387
945.0 1.0592547943341686
945.5 1.1706110625352713
946.0 0.9250904729330839
946.5 1.1901562405804675
947.0 0.8219127899477672
947.5 1.3979272330669748
948.0 0.7070564595257111
948.5 0.5944966962387489
949.0 1.1843958079166261
949.5 1.0007359160730576
950.0 0.9163637940612465
950.5 0.5206047734109771
951.0 0.7223340913225668
951.5 0.9351778546828621
952.0 0.777263920439426
952.5 0.5838201497907217
953.0 1.3438094993957768
953.5 1.0314009875256378
954.0 0.8845739659875126
954.5 0.8970138003794126
955.0 0.5657654190507584
955.5 0.6573891775360361
956.0 1.0955584470345525
956.5 2.53504361257349
957.0 2.8708317941170503
957.5 2.328525668508684
958.0 1.4924371394704996
958.5 1.6124390507754602
959.0 2.743861108125468
959.5 2.949892884563747
960.0 1.2909718198775093
960.5 2.8241148100378775
961.0 2.0145577930200678
961.5 1.6696966844043488
962.0 1.4931639347962493
962.5 2.228066477158102
963.0 2.040752776830202
963.5 3.7143971660987862
964.0 2.4931571957503307
964.5 1.7414291122809962
965.0 1.6643662133111865
965.5 2.1637470585720853
966.0 3.411668924621506
966.5 2.955630339081637
967.0 3.3351426516608482
967.5 1.4883145033392984
968.0 3.567061762643389
968.5 4.507596207578119
969.0 4.715984134969424
969.5 3.0829676141691547
970.0 2.616621389839447
970.5 2.8211860053302162
971.0 2.3310663237673612
971.5 1.823936238531938
972.0 2.615365776398066
972.5 2.452783276464601
973.0 1.3732510246485452
973.5 2.067920588634119
974.0 2.0066917100983894
974.5 2.302686146388324
975.0 1.5274510740676182
975.5 1.785036025428476
976.0 2.395897183094319
976.5 2.6234859480002983
977.0 1.3756474792954538
977.5 2.21140003230963
978.0 1.8541027169960658
978.5 1.99692951743202
979.0 1.4655966598200658
979.5 0.7358167425824292
980.0 1.8553653598944964
980.5 1.159818285182579
981.0 1.5436392577313751
981.5 1.3856211330969193
982.0 2.6687217785398696
982.5 1.505578046428421
983.0 1.6266756064141015
983.5 2.188938122248005
984.0 2.3445155447512587
984.5 3.0141455226982847
985.0 2.452487108384082
985.5 1.673177210329403
986.0 1.5784368857597517
986.5 2.8445196433907665
987.0 2.08719397817387
987.5 1.1296856004823534
988.0 1.34976219477167
988.5 3.0810724525190047
989.0 1.4483197918497053
989.5 0.40570673807178514
990.0 2.0164491919986567
990.5 2.060586251672641
991.0 2.3263467395552304
991.5 2.44092462455201
992.0 2.859236542437422
992.5 2.2418905168653738
993.0 1.2681327246759715
993.5 0.7907275204721727
994.0 1.555267740098035
994.5 1.4369363062041756
995.0 0.5964195875936347
995.5 0.7436033108210668
996.0 1.6810737845367636
996.5 1.0621403892720975
997.0 1.9433076060646708
997.5 0.982456637126278
998.0 1.6552265794311887
998.5 1.2890590978758785
999.0 2.010685769010045
999.5 0.4006720473380758
1000.0 2.0376195553074257
1000.5 1.1867060218286785
1001.0 1.9229455092720973
1001.5 1.005763876935803
1002.0 0.8120481197164036
1002.5 1.195013852841911
1003.0 0.648736124344719
1003.5 1.083226474772178
1004.0 0.6774131857881339
1004.5 0.8147613358846473
1005.0 1.0665171762116579
1005.5 0.9865229336044349
1006.0 0.9685033575100673
1006.5 0.888510965484874
1007.0 1.6190760701490392
1007.5 2.5786578162887803
1008.0 2.6771545672297004
1008.5 2.216533729464159
1009.0 1.7710902170839238
1009.5 1.3893646113495883
1010.0 1.3384061065834203
1010.5 2.28724878301914
1011.0 3.0381485565346953
1011.5 1.3540578004430182
1012.0 1.2188187526252667
1012.5 1.323761194221471
1013.0 0.75649346746483
1013.5 1.1774943544140344
1014.0 0.9855352822876691
1014.5 1.024097555459805
1015.0 0.7866007758530715
1015.5 0.7857814520109712
1016.0 1.2726485086941381
1016.5 0.8806723586357863
1017.0 0.893696142112723
1017.5 1.158024081522468
1018.0 1.0622504026510928
1018.5 0.6124330314750775
1019.0 0.7707842157631735
1019.5 0.6074354218312763
1020.0 0.7768038822364436
1020.5 0.9356581052670864
1021.0 1.2268969784576451
1021.5 0.800605822308839
1022.0 2.6416433048710486
1022.5 2.223259618750985
1023.0 1.4677733759674172
1023.5 1.1164561529146189
1024.0 2.884038758312319
1024.5 1.7859248859199122
1025.0 2.001579625496751
1025.5 1.135403354898235
1026.0 2.8305779875469934
1026.5 2.5945737143936403
1027.0 1.8458329981656811
1027.5 1.5131520067765667
1028.0 2.615934388968757
1028.5 1.546520424376606
1029.0 2.91893702579333
1029.5 2.5089446404500197
1030.0 0.5132124361114994
1030.5 2.5364445232824373
1031.0 1.6896387213885906
1031.5 1.760075904880341
1032.0 2.72678939774954
1032.5 3.7044706837461137
1033.0 3.4081545764559817
1033.5 1.0368235722163734
1034.0 0.577595580186727
1034.5 1.9083493087061016
1035.0 1.5427355794836872
1035.5 1.717871878344863
1036.0 1.0091693553173937
1036.5 1.2028416350703335
1037.0 0.4466395236503653
1037.5 1.1313944997789334
1038.0 1.3799399096299798
1038.5 0.8711405458258106
1039.0 0.8098827088419351
1039.5 0.9081413904210806
1040.0 0.6004158023862396
1040.5 0.6149749653354191
1041.0 0.8876677006518479
1041.5 0.9738191244239013
1042.0 1.6684528843892181
1042.5 1.4462364014577158
1043.0 1.597726168469399
1043.5 1.1945678573008207
1044.0 1.135433777571736
1044.5 1.3787531149427021
1045.0 1.2844524281694167
1045.5 1.2204392108533944
1046.0 1.5684605739801385
1046.5 2.6685967553294283
1047.0 1.196897222254599
1047.5 1.2818285522653112
1048.0 2.7975019095610367
1048.5 1.9604600607604246
1049.0 1.68593134567177
1049.5 0.8608303767967918
1050.0 1.7058069430394482
1050.5 1.1194007057138422
1051.0 1.6373575097284743
1051.5 2.5975776540800206
1052.0 0.6431618622224164
1052.5 0.7503247116754268
1053.0 0.7011593706934354
1053.5 0.9147938511267293
1054.0 0.6657979598236023
1054.5 0.7067862102008122
1055.0 0.7642977682195777
1055.5 0.6216051196616044
1056.0 0.5481621652284143
1056.5 2.5656459499176947
1057.0 1.4170430940929792
1057.5 1.5191589542541208
1058.0 2.2588870059255552
1058.5 2.1659516306432627
1059.0 1.7665980842578026
1059.5 0.733800448165138
1060.0 1.4356510031206744
1060.5 1.042676523643882
1061.0 1.7805364763409226
1061.5 1.3262921980029376
1062.0 1.1498677404998983
1062.5 1.3619500871318422
1063.0 2.1432823460080863
1063.5 1.0999760947570123
1064.0 1.2576708163507972
1064.5 1.3117561030403468
1065.0 0.7881005303849046
1065.5 3.0425503146844157
1066.0 3.114045832897674
1066.5 3.053663641210541
1067.0 1.3865938425655537
1067.5 1.30770948007161
1068.0 0.990580413283791
1068.5 0.7327979460506491
1069.0 1.850461357322773
1069.5 0.7552673603110563
1070.0 1.4433435523387388
1070.5 1.3897503001015856
1071.0 1.9119066633310935
1071.5 1.8119659701066937
1072.0 1.5416875569209212
1072.5 1.1281016658258036
1073.0 0.7224623989035175
1073.5 0.545549235634587
1074.0 0.7433405157138904
1074.5 0.6780363040613973
1075.0 0.7598741153340363
1075.5 0.9456237622340797
1076.0 1.7964707158901672
1076.5 2.08037157225136
1077.0 1.6771486011436587
1077.5 1.4688042092641997
1078.0 2.3663882010318202
1078.5 2.133371674821737
1079.0 1.181979521027944
1079.5 0.990441362789875
1080.0 1.726422607628006
1080.5 0.7711999305889273
1081.0 2.081708919325232
1081.5 0.9863860990275619
1082.0 1.5681324202529137
1082.5 0.9719688310001108
1083.0 1.8570770682177358
1083.5 1.6551647205603475
1084.0 0.8330664713041485
1084.5 1.5086094577789835
1085.0 1.8244832823764743
1085.5 0.908740520614335
1086.0 2.275907192442993
1086.5 1.8948233166857147
1087.0 2.209010232712849
1087.5 2.073055290021292
1088.0 1.398202938436629
1088.5 2.0641111467062023
1089.0 2.018020947828174
1089.5 1.2903437728247613
1090.0 1.0976682525191797
1090.5 1.3907477346154948
1091.0 0.9551798865857194
1091.5 1.5735279028133613
1092.0 1.739159638805627
1092.5 1.4433156652432535
1093.0 1.522306159717699
1093.5 1.1687823387058747
1094.0 1.8077339154445886
1094.5 1.3878754379929288
1095.0 1.3969704375230596
1095.5 1.6609120761424139
1096.0 0.9250610275133033
1096.5 1.7287153323619124
1097.0 1.1541085682922176
1097.5 2.888171470768488
1098.0 2.1122812092603116
1098.5 2.601359681361896
1099.0 3.5150063939809497
1099.5 1.9073852253585273
1100.0 1.869002696310107
1100.5 1.7075729985252421
1101.0 1.6341488803268385
1101.5 1.2486255889220148
1102.0 0.9854567166423837
1102.5 1.1354391722860673
1103.0 1.955609124978259
1103.5 1.6288820086987907
1104.0 1.5966335902677606
1104.5 1.5731855042065923
1105.0 1.541024068045401
1105.5 1.3667396012597828
1106.0 1.957855348099516
1106.5 0.9174670692421893
1107.0 0.5694866531205016
1107.5 1.513609258133528
1108.0 2.128149855826889
1108.5 1.425085099911261
1109.0 2.6863577476445446
1109.5 2.6673661077674975
1110.0 1.4860906688561295
1110.5 0.5966137720770446
1111.0 1.691471395468206
1111.5 2.107011310664184
1112.0 1.5229623696629284
1112.5 2.144075142006243
1113.0 1.3204798646428055
1113.5 2.417856404892622
1114.0 1.9860146902947184
1114.5 0.6810415477833401
1115.0 0.6982066979958603
1115.5 0.9144361459048868
1116.0 0.7431838553132604
1116.5 1.1658105572539852
1117.0 0.9435604135467702
1117.5 1.066879134552718
1118.0 0.8514746683160567
1118.5 0.7837764572382491
1119.0 1.0270254573993585
1119.5 0.809430351741456
1120.0 1.2867278124457822
1120.5 0.877681808172482
1121.0 0.7913374402152407
1121.5 0.81967608913527
1122.0 1.696350030415516
1122.5 1.0262649967742936
1123.0 1.3719975978332655
1123.5 2.1610719799820286
1124.0 1.149967254884334
1124.5 2.3303088319758856
1125.0 2.3144183560201004
1125.5 1.5045319458250768
1126.0 2.6973617334002995
1126.5 1.6908142126964938
1127.0 2.636949131971254
1127.5 1.120724571349557
1128.0 0.5901785854897402
1128.5 0.8539484440574694
1129.0 0.9094230587596399
1129.5 0.931945811674894
1130.0 0.7310665206463901
1130.5 0.9118735486236792
1131.0 0.8942510571340623
1131.5 0.9667077890791341
1132.0 0.8379987580861351
1132.5 0.9631912282268414
1133.0 1.1027086890506832
1133.5 0.7435860188300073
1134.0 2.8434178635494223
1134.5 1.9007741490659278
1135.0 2.4358281656031324
1135.5 2.9542537608708814
1136.0 1.9864030920634388
1136.5 1.7233725664845694
1137.0 2.2885965153925683
1137.5 1.0153900592039338
1138.0 3.2590321635874524
1138.5 1.2729477666290827
1139.0 2.395826106211802
1139.5 1.3965789974320564
1140.0 3.103164364631436
1140.5 1.5156485570475935
1141.0 1.7052508180008026
1141.5 0.2
1142.0 1.058023399147639
1142.5 1.0175308361525783
1143.0 2.5116815203260203
1143.5 1.7726430958561155
1144.0 1.5182672974512639
1144.5 0.34156933725371563
1145.0 0.9607508866058886
1145.5 1.1012509915929254
1146.0 2.0007379795542963
1146.5 2.0608400304748877
1147.0 3.798200751752747
1147.5 2.3297495706396267
1148.0 1.4104270556711969
1148.5 1.629435157108695
1149.0 3.330888914542756
1149.5 3.816239676337215
1150.0 1.8547989486889904
1150.5 3.162516471323107
1151.0 2.3212897172550186
1151.5 1.673487965354472
1152.0 1.3585061406537862
1152.5 2.543407712704351
1153.0 2.2748371375923075
1153.5 1.6688058951383389
1154.0 1.8049532187971722
1154.5 4.092611277005842
1155.0 1.1670809719018416
1155.5 3.0259354904929627
1156.0 2.7496723262570795
1156.5 0.7460304317566542
1157.0 1.6593006110041537
1157.5 2.3328421952022533
1158.0 1.809682117068189
1158.5 3.125396886269643
1159.0 1.7612573024557803
1159.5 2.5268835478519014
1160.0 1.202662024156426
1160.5 0.9718478754772578
1161.0 0.8803781947500467
1161.5 1.935699753371967
1162.0 2.2232178291278726
1162.5 0.6134453995996979
1163.0 3.057462361889028
1163.5 0.8979943418903438
1164.0 2.0431777268978766
1164.5 1.7695487573982183
1165.0 1.0128930629174613
1165.5 2.630116813720531
1166.0 3.0690962626646776
1166.5 3.1247421808510256
1167.0 3.018006669363322
1167.5 3.332437467530024
1168.0 2.881894212064469
1168.5 1.788229653294313
1169.0 1.3204200745601828
1169.5 2.440672177704211
1170.0 2.21200563063855
1170.5 3.175436076763752
1171.0 1.8798722978437135
1171.5 2.6475056979215754
1172.0 4.30015445353318
1172.5 1.6751598866837527
1173.0 1.590009625902244
1173.5 0.5319860117817645
1174.0 2.1333928397772466
1174.5 3.336818612767938
1175.0 1.8054630191689551
1175.5 3.6187019114116774
1176.0 2.6466068525203954
1176.5 1.844991027065383
1177.0 2.760453187678645
1177.5 3.8080767787961216
1178.0 1.0177975174004024
1178.5 3.4646683855642766
1179.0 1.76809237328117
1179.5 1.8126212164080888
1180.0 1.0381787615724853
1180.5 0.8499821589180507
1181.0 1.007114909679665
1181.5 2.040237922654435
1182.0 1.9559573290904124
1182.5 1.3054278911739723
1183.0 1.621326479291021
1183.5 1.1892321882996102
1184.0 2.5607382225515867
1184.5 3.192067907058231
1185.0 0.9757978767047536
1185.5 1.0872611212032315
1186.0 0.7420063468494011
1186.5 1.0947229244666654
1187.0 1.1163775758869408
1187.5 1.094702363788013
1188.0 0.7607051279530184
1188.5 1.0178413596947045
1189.0 1.011089748126679
1189.5 1.007050217786011
1190.0 1.2497467777138969
1190.5 0.8395614572169882
1191.0 1.1029018076739177
1191.5 1.1472391955286207
1192.0 0.7099417687470191
1192.5 1.016173752981541
1193.0 0.5960715020281001
1193.5 1.0060204621607811
1194.0 1.4997061481914842
1194.5 0.6949593871281246
1195.0 1.0568942699988058
1195.5 1.3626217451477627
1196.0 1.2938087711988722
1196.5 1.5300782257011767
1197.0 1.1058147346708473
1197.5 0.7734228281500213
1198.0 1.1720222039984545
1198.5 0.7434902793664019
1199.0 0.8624287243172755
1199.5 0.7626648135954222