900.0 0.7573107797576701
900.5 3.1640802724614137
901.0 1.3859845801424173
901.5 0.6247297045595535
902.0 1.486126691132563
902.5 2.4378096322312546
903.0 2.071044496258631
903.5 1.8366929048030103
904.0 2.07424066841386
904.5 3.0729086513760913
905.0 2.254588117432858
905.5 0.669758033443318
906.0 2.2194200991693296
906.5 2.5928203848032854
907.0 3.3385967416782174
907.5 2.902348274102616
908.0 2.884070726154482
908.5 0.9081170226661748
909.0 1.2225337355207
909.5 2.2964781403313284
910.0 1.5074323922012445
910.5 1.3470571746277202
911.0 0.6962465809773292
911.5 0.8812173393800816
912.0 2.0300031481343606
912.5 0.7827854179825077
913.0 0.9276248420856762
913.5 0.6964457256855481
914.0 0.7081916448677053
914.5 0.7128886026960126
915.0 0.8624749357273267
915.5 0.7770583867367582
916.0 0.7084470968947436
916.5 0.833792734338638
917.0 0.6590284526539573
917.5 0.8623406176688764
918.0 0.6058798730891892
918.5 2.4422986149521067
919.0 1.7222455526677938
919.5 1.7364176043965784
920.0 1.2822764736236056
920.5 1.179279466382405
921.0 1.5530456291895227
921.5 1.5759737520606316
922.0 1.048765749275327
922.5 1.0359509101558597
923.0 1.521505255411819
923.5 1.1974588356307108
924.0 2.0195965109149823
924.5 1.040190674702918
925.0 1.7876533633832974
925.5 0.2
926.0 1.1113720234151652
926.5 1.3435820009797599
927.0 0.8457169071274301
927.5 1.1504173888917621
928.0 0.7067729190494537
928.5 1.5610131004175365
929.0 3.2416216101822313
929.5 1.663605096872605
930.0 1.962928948861633
930.5 1.4916094044178345
931.0 2.7763668829140764
931.5 1.3516889087556525
932.0 1.0986820155417716
932.5 2.031860533445286
933.0 0.8871539168635934
933.5 3.0472948455084103
934.0 2.0299398116722815
934.5 1.951792184207379
935.0 1.1068172758078
935.5 1.6717183473842718
936.0 0.965778627163759
936.5 2.8563405067664016
937.0 2.2507521318289525
937.5 1.5787927569988085
938.0 1.4173909280098416
938.5 1.8564617567945434
939.0 2.2736789018085304
939.5 2.0602378139902133
940.0 1.0334168398420371
940.5 1.7166614815520334
941.0 1.4391817676002
941.5 2.3960096606766568
942.0 1.8974196947609587
942.5 2.817922109556115
943.0 2.772069097218269
943.5 0.9813637295423768
944.0 1.6376186500866388
944.5 2.242612608060872
945.0 3.310240358982268
945.5 2.284533050732125
946.0 2.641861740769792
946.5 1.7725680136595976
947.0 0.6069262128952404
947.5 1.2430230100422253
948.0 1.920986708280259
948.5 1.05564450590096
949.0 1.6601462208928615
949.5 1.1509206493610453
950.0 1.09822014665018
950.5 0.8916868914671949
951.0 0.8899104701771108
951.5 0.9964237068348946
952.0 1.258068630554277
952.5 0.9296627344199809
953.0 0.819232536189876
953.5 0.6926132985654111
954.0 1.0931033656383562
954.5 1.087410870387338
955.0 1.104649543730511
955.5 1.1117975069082764
956.0 0.6848411944257715
956.5 0.2
957.0 2.7972315455358308
957.5 1.537296155581072
958.0 2.7726848024723862
958.5 2.2644084063982866
959.0 1.5863379960100603
959.5 1.9842853625749035
960.0 1.568857053240088
960.5 1.8199921041519374
961.0 3.352074841220798
961.5 1.5962231490958023
962.0 2.068859935677335
962.5 2.499121344379229
963.0 1.9343231629285103
963.5 2.6054181898401954
964.0 1.1211841929245545
964.5 1.2826458725363423
965.0 2.1816358575432453
965.5 2.5008749532669095
966.0 1.088426638465711
966.5 1.369575999490581
967.0 0.9794435341242707
967.5 2.0585233693786575
968.0 1.529092099659426
968.5 2.0249347846637247
969.0 2.0145710891105324
969.5 1.82793610774304
970.0 1.0761163865769132
970.5 1.0103448204469778
971.0 2.3290699538755524
971.5 1.4188375986929724
972.0 1.881414485545302
972.5 1.1723001971844846
973.0 2.1586542190343945
973.5 1.1234628783385654
974.0 2.104821740814975
974.5 2.712652684317443
975.0 1.0863142125605538
975.5 1.2382490271120479
976.0 2.2505394204079128
976.5 1.4925838808800562
977.0 1.2630341575800734
977.5 1.4480793134864123
978.0 2.1835173439661473
978.5 1.5655974145976488
979.0 2.7051612814573613
979.5 2.5847456266138957
980.0 1.6230099774015831
980.5 0.9220531040323975
981.0 1.5760327964535428
981.5 2.0463959204794633
982.0 1.1943794245004207
982.5 0.41197247440339235
983.0 1.1896180534676306
983.5 1.8461730081526506
984.0 2.3622247442608955
984.5 1.0271691407497996
985.0 2.006643610023993
985.5 1.3864511273628966
986.0 1.2329225427912363
986.5 2.2945446361798085
987.0 0.9679335142029403
987.5 1.5369348425063416
988.0 1.076349589405074
988.5 1.1321809794557742
989.0 0.6012387353561228
989.5 0.6878873622894495
990.0 1.248668266122928
990.5 1.011840404655015
991.0 1.2596476220040898
991.5 0.8834283854522349
992.0 1.1808054666157497
992.5 1.0186765198042171
993.0 0.7867420270419488
993.5 0.785553276993177
994.0 0.988831440974908
994.5 1.0655105013199635
995.0 1.613166615702752
995.5 1.2822819685704754
996.0 1.031082728389384
996.5 1.0423467013473302
997.0 1.106685164314666
997.5 0.8560732973461205
998.0 1.1765336077574462
998.5 1.2637638996183704
999.0 1.1483763692463516
999.5 1.3937558444993992
1000.0 0.8900357656199567
1000.5 1.3003082267185038
1001.0 2.2408055413721177
1001.5 1.542710865968209
1002.0 4.402188796386799
1002.5 4.323518327075023
1003.0 1.317636713001195
1003.5 1.8681439459310527
1004.0 0.8119265705669141
1004.5 2.531587427618078
1005.0 3.285248008262547
1005.5 2.0798433036369017
1006.0 2.8903960575120777
1006.5 1.3680263075262946
1007.0 1.3232402421828815
1007.5 0.9523855468546559
1008.0 0.6080705502588861
1008.5 2.766652049614141
1009.0 2.342007531148038
1009.5 1.315854616620344
1010.0 0.23601551481814353
1010.5 1.3878735581419266
1011.0 2.4644405766332884
1011.5 1.9032099169419543
1012.0 1.793160890851931
1012.5 1.7035571431975112
1013.0 0.9122789870047315
1013.5 1.3594978793102899
1014.0 2.7302386627084227
1014.5 2.0560346050779312
1015.0 0.7064160874401857
1015.5 0.8059547351711773
1016.0 0.6629852232561124
1016.5 2.3234062367154467
1017.0 0.8848287671982265
1017.5 0.7795975582645179
1018.0 0.9447880822456579
1018.5 0.844207342744259
1019.0 0.760276852986678
1019.5 0.7194101944730339
1020.0 0.9764187773260609
1020.5 0.8375152582637984
1021.0 1.4284795393444147
1021.5 0.3353433870497422
1022.0 0.8940707159698498
1022.5 0.9725824768678066
1023.0 0.7599397389257276
1023.5 1.0244515260761786
1024.0 1.1657112243367536
1024.5 0.7117283919579083
1025.0 0.975436879160048
1025.5 1.051340678618334
1026.0 1.0452754481740736
1026.5 1.0947020524439375
1027.0 0.7814510819951406
1027.5 2.4543499191856384
1028.0 1.8998187549900953
1028.5 2.043421037742342
1029.0 1.496141686653324
1029.5 1.7115228416765311
1030.0 0.6781975026480043
1030.5 0.8760983362625634
1031.0 0.8548741549192126
1031.5 1.3682469885196804
1032.0 1.2271573862757221
1032.5 1.120799574499646
1033.0 2.0146790034211204
1033.5 2.3076937168564378
1034.0 0.2827676984255896
1034.5 2.5702197891470973
1035.0 1.6821006262349485
1035.5 3.0423074651718407
1036.0 3.413455413623761
1036.5 0.29370079716649644
1037.0 1.4889765116663114
1037.5 1.2226289647707484
1038.0 3.1888039297361543
1038.5 2.7749639688545304
1039.0 0.8962478290187721
1039.5 3.590865218220228
1040.0 1.1995963065321145
1040.5 2.247242047342482
1041.0 2.8217190004285024
1041.5 1.63181417136307
1042.0 1.765851731560404
1042.5 3.5786976516051308
1043.0 2.5383268497036178
1043.5 1.984683302963062
1044.0 2.0664765395259455
1044.5 2.6393784176476536
1045.0 2.7327493046670397
1045.5 2.463999262369308
1046.0 1.7591274009335351
1046.5 3.68440975854216
1047.0 1.2309285671373893
1047.5 3.1651861548275013
1048.0 2.5685221278950676
1048.5 4.390558240990735
1049.0 3.259223426038793
1049.5 0.2
1050.0 6.073425581188603
1050.5 3.937822203301073
1051.0 3.4184706899580384
1051.5 2.2680998890701503
1052.0 2.9290798617470295
1052.5 2.146305616433623
1053.0 3.0853459677540283
1053.5 1.6347544746088971
1054.0 1.5766924524210606
1054.5 0.6837392768857109
1055.0 2.340419894631765
1055.5 1.296535368973743
1056.0 2.350939124539621
1056.5 2.663207715259187
1057.0 1.0073956152453327
1057.5 1.0843726245277676
1058.0 0.7821056220598617
1058.5 0.8641169991007032
1059.0 0.5894727741187661
1059.5 0.579669147084669
1060.0 1.0012735454250707
1060.5 0.9500071878002111
1061.0 0.620316737316966
1061.5 1.2701258731517462
1062.0 1.1123300634331752
1062.5 0.6956353263814452
1063.0 0.8153972861322096
1063.5 0.8441625948423317
1064.0 0.9600177066077192
1064.5 0.7169779272194091
1065.0 1.1084802553563566
1065.5 0.7556899642931793
1066.0 0.8947619286614653
1066.5 0.9395601652699429
1067.0 2.148128766776883
1067.5 0.8834961726765977
1068.0 3.475286764521088
1068.5 1.335518931673155
1069.0 2.4214648255775595
1069.5 1.787324116886398
1070.0 2.1677157252430987
1070.5 1.0223909708707835
1071.0 0.6342300429615464
1071.5 2.920130418823587
1072.0 1.247005049210104
1072.5 1.5547367934090683
1073.0 1.453395614819382
1073.5 1.6151784862904413
1074.0 0.4819657484690474
1074.5 0.7095241475384755
1075.0 1.4984406342449461
1075.5 1.4701720300321537
1076.0 1.5162630277248037
1076.5 1.19140711190932
1077.0 1.2241218106714016
1077.5 1.4574375833639592
1078.0 1.2916263998050472
1078.5 2.9287723754438626
1079.0 0.824324324926994
1079.5 2.0378758045330283
1080.0 1.1271460090724723
1080.5 1.391736055426846
1081.0 1.455932169500449
1081.5 1.4350882432531702
1082.0 2.1781898298070943
1082.5 1.9707682440500434
1083.0 2.5606251048266615
1083.5 0.8789038737775603
1084.0 2.47847609811118
1084.5 1.5639781781668387
1085.0 0.8405949408941817
1085.5 2.1597319291769503
1086.0 1.9873205113513253
1086.5 2.161358572691153
1087.0 3.139030914659023
1087.5 1.59559429812152
1088.0 1.749008142958002
1088.5 1.9030485478895378
1089.0 1.4157284698084043
1089.5 0.7809238378542196
1090.0 0.5270328462968721
1090.5 1.4599763639833858
1091.0 2.4609796122304424
1091.5 2.572922276657472
1092.0 1.4002535021840972
1092.5 1.5822025302003042
1093.0 1.4896509155066815
1093.5 2.3955088280762826
1094.0 2.20048023711725
1094.5 1.9959779604756287
1095.0 1.807980227879931
1095.5 2.7453316600171767
1096.0 3.0778599831461495
1096.5 2.752981826637259
1097.0 2.8804112023141473
1097.5 2.180062405255684
1098.0 3.0004493717666225
1098.5 2.3116242065732235
1099.0 2.992117275661869
1099.5 2.339912827108395
1100.0 2.049040684175904
1100.5 2.769616593398066
1101.0 2.172345107198985
1101.5 3.0505577810977935
1102.0 2.3203872347165437
1102.5 2.5705428883167594
1103.0 2.9844016821955703
1103.5 2.6265398346357944
1104.0 2.086260629792691
1104.5 1.9299274398538224
1105.0 1.127331278806066
1105.5 2.181671712490329
1106.0 2.150319238199274
1106.5 1.263482441865965
1107.0 3.0867786993782467
1107.5 2.217796140521477
1108.0 2.2539592957533316
1108.5 2.0668462413456505
1109.0 2.856736485524615
1109.5 1.903074120384176
1110.0 0.8659277246556839
1110.5 0.669910264194816
1111.0 2.61039093799718
1111.5 1.4613203593703799
1112.0 2.816987147209859
1112.5 1.822117740762309
1113.0 2.0506392080149016
1113.5 0.6626261647944283
1114.0 3.3979847361667255
1114.5 2.2763183701061296
1115.0 1.2027490684656383
1115.5 1.9147658232076536
1116.0 2.7339359829255026
1116.5 1.9987792589950053
1117.0 1.822401446980049
1117.5 1.3404449295300829
1118.0 1.8054773391193013
1118.5 1.5554475298010841
1119.0 2.7597375421441512
1119.5 1.5668890302620835
1120.0 2.3061707760298926
1120.5 2.4015570174048757
1121.0 3.1734303207638863
1121.5 3.016950988453406
1122.0 0.715720837290174
1122.5 1.7824662115698517
1123.0 2.6061636715626966
1123.5 1.74342458059954
1124.0 2.507295931955016
1124.5 1.092478539590717
1125.0 2.0797265942549537
1125.5 0.8237729001435385
1126.0 2.629371481292605
1126.5 1.078689317988861
1127.0 1.433596336810298
1127.5 2.0704692877465756
1128.0 1.8374388466740232
1128.5 2.801234238910343
1129.0 2.609868186873146
1129.5 2.8954340388166964
1130.0 4.072915271083969
1130.5 0.9535288806552555
1131.0 1.7622496152972227
1131.5 2.3787681750450993
1132.0 2.9425233057453717
1132.5 2.2570972589300977
1133.0 1.8269301617375546
1133.5 1.3716767001215144
1134.0 1.3485267763076978
1134.5 0.29936010029617877
1135.0 1.7515052901695722
1135.5 1.086535605657165
1136.0 1.3441089031277196
1136.5 1.3953474600580718
1137.0 1.5025493671945456
1137.5 1.4796566180445274
1138.0 1.923581758419024
1138.5 1.1925840595538442
1139.0 1.4500399677428881
1139.5 1.5743787845345139
1140.0 2.4414388072023856
1140.5 1.0261104915076795
1141.0 2.22696305749386
1141.5 1.1946233774676456
1142.0 1.5555152957269445
1142.5 2.3386104137302652
1143.0 1.6637930520871436
1143.5 2.8744375369532387
1144.0 1.6341361904748442
1144.5 1.5004171132950124
1145.0 2.3453094438891418
1145.5 0.8644718375098666
1146.0 3.8357320678273155
1146.5 2.3411371628093542
1147.0 0.9035393968437562
1147.5 1.1124159966512392
1148.0 0.411840471452466
1148.5 0.835615211295615
1149.0 0.8644029622588739
1149.5 0.4957167061713739
1150.0 1.0725393475035871
1150.5 0.9970878655627567
1151.0 0.9479917336792621
1151.5 0.7380424740004858
1152.0 0.9067190999382545
1152.5 1.325636260502642
1153.0 0.8534866300921186
1153.5 0.7184227939467479
1154.0 0.8914183492186761
1154.5 0.7015544874454276
1155.0 0.742186188877268
1155.5 0.708039200402562
1156.0 0.8664776647609627
1156.5 0.6680319504268596
1157.0 1.0186677179223325
1157.5 0.9677867810311946
1158.0 1.8154505865500274
1158.5 1.443462398481518
1159.0 1.4606497614197103
1159.5 1.7386667720732623
1160.0 0.5751057666430763
1160.5 1.1802847458692982
1161.0 1.07631692349003
1161.5 0.8627116434460628
1162.0 1.0168708414754588
1162.5 0.8700102598436834
1163.0 1.2916029303499177
1163.5 1.2210989566508146
1164.0 0.7471864601757068
1164.5 0.561202051740398
1165.0 0.9366082029623631
1165.5 1.225815438164358
1166.0 0.7597005585190192
1166.5 0.9575687813057382
1167.0 1.6540465436942728
1167.5 2.3513232276754352
1168.0 1.866669520868034
1168.5 1.4826679257313309
1169.0 2.233153814867215
1169.5 2.54878885911425
1170.0 3.0307649444521347
1170.5 2.624820510334618
1171.0 2.762566397251466
1171.5 1.7953150172680001
1172.0 2.392052434676765
1172.5 1.8010244767822554
1173.0 2.280783866164234
1173.5 1.4059335932943466
1174.0 1.2677486547566295
1174.5 1.42556717222101
1175.0 2.9925002626240946
1175.5 1.7692230642226472
1176.0 3.6899884960411278
1176.5 3.7068633247987712
1177.0 4.360544001590893
1177.5 1.0817741586335545
1178.0 1.3444018351494926
1178.5 1.27229198873061
1179.0 3.3268493299905755
1179.5 2.188428354855265
1180.0 1.6105504195487141
1180.5 2.3394864206105828
1181.0 2.5442292349528417
1181.5 3.215784281052862
1182.0 2.1587630481592983
1182.5 0.9562158003550725
1183.0 2.4307220855931573
1183.5 3.168039270716056
1184.0 2.11871167320592
1184.5 1.623058740027254
1185.0 1.5166238182450194
1185.5 0.7296464468440476
1186.0 2.3173586783373548
1186.5 1.7100080806887095
1187.0 3.7111904609017987
1187.5 2.808675513065846
1188.0 3.315491696415674
1188.5 3.0520244847442983
1189.0 1.9643960434894958
1189.5 3.5451449563827855
1190.0 1.6331259060605285
1190.5 2.3435531455906435
1191.0 1.373783469586008
1191.5 3.232665277409202
1192.0 2.7954670724200534
1192.5 1.9272906215387522
1193.0 3.26032361263351
1193.5 2.3986962133924035
1194.0 1.967325223195566
1194.5 3.8474888455254215
1195.0 2.971718320102818
1195.5 2.2559357866107885
1196.0 2.0322097791590576
1196.5 1.8017149672547221
1197.0 2.975526304694504
1197.5 1.0531910778047022
1198.0 2.2897638725434564
1198.5 2.0567655854226947
1199.0 1.6032038152483294
1199.5 2.182701921089593