1500.0 1.8037145089614224
1500.5 1.5657324277242353
1501.0 1.5363925631335968
1501.5 0.6196415575905728
1502.0 1.4887472813266198
1502.5 2.2864299346894446
1503.0 1.2500606179242362
1503.5 1.7485535520745348
1504.0 1.3024643185458231
1504.5 0.716886665946243
1505.0 1.0471516060753223
1505.5 0.951417086524289
1506.0 0.9099268989651386
1506.5 1.2888123353169278
1507.0 1.4039137347730937
1507.5 0.8539152790718036
1508.0 0.6020839763122642
1508.5 1.2118313057423558
1509.0 1.2613818242225467
1509.5 1.0199329163847821
1510.0 1.6259821713313654
1510.5 1.785713628350006
1511.0 1.4696625937191254
1511.5 1.3597100332362617
1512.0 1.0502645967868252
1512.5 1.8574311482800787
1513.0 1.073423413680878
1513.5 2.4242839523568236
1514.0 1.4746239576541154
1514.5 1.4118501850271639
1515.0 0.43004571971237715
1515.5 1.2947700859061841
1516.0 1.4468492510951625
1516.5 0.961216416619451
1517.0 1.3056417631677348
1517.5 1.2911882842372147
1518.0 1.019078292845444
1518.5 0.9431189133610167
1519.0 3.2388904998471517
1519.5 2.5357229798439125
1520.0 2.299322648600194
1520.5 0.26479543644150016
1521.0 0.9366837516114264
1521.5 3.02496560376651
1522.0 2.965708710864316
1522.5 2.3358092759837232
1523.0 0.9491398752074245
1523.5 1.9430948994596684
1524.0 2.7187753471481027
1524.5 2.4235552735860537
1525.0 1.7139407520905423
1525.5 2.3199542508743605
1526.0 2.800950072334802
1526.5 2.862953871927758
1527.0 2.6821807467985908
1527.5 2.978198105290173
1528.0 2.8197134065234226
1528.5 1.091422346787795
1529.0 2.914289343902065
1529.5 2.4804969449251195
1530.0 2.7448630064610944
1530.5 2.3055528340105576
1531.0 3.4063450570396405
1531.5 2.1518628773583455
1532.0 3.4403426213544828
1532.5 1.7270205313221763
1533.0 1.0368808968804841
1533.5 3.3026798053538458
1534.0 1.3779384198304343
1534.5 1.6441824191898187
1535.0 3.267605238713274
1535.5 3.467132047167773
1536.0 2.2022579924315835
1536.5 1.287662428858687
1537.0 3.3377461706920943
1537.5 2.332366540240848
1538.0 1.5181477241289132
1538.5 0.4213769415803006
1539.0 2.8508015307395116
1539.5 3.352432965003702
1540.0 1.5006854942222363
1540.5 2.8418493409679604
1541.0 2.94188317136266
1541.5 2.7689707845641025
1542.0 2.155342259896803
1542.5 2.314663777098929
1543.0 1.425069856020242
1543.5 2.3907925132604193
1544.0 0.8662684516285966
1544.5 2.992294079298324
1545.0 1.4046201367769289
1545.5 3.102759184377226
1546.0 1.4738401487724448
1546.5 1.8791295795075502
1547.0 2.9131796487358788
1547.5 3.3829289836656757
1548.0 0.9771844910477143
1548.5 3.274077739857028
1549.0 4.635948938311618
1549.5 1.7641541000533567
1550.0 0.7625415644659688
1550.5 2.556872120189025
1551.0 1.4639065028663558
1551.5 3.130463436926732
1552.0 4.224330812704783
1552.5 3.8280438372957946
1553.0 1.5350712911631912
1553.5 1.4823021984884908
1554.0 0.24816330061683023
1554.5 1.4441120231436027
1555.0 1.73160239522382
1555.5 1.3443693430904522
1556.0 2.08221258637385
1556.5 2.3784033301451366
1557.0 1.0796171232110132
1557.5 2.431861698631027
1558.0 3.076145927981103
1558.5 1.386843007902563
1559.0 3.706829156464315
1559.5 1.9884655644980185
1560.0 2.1649874112543683
1560.5 1.6392212771867962
1561.0 0.6440227318624021
1561.5 1.5943653367717219
1562.0 2.2991298960454776
1562.5 1.6174990749423157
1563.0 2.8690004486195964
1563.5 1.3586107871236388
1564.0 2.141467386187845
1564.5 2.326656332754356
1565.0 2.590512960512055
1565.5 1.5792095949714249
1566.0 1.3697247796677103
1566.5 0.4386941361837917
1567.0 2.7952775575485598
1567.5 2.916363661445449
1568.0 3.1716608784257554
1568.5 2.230934790324534
1569.0 0.2
1569.5 2.0645665699512703
1570.0 2.1604849615506114
1570.5 1.2626855164190844
1571.0 1.2469392419031418
1571.5 0.6414886383489731
1572.0 1.528897134761101
1572.5 1.9185436365837023
1573.0 1.4302409125417992
1573.5 1.5682088717669804
1574.0 1.4667451555173705
1574.5 0.932869649770006
1575.0 2.0528301290148407
1575.5 2.6810785058833124
1576.0 1.3337660458220442
1576.5 0.8683923631695527
1577.0 1.8651469699494196
1577.5 1.9475247110220912
1578.0 2.348616460419033
1578.5 1.605779250538462
1579.0 1.982439016587224
1579.5 1.8178407308052096
1580.0 1.7497983310936425
1580.5 1.7936615453231852
1581.0 2.7522755164396386
1581.5 1.3344663261770129
1582.0 2.5848390000746546
1582.5 3.1315610671503817
1583.0 1.2011284412839658
1583.5 2.4802547684456533
1584.0 2.7529219807762972
1584.5 1.841800180724546
1585.0 4.51676239353802
1585.5 2.705150251783418
1586.0 3.1050640220447865
1586.5 2.4149102320979514
1587.0 1.3329121449759724
1587.5 1.794139466344753
1588.0 1.5090722436837614
1588.5 0.3345517451286303
1589.0 0.6186678851681429
1589.5 1.0133805755685037
1590.0 0.6134701696133176
1590.5 1.5565582774756073
1591.0 1.3491721637935377
1591.5 0.5964167360375204
1592.0 1.074654023128192
1592.5 0.4383254312441651
1593.0 1.8413325005130916
1593.5 2.7173641588865625
1594.0 1.0895964450360291
1594.5 1.0949534388025968
1595.0 1.681076640232804
1595.5 2.9220947733144857
1596.0 2.061291760017384
1596.5 1.7182511051895668
1597.0 1.6981374641886031
1597.5 1.4135951282955672
1598.0 2.2512278953873563
1598.5 0.8229314014190676
1599.0 1.3464514583480809
1599.5 1.2127596958446196
1600.0 1.6919951261320996
1600.5 1.779785214037852
1601.0 1.109837263716019
1601.5 2.034827866849338
1602.0 2.3335937747887607
1602.5 1.7990978265959283
1603.0 3.322833657783219
1603.5 1.8961128750055205
1604.0 0.9323021643984692
1604.5 0.5098800578689464
1605.0 0.8597507256359974
1605.5 0.68492825432769
1606.0 0.7893751677462404
1606.5 0.5937005567711855
1607.0 0.8186298402063906
1607.5 0.50063865865766
1608.0 0.9692720489902259
1608.5 0.5587673669027965
1609.0 0.8823582620006303
1609.5 1.0524103058036258
1610.0 0.9169151754643121
1610.5 1.0048109200193118
1611.0 0.9438503969627741
1611.5 0.6946575088483019
1612.0 0.8239345465055912
1612.5 0.9423970316571034
1613.0 0.7834503410875049
1613.5 0.6115471650017228
1614.0 0.7478614972152628
1614.5 0.8077987759593904
1615.0 0.8492321579397659
1615.5 1.0222457084685623
1616.0 1.0970366567670706
1616.5 0.8395626238768207
1617.0 0.8890553553164227
1617.5 1.0831281931770582
1618.0 0.6894190080719679
1618.5 0.9213123016718735
1619.0 1.0102505582971997
1619.5 1.034822660547042
1620.0 0.780217084742683
1620.5 1.031251465741807
1621.0 0.9795845160240184
1621.5 1.0999493051373426
1622.0 0.23695339816081917
1622.5 0.7034972053953397
1623.0 1.4654238947953449
1623.5 0.7735412977134857
1624.0 0.8604404334127144
1624.5 1.349261821782854
1625.0 1.4077258308145417
1625.5 0.9277145509550929
1626.0 0.8294070752691575
1626.5 0.853034230283613
1627.0 0.8714087362375642
1627.5 0.6189495712228398
1628.0 0.9538866735154095
1628.5 0.782616284966413
1629.0 0.9451575153275267
1629.5 2.2873489039119415
1630.0 1.6408057173626258
1630.5 1.6939590890304808
1631.0 1.6801517481630166
1631.5 1.3750819206963678
1632.0 1.2326174930362996
1632.5 2.007535424234824
1633.0 0.7166888430223826
1633.5 1.370620719416755
1634.0 1.20302541672834
1634.5 1.869340558879777
1635.0 0.6687771712419277
1635.5 0.9178245164213619
1636.0 1.4695058014002296
1636.5 2.5674485233966715
1637.0 2.231832102001654
1637.5 1.959987126119899
1638.0 3.6502459748118365
1638.5 1.7105945940712903
1639.0 2.7763599131073353
1639.5 2.7790005302500136
1640.0 2.2945688129447985
1640.5 3.6287772626523793
1641.0 3.9305015200510773
1641.5 3.3616806093951817
1642.0 1.37188073419434
1642.5 1.0143307220444786
1643.0 1.161516035288165
1643.5 2.1774753942637965
1644.0 2.369597031907011
1644.5 2.458329271094449
1645.0 0.9898665537796341
1645.5 1.6595435286802875
1646.0 1.6734684481793585
1646.5 2.723300561755737
1647.0 2.4743343374848283
1647.5 1.7311168936888148
1648.0 1.7009696145107487
1648.5 0.6543626480615905
1649.0 1.507207017342697
1649.5 1.1474622679373927
1650.0 1.5571058169731122
1650.5 1.0483197510687527
1651.0 1.538195970282012
1651.5 1.0356300200736803
1652.0 1.3323603202754855
1652.5 1.1241451877185764
1653.0 1.3568046832726053
1653.5 1.1745253733664711
1654.0 0.8487182095379724
1654.5 0.6403773313088841
1655.0 1.3622310362973729
1655.5 1.1472484578608384
1656.0 1.1688324659677976
1656.5 0.46146361733162533
1657.0 1.281965001653159
1657.5 1.8372668096247056
1658.0 1.1829418581637754
1658.5 0.41094930800412843
1659.0 2.7942339287175173
1659.5 0.2957154822111425
1660.0 1.3551418885170698
1660.5 1.5115940585349878
1661.0 3.030188580022582
1661.5 2.607395133089588
1662.0 3.2363475737733234
1662.5 2.3626562597636864
1663.0 3.3025959087739074
1663.5 2.083833560881564
1664.0 1.627000122227301
1664.5 0.21680679965844973
1665.0 1.5465792109457261
1665.5 0.7614531233992681
1666.0 1.9921804030947659
1666.5 3.5865188053468993
1667.0 2.1770760080228704
1667.5 1.4331440603089507
1668.0 1.1210217493380585
1668.5 2.1233233199778505
1669.0 1.013605153956717
1669.5 3.290132272007116
1670.0 3.2566151773685967
1670.5 2.58039953744375
1671.0 2.997088253602048
1671.5 2.327737147713598
1672.0 3.2407660484820906
1672.5 2.8575387731128172
1673.0 1.515376043274682
1673.5 0.7551081689968437
1674.0 2.610395227240163
1674.5 2.632420284081629
1675.0 1.3054653024062035
1675.5 3.8499582973953315
1676.0 0.23656315425902585
1676.5 1.8631356768307428
1677.0 1.0447029590911368
1677.5 1.2557091951015042
1678.0 1.0982460961223184
1678.5 1.3713777498787363
1679.0 1.900388974862057
1679.5 1.0577565232929864
1680.0 2.578843653420501
1680.5 2.1267973717601145
1681.0 1.3078278321342383
1681.5 1.0400021229928673
1682.0 1.1151509043232977
1682.5 1.5799671000281164
1683.0 0.6337478447975043
1683.5 1.5716049973589108
1684.0 2.368115914383816
1684.5 1.5687625955731122
1685.0 1.8587129979672796
1685.5 2.1949093310090815
1686.0 2.210703707779131
1686.5 0.5169977278440863
1687.0 2.2469717416782187
1687.5 0.9107336889825198
1688.0 1.9899667419210143
1688.5 2.8019203166630504
1689.0 1.9619035170476908
1689.5 0.9956314773333401
1690.0 0.5549705830519982
1690.5 2.5615080908236694
1691.0 2.4260098694038996
1691.5 1.7546160073159212
1692.0 0.8841754362953365
1692.5 1.0977735688041812
1693.0 1.0102094833037443
1693.5 1.0315731839406168
1694.0 0.9963226996786811
1694.5 1.0102714501019352
1695.0 0.7701400489595309
1695.5 0.7487227940493211
1696.0 1.1340074810728544
1696.5 0.8011927411538861
1697.0 0.7772906122279619
1697.5 1.0788555814342242
1698.0 0.6916465454735418
1698.5 0.721060006741347
1699.0 0.9965598452809706
1699.5 0.9043259061381993
1700.0 1.2921400967680623
1700.5 0.9912005197627741
1701.0 0.8132723970814134
1701.5 1.386280314608268
1702.0 0.9284045044778053
1702.5 2.1022504629756438
1703.0 1.7956075142911403
1703.5 3.4560014668050085
1704.0 2.7882205592302083
1704.5 2.8006275160988294
1705.0 1.7925386879443912
1705.5 3.2401381995990914
1706.0 4.291931700873313
1706.5 2.8363239565406526
1707.0 3.25165682369854
1707.5 1.8235126448995067
1708.0 1.9571326269920828
1708.5 3.584554809424046
1709.0 2.491128192452161
1709.5 2.1766490512565486
1710.0 2.264296386152086
1710.5 1.4969002362449053
1711.0 0.7501763941399189
1711.5 2.0933307228043265
1712.0 3.161595925722767
1712.5 3.9544361739407448
1713.0 3.079556651144375
1713.5 2.462760165430656
1714.0 2.1179848752377977
1714.5 1.6888508824461352
1715.0 2.264551124034623
1715.5 2.9493719740775584
1716.0 2.3967155598568497
1716.5 2.9801305366565947
1717.0 4.301321630419611
1717.5 3.5323476119657964
1718.0 1.5070693133483837
1718.5 4.2017050357769
1719.0 1.2594461351381276
1719.5 2.0278201678924814
1720.0 1.9946615465973947
1720.5 2.001115506779213
1721.0 2.1082398357743637
1721.5 1.4338214488080712
1722.0 1.3483024720543217
1722.5 1.418296489425277
1723.0 1.6360604348036707
1723.5 0.8321031634155207
1724.0 0.8969579764637539
1724.5 1.042653623979205
1725.0 1.1197580598568837
1725.5 0.44241071377302865
1726.0 2.2339064653354397
1726.5 1.6163041681025778
1727.0 1.1770856528099352
1727.5 0.9410629350739557
1728.0 0.21062936380315467
1728.5 2.087589623636722
1729.0 2.093295979183838
1729.5 1.3481333881439241
1730.0 1.3252883327933898
1730.5 0.9552464654531709
1731.0 1.801726817196065
1731.5 1.3587717064198452
1732.0 1.559966807787735
1732.5 1.2790469693780508
1733.0 1.3158615342320967
1733.5 1.2603465307103972
1734.0 1.8021433496639048
1734.5 0.8497606101182392
1735.0 0.9323904631856594
1735.5 0.795179632128435
1736.0 0.7795877530439503
1736.5 0.8108860572298915
1737.0 0.7303486162079178
1737.5 0.6916059850782659
1738.0 0.635384687320292
1738.5 0.8013373417571896
1739.0 0.7463127777063554
1739.5 0.8770083295434068
1740.0 0.6238139787849368
1740.5 0.8400673741288145
1741.0 0.6570837210618624
1741.5 0.6178162989736075
1742.0 0.6608077411406995
1742.5 0.6070902587002314
1743.0 0.4674326364814278
1743.5 0.5531168371843078
1744.0 0.4611829478372877
1744.5 0.6437603057525558
1745.0 0.5702101063084086
1745.5 0.6946148270160961
1746.0 0.6605311239913509
1746.5 0.768426907594739
1747.0 0.6928092250935678
1747.5 0.746603265224125
1748.0 0.7426191913320757
1748.5 0.6429492006570837
1749.0 0.9100900918312236
1749.5 0.7153780645386492
1750.0 0.6991715106483302
1750.5 0.6919477057248835
1751.0 0.5011274941390675
1751.5 0.6632888206097429
1752.0 1.7584998558806402
1752.5 1.3160506992238794
1753.0 1.1587957926443426
1753.5 1.2870467896654683
1754.0 2.7967392126112767
1754.5 1.2467533764682948
1755.0 0.2354781239470598
1755.5 1.9158868265606683
1756.0 2.581851766111737
1756.5 1.7067398157029698
1757.0 1.7513161979062966
1757.5 1.8255952814286995
1758.0 1.9500454995676995
1758.5 3.308820653826106
1759.0 1.1571850505523291
1759.5 2.251905721399004
1760.0 2.5587978843134107
1760.5 2.0584019371195534
1761.0 2.156446207906877
1761.5 2.4079173076722826
1762.0 2.495138285112815
1762.5 2.6688510613745997
1763.0 2.1391688188249027
1763.5 2.163399679240847
1764.0 2.030432566088151
1764.5 1.6935440673457636
1765.0 0.9358022497749147
1765.5 1.7042736796835696
1766.0 1.5159568554675271
1766.5 1.7302606728722658
1767.0 1.927444950913657
1767.5 1.0094762388427347
1768.0 2.146874879867943
1768.5 1.0354326083735865
1769.0 1.9011152228575274
1769.5 2.3496285382494806
1770.0 2.146816236529105
1770.5 1.6288281031128105
1771.0 2.175412059139453
1771.5 1.3135545732997687
1772.0 1.1820849512770617
1772.5 0.8296617934742222
1773.0 1.1567336470471437
1773.5 0.8627601512347562
1774.0 0.5907313620596324
1774.5 0.7420738396112385
1775.0 0.7433952217126742
1775.5 0.5725304897647028
1776.0 0.7146823671194389
1776.5 0.6146389166980221
1777.0 0.5256688776030116
1777.5 0.6695957777491144
1778.0 0.7500395833442866
1778.5 0.78048670821254
1779.0 0.8579491317385761
1779.5 0.7333303463838572
1780.0 0.7149470351049234
1780.5 0.7489844763067683
1781.0 0.7642327560292015
1781.5 0.7284920952354759
1782.0 0.7291885521262835
1782.5 0.7047146963658022
1783.0 0.6801099147298624
1783.5 0.6931070271087229
1784.0 0.6151650538410562
1784.5 0.8186017247673467
1785.0 0.6367812612179002
1785.5 0.5807347502256406
1786.0 0.7407971252825125
1786.5 0.7388274780865225
1787.0 0.5024427590656981
1787.5 0.8095373565189596
1788.0 0.7061317106004519
1788.5 0.6414234194245838
1789.0 0.7139500048367013
1789.5 0.6113917383249874
1790.0 0.8003486125279824
1790.5 0.6488629531189172
1791.0 0.6192725025030852
1791.5 0.724621235262906
1792.0 0.8042233658622897
1792.5 0.642916519690848
1793.0 0.5118539285387098
1793.5 0.7543742745171711
1794.0 0.7220343533342475
1794.5 1.8316074215486737
1795.0 1.4693571041786033
1795.5 2.52380909722027
1796.0 1.3959845151609052
1796.5 1.5806553219055703
1797.0 1.765125516822736
1797.5 1.0176571035447797
1798.0 1.7126080609065721
1798.5 0.6420136490359662
1799.0 1.2941792977040616
1799.5 1.4145377511072579