1200.0 1.9330602241273627
1200.5 1.5400770823726466
1201.0 1.3283179886575134
1201.5 0.90907036674772
1202.0 2.0995094292339314
1202.5 2.7212872999998075
1203.0 1.6639220272944402
1203.5 1.690897215607151
1204.0 1.5681289563574037
1204.5 1.7263697621107454
1205.0 1.9828143320200016
1205.5 1.2223809437777255
1206.0 2.3058142552125815
1206.5 0.2
1207.0 0.42738666202429787
1207.5 1.2122436175153697
1208.0 2.3168733162054806
1208.5 0.9707914836480475
1209.0 1.1075304083824677
1209.5 1.4621346633549404
1210.0 1.7859725542720684
1210.5 1.471703171507744
1211.0 1.139102799011473
1211.5 1.666666314305393
1212.0 0.9579521114690227
1212.5 1.1170973089611622
1213.0 2.23429862522812
1213.5 1.234648012910096
1214.0 1.425400472458538
1214.5 1.5194625625825575
1215.0 2.3482135391004424
1215.5 1.4386421389588275
1216.0 1.8125785521331128
1216.5 1.5619089134579665
1217.0 1.9859299512167041
1217.5 2.0491938282333018
1218.0 0.4202317895161134
1218.5 1.6533572709251945
1219.0 0.8111049632327443
1219.5 0.7479911606468114
1220.0 0.911130021224667
1220.5 1.0282780247447634
1221.0 1.1544689060767834
1221.5 0.8829774764442322
1222.0 0.9523100987722781
1222.5 0.621009212620488
1223.0 0.6635584827952913
1223.5 1.1835797610883518
1224.0 0.6697605016986969
1224.5 0.8022023999433469
1225.0 0.5252672609956907
1225.5 1.021307131895378
1226.0 0.8863212416098312
1226.5 0.5775186897224225
1227.0 0.9794628882743263
1227.5 1.10426017533104
1228.0 1.1883972730551853
1228.5 0.7260911119870624
1229.0 0.9311243278290506
1229.5 0.8452809351725055
1230.0 1.5862476399064036
1230.5 1.1979659085157748
1231.0 1.3878975317423723
1231.5 0.8150457351861926
1232.0 2.3430540863700173
1232.5 1.1172907316988736
1233.0 1.591958974272309
1233.5 1.4579724008145283
1234.0 2.026479987828673
1234.5 1.3399714348376568
1235.0 1.5821964002820803
1235.5 2.385644795230906
1236.0 1.478821413560505
1236.5 2.589508805090301
1237.0 2.4489098558107
1237.5 1.9181425954872622
1238.0 1.5758090797433462
1238.5 1.91995130840517
1239.0 1.7163032231970135
1239.5 0.9145783710432887
1240.0 0.7898308703833764
1240.5 1.2901214990419934
1241.0 1.704711791451552
1241.5 1.060353059188257
1242.0 2.987150194964138
1242.5 2.24188488567988
1243.0 2.112191328734637
1243.5 0.8398837407415798
1244.0 1.9310325641902881
1244.5 1.2500559002190244
1245.0 1.1873448269469384
1245.5 1.2465797101303093
1246.0 1.1816815638976
1246.5 1.3258268011066536
1247.0 1.1297966146203904
1247.5 1.3993168504047053
1248.0 0.4626641528788795
1248.5 0.7990597059182492
1249.0 1.3421425834976997
1249.5 2.1541213357688886
1250.0 1.150350610169153
1250.5 0.9132067435707604
1251.0 0.7947565799943984
1251.5 0.8843999592626584
1252.0 0.736923463064082
1252.5 0.6463053069660372
1253.0 0.8284521635515696
1253.5 0.6749882239501155
1254.0 0.7041398000900718
1254.5 0.7607147384015389
1255.0 1.2983583976111355
1255.5 0.24517005513530932
1256.0 1.662551439388105
1256.5 2.470762169008915
1257.0 1.9963004807393614
1257.5 1.0666329503739345
1258.0 1.6547197010685757
1258.5 1.4778647519265193
1259.0 1.8700101782761833
1259.5 1.1915367496230451
1260.0 0.6572386357407309
1260.5 0.6858960535998008
1261.0 1.2369858193184498
1261.5 0.7547373559943629
1262.0 0.9994633721717754
1262.5 1.1511773973001427
1263.0 1.3256050559993413
1263.5 0.9492774163705999
1264.0 1.412186089064491
1264.5 1.6454314793083942
1265.0 0.7947861975207916
1265.5 0.8081251436324476
1266.0 0.8461654492993065
1266.5 1.9173227322976671
1267.0 1.2653263112812176
1267.5 2.6122442182217225
1268.0 3.0257036537781588
1268.5 3.0999496054134053
1269.0 1.2839688561972142
1269.5 1.8088204535977037
1270.0 3.0839091328285027
1270.5 2.5934495328611424
1271.0 2.821574434628188
1271.5 3.60812064768709
1272.0 4.068930111083214
1272.5 3.6642959061133453
1273.0 3.033415050723089
1273.5 2.3630207587879744
1274.0 1.5103203113942603
1274.5 0.8231726678925184
1275.0 3.2702023925678825
1275.5 2.7503061953073207
1276.0 1.2033742634793296
1276.5 1.1815876256868731
1277.0 1.3547250302620646
1277.5 1.7798447356602942
1278.0 1.7942037499948718
1278.5 0.9388734108917237
1279.0 1.521416390683636
1279.5 2.044379504465538
1280.0 1.9734275158223324
1280.5 1.2365582999990443
1281.0 1.245647255370423
1281.5 1.3604455957006314
1282.0 1.193861069416134
1282.5 1.3352769935832018
1283.0 1.2717917567765047
1283.5 2.7879169791645446
1284.0 1.4019322168635417
1284.5 2.695199014292246
1285.0 3.5467855134568804
1285.5 2.3973512970113697
1286.0 3.0367638759986377
1286.5 3.8566827140939637
1287.0 1.721934112141538
1287.5 2.8676439945619494
1288.0 0.6921175277284
1288.5 2.697455419559434
1289.0 1.7035715461568972
1289.5 2.3654410724937094
1290.0 2.6389741411096432
1290.5 1.5344636774900065
1291.0 1.1517802754179938
1291.5 1.0457091978012683
1292.0 0.8047040254685147
1292.5 1.4041270947960691
1293.0 2.6390524808965425
1293.5 1.884415408674831
1294.0 0.9885767307188564
1294.5 1.6594765986300681
1295.0 2.682851023142554
1295.5 2.476788904839891
1296.0 2.196668736458415
1296.5 2.790059039809865
1297.0 1.8943641722872275
1297.5 0.8685211712666121
1298.0 1.3510858652352853
1298.5 0.8236964364088161
1299.0 0.8201275590889319
1299.5 0.7669183137746538
1300.0 1.112563561012271
1300.5 0.9689800166944619
1301.0 0.7555435803650397
1301.5 1.073229492618918
1302.0 1.6759868708558534
1302.5 0.9972664180832292
1303.0 1.9387669481436571
1303.5 2.0479745562839815
1304.0 1.6902026962270975
1304.5 1.6137044794692785
1305.0 1.0977540893026678
1305.5 1.5916772183628058
1306.0 0.8909103099451593
1306.5 1.4578735231110462
1307.0 1.0567867609100814
1307.5 1.903028278662964
1308.0 3.096815899606444
1308.5 0.8133439043602056
1309.0 1.4150929916124038
1309.5 0.6662788270025404
1310.0 2.0336609108648833
1310.5 1.367915833056921
1311.0 1.4967546891135246
1311.5 1.1877843842949298
1312.0 1.2658613470200621
1312.5 1.7437915897773848
1313.0 1.5068239991189647
1313.5 0.4401213419076969
1314.0 0.587875516441078
1314.5 1.2495372835758694
1315.0 0.9893323561009475
1315.5 1.172000674942602
1316.0 0.9942176973785556
1316.5 0.8796441948409766
1317.0 1.373468284379907
1317.5 1.2922713523706686
1318.0 0.9441549429065949
1318.5 0.9416304062194933
1319.0 0.9243019062205389
1319.5 2.7905021117976005
1320.0 2.050932935960596
1320.5 2.3337670983167564
1321.0 2.7283448620948105
1321.5 2.698101020475044
1322.0 1.578602966364492
1322.5 1.8672692478633044
1323.0 2.4362176555995494
1323.5 2.153181187733488
1324.0 2.3176942456930165
1324.5 2.0683612022459945
1325.0 1.3045947528230473
1325.5 3.031334249566913
1326.0 2.0466502905441204
1326.5 2.8551666543058527
1327.0 1.1177484850244133
1327.5 1.053558080056464
1328.0 0.6646305947763962
1328.5 0.949772064420083
1329.0 1.9164896181400604
1329.5 0.9176920791644874
1330.0 2.5337916205491187
1330.5 1.6532858355074396
1331.0 1.5970391935794184
1331.5 2.192702025281469
1332.0 2.125007090406675
1332.5 2.674884034109737
1333.0 1.439862634969693
1333.5 1.69071864214815
1334.0 1.8019233444560205
1334.5 1.8768013156424237
1335.0 2.599017699104914
1335.5 0.7867458201262721
1336.0 2.42936577798031
1336.5 2.264767121082545
1337.0 1.1950586189158927
1337.5 1.2353355568151718
1338.0 2.3263511178503773
1338.5 1.295183299986632
1339.0 1.2506756457661634
1339.5 2.4026267697810653
1340.0 1.9048377294259071
1340.5 1.5856871075101768
1341.0 1.7573831902371628
1341.5 1.6315001276523344
1342.0 1.0748781324366448
1342.5 1.1909155247846006
1343.0 1.3679261517969705
1343.5 1.86571218471218
1344.0 1.2059120624293125
1344.5 2.096562694693883
1345.0 1.7250628589287538
1345.5 2.8443521384692527
1346.0 2.2159197084099684
1346.5 0.894038753843329
1347.0 1.132191764839163
1347.5 1.2514659312238463
1348.0 1.8865093328551183
1348.5 0.6814264658652573
1349.0 2.2966900776531327
1349.5 1.5601489480704704
1350.0 0.45949075647706916
1350.5 1.8225240610397258
1351.0 1.818253527768183
1351.5 1.0551163065386568
1352.0 1.0518322847717987
1352.5 2.4851368444951376
1353.0 1.923871825384539
1353.5 1.4668369614670835
1354.0 2.030115217050667
1354.5 1.5941326017107054
1355.0 2.258381324442412
1355.5 1.5253488057568254
1356.0 1.85290811526647
1356.5 1.6763748430111116
1357.0 1.688668770319984
1357.5 2.694462061874958
1358.0 1.033132533621202
1358.5 0.9675243420407109
1359.0 0.8570646107400435
1359.5 1.2441306746615446
1360.0 1.2536207555354935
1360.5 1.16816925058899
1361.0 1.246208456990728
1361.5 1.238609505534412
1362.0 1.8367275459675938
1362.5 0.7633950000871007
1363.0 0.685411206172982
1363.5 1.1405626832964786
1364.0 1.244803562151943
1364.5 1.6801238501971951
1365.0 1.5131603231477628
1365.5 1.3005571915693346
1366.0 1.515292873834626
1366.5 0.959170048156957
1367.0 1.7920966869611918
1367.5 1.5169166465485957
1368.0 0.5081373010973349
1368.5 2.4165800690973085
1369.0 2.014542267506189
1369.5 2.341714811922971
1370.0 2.2688105002314627
1370.5 1.0606026839226923
1371.0 2.1102316384967916
1371.5 3.662777338658685
1372.0 1.2168790624498582
1372.5 3.7966838054469854
1373.0 2.9653471759718846
1373.5 2.31577243418615
1374.0 2.005173195242757
1374.5 2.603194322082627
1375.0 1.7690447788434758
1375.5 2.3049023700774245
1376.0 1.80598286594525
1376.5 1.9286554729284644
1377.0 2.7823185810970372
1377.5 0.8396302186602074
1378.0 1.518293437655577
1378.5 0.3787731252572346
1379.0 0.2
1379.5 0.6420773570893565
1380.0 2.961775198859177
1380.5 2.530202096710628
1381.0 4.6015765866472185
1381.5 2.0592057125679073
1382.0 2.3921601799470698
1382.5 2.685539027806256
1383.0 2.445146313056515
1383.5 2.603500350074215
1384.0 3.644176311120833
1384.5 1.1508369185698564
1385.0 2.531175548092987
1385.5 1.3646823699706616
1386.0 1.553437224957717
1386.5 2.1576815195024883
1387.0 1.5873209519248743
1387.5 2.15665212004218
1388.0 2.149238868359139
1388.5 2.3154196076383906
1389.0 1.1518485727795824
1389.5 1.4334472021928957
1390.0 0.8028275852261193
1390.5 1.222163818027243
1391.0 1.5476200457901852
1391.5 1.2920121742811226
1392.0 1.4547199969854967
1392.5 2.063143926612197
1393.0 1.5570847883695187
1393.5 1.363827277586393
1394.0 2.398013864219168
1394.5 0.7650504401579092
1395.0 2.3986191748013113
1395.5 1.441659422222067
1396.0 1.476082765219291
1396.5 1.0802857626862383
1397.0 1.8418712303219524
1397.5 0.9734444451822984
1398.0 1.1890681192821604
1398.5 2.0799898563211485
1399.0 2.061775716449727
1399.5 1.129915814732667
1400.0 1.2549841398487223
1400.5 0.9601135431665627
1401.0 1.1657192756962744
1401.5 1.758391468465181
1402.0 0.9106024101464708
1402.5 1.778411197774918
1403.0 2.0899162608520507
1403.5 1.6649337019073163
1404.0 1.8118810849039557
1404.5 0.25593938992283705
1405.0 1.130207272414973
1405.5 2.282287503432156
1406.0 1.7093567223483532
1406.5 2.501091081444887
1407.0 1.3629820445835161
1407.5 2.6614483390797252
1408.0 1.9619175859337747
1408.5 1.6519347529089128
1409.0 2.574287040057632
1409.5 2.2881913411340076
1410.0 1.6751113756518925
1410.5 2.0157101028422533
1411.0 0.8617286060707183
1411.5 2.526561824286663
1412.0 1.335309480271286
1412.5 1.337532497659481
1413.0 1.3112557073366415
1413.5 1.2442789436780082
1414.0 1.3431026556117691
1414.5 0.9010505218580149
1415.0 1.2061757030544165
1415.5 1.5023318472851588
1416.0 1.0101229600829775
1416.5 0.7160134668834248
1417.0 0.8340827241986244
1417.5 0.5809855118251224
1418.0 0.8110358818010126
1418.5 0.9389702349077873
1419.0 0.832976295324686
1419.5 0.5838156907527732
1420.0 0.9626140421863311
1420.5 0.9785571091484925
1421.0 0.5325150296884471
1421.5 0.6293624610325261
1422.0 1.0629622783006913
1422.5 0.6003237415053255
1423.0 1.7497200473859045
1423.5 1.3849214670903058
1424.0 0.5833055598810969
1424.5 2.0941440365949466
1425.0 1.3781330998853678
1425.5 1.9266376215153727
1426.0 1.4658373902611535
1426.5 2.1613891570989354
1427.0 0.8692127778565043
1427.5 2.6107942526759107
1428.0 1.4329377468089861
1428.5 1.3516329189595113
1429.0 1.6693748234434727
1429.5 1.423075961152498
1430.0 1.6334860348825564
1430.5 1.5915115524838286
1431.0 1.4187990980127725
1431.5 1.0309407726405713
1432.0 1.6540097442973227
1432.5 0.8717967627502874
1433.0 0.661667791194977
1433.5 0.7638660368568467
1434.0 0.9076826136564683
1434.5 0.6350972326210673
1435.0 0.7465454875765087
1435.5 0.9212333940950101
1436.0 0.6208825551192849
1436.5 1.2453915876034665
1437.0 1.0707818183362052
1437.5 0.5927099830623703
1438.0 0.5641849943720075
1438.5 0.6090412138645869
1439.0 0.8581901180367177
1439.5 1.0385902134128464
1440.0 1.2312397585056831
1440.5 0.8580259486954094
1441.0 1.0257073627014337
1441.5 1.2305315497498825
1442.0 0.8616377146110135
1442.5 1.6026952548922215
1443.0 0.7203574748547287
1443.5 1.2960565435782465
1444.0 0.6288438364640055
1444.5 1.508645652958397
1445.0 1.113711232658574
1445.5 1.9419317489405996
1446.0 1.3551509552271863
1446.5 1.486609654957883
1447.0 0.31637681240144544
1447.5 0.6536972145851525
1448.0 2.3035103226113565
1448.5 2.4056861425596905
1449.0 2.52008882836531
1449.5 1.2371135776911586
1450.0 1.729831536430132
1450.5 2.2474530288684105
1451.0 1.0449821971501438
1451.5 2.5902052802846267
1452.0 2.5359697362083207
1452.5 2.047894013617823
1453.0 1.7469300501525262
1453.5 0.9913571031528491
1454.0 1.9235209948557348
1454.5 1.1434959727781013
1455.0 1.752528416584815
1455.5 2.7943602498142828
1456.0 1.2379604025312112
1456.5 1.9726053485712907
1457.0 1.4383170936193874
1457.5 1.642276311048953
1458.0 1.1385963604348917
1458.5 1.2960411428804028
1459.0 0.9397215796044552
1459.5 0.9948540140060794
1460.0 2.7004411493982277
1460.5 1.1917450157787584
1461.0 2.080995714679449
1461.5 1.223690432457513
1462.0 2.742395436705565
1462.5 0.9095044142168972
1463.0 1.5463326834883422
1463.5 1.3520781944176223
1464.0 1.5375747914206666
1464.5 1.1962850210672422
1465.0 1.1347213980634097
1465.5 1.860069081034111
1466.0 1.2770078570061494
1466.5 1.1907772353550907
1467.0 0.8574928057895896
1467.5 1.2235214943559143
1468.0 0.7708990214602398
1468.5 0.958988502613308
1469.0 1.0960812319891633
1469.5 0.671018963327436
1470.0 0.9959977859846391
1470.5 0.9275782065085745
1471.0 0.8740373522061569
1471.5 1.0429855718323846
1472.0 1.0310442745272625
1472.5 0.8626476603017961
1473.0 1.3569551170583334
1473.5 1.9800618766581808
1474.0 2.3851269148936947
1474.5 1.2701892278451514
1475.0 2.4659713769618263
1475.5 2.4724560784749774
1476.0 1.9787651921713023
1476.5 3.450111611341276
1477.0 2.700896732164196
1477.5 1.8461344113528182
1478.0 2.2282303299391826
1478.5 1.8078199055110162
1479.0 0.6541352909424849
1479.5 0.8248084568692564
1480.0 0.7052980351114717
1480.5 0.7625559187696348
1481.0 0.6066848286400848
1481.5 0.7840432534634307
1482.0 0.7716596293637125
1482.5 0.7593094594046493
1483.0 1.0634884467803731
1483.5 0.4782672256951675
1484.0 0.8361922257213963
1484.5 0.6907769502640144
1485.0 0.8001640956720553
1485.5 1.1785570340530787
1486.0 0.8491286183334826
1486.5 0.8269798633612904
1487.0 0.8665084186079839
1487.5 1.450466108095441
1488.0 0.5076766365420791
1488.5 3.068964846844538
1489.0 1.8651586970750258
1489.5 1.7197616110272413
1490.0 1.1397978468987473
1490.5 1.1425382185007598
1491.0 2.0399883890258312
1491.5 0.7532138677152157
1492.0 0.7854684550247685
1492.5 2.2916669867755335
1493.0 1.2543553802957657
1493.5 1.8920048838071064
1494.0 2.4026212085957983
1494.5 1.6005711350157978
1495.0 3.026732166042476
1495.5 1.4840062951524167
1496.0 2.3516799596227402
1496.5 1.5913163471529614
1497.0 1.1244960487128506
1497.5 1.7095020466788138
1498.0 1.3961558483157424
1498.5 1.8274612784222786
1499.0 1.91095118706495
1499.5 1.7195495540558183