2400.0 1.8788864667827194
2400.5 1.5168235133678984
2401.0 1.6084772113557901
2401.5 1.4336032669556242
2402.0 1.5432214458151536
2402.5 1.302358301560039
2403.0 1.548423686184579
2403.5 2.6321221061930213
2404.0 1.3784678432650443
2404.5 1.4127277229035116
2405.0 1.371693437118256
2405.5 1.2517729481040296
2406.0 1.577999804519254
2406.5 1.6611061963590912
2407.0 1.439184351518099
2407.5 1.413303030438811
2408.0 2.2130785589142112
2408.5 1.0013642600069772
2409.0 1.3535194853310561
2409.5 1.3554457697795441
2410.0 1.476921559560135
2410.5 1.6213388151283927
2411.0 1.8876717178167188
2411.5 1.1154957122068105
2412.0 0.5113317597485332
2412.5 1.056737836724553
2413.0 1.3051236801767492
2413.5 1.9351595320848656
2414.0 1.9042071963984366
2414.5 1.1202714671842744
2415.0 1.9380644228250288
2415.5 2.423216792482589
2416.0 1.527303976945198
2416.5 1.9490198899992917
2417.0 2.3028715662565675
2417.5 1.3521394506637114
2418.0 0.7688759644735434
2418.5 2.12412754383281
2419.0 2.304005993660502
2419.5 1.407454422769954
2420.0 0.6202612382364487
2420.5 0.9482517268938707
2421.0 1.2197729855617248
2421.5 0.9585274825290748
2422.0 1.3886785358309872
2422.5 1.1566134333283498
2423.0 1.0444736300313964
2423.5 1.6277984099178713
2424.0 1.4246012766416418
2424.5 0.7782143746573541
2425.0 2.8405720812255373
2425.5 1.8397971012711427
2426.0 1.8413955021452326
2426.5 1.6507918063116422
2427.0 0.8251307713874744
2427.5 1.316925783489829
2428.0 1.7948231992463106
2428.5 1.6856367974492235
2429.0 3.0502164171211583
2429.5 3.160977413462505
2430.0 1.8413291376977767
2430.5 1.811369126769247
2431.0 1.7882842669126204
2431.5 1.0447997466769496
2432.0 0.8907995720685142
2432.5 2.258622803035136
2433.0 1.7510057196505038
2433.5 3.0847969484186777
2434.0 0.8391044470971027
2434.5 2.9876278537723744
2435.0 1.043694592147491
2435.5 1.8126428883636851
2436.0 1.2584401239915968
2436.5 2.663417411784277
2437.0 3.10701479273244
2437.5 1.570964342373327
2438.0 1.5737202138929836
2438.5 1.8731952059934676
2439.0 1.9863361203133407
2439.5 2.3526726333356507
2440.0 1.7189371331918386
2440.5 2.9607997232692362
2441.0 2.575546186870314
2441.5 1.5239989627002175
2442.0 1.3802314718150928
2442.5 1.9414998016738225
2443.0 1.568639256770373
2443.5 1.3421796753163084
2444.0 1.7088159199082265
2444.5 1.172470195483426
2445.0 1.4030161763565543
2445.5 1.6854594044119773
2446.0 1.5205386644340027
2446.5 1.465268328698955
2447.0 1.5076769529761231
2447.5 1.3018659981168461
2448.0 1.0369214323152596
2448.5 1.0218759673972582
2449.0 1.3213092014657684
2449.5 1.627228577141056
2450.0 1.5365582236798003
2450.5 0.7852208744449602
2451.0 1.3005114240117601
2451.5 1.4710364771259177
2452.0 1.841828087284412
2452.5 0.8380677774614687
2453.0 0.9584797305130253
2453.5 1.6982294850415949
2454.0 0.7022539758746535
2454.5 0.7581660492072928
2455.0 0.7506256243360483
2455.5 0.7082515886545078
2456.0 0.6486795297858661
2456.5 0.5669617841027961
2457.0 0.6050073840394754
2457.5 0.8986433537679959
2458.0 1.3778514010572833
2458.5 1.0676661667073695
2459.0 1.3470438878981499
2459.5 0.8417227326011139
2460.0 1.1193033309630631
2460.5 1.1997324110397574
2461.0 0.8671484245255391
2461.5 0.8273585486411958
2462.0 1.289364027015468
2462.5 0.9327491070767946
2463.0 0.9262366925898113
2463.5 0.9769748918552638
2464.0 0.998977930440351
2464.5 0.8774253407156679
2465.0 0.6350117358168597
2465.5 0.672835029653335
2466.0 0.7285714806401591
2466.5 0.6231907615616823
2467.0 0.5669801740895248
2467.5 0.5940474363090626
2468.0 0.7213232997399528
2468.5 0.6326241814842191
2469.0 0.6771166447450085
2469.5 0.7795493791404451
2470.0 0.6282103354599213
2470.5 0.6814388350889431
2471.0 0.6990497410230729
2471.5 0.5675470813517804
2472.0 0.7180413079937804
2472.5 0.7095068971354255
2473.0 0.5334855971268522
2473.5 0.8194032329166681
2474.0 1.5291461099109402
2474.5 2.320212999396409
2475.0 2.9522435349748406
2475.5 0.6762374458467437
2476.0 2.022836732576051
2476.5 1.565379231160098
2477.0 2.067407089869149
2477.5 2.0672332024620004
2478.0 1.904346579278803
2478.5 2.679375963215171
2479.0 2.476870480464036
2479.5 0.741183971140057
2480.0 1.6829395101036946
2480.5 1.7577626009384328
2481.0 1.4863404602453245
2481.5 0.7652177363115941
2482.0 2.483288373804138
2482.5 2.7473402273093126
2483.0 0.9975710318783232
2483.5 1.8156448605960978
2484.0 2.3821452281508693
2484.5 1.482204816029439
2485.0 1.7166814327435724
2485.5 1.8920357452786587
2486.0 0.8834208516072389
2486.5 1.8417325625370893
2487.0 1.6518669225289802
2487.5 1.2343410719262353
2488.0 1.279390876390344
2488.5 1.3052224241844375
2489.0 2.1593716857249428
2489.5 1.8494833980423127
2490.0 1.3652283114797388
2490.5 2.2189178003578736
2491.0 3.3750404260617364
2491.5 1.0107786687511044
2492.0 2.2972773477096435
2492.5 2.2751529869105047
2493.0 3.2442468351149785
2493.5 2.2718213595667494
2494.0 3.1764038386492897
2494.5 2.800276090388567
2495.0 2.621287833119908
2495.5 2.265823169596698
2496.0 1.2446073717642316
2496.5 3.296608005822503
2497.0 0.7444033001100461
2497.5 0.7969044872298208
2498.0 0.7256741656260268
2498.5 0.7634329020325767
2499.0 0.9475054890971855
2499.5 1.0432790594503216
2500.0 1.2103344372285678
2500.5 0.8820772430093573
2501.0 0.9014786635310781
2501.5 1.2256447168235547
2502.0 0.8896432557327227
2502.5 1.0331753465553835
2503.0 2.2221141698905083
2503.5 0.8822477590815383
2504.0 4.015998701335031
2504.5 3.8730925812947987
2505.0 3.187576957860073
2505.5 1.6177877107582495
2506.0 1.528342007985279
2506.5 1.3111398757271822
2507.0 2.292983701957806
2507.5 3.0014831258167067
2508.0 2.1237701552747117
2508.5 1.932587760382451
2509.0 2.896600659328604
2509.5 2.5692493442580377
2510.0 2.90788341792384
2510.5 2.724807052702312
2511.0 3.9388746431885853
2511.5 1.832929317110101
2512.0 3.07826611524792
2512.5 2.590389887298282
2513.0 0.25132714371897547
2513.5 2.8925549132396124
2514.0 1.0178599449874595
2514.5 2.195179659662853
2515.0 1.6083822233061795
2515.5 4.201838589820038
2516.0 2.78123978951956
2516.5 3.0163469005884496
2517.0 3.240643177538476
2517.5 2.4460259474478225
2518.0 0.5715474356730057
2518.5 1.7039205667410258
2519.0 1.5114763208214244
2519.5 3.269214602898761
2520.0 1.7089176840694291
2520.5 4.285135967121577
2521.0 1.5302291586096342
2521.5 3.6295688466550997
2522.0 1.5037799393059856
2522.5 2.14900386296185
2523.0 2.641543034716841
2523.5 0.7907974911220077
2524.0 1.0751570113512312
2524.5 1.0835972077767262
2525.0 1.4281062644388782
2525.5 0.8335227579220572
2526.0 1.8231281916988211
2526.5 1.0503553501618854
2527.0 2.2453687311260833
2527.5 2.9321354026704345
2528.0 3.1875337351863626
2528.5 2.520859684406962
2529.0 1.9831480911108843
2529.5 1.5853862547423991
2530.0 1.4229847240127842
2530.5 1.519199597990597
2531.0 3.1400097678167027
2531.5 1.1867266585604876
2532.0 2.7536105710266776
2532.5 1.9043896418876824
2533.0 2.1063155641949978
2533.5 2.430014086353843
2534.0 1.5865648125214975
2534.5 1.9624335355206148
2535.0 3.4862285748863924
2535.5 3.80752122875543
2536.0 2.731372850599106
2536.5 3.102564075362108
2537.0 2.649275911964411
2537.5 1.468517057110428
2538.0 2.5447485685747875
2538.5 2.6359474298873637
2539.0 2.8754057957432826
2539.5 2.598313966219452
2540.0 1.271925889771929
2540.5 2.496236761440647
2541.0 0.7713404203773291
2541.5 2.8075573165474745
2542.0 0.3338899616869213
2542.5 1.169807591054042
2543.0 0.9611948125271083
2543.5 1.2241981526830328
2544.0 1.1177966148847254
2544.5 1.3180930900861019
2545.0 0.5517084089124887
2545.5 1.2361688636025479
2546.0 0.8808660127808271
2546.5 0.5902814637680378
2547.0 1.3476963874607644
2547.5 0.7605576832951142
2548.0 0.60972626226154
2548.5 0.857159416213703
2549.0 1.2956055108535396
2549.5 1.1897169412273296
2550.0 1.4739258700154454
2550.5 2.2396315374262574
2551.0 1.7357941766190446
2551.5 2.540333510787134
2552.0 3.7649432185262466
2552.5 3.7049369484682444
2553.0 1.6345167748887814
2553.5 0.42355557868719806
2554.0 1.6667965833046106
2554.5 0.8993854458739903
2555.0 4.0307145939556275
2555.5 2.904545437169252
2556.0 4.122874460837371
2556.5 3.1536313557947135
2557.0 2.7573225755397432
2557.5 3.4561165668323595
2558.0 1.857834663590769
2558.5 2.6625033501092363
2559.0 3.9342162743803257
2559.5 1.1100097386612195
2560.0 1.495750467565689
2560.5 3.4254664893373685
2561.0 0.2
2561.5 1.9132873465150142
2562.0 3.570490152839789
2562.5 1.5755042144706477
2563.0 1.4205615864105328
2563.5 1.3210761944442413
2564.0 0.8471505010389525
2564.5 1.6025053548710209
2565.0 2.675328544930652
2565.5 0.8454230237005815
2566.0 1.8811976861213109
2566.5 2.4599844391782133
2567.0 1.5769055428864578
2567.5 2.6703209624948823
2568.0 2.061182447827286
2568.5 1.7142324914146783
2569.0 2.0941178612875757
2569.5 0.67870051860379
2570.0 1.6462482063346549
2570.5 2.844237835018479
2571.0 1.3171972537409156
2571.5 2.097174022287584
2572.0 1.0794947760164129
2572.5 2.070357137284352
2573.0 1.7929447869475672
2573.5 2.5066416564516594
2574.0 2.328332638412295
2574.5 1.1807172666258863
2575.0 2.832149970276678
2575.5 1.6702697255764671
2576.0 0.5570812061708956
2576.5 0.800988453825433
2577.0 1.7573384666423448
2577.5 2.199101250491176
2578.0 1.9916266326383678
2578.5 1.3287665785580465
2579.0 2.1898010171704616
2579.5 1.4488680043734812
2580.0 2.0072822152725127
2580.5 0.7297201295925241
2581.0 1.7056687752236952
2581.5 2.2758723760844957
2582.0 0.49011356448985166
2582.5 0.9523605211554447
2583.0 1.2298844336853154
2583.5 1.130133874457934
2584.0 1.5494514225476355
2584.5 1.1837078056686563
2585.0 1.553439265639469
2585.5 0.8530461995030132
2586.0 1.3357858167344143
2586.5 1.6365726898241322
2587.0 1.5842356024178308
2587.5 1.0106237451159648
2588.0 1.424151473305867
2588.5 1.439598930688819
2589.0 2.0648385866826944
2589.5 1.2202745418023981
2590.0 0.7295682162144197
2590.5 1.7830272209492208
2591.0 1.4071037431464841
2591.5 0.9078178374862544
2592.0 1.1622087740330067
2592.5 0.5263436520579976
2593.0 1.5770768499754881
2593.5 1.2645022774093744
2594.0 0.5945946868160307
2594.5 2.026515781429029
2595.0 1.9163578635676666
2595.5 0.9668044387220491
2596.0 0.96504152541662
2596.5 0.8385608476973188
2597.0 0.6617376473219563
2597.5 0.7836818596604858
2598.0 0.9196505499429355
2598.5 1.954491983543569
2599.0 1.3898561275373842
2599.5 1.0554143421965998
2600.0 1.6669783394543627
2600.5 1.051571739730254
2601.0 0.9188700586810767
2601.5 0.9229250194459115
2602.0 1.1560721571279746
2602.5 1.767469601727468
2603.0 1.1138196427216231
2603.5 1.459604131037983
2604.0 1.2023030952683613
2604.5 1.1408349555195039
2605.0 0.8604698902123209
2605.5 1.1229414301566445
2606.0 1.2589119213245836
2606.5 1.120516902577982
2607.0 1.2304188932351783
2607.5 2.0907768168250414
2608.0 2.5230830709131924
2608.5 1.9588042426229975
2609.0 0.9729686488577813
2609.5 3.7043530009277887
2610.0 3.544112328555064
2610.5 2.128255829951034
2611.0 2.0176424895397864
2611.5 2.5481603592453386
2612.0 2.4228392295043473
2612.5 3.0194950532406537
2613.0 2.5232861111299902
2613.5 2.87592916720659
2614.0 3.10783541125129
2614.5 1.6101067449072342
2615.0 2.7382660313296583
2615.5 2.4636527758850675
2616.0 1.0260999829336086
2616.5 0.7223164556381474
2617.0 1.1629190722472993
2617.5 1.4126219346072486
2618.0 1.1828865394573023
2618.5 1.4376397204422622
2619.0 0.7926028325554102
2619.5 0.7209109908920306
2620.0 0.7675861777430624
2620.5 0.8029325097165296
2621.0 0.42735429893846655
2621.5 0.7853195559591533
2622.0 0.7841901444205288
2622.5 0.7361333137816468
2623.0 0.6462207603476068
2623.5 0.6689372444482966
2624.0 0.6601338156244878
2624.5 0.7542614653784441
2625.0 0.8968609615252954
2625.5 0.6299667393591517
2626.0 0.6584940193758188
2626.5 0.6880082662272162
2627.0 0.7206362195085856
2627.5 0.6281178432639198
2628.0 0.5807854991376018
2628.5 0.708139390152182
2629.0 1.5373264703165423
2629.5 1.9624657615407524
2630.0 1.5547140735826983
2630.5 1.933963265844767
2631.0 1.523335858345428
2631.5 0.971743648230937
2632.0 0.3274394299530621
2632.5 1.861586846415389
2633.0 1.4814219081011615
2633.5 1.6881236054871707
2634.0 0.41909215129919497
2634.5 2.1324434585420353
2635.0 0.9129996639646984
2635.5 0.8978386811617665
2636.0 2.207115307294182
2636.5 3.6651663714701743
2637.0 1.6581798766837093
2637.5 2.2235971355505955
2638.0 2.591561390070968
2638.5 3.495554537693839
2639.0 3.277550563331288
2639.5 2.088852613143354
2640.0 2.4361999433509642
2640.5 1.321528902626384
2641.0 3.466120651941119
2641.5 1.9004231396147593
2642.0 1.7239497313710714
2642.5 1.8839200944473573
2643.0 1.7726092809831526
2643.5 1.4223399301721633
2644.0 1.693500533907656
2644.5 1.1650410349289904
2645.0 1.5349959882260753
2645.5 2.7191005692617667
2646.0 0.8996219279983548
2646.5 1.512879241505713
2647.0 1.6319521027103354
2647.5 1.7327650319188272
2648.0 0.8075046243804993
2648.5 2.210945125375516
2649.0 1.2854233086871778
2649.5 0.8929928790893187
2650.0 1.38188935061553
2650.5 1.68805640142985
2651.0 1.746877740771176
2651.5 0.9018800503967738
2652.0 1.576232884393417
2652.5 2.981798354741287
2653.0 2.598919815657507
2653.5 2.3471049238473327
2654.0 2.633483344688674
2654.5 2.1243232762587856
2655.0 1.7056926094928593
2655.5 1.7630696545135232
2656.0 3.2240452273809437
2656.5 2.9470720492490017
2657.0 2.7227914216083526
2657.5 1.3094387817393183
2658.0 2.626246175470872
2658.5 2.795237392492971
2659.0 2.8916598064436885
2659.5 3.6620321174277377
2660.0 1.9993405420727441
2660.5 4.95166952674602
2661.0 2.5320804841362436
2661.5 1.3247457974839225
2662.0 2.9640878001379214
2662.5 2.2207939712477778
2663.0 1.8208732774004641
2663.5 2.701183855449738
2664.0 0.4124812323079394
2664.5 0.9159853795455604
2665.0 2.4843715488375673
2665.5 0.6864508526354154
2666.0 2.58915796671254
2666.5 3.1401852240785413
2667.0 2.8787333223838165
2667.5 2.9484340514137566
2668.0 0.9455529749035148
2668.5 2.4217276065849047
2669.0 1.8570085851998086
2669.5 1.0668597268189681
2670.0 1.7413752150736928
2670.5 2.6805551821902265
2671.0 2.504541592859296
2671.5 1.5526110596682758
2672.0 0.6857906059727594
2672.5 1.6006823821826588
2673.0 2.473357168007992
2673.5 1.2024384478776493
2674.0 1.4760382416226174
2674.5 2.015418329395549
2675.0 2.7666607574543742
2675.5 1.6163258554424693
2676.0 2.632704478110681
2676.5 3.338934182983399
2677.0 2.1220045051476077
2677.5 2.255349338067044
2678.0 1.8265945890082524
2678.5 2.7718398562376576
2679.0 2.1436547993860384
2679.5 0.6728113667932765
2680.0 1.8302148126928564
2680.5 0.7861148234385663
2681.0 0.4027339781225736
2681.5 1.8112128329863562
2682.0 1.3994883110225909
2682.5 1.2272138404997754
2683.0 1.4002286903241077
2683.5 1.0648436900285367
2684.0 1.119677954750447
2684.5 1.7149163650867862
2685.0 1.4445971051146977
2685.5 1.5956947105748314
2686.0 2.1441889029171675
2686.5 0.8218020353950053
2687.0 1.1726845589797146
2687.5 0.9288388816113862
2688.0 1.457235344742415
2688.5 1.8724545927318812
2689.0 1.5924667082898252
2689.5 1.2511386697926858
2690.0 1.4798023448855755
2690.5 3.1440574583070484
2691.0 1.886718414987632
2691.5 2.2014655893977695
2692.0 2.3928113061942193
2692.5 0.2
2693.0 4.122922463742292
2693.5 2.676114090692714
2694.0 1.7702422604105381
2694.5 3.199402916558151
2695.0 1.1297643662129926
2695.5 1.4979682283775706
2696.0 1.7970777454699562
2696.5 1.7359859546656873
2697.0 1.1937308885977065
2697.5 1.590692200632579
2698.0 2.1884746945469344
2698.5 0.6829863045687552
2699.0 3.082445529875658
2699.5 3.0952103636264576