0 0.8089390942421892
0.5 0.8613619902456451
1.0 0.9953275779541385
1.5 1.1463631209975307
2.0 1.0406448496670397
2.5 1.5296882616135206
3.0 1.440214979136475
3.5 1.4201357410305175
4.0 1.4527787959041514
4.5 1.598376753865828
5.0 1.4719041609012733
5.5 1.144023493123519
6.0 1.128614221308463
6.5 0.9581802852069579
7.0 1.090205448375485
7.5 1.1043621935288075
8.0 0.46454472104874533
8.5 1.370999870664516
9.0 2.036028128150501
9.5 2.7564848450872486
10.0 0.9378729368533056
10.5 2.3739148513944897
11.0 2.9015764928033834
11.5 2.061040280281254
12.0 0.9050676878916599
12.5 1.1234042846128598
13.0 2.73019351720652
13.5 1.7900414421906952
14.0 2.053219977917883
14.5 2.217040435253119
15.0 1.7248888362490589
15.5 1.6741984615844763
16.0 1.505820740166984
16.5 1.5605132110595332
17.0 0.8094024733555016
17.5 2.2712100163908486
18.0 2.3952328708195445
18.5 1.789598932674617
19.0 0.8839260508530201
19.5 1.7458346739537953
20.0 3.2315187930162725
20.5 1.0707373703960494
21.0 0.6674595370733305
21.5 1.587375886234033
22.0 2.039145515566412
22.5 2.1893528895318424
23.0 1.0993644701341578
23.5 1.9045849490492606
24.0 1.8252565196396822
24.5 1.513506232814068
25.0 1.392699463789835
25.5 1.0802312660322273
26.0 1.4840872529272673
26.5 2.3660794362238153
27.0 1.097920461371904
27.5 1.4347386571157166
28.0 1.2389571819163905
28.5 2.6232263956648714
29.0 1.7719107034438324
29.5 1.8356958232272738
30.0 1.4942578365057768
30.5 1.79316801288943
31.0 2.1316280254874647
31.5 1.8097341024908473
32.0 1.880531143421706
32.5 1.193233544574829
33.0 1.688582442284563
33.5 1.575796031241504
34.0 2.1582979686304267
34.5 2.320832929296502
35.0 1.3202327955355206
35.5 1.2220282638356685
36.0 1.092314075636192
36.5 1.6024070594151039
37.0 2.050766940898808
37.5 1.837088873247952
38.0 2.218720535777109
38.5 0.854874944934589
39.0 2.344075805277119
39.5 1.4083983244819418
40.0 2.0924208232821746
40.5 1.9572212661075838
41.0 1.341738162399083
41.5 1.8837604571917144
42.0 2.3899942918947312
42.5 1.2827791869237712
43.0 1.5579595212118398
43.5 2.6203602534308303
44.0 1.4233249439459055
44.5 0.905053734079871
45.0 0.8754499194956775
45.5 2.1985543395773846
46.0 2.4130600589279765
46.5 1.9380771545507294
47.0 2.370186520282119
47.5 2.4411917468289106
48.0 2.027948352659431
48.5 1.8170303365548657
49.0 2.996404036061935
49.5 1.1156811957344654
50.0 2.7747097284882347
50.5 2.426066530562065
51.0 4.028248311041702
51.5 3.60308035193603
52.0 1.7049662462407102
52.5 2.549626250383695
53.0 1.8410023371782178
53.5 1.2244950026665586
54.0 2.0582388112232244
54.5 0.9079533327095128
55.0 0.9660885268120072
55.5 1.2701270480817883
56.0 0.62300991688154
56.5 1.4801757824477808
57.0 1.1498869228006008
57.5 0.7902639145639195
58.0 1.7895415900000469
58.5 2.586132250893003
59.0 1.4266471582434883
59.5 1.5135616847195836
60.0 3.0671663906967197
60.5 2.361213719388469
61.0 1.4750704118287479
61.5 1.8207822241527867
62.0 1.3667972825835966
62.5 2.626828935972849
63.0 1.1720997063872396
63.5 1.2066867907851744
64.0 2.0660111194876722
64.5 1.330142680145192
65.0 1.380994789161568
65.5 1.398355453364347
66.0 1.1372484627591721
66.5 1.126279457638637
67.0 0.8747762076627146
67.5 1.0981540138888206
68.0 0.9631205113878273
68.5 2.1095974570514153
69.0 1.8923330487925625
69.5 1.3749218782427977
70.0 2.0773938437929425
70.5 2.1867912370673173
71.0 2.4558249725010715
71.5 2.406778521237433
72.0 1.7221222743376197
72.5 1.486238325024563
73.0 1.1069093015320837
73.5 1.5372585572214423
74.0 2.0065150158349385
74.5 0.9901600571810955
75.0 0.9595737996883432
75.5 0.9207701876346845
76.0 0.7128227412650758
76.5 1.00636297486296
77.0 0.8413977843894431
77.5 0.9206471319424364
78.0 1.1213514727708715
78.5 1.0411750771386021
79.0 0.7522029519951337
79.5 1.3179548019942764
80.0 0.5125431507692857
80.5 0.7135845363079234
81.0 1.3081458253134217
81.5 0.6406688078006342
82.0 1.2382517647301166
82.5 1.240237802208652
83.0 1.6820016571285834
83.5 1.4066527442072205
84.0 1.3257318974243533
84.5 1.3445292072560062
85.0 1.1931064100121156
85.5 0.9330907924405683
86.0 0.9218598360478918
86.5 0.858826892411301
87.0 1.0846612880349558
87.5 0.9628400471499798
88.0 1.275470839563485
88.5 1.1687911390933476
89.0 0.6009745564608107
89.5 1.3827575460722037
90.0 4.047052300599434
90.5 2.3122159816899304
91.0 3.2215253164647843
91.5 2.957074845370957
92.0 3.032564369533186
92.5 2.1080391331975408
93.0 1.6957109681794056
93.5 2.5920342018453937
94.0 2.84838982335176
94.5 2.5108273069297242
95.0 0.9979411359993313
95.5 1.6159370880399044
96.0 3.111645572822905
96.5 2.8739140245294093
97.0 0.6785691930316502
97.5 0.7024982019001751
98.0 0.9231249993763041
98.5 1.4464979033406484
99.0 1.9571454342176309
99.5 1.6893319233332749
100.0 1.5642488155158136
100.5 2.138856523414241
101.0 1.54345453921743
101.5 1.3633421176962097
102.0 0.8748454375998143
102.5 2.0607713336400035
103.0 0.7473793179586625
103.5 2.015156258364982
104.0 2.1821917508595385
104.5 1.080779708349074
105.0 1.928610237151634
105.5 1.612773319658319
106.0 2.406403360644917
106.5 2.5011353094082276
107.0 0.2
107.5 0.4990639600830719
108.0 0.6815060885885671
108.5 0.6473348756422087
109.0 0.8688199444045506
109.5 0.6833639237039263
110.0 0.6237217664820183
110.5 0.5991042670625144
111.0 0.8062164696045795
111.5 0.8456476645142499
112.0 1.8470959537235223
112.5 1.1422463533140017
113.0 1.5126106879750765
113.5 1.5945714742803496
114.0 1.2039263935219373
114.5 1.4827599919681278
115.0 1.3883085958310648
115.5 2.0298898592635686
116.0 1.1407893130412035
116.5 0.3255435315968558
117.0 0.6369406888294402
117.5 1.8501376019482232
118.0 2.1011771695919115
118.5 2.4028756041349304
119.0 1.9971152160968386
119.5 0.5631997831066433
120.0 1.8190148580149375
120.5 2.116473221182291
121.0 2.4827090443911413
121.5 1.960661296209461
122.0 2.509730203136281
122.5 1.7138663300462769
123.0 1.6494851170170084
123.5 1.5244164613692208
124.0 2.6556263221759906
124.5 1.2190907134115754
125.0 2.1170459897411105
125.5 2.076885756652156
126.0 0.8429073076132114
126.5 0.845950494410816
127.0 0.892190912146587
127.5 0.9448492643902615
128.0 0.6826764922826176
128.5 0.799295824211941
129.0 2.4628410164279746
129.5 2.1397763084832095
130.0 0.585978467743288
130.5 2.634117333121095
131.0 3.2119573105518953
131.5 1.515301436229887
132.0 2.9316552469145556
132.5 1.173199699238754
133.0 1.1692853291760152
133.5 2.8096216386029775
134.0 1.653542958054841
134.5 2.0223409387681865
135.0 2.0326352401906704
135.5 1.1765784098166225
136.0 1.2907169622644092
136.5 2.1332936088698067
137.0 2.8631436228259433
137.5 1.4241061509201167
138.0 1.8735509422625836
138.5 2.1909924600003308
139.0 0.2
139.5 4.064543464870612
140.0 1.9383278919891924
140.5 1.9690671464449636
141.0 1.9407794142875427
141.5 1.2379568932650524
142.0 2.2391186944525265
142.5 3.3573709202095854
143.0 1.9339597689471701
143.5 2.0170253878404267
144.0 1.2255540067441915
144.5 1.5819530883573976
145.0 2.364111711892633
145.5 2.2427923689902065
146.0 1.9248047690701866
146.5 1.516866536625526
147.0 1.5905374681004623
147.5 2.3164492698077304
148.0 1.5892324864970053
148.5 1.6531370099608393
149.0 1.4816774221568063
149.5 2.230658512976639
150.0 0.9204766797346889
150.5 1.7516830771861804
151.0 2.1484617358706224
151.5 2.285549391072106
152.0 1.9230840830990763
152.5 0.866529239365272
153.0 1.4567092257453989
153.5 0.7991274908589837
154.0 3.4083131421601154
154.5 2.2056827103939884
155.0 1.4037529841996035
155.5 4.738502025863269
156.0 1.9027002067764616
156.5 3.496772911815092
157.0 1.4915783657760444
157.5 2.122654627982727
158.0 1.8041451149637033
158.5 2.635018222751982
159.0 2.1189235769315684
159.5 2.113668352948405
160.0 2.5424244693071167
160.5 1.8134844565321744
161.0 1.9926895354229501
161.5 2.5744740144842924
162.0 2.522539337371147
162.5 2.5689618481322736
163.0 1.2254625562278907
163.5 0.9761882341618557
164.0 1.4140921022062876
164.5 1.5369502011992573
165.0 1.0260193613675932
165.5 1.1305604532342177
166.0 1.3013763731440187
166.5 1.0381960285572913
167.0 0.7855333778661645
167.5 1.0598461868211846
168.0 1.549343671080036
168.5 1.5458216889489025
169.0 0.4239269486203371
169.5 0.5258506775397317
170.0 1.518027995702104
170.5 1.199530191299609
171.0 0.7486933470928727
171.5 1.2574133910002099
172.0 1.2689636361778391
172.5 1.2456255767261966
173.0 1.3819106677565678
173.5 0.9709285334116369
174.0 0.7972592045946137
174.5 1.0705270035466874
175.0 0.9013695610399335
175.5 1.6423091263835992
176.0 1.071988929773683
176.5 1.2865784656511712
177.0 0.7873630793952975
177.5 1.2351068257620197
178.0 0.7499858747974455
178.5 3.759590612817693
179.0 2.3990719913900715
179.5 2.8676534569555505
180.0 1.5236732344052426
180.5 1.963621179765652
181.0 3.248812229658837
181.5 2.1804822149000067
182.0 2.042835892356961
182.5 2.0841914792624374
183.0 1.4992345788290011
183.5 2.138499448940162
184.0 2.9845811549332533
184.5 1.9962702511700787
185.0 1.6916677875052528
185.5 2.2920322075196102
186.0 2.6740682900009705
186.5 2.75229242318086
187.0 3.127289854976995
187.5 4.517652051543372
188.0 2.6217823952325476
188.5 2.681153781468386
189.0 2.7457496484783848
189.5 0.3892721792140794
190.0 0.7292559421235829
190.5 0.2
191.0 0.2
191.5 5.022390033889175
192.0 2.3203023502325446
192.5 1.5262895338638636
193.0 0.6964401109334909
193.5 1.1646168758702025
194.0 0.8836820030214376
194.5 0.965476116798657
195.0 1.0340775069207562
195.5 0.8555787850756852
196.0 1.2515440921508563
196.5 0.63048659915026
197.0 1.4438435697252439
197.5 0.9685916185073955
198.0 0.8607933742185
198.5 0.8906307678321652
199.0 1.3391113392916805
199.5 1.296160491625357
200.0 1.5604456700122322
200.5 0.9642782268386821
201.0 0.6847809562787522
201.5 1.085842786748742
202.0 0.8478237707164662
202.5 0.8050637960190864
203.0 0.5670434365141296
203.5 1.1905943993657755
204.0 1.409085833965906
204.5 1.3834689638091922
205.0 0.862023182823558
205.5 1.2201656232071794
206.0 0.9995375210512253
206.5 0.7946013030900048
207.0 0.726481116405949
207.5 1.6335351430186946
208.0 0.9678543611683365
208.5 1.248315334958539
209.0 0.843212202227142
209.5 1.2253931240439042
210.0 1.2323609966093985
210.5 1.1225198932461544
211.0 1.1396406203863285
211.5 1.0156725041369097
212.0 0.9047686202473066
212.5 0.6541587307746358
213.0 1.753411538761102
213.5 2.670903389919241
214.0 2.1931693521510187
214.5 2.3800195665693478
215.0 0.8967590455667651
215.5 1.8367165986070562
216.0 0.5763577121244656
216.5 0.7926910841119224
217.0 1.1538183527510661
217.5 1.6505421177717032
218.0 1.877833481711831
218.5 1.0950442702378869
219.0 1.1714537684494077
219.5 1.0630949847766589
220.0 2.195300637008796
220.5 0.7026511952655805
221.0 3.0345326145584703
221.5 2.40932732877914
222.0 2.3213697078932647
222.5 2.481630392856168
223.0 2.567747042449243
223.5 0.7937860399904269
224.0 1.7913855768952558
224.5 1.5238613683584905
225.0 2.1812732556384784
225.5 2.2866300374958755
226.0 2.5864077117485125
226.5 1.802433800512298
227.0 2.144872851182713
227.5 2.6726808994711146
228.0 2.786111277619463
228.5 1.8907891909447163
229.0 1.9826793712736654
229.5 3.1524503214711803
230.0 2.210684097574779
230.5 1.654259026033991
231.0 1.6861991940793617
231.5 1.7819007178616406
232.0 2.2843707315831066
232.5 2.481947720349183
233.0 1.868594461439169
233.5 1.4176366858420937
234.0 1.2127599198904528
234.5 1.2345377761058938
235.0 1.7793639778389134
235.5 1.848483802797063
236.0 1.5301533418170492
236.5 0.6285276741351284
237.0 0.8169478563390081
237.5 0.9390187180986697
238.0 1.7295502519096404
238.5 1.8674932860236526
239.0 1.4374186019470674
239.5 0.8935808055261315
240.0 0.4742404117397281
240.5 1.6545512274116363
241.0 1.352383375289517
241.5 1.7776601822116536
242.0 3.0125907257134044
242.5 2.4438352663137106
243.0 2.3804830237265158
243.5 2.5342144903592345
244.0 2.102061261710912
244.5 0.6560201462863271
245.0 2.394544542009925
245.5 2.019223242243467
246.0 2.8982060051968563
246.5 1.8088838554580984
247.0 2.056549826953684
247.5 2.3788426258252846
248.0 1.9136984879535526
248.5 1.9534933394881064
249.0 1.620163440022929
249.5 1.7960869314963226
250.0 3.7317767708806766
250.5 2.376939361416837
251.0 3.042565030919543
251.5 2.3772848809223257
252.0 0.802939104450334
252.5 1.0720176298023043
253.0 0.6153444473449787
253.5 1.0204765890498189
254.0 0.569433779844668
254.5 0.9541379249374657
255.0 1.030355509889497
255.5 2.935935941829399
256.0 1.6676989802121982
256.5 2.1213485893890853
257.0 3.4886638643981946
257.5 4.0410598000697915
258.0 3.4788783034496973
258.5 1.3000279154781627
259.0 2.901521395431197
259.5 1.0401814190836978
260.0 1.6019526271435638
260.5 3.480395297376293
261.0 2.414141145451672
261.5 3.3920935876491147
262.0 1.175964006236569
262.5 1.3765784457252883
263.0 1.2689517093474219
263.5 0.9162024679535061
264.0 1.305808939444625
264.5 1.5178662798965372
265.0 0.7738342313923067
265.5 1.4151564868161222
266.0 1.3484838113021311
266.5 1.128919807965501
267.0 1.3725563526175126
267.5 1.3378215502991764
268.0 0.6209469285915892
268.5 1.393271453399742
269.0 1.2847804406610728
269.5 1.439330873125125
270.0 1.1413569395470675
270.5 1.504105630230174
271.0 1.687795406065198
271.5 1.7300463837937925
272.0 1.8499120953221906
272.5 3.470371520984126
273.0 1.9405467752366135
273.5 2.6294000141633713
274.0 1.7935859527048066
274.5 1.8684170722975313
275.0 1.7007577802504326
275.5 1.2560026075659874
276.0 2.6940180646158254
276.5 3.071359847907372
277.0 1.959263602335893
277.5 2.8756025938642114
278.0 2.4168582647250565
278.5 1.7686904281574458
279.0 2.740851944791226
279.5 0.8911212707158004
280.0 0.7149303711001347
280.5 0.720245560144106
281.0 1.2303858544618955
281.5 2.618288729484641
282.0 1.1026010531132915
282.5 1.0818814249606103
283.0 1.0399734120517015
283.5 1.9582983065040396
284.0 1.8866285625328563
284.5 1.4943393771933957
285.0 1.9231705634258534
285.5 1.537018942022973
286.0 1.5061046072561832
286.5 2.4209956568160362
287.0 0.8995271815330839
287.5 0.9505162287340162
288.0 1.6083764448723814
288.5 2.3449024102606755
289.0 0.552453539794815
289.5 1.9338871165765492
290.0 1.1568902061098485
290.5 1.5913025895554505
291.0 2.524076469059687
291.5 0.9461098568789293
292.0 1.6465885761134844
292.5 1.8396706356328045
293.0 1.3538626183032887
293.5 0.6979233431048425
294.0 1.3563921663723437
294.5 1.7092639999548984
295.0 0.8627575518175905
295.5 1.4048435065665328
296.0 1.8034688210237546
296.5 1.8267379852772427
297.0 1.8071521297634343
297.5 2.5332481055793767
298.0 0.987005222493343
298.5 2.7246200286144435
299.0 2.768177059143695
299.5 1.6901224785141764