600.0 2.139577891239753
600.5 1.3650616155707311
601.0 0.7187717420881562
601.5 1.6469207299792834
602.0 0.6861679067003061
602.5 2.0006775309056226
603.0 1.9010165184036238
603.5 0.8960610205914041
604.0 2.8472436642212857
604.5 1.695899690120049
605.0 2.3390223154059884
605.5 1.5380854017741892
606.0 2.315309104259522
606.5 3.1394645173036664
607.0 2.422970062148568
607.5 3.332209590448218
608.0 3.309474906757764
608.5 1.8046307990100072
609.0 2.027599465808983
609.5 1.7471619262137288
610.0 2.019110145344712
610.5 3.643116907753938
611.0 2.3838695970142147
611.5 4.125567809128343
612.0 1.6533803629712767
612.5 2.8404657661274024
613.0 2.1084621849032548
613.5 2.893785062282127
614.0 1.626198600548789
614.5 1.5079307724627686
615.0 1.6070108030757022
615.5 1.2937290223339826
616.0 1.27813989264247
616.5 2.4755718346733038
617.0 1.7165111484333853
617.5 1.4822769650236887
618.0 2.0870166205302443
618.5 0.6322777469384097
619.0 1.0842841774670446
619.5 2.2664173400996925
620.0 0.7034786567370296
620.5 0.6573559400329587
621.0 1.869834127403128
621.5 1.3680337862019842
622.0 2.3686731636160054
622.5 2.3062385723399492
623.0 1.0768454336783495
623.5 1.2460322203250545
624.0 0.8857846651743113
624.5 1.5018923968380322
625.0 0.7039981850223417
625.5 1.3215959870484713
626.0 1.0241680006706801
626.5 1.8695977953691505
627.0 1.8040013955810956
627.5 0.7881926722781701
628.0 1.3315211441205421
628.5 1.4652996017307156
629.0 1.5914892006422823
629.5 0.7104699087870053
630.0 0.8792005855634835
630.5 0.6814882842089993
631.0 1.7782282383137058
631.5 1.6470839141938427
632.0 1.5314208784695427
632.5 2.1871718439672683
633.0 1.634819625452272
633.5 4.264716032281433
634.0 2.093382036609405
634.5 2.3052004858323185
635.0 3.395378174565831
635.5 2.8372965960299568
636.0 0.7910930092004005
636.5 2.2229459704425247
637.0 3.2245423880473494
637.5 3.203581704824292
638.0 1.5210531320132628
638.5 1.3100192730500124
639.0 0.6808015896235129
639.5 2.3043757050667053
640.0 2.2837660514543585
640.5 2.4667181696262572
641.0 2.8352259069520707
641.5 1.5852083451574903
642.0 3.304030095157236
642.5 2.7927709059818056
643.0 2.48692965996544
643.5 3.080814398935443
644.0 2.866960418333366
644.5 1.8689811212090492
645.0 4.093228442784396
645.5 2.2658492602013576
646.0 0.5686969474143923
646.5 2.191955864434484
647.0 1.3909760594197795
647.5 2.3006401811020143
648.0 0.7674209107398964
648.5 1.080587093110499
649.0 2.889619469293352
649.5 1.6566559849780071
650.0 1.1035909505423591
650.5 1.6653836329643048
651.0 2.3630763472030134
651.5 0.8395769738136561
652.0 1.9551832069290271
652.5 2.302691638191377
653.0 1.4912370899692182
653.5 1.3742885851529834
654.0 0.4643438077157498
654.5 0.7707813378235272
655.0 1.2871033021930776
655.5 1.6305656013122798
656.0 1.6005729532751107
656.5 0.9856009432802619
657.0 1.0725455738794947
657.5 1.2674027159590238
658.0 1.2491596335328858
658.5 0.8214828804604016
659.0 2.2657672813795724
659.5 1.9711260814835552
660.0 2.4901551104241717
660.5 3.202936327213081
661.0 1.195021186933762
661.5 1.966324680227952
662.0 0.7506469014804585
662.5 0.8513528132232002
663.0 1.0215690376258266
663.5 1.061648463929646
664.0 1.0622010156871968
664.5 1.0845746238052534
665.0 0.9639609713046114
665.5 1.1632456294293316
666.0 1.072595537451564
666.5 2.116576895430209
667.0 2.4412818366436446
667.5 2.3130699923919122
668.0 2.686388696833908
668.5 1.8216694644896365
669.0 3.8963718554747504
669.5 2.3013063129807856
670.0 1.4899372637576327
670.5 1.7904623791770893
671.0 1.7560159513921758
671.5 1.9169598853268746
672.0 1.919531556326464
672.5 1.4981057687056798
673.0 1.686015391090789
673.5 2.4932393402953488
674.0 1.4418780636118078
674.5 1.7443552415209698
675.0 1.3502792893144169
675.5 2.966658739633078
676.0 1.046248405798896
676.5 1.3762213160712768
677.0 1.0838483499347973
677.5 0.6825105554959492
678.0 0.7862815247514432
678.5 1.242187319771069
679.0 1.1352841143849839
679.5 0.9463906835985225
680.0 0.3923758798451986
680.5 0.9980398645033202
681.0 0.8125505820777782
681.5 0.7799962137967548
682.0 1.2729644553120782
682.5 0.9313018075092829
683.0 0.5647325735695844
683.5 0.9407529408398854
684.0 0.8719035964922025
684.5 1.1700582168089808
685.0 0.7608679196690943
685.5 1.2450191201825482
686.0 2.7554640321274055
686.5 1.909272822122516
687.0 1.9939439720810874
687.5 1.5438560566382415
688.0 1.2134761516994628
688.5 3.563456870768083
689.0 0.40254439509824747
689.5 1.4604139950889334
690.0 2.3359126004833404
690.5 2.2561303579600214
691.0 1.8841327518104016
691.5 3.0219480657758453
692.0 1.04039587660094
692.5 1.6189056194951543
693.0 0.9363711361471823
693.5 0.9448613028329549
694.0 1.064947079102681
694.5 1.8600787714981155
695.0 0.5343718200337195
695.5 1.2761536968977136
696.0 1.0075505034268244
696.5 1.1836722643462685
697.0 0.9705271037215917
697.5 1.079202829181809
698.0 0.9515232695104917
698.5 0.7856317321320352
699.0 1.288925465205344
699.5 1.4806602265712785
700.0 1.0602127882412755
700.5 1.2753995740196002
701.0 0.592042047823363
701.5 1.1015334398895744
702.0 1.3316191801320008
702.5 1.2326301584136499
703.0 2.712217694754681
703.5 2.112330512471096
704.0 1.5223473905089242
704.5 2.629310081796219
705.0 1.9605333690964994
705.5 2.297832165511317
706.0 2.3388135975187008
706.5 3.2857480394331153
707.0 1.2062180200855268
707.5 0.8500184927299017
708.0 3.2747900826257004
708.5 3.9321365982191265
709.0 2.6921050591951614
709.5 2.6436572701479784
710.0 3.4451940403103007
710.5 2.6397677762311984
711.0 4.201852673748403
711.5 2.8941170786450674
712.0 2.929719376373616
712.5 3.209576506543687
713.0 1.704343863279945
713.5 1.0914289228057819
714.0 3.7747900172358166
714.5 2.581460706650298
715.0 1.3557908830303145
715.5 2.333246837865514
716.0 3.693002562307761
716.5 1.9329727641938028
717.0 1.95729945451346
717.5 2.3635444894431936
718.0 2.49862655275901
718.5 2.122948692528481
719.0 2.711782707820099
719.5 2.650387863963388
720.0 2.909454967536509
720.5 3.1007851853418598
721.0 1.6997027786540235
721.5 3.022029836504662
722.0 2.8873191802775313
722.5 1.5693239540795405
723.0 1.41916479020359
723.5 1.3808800265289594
724.0 3.09837944458177
724.5 2.460690561203159
725.0 1.9328848219457808
725.5 2.3420652131710953
726.0 1.9963723189661078
726.5 1.4325645183421685
727.0 1.6374268913352172
727.5 2.33394723740512
728.0 2.2690664373807414
728.5 1.0665320401591012
729.0 2.2197329107414365
729.5 3.0617179333617477
730.0 0.2
730.5 2.05080222811367
731.0 3.009663792857638
731.5 1.0271271954931482
732.0 1.9176522666997136
732.5 1.6026042015908522
733.0 1.3271259012034826
733.5 1.2091745050652647
734.0 1.706194601583364
734.5 1.185250830454462
735.0 1.4353710714967447
735.5 1.4855100874334097
736.0 1.4600431623688268
736.5 0.8891046876178609
737.0 1.5251906058896934
737.5 1.0651051980205775
738.0 0.8659062760112326
738.5 1.4638932073300999
739.0 0.9745526703078128
739.5 1.0003793997215342
740.0 0.8963860761178997
740.5 0.8203340350845947
741.0 1.2569695907082052
741.5 2.745427211990851
742.0 2.8871883427631415
742.5 2.9536948101346807
743.0 2.167623668791604
743.5 2.426258115009335
744.0 1.8348283507130523
744.5 2.0287296614821084
745.0 2.4285190826373726
745.5 2.7228064780546237
746.0 0.2
746.5 2.7997697741557674
747.0 1.6465956686544843
747.5 3.0759793904325896
748.0 2.1190207605874583
748.5 1.1981156059235765
749.0 1.9079207045803197
749.5 2.240732384853265
750.0 3.4368859498701543
750.5 2.2043011816235034
751.0 3.245242238460321
751.5 0.5755319589734083
752.0 2.460298414256866
752.5 2.530038227664895
753.0 2.0860007186860616
753.5 1.863994384987905
754.0 1.0231629535291862
754.5 0.6975017540995038
755.0 1.1347841141930144
755.5 1.1228980007190974
756.0 1.4233242009117022
756.5 1.0357915995451688
757.0 1.3812571666259843
757.5 0.6275726630493945
758.0 1.4470550215275448
758.5 0.5554514929457358
759.0 1.0031469409970217
759.5 0.9165710366814686
760.0 0.9832941818108385
760.5 0.8760869027671754
761.0 0.9733895291845281
761.5 1.724777618544949
762.0 1.9508007625643446
762.5 1.0989480390034674
763.0 0.6563091641437822
763.5 0.7269077467732483
764.0 0.4620611902239672
764.5 1.3354535378039094
765.0 2.53302430756789
765.5 2.710760922114222
766.0 3.224498901440272
766.5 3.039322632172561
767.0 1.6491013050074312
767.5 3.334520795074866
768.0 2.4518234998944664
768.5 1.9471942433477678
769.0 1.8708392769719198
769.5 3.219317599763765
770.0 3.801839660353141
770.5 1.422677913762734
771.0 2.5299357387877905
771.5 3.1964736336137514
772.0 2.6830999209310225
772.5 2.85478531038483
773.0 1.3316909115866382
773.5 2.909376106756754
774.0 2.08279411784747
774.5 2.311157829783241
775.0 1.5774139207437115
775.5 1.6470166055332025
776.0 2.4041177055747047
776.5 2.0242111439036266
777.0 3.5823810271027874
777.5 1.2409406918388892
778.0 2.534914343188548
778.5 2.031630857782318
779.0 2.1986309853403805
779.5 1.5585097815608184
780.0 3.397577804633311
780.5 1.2772175889666997
781.0 2.197228759579647
781.5 1.607123806648563
782.0 1.196324623127043
782.5 1.703923722140921
783.0 1.914438651620423
783.5 1.436931730883292
784.0 1.3359382994166995
784.5 1.669688063260986
785.0 1.4892290599266058
785.5 1.4315487122097927
786.0 1.144599140788815
786.5 2.358711035807546
787.0 1.5777476626848288
787.5 2.0412531152007563
788.0 1.0950429131011488
788.5 1.5119941942838062
789.0 1.1950871002662429
789.5 2.5625555231675774
790.0 1.7207746383668039
790.5 1.558102004948833
791.0 0.8075639893380352
791.5 1.8145268979725453
792.0 2.6894335403564176
792.5 1.0425896180278944
793.0 1.4443667609110387
793.5 2.157678170015741
794.0 1.9734952427808377
794.5 1.5142386061279671
795.0 2.570076841029489
795.5 1.6193848376143027
796.0 2.1779183379525833
796.5 1.3017237245929374
797.0 1.7631835489364982
797.5 0.4478636020621458
798.0 2.1409378786917053
798.5 1.522724603075769
799.0 1.8231777159341525
799.5 0.39552842281188316
800.0 1.165881134385104
800.5 1.6141872359349225
801.0 1.7084772633887688
801.5 1.8666609813251447
802.0 0.9765031039820928
802.5 1.7715107214566075
803.0 1.936646850450678
803.5 1.6885658229826002
804.0 1.5690365679803122
804.5 1.2844781166354167
805.0 1.6434501829649257
805.5 1.2469030911340067
806.0 1.54045055620236
806.5 0.6278839711813611
807.0 1.080800904539233
807.5 1.7628967197926095
808.0 3.3270831897039823
808.5 2.372020055097196
809.0 2.1214050755462863
809.5 1.9877794433857796
810.0 2.123218731882606
810.5 2.236326871622012
811.0 1.7290035250831903
811.5 1.9746613144303997
812.0 1.654296857311359
812.5 1.8575648437989325
813.0 1.7771702840239916
813.5 1.7286840866712119
814.0 0.7035180252981388
814.5 2.716932304839187
815.0 2.301666463939613
815.5 2.013218232648538
816.0 1.2472182370587808
816.5 1.735478704917215
817.0 3.084369781987618
817.5 1.7579468303771448
818.0 1.5949917056703415
818.5 3.0856569966016787
819.0 3.2338922808740067
819.5 1.5637738536782413
820.0 3.0580431183338064
820.5 2.1345603494109318
821.0 1.5145959690661654
821.5 2.354746000454276
822.0 2.323820182376438
822.5 3.203767420448524
823.0 1.1518821176178722
823.5 2.5958415020751904
824.0 3.1066216620638167
824.5 1.237122036659489
825.0 2.5840383351449256
825.5 1.3445458081197665
826.0 0.8550727695932447
826.5 0.949639508845484
827.0 1.3756402903149767
827.5 1.3148777023475557
828.0 2.093289019256229
828.5 1.0083201002974065
829.0 1.6188944673421075
829.5 0.5654770681453796
830.0 0.6693260848720565
830.5 1.3214871777773982
831.0 1.1735410702675493
831.5 2.0832284095677656
832.0 1.6607757948717854
832.5 1.019062070876541
833.0 1.2192782734626266
833.5 0.7296922697554143
834.0 1.4756033580329797
834.5 1.2834711810612969
835.0 0.6492398071118816
835.5 0.8170839634499636
836.0 0.6072201492306415
836.5 0.7836500173209664
837.0 0.8116450713621786
837.5 0.6665098124078881
838.0 0.7051453418368285
838.5 0.5887936606314921
839.0 0.6108758545181857
839.5 0.5971356878166278
840.0 0.8268703281845611
840.5 0.4152606267643985
841.0 0.6576041866481455
841.5 0.6388614702185224
842.0 0.878223825457165
842.5 0.6742291456861087
843.0 0.691086860716376
843.5 2.0620878169146724
844.0 0.9117854035961694
844.5 0.7731677597616287
845.0 0.6788714252094883
845.5 0.8478992250243998
846.0 1.5897253218933822
846.5 1.242571342240025
847.0 1.344853248304256
847.5 1.0586672619027715
848.0 1.0144422066904837
848.5 1.1618835268805974
849.0 0.7620133388646901
849.5 1.1733166817496343
850.0 0.7650408848974662
850.5 0.9169688984409243
851.0 0.8280325508722476
851.5 1.4356711355209137
852.0 1.1192286465312602
852.5 1.1719710288529157
853.0 1.1650334819558816
853.5 0.7362905540556585
854.0 1.9201685263326804
854.5 1.5284909460910034
855.0 2.0448355957890465
855.5 2.303961620893973
856.0 0.9882970305307274
856.5 2.4988695123624844
857.0 3.252071661661004
857.5 1.438826035343697
858.0 1.5571529656633194
858.5 3.133007807018803
859.0 3.3834240011767864
859.5 1.0267046235451072
860.0 1.4513257395217192
860.5 0.683215288502778
861.0 1.2070268559455268
861.5 1.281332785356065
862.0 1.007163899906845
862.5 1.1777368274717293
863.0 0.7584279670953502
863.5 1.372405212165849
864.0 1.8523641492455476
864.5 1.675500637836246
865.0 2.373277041048415
865.5 1.1926326066305366
866.0 2.2127642064530253
866.5 3.2022069294821307
867.0 0.8472461498035573
867.5 1.1068586127615792
868.0 0.811410696164246
868.5 0.6844867145708737
869.0 1.2153807224760707
869.5 0.6698544802120787
870.0 1.289292501384716
870.5 0.6232522891358452
871.0 0.9819068970753054
871.5 0.8091934243094683
872.0 1.2980047392086038
872.5 0.7976028896474034
873.0 0.8700935502145197
873.5 0.6472165922746522
874.0 1.075726973455199
874.5 0.9445446110477025
875.0 0.7165302326587399
875.5 0.946222432715287
876.0 0.8083594943698685
876.5 1.6293193491503972
877.0 1.2944405831065207
877.5 1.0122812426493324
878.0 0.6880469728943096
878.5 1.1156835370353613
879.0 0.9487304332200729
879.5 1.624999084926341
880.0 1.0209043549759023
880.5 1.6155286837511813
881.0 1.1867703888235148
881.5 2.478466653651131
882.0 3.253644495765787
882.5 3.387563059660517
883.0 1.4696132387387848
883.5 2.11202551912013
884.0 2.4411032927805723
884.5 2.1655783133050805
885.0 1.7073682413104065
885.5 2.643265325541761
886.0 2.1351621799611697
886.5 2.1376921099842505
887.0 2.763273358121034
887.5 0.9775494473710534
888.0 2.047778305508356
888.5 3.2278386020313956
889.0 1.4485006070025284
889.5 2.2440627798912023
890.0 2.279037133717721
890.5 1.9608394191000826
891.0 1.8481200689620536
891.5 1.491052553104058
892.0 2.370101408689325
892.5 1.2667102695952703
893.0 2.1172125574368232
893.5 2.0104392121575856
894.0 2.8112635209854915
894.5 0.8809388389620469
895.0 1.8930514474132556
895.5 1.2042202544668432
896.0 2.140815522365041
896.5 1.5822182484142215
897.0 2.764424859559803
897.5 1.9520178810841873
898.0 1.8959712369794428
898.5 1.8856228496063847
899.0 0.3841818328793918
899.5 0.8125696860372691