1800.0 2.509369033259195
1800.5 1.910410454643265
1801.0 2.2398593158002513
1801.5 0.7100388218262914
1802.0 0.6096648109251845
1802.5 0.6714829650370406
1803.0 1.9717842759397524
1803.5 2.702796159472742
1804.0 2.4098691639308667
1804.5 2.197801575143289
1805.0 3.649255613432912
1805.5 1.7527570176472826
1806.0 1.3003777456131795
1806.5 1.7140259078360116
1807.0 2.050565255948015
1807.5 2.5856915410464145
1808.0 2.6545997835590587
1808.5 1.718609902756897
1809.0 2.640132809777474
1809.5 2.6872480662214295
1810.0 0.950428132916662
1810.5 1.158532684527088
1811.0 1.4568181444218982
1811.5 1.6077099827591228
1812.0 1.4389547297872962
1812.5 1.7571074459579372
1813.0 1.2037626799543464
1813.5 2.234284053133357
1814.0 3.3432274523979024
1814.5 1.4956625267048036
1815.0 2.5857642784604185
1815.5 1.4211194977890118
1816.0 1.9736259957183826
1816.5 2.704329549765729
1817.0 3.165293234763973
1817.5 3.2181568456116807
1818.0 2.2769817086719937
1818.5 2.6467477478068613
1819.0 1.2188339728896098
1819.5 2.8678408241699
1820.0 1.2889946429654553
1820.5 3.0369960833064895
1821.0 2.815950884777907
1821.5 2.705654417525502
1822.0 1.4178445537271027
1822.5 3.171288021707524
1823.0 3.949653597514587
1823.5 3.767741929310847
1824.0 1.8493768104451673
1824.5 3.9447584290646547
1825.0 1.5890204438384616
1825.5 2.3334514526999293
1826.0 2.3298293165111232
1826.5 0.32109903182434496
1827.0 0.695582324466369
1827.5 1.8583413731909821
1828.0 1.6758203417606785
1828.5 1.7085267175020717
1829.0 1.4361292095903155
1829.5 1.9195865591231365
1830.0 0.8108441427784439
1830.5 0.84881239133156
1831.0 0.724034634142142
1831.5 0.8582428918313936
1832.0 0.6902753928228141
1832.5 0.6602147501734932
1833.0 0.6355844347629311
1833.5 0.7100156243968911
1834.0 0.6728351371525888
1834.5 0.8600196101434687
1835.0 0.6936272073432999
1835.5 0.6601801741839748
1836.0 0.8457743945659753
1836.5 0.7138078793058069
1837.0 0.6818182942371983
1837.5 0.7296887596976973
1838.0 0.6505632184179586
1838.5 0.8458487532648709
1839.0 0.5724195964437964
1839.5 0.6341540754029955
1840.0 0.6874489828474984
1840.5 0.8741857027927711
1841.0 0.6198291152924507
1841.5 0.6302819705734783
1842.0 0.9930333913164875
1842.5 0.6217279038588188
1843.0 0.6215953013196052
1843.5 0.8413950738246534
1844.0 0.6366912715486361
1844.5 0.8284191538417502
1845.0 0.6428653334353398
1845.5 0.6325511826454865
1846.0 0.5731163283123886
1846.5 0.8210859663169345
1847.0 0.6462587579414656
1847.5 0.8721421829229494
1848.0 0.7746733811074813
1848.5 0.7339266093756862
1849.0 0.657792496892339
1849.5 0.6194375539414039
1850.0 0.550440806818253
1850.5 0.6436251849407228
1851.0 0.8164032845624596
1851.5 0.7219417287179819
1852.0 0.5999599245868639
1852.5 0.47079588439446846
1853.0 0.7270090103567082
1853.5 0.6182764955344511
1854.0 0.7354724879865189
1854.5 0.6877314532065133
1855.0 1.0312680088884032
1855.5 1.0523411860708447
1856.0 1.0957443319450328
1856.5 1.6205316761126143
1857.0 0.49351041700528775
1857.5 0.9235726845260831
1858.0 1.6922767614524368
1858.5 1.5739682901175582
1859.0 0.8428752311625374
1859.5 1.4921093888077606
1860.0 0.8870047312301879
1860.5 1.103079340973415
1861.0 1.0598443267798743
1861.5 0.9047609720518021
1862.0 0.6401506309671396
1862.5 0.7270357207674711
1863.0 1.6178096909345507
1863.5 1.0866740844891123
1864.0 1.0889316010597891
1864.5 0.6342403972591998
1865.0 1.0919887076365815
1865.5 1.7317051489167725
1866.0 0.945422466676109
1866.5 1.036649106136756
1867.0 1.1700899633565145
1867.5 0.6849725574261322
1868.0 0.9897764557062105
1868.5 1.380033735115907
1869.0 1.424026503578546
1869.5 0.7670300113592075
1870.0 1.1174500268987635
1870.5 1.2544283601238269
1871.0 1.238156904333418
1871.5 0.7913060961015322
1872.0 1.5398049465745702
1872.5 1.221950306308508
1873.0 1.0885898731373391
1873.5 1.3958607386121504
1874.0 1.531419964926126
1874.5 1.6507199789493487
1875.0 0.7100969902622103
1875.5 1.137793675134522
1876.0 1.3046752862385933
1876.5 0.8624522434873463
1877.0 0.6684518551064045
1877.5 1.6045655260192413
1878.0 1.3664147668538087
1878.5 0.7319905085812806
1879.0 1.1532116787618185
1879.5 1.5710039946267849
1880.0 1.18850695900499
1880.5 0.8836669963643671
1881.0 1.1061694534612179
1881.5 1.168426102013806
1882.0 0.9914735430862002
1882.5 0.9723184836165973
1883.0 1.2537914834439912
1883.5 1.8230970565848323
1884.0 1.225098379314172
1884.5 1.7072638742615358
1885.0 0.7467678907963005
1885.5 0.8713435046139331
1886.0 1.4457453547651293
1886.5 1.1729853473753242
1887.0 0.5876430741361959
1887.5 1.0820133135510621
1888.0 0.6504687576903612
1888.5 1.6087272770145469
1889.0 1.0715109427455736
1889.5 1.0515134453966042
1890.0 1.425379419913597
1890.5 0.7594637706757734
1891.0 0.9923030294727809
1891.5 0.4231202134229811
1892.0 1.2562487659357646
1892.5 1.1360794945941364
1893.0 0.5819671249179457
1893.5 1.2989070901993531
1894.0 1.1239087377209451
1894.5 1.2470933947853169
1895.0 0.7522365212704543
1895.5 2.5177372967614207
1896.0 2.6632919927442096
1896.5 2.3608895429917283
1897.0 1.8118732811928118
1897.5 1.824577337804141
1898.0 1.745723124127641
1898.5 1.3881092294418815
1899.0 1.9893763144925545
1899.5 2.3114693689658594
1900.0 2.071879262370696
1900.5 1.1233038877702253
1901.0 0.5209343720390256
1901.5 1.7348963775589974
1902.0 1.7135069621045924
1902.5 1.8319659652008027
1903.0 1.2472819068536476
1903.5 0.9034900279434518
1904.0 2.0691298543072767
1904.5 1.2505809743033214
1905.0 1.9634465288978886
1905.5 2.016552537614804
1906.0 2.491821816674187
1906.5 2.11483678088895
1907.0 2.7729614760988572
1907.5 1.701577553440487
1908.0 0.7648202083951807
1908.5 2.0926032222384
1909.0 1.423506204152683
1909.5 1.6783613915751001
1910.0 0.8013227331506423
1910.5 1.232667961543528
1911.0 1.143358590899245
1911.5 0.9495705183518622
1912.0 0.6882975845586715
1912.5 1.141653002049378
1913.0 0.9304743532260707
1913.5 0.9604318367045351
1914.0 0.8492675467760293
1914.5 0.8900590370826152
1915.0 0.9242446199775157
1915.5 0.7786972022818615
1916.0 1.4677294772537341
1916.5 1.0671600453139065
1917.0 0.9873202671467415
1917.5 2.5011544562906733
1918.0 2.1863052507363374
1918.5 1.1679177062359605
1919.0 1.1763007975125945
1919.5 2.52854217109659
1920.0 1.1847700914046264
1920.5 3.1876153118134196
1921.0 2.514526219522808
1921.5 2.3110994927380863
1922.0 1.6246926620654527
1922.5 2.122865410715388
1923.0 2.449584133761021
1923.5 2.602670334438467
1924.0 1.7886217492580143
1924.5 2.4705805951618363
1925.0 1.4921531793846257
1925.5 1.748015528970914
1926.0 3.507125924300565
1926.5 1.3288736540710386
1927.0 2.698818663944338
1927.5 0.9807918599864329
1928.0 0.8701581736688028
1928.5 0.6389563551407867
1929.0 1.0728938461410262
1929.5 0.615140631580658
1930.0 0.7970344403683038
1930.5 0.9863397549888343
1931.0 1.0000026246902793
1931.5 1.2928819479132947
1932.0 0.6298654547811238
1932.5 0.94895043377221
1933.0 0.8098470845456742
1933.5 1.1941488209780724
1934.0 0.7720030208438513
1934.5 0.8074046000015107
1935.0 0.3998336282966686
1935.5 0.6101031826790668
1936.0 0.7376240578100589
1936.5 1.1605173347359743
1937.0 0.7197270818120247
1937.5 0.9829346281060325
1938.0 0.6939646798494834
1938.5 0.8855044373917562
1939.0 0.6484582605592883
1939.5 0.9969201793878423
1940.0 0.7847460743264768
1940.5 1.329692587369433
1941.0 0.9803337375695033
1941.5 0.8481599458032256
1942.0 0.8996520803210452
1942.5 1.0615134614447783
1943.0 0.7784313649498815
1943.5 1.4401274002151747
1944.0 1.0402123293425156
1944.5 0.8611903191827954
1945.0 1.49999387363905
1945.5 1.0872550754424597
1946.0 2.7393765762769853
1946.5 1.0096811168703475
1947.0 2.487341730762177
1947.5 2.5738793052373947
1948.0 2.7057189633507104
1948.5 1.9031202158750915
1949.0 1.662864284199886
1949.5 2.146217203315152
1950.0 2.368491793203975
1950.5 2.3860634077285865
1951.0 1.36166289713823
1951.5 1.555611983566517
1952.0 1.965580498384368
1952.5 1.7534916143347457
1953.0 1.3265221812525696
1953.5 3.1786509178928046
1954.0 1.4239966176625463
1954.5 2.183400862793083
1955.0 0.6877622642649529
1955.5 1.4323069570307823
1956.0 2.0792388896666427
1956.5 2.5185723588347964
1957.0 1.8192385895791174
1957.5 0.9867548240489274
1958.0 1.9336109437641948
1958.5 1.72036504200214
1959.0 1.908320309383261
1959.5 0.768909924163524
1960.0 1.245291991883164
1960.5 1.8616832694366074
1961.0 0.6764285951391156
1961.5 1.1605647196030415
1962.0 0.9005499286353869
1962.5 0.8431116053570502
1963.0 0.8768099038765064
1963.5 1.424904483675728
1964.0 1.015523263874723
1964.5 1.0474111329911793
1965.0 1.307687820340413
1965.5 1.0327640661793454
1966.0 1.0718412169572789
1966.5 0.883165805475745
1967.0 1.348586226256589
1967.5 1.005439766827587
1968.0 0.7568684516018189
1968.5 1.722842968828884
1969.0 1.0431530639256956
1969.5 1.2028087431778007
1970.0 1.1245127286343684
1970.5 1.2265335492363787
1971.0 1.039431449950197
1971.5 0.23767187313569282
1972.0 1.6542012253145875
1972.5 1.3227048408047595
1973.0 1.2258128865161568
1973.5 1.5346424858109444
1974.0 0.7262380924375709
1974.5 1.5467299938682375
1975.0 1.0342329133385595
1975.5 1.3454971136898959
1976.0 0.7015317896269981
1976.5 1.165744080256161
1977.0 0.7165987927954147
1977.5 1.2123875354170939
1978.0 0.9285858696842451
1978.5 1.4933969925238604
1979.0 0.9784928793282093
1979.5 1.3979317169012513
1980.0 1.3271939524802767
1980.5 1.2574541597969064
1981.0 0.9310237478878914
1981.5 1.6801247446273317
1982.0 1.6545561803260465
1982.5 1.6061033998418222
1983.0 1.4022467369755773
1983.5 1.875144216572595
1984.0 1.873307781388791
1984.5 0.6464152250945867
1985.0 2.370845485226641
1985.5 1.3144395739770158
1986.0 0.5360497245692611
1986.5 2.0046651850095683
1987.0 2.1189910034811206
1987.5 1.1643016094845429
1988.0 2.350809162933488
1988.5 1.2701422060152359
1989.0 1.5583326064600302
1989.5 1.4148487294673162
1990.0 0.8917222118955537
1990.5 1.6390130993241179
1991.0 1.4870234966442646
1991.5 0.710730656473275
1992.0 1.8348435172259066
1992.5 2.1550655864313994
1993.0 1.0424790961362764
1993.5 1.1614470009398141
1994.0 3.681159817561218
1994.5 2.5774222045594297
1995.0 2.0578146864952385
1995.5 3.5545227387902183
1996.0 2.6601454240543037
1996.5 2.7625716558641713
1997.0 3.4664084489404914
1997.5 1.02358525748466
1998.0 1.9860142578040443
1998.5 1.0584688399105724
1999.0 1.150810042813029
1999.5 2.412913464663094
2000.0 2.13699439990614
2000.5 1.9457563597700656
2001.0 1.597195167896392
2001.5 2.3088680672773574
2002.0 1.5577728884374262
2002.5 2.1324667221235005
2003.0 2.1788009135808206
2003.5 2.749321325470099
2004.0 2.119089578119207
2004.5 2.042668128333144
2005.0 2.283844624330401
2005.5 2.4802689624502667
2006.0 3.826984972577378
2006.5 2.080138767401582
2007.0 0.9780648051663929
2007.5 2.397434399424788
2008.0 0.6679807762369869
2008.5 0.956066074789039
2009.0 2.148472572178732
2009.5 1.5355609636503487
2010.0 1.7108559811932622
2010.5 1.3568362982075106
2011.0 2.2491212337527164
2011.5 1.29723284536033
2012.0 1.1758283980198874
2012.5 1.228929682122925
2013.0 1.7903467036606344
2013.5 1.63960512427087
2014.0 2.1312186019878125
2014.5 2.366174583690286
2015.0 1.4961117875681709
2015.5 1.6486491747762515
2016.0 1.700180403292684
2016.5 1.4304635614393564
2017.0 1.463100613033541
2017.5 1.3475999200113717
2018.0 2.4401071630666737
2018.5 2.2916478431040606
2019.0 0.7656744237693156
2019.5 0.6151112670039969
2020.0 1.7588456221301536
2020.5 1.0021145712316908
2021.0 1.5617879084311286
2021.5 2.5057063179096115
2022.0 2.0918330644936436
2022.5 0.8074367229929059
2023.0 1.1464701422011414
2023.5 1.9592180116523217
2024.0 2.612002929120004
2024.5 1.861772401222417
2025.0 0.5858367605229653
2025.5 0.9515474735269849
2026.0 0.8328413973945119
2026.5 1.1047954679957126
2027.0 1.5162604936038404
2027.5 1.41451643851151
2028.0 0.7263729366527014
2028.5 1.1733128270551791
2029.0 0.6556047535970339
2029.5 0.7141031474903714
2030.0 0.4690837990379351
2030.5 0.6269139832617665
2031.0 0.5332318151601427
2031.5 0.6823363546075052
2032.0 0.5525584168355955
2032.5 0.7449695831197041
2033.0 0.6492134233898459
2033.5 0.8002316989912945
2034.0 0.9719057671670297
2034.5 0.575172383815889
2035.0 0.6904241250972614
2035.5 0.8810764726055123
2036.0 0.6802781674133118
2036.5 0.5523133152581701
2037.0 0.6853657344057573
2037.5 0.6749868139216766
2038.0 1.766496621834835
2038.5 1.5741149417526124
2039.0 1.493961531435991
2039.5 0.9688671451833266
2040.0 1.553138940445103
2040.5 1.2258946255601886
2041.0 1.283704923214123
2041.5 0.8629053672517559
2042.0 0.8727801393145127
2042.5 0.7376423761270029
2043.0 0.5044228366440444
2043.5 1.5666426199355206
2044.0 1.5740889201805408
2044.5 1.6236148345851187
2045.0 1.6109865792806264
2045.5 1.6374639946643044
2046.0 0.5689631269406928
2046.5 1.4670283402720494
2047.0 1.602292080479804
2047.5 1.3175983132613185
2048.0 1.7520345844110288
2048.5 3.0600960055135387
2049.0 0.6245709253389019
2049.5 0.4322633282199001
2050.0 0.6449827104761614
2050.5 0.8170213426972899
2051.0 0.9647542621306288
2051.5 1.0547699847196188
2052.0 1.1848846519314318
2052.5 1.2014411990729146
2053.0 0.7758399809190428
2053.5 0.8519439942746497
2054.0 0.8752103569839468
2054.5 0.7880070181928303
2055.0 1.0155721094879282
2055.5 0.8414558609086846
2056.0 1.0849791305687893
2056.5 0.9398053115736534
2057.0 0.7766066667889469
2057.5 0.9202960688279369
2058.0 1.054555255513534
2058.5 0.4423178441275672
2059.0 0.8794019072902703
2059.5 0.8948385990766736
2060.0 0.9570666862514459
2060.5 1.0442981427213789
2061.0 0.7031262000725421
2061.5 0.7075970681093059
2062.0 1.201966091730461
2062.5 1.1130803822494078
2063.0 1.0610157701517628
2063.5 0.5486402216734193
2064.0 0.9513129360269856
2064.5 1.1542078702141247
2065.0 0.8960474708560915
2065.5 0.9182021457137313
2066.0 0.7834291063188827
2066.5 1.2515251776487748
2067.0 2.386943645056451
2067.5 1.5092708653629692
2068.0 2.1416328511642666
2068.5 1.2418339077858906
2069.0 1.8004387396356831
2069.5 1.4353097493273153
2070.0 2.7353166947045073
2070.5 1.4834834171018885
2071.0 3.2666780384467407
2071.5 2.798727410800266
2072.0 0.5847684946015241
2072.5 1.2638822585075373
2073.0 0.7460422402309198
2073.5 1.2659570017956656
2074.0 0.6763619177248481
2074.5 0.8875749306437406
2075.0 0.7107028570351825
2075.5 0.7561266945082195
2076.0 0.711358995088637
2076.5 0.7167643052512223
2077.0 0.6214449137748626
2077.5 0.6981014742321732
2078.0 0.8388614979291567
2078.5 0.7169769222521074
2079.0 0.7531294306579359
2079.5 1.6354779344369286
2080.0 2.442399120400942
2080.5 1.5353100239976931
2081.0 2.007973797901648
2081.5 1.835710166215475
2082.0 1.9266829042454634
2082.5 1.279172427976564
2083.0 0.42053110366112567
2083.5 1.783459374764488
2084.0 0.6268844850539934
2084.5 1.2326160198136085
2085.0 1.9910669324861194
2085.5 1.39901411624494
2086.0 1.0447806885485664
2086.5 2.599636710275375
2087.0 2.1734230466522737
2087.5 2.6857639185525874
2088.0 0.9969589435218602
2088.5 2.9646774937751705
2089.0 1.2593815703798439
2089.5 1.5115315355904424
2090.0 1.9676912003351816
2090.5 0.7844099280315815
2091.0 2.618005558069342
2091.5 2.345304143412908
2092.0 1.5198412217870878
2092.5 2.6636586058658445
2093.0 1.0947458468107585
2093.5 0.9909790866035256
2094.0 1.0561709370977042
2094.5 1.192945548287931
2095.0 0.8680512036807617
2095.5 1.3314107899603584
2096.0 1.490797530728721
2096.5 0.818679280533952
2097.0 2.6327237168256006
2097.5 2.568699371605673
2098.0 1.2566483539630717
2098.5 2.426625753363753
2099.0 1.4543671184582383
2099.5 2.409666253021493