2099.5 1.863120371714271
2100.0 3.7145654925691227
2100.5 1.7756891322641324
2101.0 2.677190390855153
2101.5 1.3057470129683775
2102.0 0.8688074492203657
2102.5 1.4708050905165346
2103.0 1.8449275936528444
2103.5 0.8111245357426227
2104.0 0.3337206275284126
2104.5 1.7423749300109095
2105.0 1.6794109161331896
2105.5 1.8541829495615931
2106.0 1.9843230006525723
2106.5 1.8103102831810187
2107.0 1.5345228693230109
2107.5 0.9903481291262741
2108.0 0.2
2108.5 1.6798085446634778
2109.0 2.857949382654496
2109.5 1.7732384680905822
2110.0 0.6907963512222675
2110.5 0.8447737721111988
2111.0 0.6761525706354921
2111.5 1.05483211295988
2112.0 1.5684533276446602
2112.5 1.8253820364024043
2113.0 1.2980449230947326
2113.5 3.569413916937251
2114.0 2.7307917137104427
2114.5 0.34227053038709965
2115.0 0.4043676587785292
2115.5 2.324974734140561
2116.0 1.1711212209339035
2116.5 1.8111242386623434
2117.0 1.907640874460597
2117.5 1.0869490140235099
2118.0 1.6486525584448302
2118.5 1.417161916732383
2119.0 0.9495538327951176
2119.5 2.3187308628332133
2120.0 1.8943175273573536
2120.5 1.1552441399943396
2121.0 1.3349406010923475
2121.5 1.288797059594454
2122.0 2.799083280349882
2122.5 1.0588248215087392
2123.0 1.1347391990452727
2123.5 2.2472750564656065
2124.0 1.070790394844286
2124.5 1.4696332288362808
2125.0 1.302921125742266
2125.5 0.591408248134108
2126.0 1.2744057801703783
2126.5 1.3947724722764638
2127.0 1.8121553379627429
2127.5 1.7340965071641774
2128.0 2.214727903060071
2128.5 2.758633355046078
2129.0 2.990394117191425
2129.5 2.1956996929314125
2130.0 1.1602169168944219
2130.5 2.2176987648182678
2131.0 2.139932824747196
2131.5 2.7470777619759086
2132.0 1.2603725468975164
2132.5 1.0124791048764437
2133.0 1.796583689451263
2133.5 2.6782075416006776
2134.0 0.6989049342076972
2134.5 2.7921833896680335
2135.0 2.710990264829962
2135.5 3.1570489943632296
2136.0 2.70128735681148
2136.5 1.1305915157522104
2137.0 1.5794512009730461
2137.5 1.004734048463925
2138.0 1.3848830234328708
2138.5 1.8407982595118488
2139.0 2.0440913180601044
2139.5 0.8227851180815167
2140.0 4.607673126915239
2140.5 3.497149427994037
2141.0 3.6178068476625973
2141.5 1.3063898885011886
2142.0 3.6702700645332733
2142.5 0.7609908032983179
2143.0 1.9210665168287504
2143.5 0.9550275177559369
2144.0 1.6176178154913559
2144.5 3.2899629877552976
2145.0 3.3531254821227208
2145.5 3.1915966802431583
2146.0 2.400979843803061
2146.5 2.515105050266241
2147.0 1.4200119098960655
2147.5 1.9954656357431977
2148.0 2.7039769565306973
2148.5 2.7190783918127166
2149.0 2.512769587871711
2149.5 4.42840877812331
2150.0 2.404451886085638
2150.5 1.7402192006872435
2151.0 3.2013847598251175
2151.5 1.7034724044788763
2152.0 1.7214527714720707
2152.5 3.3808811614597403
2153.0 2.8309490327990803
2153.5 3.023671014588646
2154.0 3.405919580311824
2154.5 1.5561414656629171
2155.0 1.3507037753671063
2155.5 0.37641832083648374
2156.0 1.1319363485222111
2156.5 1.167486975596176
2157.0 1.0842307043633863
2157.5 0.4922517820943789
2158.0 0.8562577573689507
2158.5 0.6627304739146864
2159.0 0.9973522726252613
2159.5 1.4044461416310758
2160.0 0.9468921844060955
2160.5 0.6345174243559004
2161.0 1.9013090370942676
2161.5 1.6982873668630212
2162.0 1.8913255280894707
2162.5 1.3817747810232053
2163.0 2.256563280011309
2163.5 2.346418560199017
2164.0 1.8400398312384654
2164.5 0.9102629310694166
2165.0 1.557217726402584
2165.5 1.460534138650416
2166.0 1.9517914459166803
2166.5 1.9614070624948359
2167.0 0.9494330115313901
2167.5 2.6084348774438277
2168.0 2.2150958554343316
2168.5 1.404086307794849
2169.0 1.3679441020052727
2169.5 1.4360107142073613
2170.0 1.824112360921463
2170.5 1.959697118178706
2171.0 1.9912166356707899
2171.5 1.6533496421846574
2172.0 2.664328055216813
2172.5 0.7233718580235244
2173.0 1.845283842073518
2173.5 1.4814331370053873
2174.0 2.3017089420403396
2174.5 1.6755021888640194
2175.0 1.4467707019168692
2175.5 2.203983844724184
2176.0 0.6869221311012851
2176.5 1.7604470293320167
2177.0 1.278369406923599
2177.5 1.6284067315837785
2178.0 1.8909241526345728
2178.5 3.4502528155477354
2179.0 0.89823200018543
2179.5 2.3300905594353507
2180.0 1.9276077618675957
2180.5 0.5835313004250051
2181.0 2.801080910806074
2181.5 0.8728857340579984
2182.0 1.0376038083368373
2182.5 0.8073657136941033
2183.0 0.6717384237720089
2183.5 0.9150306359593635
2184.0 0.888150070382225
2184.5 0.9314818213542722
2185.0 1.1635502020686923
2185.5 0.8233211861522786
2186.0 1.5629134833830738
2186.5 1.3929662772367382
2187.0 0.8144021352736518
2187.5 1.3488355968205208
2188.0 1.4863608901148777
2188.5 1.5769608842814105
2189.0 1.2280274203311876
2189.5 0.9257175240313433
2190.0 0.9354081082923672
2190.5 1.0623276016366334
2191.0 1.061280231447928
2191.5 0.8922160639257515
2192.0 1.1346591579349719
2192.5 1.2261046281349115
2193.0 1.1949174384290533
2193.5 0.6961098661449839
2194.0 0.6684952585963364
2194.5 0.7310768650274506
2195.0 2.2250772052561723
2195.5 1.2599519446289815
2196.0 2.17875213329829
2196.5 1.6950276029916138
2197.0 2.0592010277689514
2197.5 0.5126852881046597
2198.0 2.1311608951838945
2198.5 1.406379244012847
2199.0 0.9576055652225987
2199.5 2.128601275416363
2200.0 1.9857880951890285
2200.5 1.899624546005478
2201.0 1.7055413613486592
2201.5 2.27160125235124
2202.0 1.762234929467824
2202.5 2.0728559218666645
2203.0 2.0667771541828266
2203.5 1.835335208200048
2204.0 1.7313090330999477
2204.5 2.220867617056201
2205.0 2.6813399769328914
2205.5 0.9390892939182783
2206.0 1.4483155257720184
2206.5 0.9080842494028326
2207.0 1.317508750436032
2207.5 0.9923019942515222
2208.0 0.8728727111653467
2208.5 0.959011150940315
2209.0 1.1872421313820203
2209.5 0.7167561443295082
2210.0 0.9036765089646869
2210.5 1.1160829394452731
2211.0 1.4875648417054381
2211.5 1.6125974587201053
2212.0 1.2282969472172
2212.5 1.2133283959112757
2213.0 1.015018456319074
2213.5 1.0851304087797295
2214.0 1.2729037135378003
2214.5 1.1689970822314741
2215.0 1.2500873564227186
2215.5 0.6825745741576544
2216.0 2.1790419047613576
2216.5 1.3442415714370999
2217.0 2.285810977189982
2217.5 1.3057943412765913
2218.0 1.3241487700442451
2218.5 1.3753785304979167
2219.0 2.4418818245900162
2219.5 0.7424029688776013
2220.0 1.6282054031223363
2220.5 0.9107455157040883
2221.0 0.9417737263165202
2221.5 0.33758355405732865
2222.0 1.1017479308796736
2222.5 1.1196329675552392
2223.0 2.2818822771556313
2223.5 1.744343283585258
2224.0 2.1912619008126715
2224.5 0.761829689248581
2225.0 0.829657714582852
2225.5 1.4738001480873502
2226.0 1.2758092269536756
2226.5 2.061837000079232
2227.0 0.9117515536242404
2227.5 0.3985974490688424
2228.0 1.0701624040757447
2228.5 0.9624666577869768
2229.0 0.976532135479493
2229.5 0.7450459598403527
2230.0 0.8773273986292291
2230.5 0.9131137864625581
2231.0 0.7215662379788002
2231.5 0.6157078038605106
2232.0 0.6792736005935381
2232.5 0.5167826929570966
2233.0 1.01039358739107
2233.5 0.8005926912874156
2234.0 0.6635233288671438
2234.5 0.7594165609406485
2235.0 0.5108812834668974
2235.5 0.9487544213394107
2236.0 1.1193220128586892
2236.5 1.3207840841458522
2237.0 0.643482094810299
2237.5 1.2812830583378485
2238.0 1.036961327394116
2238.5 0.9796867226683179
2239.0 0.7321755557946021
2239.5 1.0374919447640405
2240.0 0.9145125236958357
2240.5 0.8313791983507849
2241.0 1.0179960489278757
2241.5 1.0598224575453172
2242.0 1.0898615543255015
2242.5 0.8498789472504582
2243.0 0.8766568304361313
2243.5 0.8361027485268135
2244.0 0.8972405141968376
2244.5 0.7160672016218294
2245.0 0.8389413201425299
2245.5 0.6594035692325508
2246.0 1.6593096183831022
2246.5 1.7841458557390748
2247.0 2.909066993563069
2247.5 3.2183406902486373
2248.0 4.274062337114726
2248.5 3.0233670809168007
2249.0 2.047976119529562
2249.5 2.373885156244606
2250.0 1.5198137063674269
2250.5 1.8186163812855944
2251.0 1.8530923133872186
2251.5 1.686847260930047
2252.0 0.5277258886917161
2252.5 2.5788619477715247
2253.0 1.2429196242186085
2253.5 1.4199622824544593
2254.0 0.619758417853164
2254.5 0.621540989081686
2255.0 0.839121002445369
2255.5 0.7095505132048758
2256.0 0.5280462110511581
2256.5 0.5817447995592373
2257.0 0.7516313598010496
2257.5 0.6643993918601379
2258.0 0.7486250138890116
2258.5 0.670491906828979
2259.0 0.6980780546418756
2259.5 0.6283003458455978
2260.0 0.7796527574871306
2260.5 0.7048409028210072
2261.0 0.7585445218304256
2261.5 0.5945482448654453
2262.0 1.08963051273561
2262.5 1.271119789773071
2263.0 0.90404612806341
2263.5 0.8076025543154994
2264.0 0.8741436251688145
2264.5 0.7263763552074185
2265.0 0.35776451226806905
2265.5 1.1541426143572822
2266.0 0.9419579120899151
2266.5 1.2568907147443378
2267.0 1.171036549623759
2267.5 1.2669215838922363
2268.0 0.9658108520533476
2268.5 1.0709250434791238
2269.0 0.9240209494409536
2269.5 1.118942383073719
2270.0 1.0777545561293858
2270.5 0.7995644502755956
2271.0 0.8653564673631162
2271.5 0.987954374488311
2272.0 0.7508095912687001
2272.5 1.1658342702667146
2273.0 0.9663301751452741
2273.5 1.0737989484236043
2274.0 0.8864138907419471
2274.5 1.3076533417905885
2275.0 0.9492942542672487
2275.5 0.9199584085334089
2276.0 0.8609866810284379
2276.5 0.9556167650767822
2277.0 1.8922443588179212
2277.5 2.2020983719044374
2278.0 1.970202053276682
2278.5 1.8886885815324148
2279.0 1.7927761749187776
2279.5 0.4573741268360476
2280.0 1.364646610457001
2280.5 2.745457450467952
2281.0 2.555812149216861
2281.5 1.8656329307591168
2282.0 1.232356339070353
2282.5 1.6111402131049202
2283.0 2.2225922642801654
2283.5 1.1633391838665643
2284.0 0.8655504621997452
2284.5 2.2920880621140194
2285.0 2.168890276714721
2285.5 0.38362996563953855
2286.0 2.1657594923575436
2286.5 2.0023679757139146
2287.0 1.5020729650897087
2287.5 3.224033339779246
2288.0 1.8158344516855176
2288.5 2.0976459570135173
2289.0 0.5814134768654002
2289.5 3.0243880311666356
2290.0 1.1815072015696444
2290.5 2.015595194071542
2291.0 3.2168443132134206
2291.5 2.018764326957818
2292.0 2.335805530700888
2292.5 1.42037681469551
2293.0 0.88982316590943
2293.5 1.1846609058062407
2294.0 0.8663774691872603
2294.5 1.914114066709981
2295.0 3.159351456619957
2295.5 1.4839492974177275
2296.0 2.4368043864139457
2296.5 3.3028015919587164
2297.0 0.8337377587787409
2297.5 2.340400487936071
2298.0 2.8952932864057845
2298.5 0.936669572443039
2299.0 1.3963955531744014
2299.5 0.9425812428840148
2300.0 0.9142733263636351
2300.5 0.8885063091292824
2301.0 0.8445344538112141
2301.5 0.6388692037514145
2302.0 1.022322481461687
2302.5 1.1230869978758733
2303.0 0.9006902159215958
2303.5 0.7703804113034385
2304.0 1.2061097767001887
2304.5 1.356769437861535
2305.0 0.8937196996501564
2305.5 0.9379394710795631
2306.0 1.0671868829960414
2306.5 0.46740484120067266
2307.0 0.952567307737982
2307.5 1.043585941046311
2308.0 0.8495240889686007
2308.5 0.9951738047775348
2309.0 0.8086506379723848
2309.5 1.0376599803981557
2310.0 0.9655153080405376
2310.5 2.764532131472679
2311.0 3.527845218808401
2311.5 1.5656323447509526
2312.0 2.929569871812987
2312.5 3.240107334630788
2313.0 2.45169869076152
2313.5 1.9038338372304433
2314.0 3.010508620367425
2314.5 3.013654505199691
2315.0 3.5439388360347355
2315.5 0.9947656545611148
2316.0 2.161582945742588
2316.5 1.0884203155917487
2317.0 3.51505278374239
2317.5 0.29683624803329
2318.0 0.7980958518163697
2318.5 0.7599624892563523
2319.0 1.2682118307001387
2319.5 1.6856066030940184
2320.0 0.9052943386646654
2320.5 1.1091094658162242
2321.0 0.983456494330935
2321.5 0.7948389048510439
2322.0 1.185875071016147
2322.5 1.2659938340252763
2323.0 1.2228974955513183
2323.5 0.7198039235532986
2324.0 1.2223924162651867
2324.5 0.9401481554310349
2325.0 1.2042299285759712
2325.5 1.4262643049841346
2326.0 1.1376935019872252
2326.5 0.8974077240209535
2327.0 0.9618153355742141
2327.5 1.4914705248376445
2328.0 1.06113247985477
2328.5 0.6068592395745966
2329.0 1.9303160568488202
2329.5 1.3840009967373645
2330.0 2.0221834024538237
2330.5 0.39530150343037884
2331.0 0.7932107445007215
2331.5 1.6916990147289863
2332.0 3.156685298162676
2332.5 1.6525154643227202
2333.0 2.2189302623370235
2333.5 2.1546577193018477
2334.0 1.7300358519397254
2334.5 3.7778807563844587
2335.0 1.0275152855447753
2335.5 2.663991180905846
2336.0 3.127210153495583
2336.5 2.8862468538567168
2337.0 2.965725708343647
2337.5 0.4890529166993056
2338.0 1.3086682447451168
2338.5 4.314530625381002
2339.0 1.3710229850885391
2339.5 1.5707427013249289
2340.0 3.2150926813835725
2340.5 2.4461848079002113
2341.0 1.6448624871985844
2341.5 4.326580179895413
2342.0 0.7647093490419923
2342.5 0.9152904736879315
2343.0 5.270486028066247
2343.5 2.1655421902286403
2344.0 2.318194117476365
2344.5 1.8177603098992816
2345.0 4.964841416601077
2345.5 2.036902515493446
2346.0 2.852055082952863
2346.5 2.370893443402931
2347.0 1.2407646835973516
2347.5 2.3427738649124796
2348.0 1.346554257576446
2348.5 0.7031322544668959
2349.0 0.8408112759137158
2349.5 1.7203754292081959
2350.0 1.6705690830253666
2350.5 2.4240504941383936
2351.0 3.242382700944094
2351.5 2.095333238592224
2352.0 1.330325769722947
2352.5 2.0028046015922083
2353.0 0.8390230941333736
2353.5 0.8208050157210527
2354.0 0.7615968671299517
2354.5 1.2354828388425283
2355.0 0.60753028107654
2355.5 1.0945376664859507
2356.0 0.9415481885376146
2356.5 1.120621960446916
2357.0 2.335504448058737
2357.5 0.9290085882199083
2358.0 1.0226780112169802
2358.5 2.2350393171303207
2359.0 0.9999811931342201
2359.5 1.5607899984923008
2360.0 2.656773684683407
2360.5 0.7878873189752188
2361.0 2.3322949139249403
2361.5 0.7127946408482486
2362.0 1.1254178731473794
2362.5 1.5413298697796907
2363.0 1.270988513198513
2363.5 1.3957616520314389
2364.0 1.4904106183564525
2364.5 0.7834439556355027
2365.0 0.9190876611785472
2365.5 1.2169161273358793
2366.0 1.2568672753803694
2366.5 1.2213295232611139
2367.0 1.7964094005340927
2367.5 2.304538601958919
2368.0 1.4791159982822142
2368.5 2.3603409789370993
2369.0 2.9764868639008553
2369.5 2.0876771125628615
2370.0 0.8989918687138281
2370.5 2.040920141884529
2371.0 2.8783211118213283
2371.5 1.965644936759274
2372.0 1.315180288948394
2372.5 1.0159162852348311
2373.0 0.9100234188474183
2373.5 0.8725565069640272
2374.0 0.5132316958027694
2374.5 0.861147828177533
2375.0 0.9658377625518164
2375.5 0.8615009834188874
2376.0 1.446167195071104
2376.5 1.1848522569122186
2377.0 3.578417537761509
2377.5 3.1742857769610753
2378.0 2.226173510041797
2378.5 2.629716534791874
2379.0 3.4648094332364194
2379.5 2.2425502229290326
2380.0 0.8644191375571462
2380.5 2.7178471790007492
2381.0 0.2
2381.5 3.2415963148226026
2382.0 2.682265225411685
2382.5 2.2517786530785306
2383.0 1.6471590707058361
2383.5 2.245263903951064
2384.0 0.8942404336272296
2384.5 1.3955461355733871
2385.0 2.019394032578717
2385.5 1.0604798697556197
2386.0 0.9675499035056868
2386.5 0.5782434578600499
2387.0 1.390184311743276
2387.5 1.0580042877255067
2388.0 0.8048414504970379
2388.5 1.0943502252236497
2389.0 1.4086819898977776
2389.5 0.995895484170587
2390.0 1.0162070300148063
2390.5 1.1285870292526758
2391.0 0.9150718254052707
2391.5 0.781382313695
2392.0 0.7591802668842138
2392.5 0.83608650169915
2393.0 1.5937338016639067
2393.5 0.8548055149685196
2394.0 1.8032398175696809
2394.5 1.105344444062247
2395.0 1.4945932022743544
2395.5 0.8271245481772707
2396.0 0.697920587362892
2396.5 0.594018143972163
2397.0 0.9190806332394036
2397.5 0.8295178021146812
2398.0 1.4050190690699202
2398.5 1.5167536533156327
2399.0 1.8528733783805675