2400.0 1.6267361250510894
2400.5 1.1043374442255525
2401.0 1.587593951371479
2401.5 2.2202096629319246
2402.0 1.4216045129591637
2402.5 1.0395171274730894
2403.0 1.6288504817452165
2403.5 1.9975017124522738
2404.0 1.9474324584823175
2404.5 1.6530218560370697
2405.0 1.714333919782608
2405.5 1.900321524935291
2406.0 2.2189353194955475
2406.5 1.15556550254164
2407.0 1.98427691140147
2407.5 0.399770948642733
2408.0 2.0315610400369186
2408.5 2.0882349349430602
2409.0 1.2783044251916724
2409.5 0.6877988593438848
2410.0 1.1982665661175096
2410.5 1.5224316098958433
2411.0 2.0726645373838766
2411.5 0.24724319808931194
2412.0 1.3316257893748336
2412.5 1.1916385950099615
2413.0 1.3611699186321193
2413.5 0.6406937384131652
2414.0 1.1991471462803747
2414.5 1.117406462945458
2415.0 1.011598053317151
2415.5 1.5998658601908256
2416.0 0.9360561844139563
2416.5 1.5839254365022837
2417.0 1.6711875574166808
2417.5 1.3796576327356678
2418.0 0.22108559641844283
2418.5 1.7089970831201535
2419.0 1.4062272800569695
2419.5 2.424394295716319
2420.0 2.6810500496643277
2420.5 0.662957399012982
2421.0 2.547249079900247
2421.5 1.2546764938255595
2422.0 1.7338183626123107
2422.5 0.68691921075952
2423.0 1.0349104500508768
2423.5 1.9942988691365766
2424.0 2.4944317227861355
2424.5 1.5295891044368934
2425.0 2.6027107336686237
2425.5 3.063737296194393
2426.0 3.2349760877205567
2426.5 1.3795462674172005
2427.0 3.27896916754134
2427.5 2.9935893580693476
2428.0 0.9950024038422698
2428.5 3.24849812442356
2429.0 3.757011665263734
2429.5 3.3012471233419394
2430.0 2.9536153009591084
2430.5 1.8411018055899508
2431.0 3.4394636889323387
2431.5 2.475252905880625
2432.0 1.8264323992322595
2432.5 0.5288305281137464
2433.0 1.0901037634772277
2433.5 2.445263360086373
2434.0 2.525290463636706
2434.5 1.0970096374783869
2435.0 1.215780792539105
2435.5 1.4162565916759404
2436.0 1.2852748478730889
2436.5 0.8499501950655267
2437.0 0.7451983199870957
2437.5 0.6499135158508016
2438.0 0.8643998549942711
2438.5 0.7589298626757341
2439.0 0.5622730003883187
2439.5 0.6540935832651902
2440.0 0.7671868465938749
2440.5 0.5458015792000503
2441.0 0.7046443844031973
2441.5 0.7344745406816722
2442.0 0.7195564827384242
2442.5 3.1941055885213157
2443.0 1.522057040632005
2443.5 2.142734654800503
2444.0 0.4634843925439198
2444.5 1.3773336255019049
2445.0 2.15680369915083
2445.5 1.9462401246645988
2446.0 1.0008886412549771
2446.5 2.1660914222423333
2447.0 1.4226045300183494
2447.5 2.5601468891091668
2448.0 0.9344904616971921
2448.5 0.9096650976446992
2449.0 0.85002041630234
2449.5 0.933038945428122
2450.0 1.00909837139166
2450.5 1.382028836292323
2451.0 1.1113316008001597
2451.5 1.0685808158615788
2452.0 1.2489821219743302
2452.5 0.7358825833781534
2453.0 2.067000548175826
2453.5 2.043056243944412
2454.0 2.1607409787406775
2454.5 1.968246818131409
2455.0 2.2517492241551764
2455.5 1.5910930650283697
2456.0 1.411658616501403
2456.5 1.5656534406462608
2457.0 1.5203309746916118
2457.5 1.5928229707404276
2458.0 1.6301073809240827
2458.5 1.3530317650542352
2459.0 1.611504006329662
2459.5 0.6649158328663618
2460.0 1.0070672441400597
2460.5 1.3542565574877095
2461.0 1.5759346211421408
2461.5 1.2966998277874855
2462.0 0.695550202739957
2462.5 1.273066599007663
2463.0 1.0183942899878948
2463.5 1.3699469898599752
2464.0 0.9644007451082635
2464.5 0.2
2465.0 1.3645872123876017
2465.5 1.6673351119856297
2466.0 4.806359899722638
2466.5 1.5869505786342029
2467.0 2.012579125471935
2467.5 2.477356539979383
2468.0 1.1272868363498794
2468.5 1.3388498564510707
2469.0 1.6086900907016335
2469.5 0.2
2470.0 2.830097718111463
2470.5 2.502024058856914
2471.0 1.0439491137130401
2471.5 1.8591085038836146
2472.0 1.285548906180797
2472.5 1.2700243814584389
2473.0 1.4427654932159495
2473.5 1.7076526157114733
2474.0 0.4441989871745827
2474.5 1.4383537034260918
2475.0 1.4863408933898956
2475.5 1.0314389809826228
2476.0 1.3676468936224457
2476.5 1.3410550983589933
2477.0 1.1413825269062903
2477.5 1.6843827685908361
2478.0 1.3820320655128873
2478.5 0.9278273317670556
2479.0 1.9596281624120564
2479.5 1.7084925212821997
2480.0 1.4935950903702613
2480.5 0.9937261713250872
2481.0 1.1395901149825232
2481.5 0.9757038307276013
2482.0 1.1057649994352041
2482.5 0.5434273942427124
2483.0 1.3124189810663718
2483.5 0.8675953422933267
2484.0 0.8908177471961122
2484.5 0.8326945353496581
2485.0 0.8711507515013148
2485.5 0.8807808953380853
2486.0 0.7416404982963954
2486.5 1.001037377065242
2487.0 0.9154160501052169
2487.5 1.9499115522496149
2488.0 1.2741782335076035
2488.5 1.5724428705675892
2489.0 1.3006841668966218
2489.5 1.3679346114533928
2490.0 1.1706656703578304
2490.5 2.0939850494353647
2491.0 2.2795508809420673
2491.5 1.6364197999070258
2492.0 2.3384610566825974
2492.5 1.4369970117363529
2493.0 2.5151741554538782
2493.5 1.8970726306464496
2494.0 1.743697070776439
2494.5 3.3231081193445364
2495.0 0.687685797432366
2495.5 2.4521412228622563
2496.0 1.6729840421408444
2496.5 0.6781704415407339
2497.0 2.8612062812430366
2497.5 1.9462269339316411
2498.0 0.8736675921743384
2498.5 2.139200032099434
2499.0 3.122292720691332
2499.5 1.3572399661885228
2500.0 1.5248749157242023
2500.5 3.0876815413263463
2501.0 0.2
2501.5 2.7822942179011565
2502.0 1.9751231016535447
2502.5 2.5907260766617424
2503.0 1.8029225836245009
2503.5 1.7189134641515773
2504.0 1.5080064593085794
2504.5 1.604919210044606
2505.0 1.696475376189787
2505.5 1.776738319789809
2506.0 2.529583869037875
2506.5 1.0265409880188
2507.0 1.7871924264394912
2507.5 0.71350357292404
2508.0 1.5883269819412975
2508.5 0.6311263789725374
2509.0 2.12270462968399
2509.5 1.5558597118486865
2510.0 1.7776718342765132
2510.5 1.1815318177304732
2511.0 1.3819747659032184
2511.5 1.3452620967339266
2512.0 0.5355106326058041
2512.5 1.5089268805535105
2513.0 1.338458862765967
2513.5 1.545390514220502
2514.0 2.128469789351263
2514.5 1.7506418224995994
2515.0 1.2240978021181002
2515.5 2.1131706840859987
2516.0 1.333846037540495
2516.5 1.2463552859002751
2517.0 0.7533432687926196
2517.5 0.7454979261854977
2518.0 0.9741187465327283
2518.5 1.7914142165822426
2519.0 1.6069294056757313
2519.5 1.9214925213078464
2520.0 1.0863486866027376
2520.5 1.7211209171682924
2521.0 1.9588262989504799
2521.5 1.4923831787050224
2522.0 2.0095653880059414
2522.5 1.2080977449086823
2523.0 0.7998537762510973
2523.5 1.0681067705947935
2524.0 1.0576256364236525
2524.5 0.7515423256298664
2525.0 0.8130139041720413
2525.5 1.0489717846286692
2526.0 1.4121323048634489
2526.5 1.0038402836717049
2527.0 1.8596860888072435
2527.5 1.0409682508009734
2528.0 1.0863626580760755
2528.5 0.9611415090476648
2529.0 2.591661758495327
2529.5 1.6706246286238198
2530.0 0.7985288457602651
2530.5 1.7914537161935733
2531.0 1.400223090758155
2531.5 2.4276366305275836
2532.0 0.5402035176535365
2532.5 2.4542799627936964
2533.0 1.403815266880179
2533.5 3.1947934368968336
2534.0 1.4520556490310244
2534.5 3.8223756922254184
2535.0 2.5185877427366385
2535.5 2.4486802272994255
2536.0 3.8470282202600368
2536.5 2.4228937940281416
2537.0 2.2160190930746873
2537.5 3.3811383808437894
2538.0 1.4037613783903748
2538.5 1.796809643829317
2539.0 2.5488987242136005
2539.5 1.2603946086627023
2540.0 1.793684132287973
2540.5 2.2358806817653867
2541.0 2.398027285229018
2541.5 2.191688927780974
2542.0 2.0360772051387785
2542.5 2.6879959577929697
2543.0 2.433301843012538
2543.5 1.6354662651673744
2544.0 1.0029808151849238
2544.5 2.405855040754542
2545.0 2.6282300349025354
2545.5 3.2214556233387297
2546.0 1.4029899147356284
2546.5 2.534904114507701
2547.0 2.1814057544533734
2547.5 3.0354948181591275
2548.0 1.2723870595685713
2548.5 1.2773785499876378
2549.0 2.313209255324747
2549.5 1.4669018352993786
2550.0 2.7218295904039707
2550.5 3.147228620369382
2551.0 5.0703624005221055
2551.5 2.6035789580043973
2552.0 2.0221108827846237
2552.5 1.3086678330566577
2553.0 2.394438442537489
2553.5 3.785013343436918
2554.0 1.3561370422604693
2554.5 0.9225888060582828
2555.0 3.0788176235812132
2555.5 4.258375844906135
2556.0 2.0780842583247505
2556.5 3.286915166658218
2557.0 2.7509521156764274
2557.5 1.9645868047780843
2558.0 0.8388803038822361
2558.5 0.9941747982022843
2559.0 0.80657943529411
2559.5 0.7929506831541987
2560.0 1.1770444547113472
2560.5 1.0022864133570502
2561.0 1.9330029748763364
2561.5 1.5880112264681747
2562.0 1.1597983662385605
2562.5 0.8801534332646417
2563.0 1.9198203560156046
2563.5 1.5957203675689255
2564.0 2.82690517106327
2564.5 2.4816124978800107
2565.0 3.4623728839409984
2565.5 3.055274844847789
2566.0 2.1039121375083054
2566.5 0.5834183677515656
2567.0 4.087709657481379
2567.5 2.206226574249643
2568.0 2.2927800573502948
2568.5 3.676740934790879
2569.0 2.412704452484199
2569.5 1.5534782266341067
2570.0 2.985809243164258
2570.5 0.9496437452900834
2571.0 1.7737517744955253
2571.5 2.2386733932005534
2572.0 0.550633160270499
2572.5 1.8025530559205847
2573.0 1.8324935187423321
2573.5 3.662369009498108
2574.0 2.7174157376651795
2574.5 2.5088325225345045
2575.0 3.7508169161431293
2575.5 2.0415317123730867
2576.0 3.461238936378491
2576.5 2.002198072091952
2577.0 2.6628030078718545
2577.5 1.0609394884986663
2578.0 2.8476308433488278
2578.5 2.382445296593517
2579.0 1.329212741450654
2579.5 1.8230532277741585
2580.0 1.9463389530077717
2580.5 3.5159337029170867
2581.0 1.9873122494759716
2581.5 2.444602676640606
2582.0 1.7877093730044105
2582.5 1.3834211550073547
2583.0 1.4374392057487964
2583.5 0.9174806371158042
2584.0 1.9388838549406537
2584.5 2.5899311235410654
2585.0 1.508967935778262
2585.5 1.6301144130976817
2586.0 2.5396204432070384
2586.5 1.7958231147206853
2587.0 1.2762714282858751
2587.5 1.4691089667439061
2588.0 1.3404987936518145
2588.5 0.7110335406644619
2589.0 0.9332808993077024
2589.5 1.5029983176648822
2590.0 1.2161010536654682
2590.5 1.9046554467057066
2591.0 2.04904418275323
2591.5 1.5029868733586267
2592.0 1.019587221073213
2592.5 1.5114462070246013
2593.0 0.554805228776442
2593.5 1.8310177565808077
2594.0 1.3682449960934073
2594.5 1.3377907935517834
2595.0 2.153360316010603
2595.5 1.3212658922194878
2596.0 0.2
2596.5 2.127619679397271
2597.0 1.4991649239092362
2597.5 0.6483035065008333
2598.0 0.5432121716340044
2598.5 0.6676696904997577
2599.0 0.6978050362804559
2599.5 0.7022905484634685
2600.0 0.5015215459831994
2600.5 0.7865810279519776
2601.0 0.8509187307027555
2601.5 1.082827466978417
2602.0 3.821885866406544
2602.5 2.2811081825568804
2603.0 1.7198013810005812
2603.5 2.7844536547053584
2604.0 2.821794098816933
2604.5 1.6741944575298489
2605.0 1.9373313708482272
2605.5 0.6966793111395844
2606.0 2.0325262609645938
2606.5 1.6344221760018707
2607.0 1.9746404061123461
2607.5 2.180543299637873
2608.0 2.787887906047546
2608.5 1.6795706896257507
2609.0 1.3112737608002623
2609.5 0.6635526185702347
2610.0 1.229483457167865
2610.5 2.623147119381545
2611.0 1.687679112130237
2611.5 1.8445930086580196
2612.0 2.962160476889105
2612.5 2.552265206177127
2613.0 1.431959225514115
2613.5 1.232038344190627
2614.0 2.166958888848382
2614.5 1.731887203365966
2615.0 1.8593204033884116
2615.5 1.1165767713793697
2616.0 1.1384746038937235
2616.5 1.061846966613033
2617.0 1.1629582607367717
2617.5 1.2157715728838565
2618.0 1.5276985179572207
2618.5 1.2771005528235464
2619.0 1.1127549528221172
2619.5 3.3053842365500214
2620.0 0.3894264367711715
2620.5 2.6410942389615735
2621.0 3.5336732442968692
2621.5 3.231732950569085
2622.0 3.2028346525843294
2622.5 1.595844680234533
2623.0 1.6192316820249393
2623.5 0.7566651414977157
2624.0 1.132079864736091
2624.5 1.846101423212151
2625.0 1.691151047922086
2625.5 1.07567542436901
2626.0 1.2011168177866747
2626.5 1.6979403199253338
2627.0 2.7175867111075434
2627.5 2.070523065993539
2628.0 2.3562289367466116
2628.5 1.3258489699877427
2629.0 1.2269331182227323
2629.5 2.8313421360050457
2630.0 2.068174437828101
2630.5 2.437322167249785
2631.0 2.475343205454495
2631.5 1.4538071951018863
2632.0 2.2532256751866955
2632.5 0.8302381721613405
2633.0 1.2256676698969229
2633.5 2.487845271037816
2634.0 0.2
2634.5 2.1662976835539047
2635.0 0.2
2635.5 1.1425776316819554
2636.0 1.5102871410525982
2636.5 1.8556596546697326
2637.0 2.260451183015905
2637.5 1.595029589731218
2638.0 2.0173710300284764
2638.5 3.212120073369882
2639.0 3.489499634483681
2639.5 2.5853811235599085
2640.0 3.473095882236952
2640.5 2.250778723395968
2641.0 3.166447085148416
2641.5 1.286685123169726
2642.0 2.6233745234560963
2642.5 1.3765594879071408
2643.0 1.4238882210138004
2643.5 2.843650167032658
2644.0 4.102157382538497
2644.5 1.5044598396231044
2645.0 2.8672205821052006
2645.5 2.4628173522164585
2646.0 2.9504597217404394
2646.5 1.5710956259020699
2647.0 2.0664571630414894
2647.5 0.48705533064726225
2648.0 1.3216104174001442
2648.5 2.2432530173056153
2649.0 1.6802293075620052
2649.5 2.555516300957202
2650.0 0.9996808031744923
2650.5 1.6069068047367112
2651.0 2.6439244889175253
2651.5 2.7082963004749803
2652.0 3.4545719217474162
2652.5 1.724928248411182
2653.0 1.2591851145826296
2653.5 0.48401674033443753
2654.0 2.461408982665257
2654.5 2.188206565245455
2655.0 1.4606373957100243
2655.5 1.5456164788690994
2656.0 0.6391319143469776
2656.5 1.5963446715259209
2657.0 1.0727426925001051
2657.5 1.834780236022631
2658.0 0.5207399820906196
2658.5 2.1564939035667727
2659.0 3.6040767042298345
2659.5 2.819394627561006
2660.0 1.9106463807814758
2660.5 3.135475125167245
2661.0 2.192535331042186
2661.5 1.789331707947869
2662.0 1.1012444734039604
2662.5 1.7416763782121354
2663.0 1.2253089551091185
2663.5 3.249988941458997
2664.0 2.6265249627029243
2664.5 0.8910095623554335
2665.0 0.5334878518419157
2665.5 0.8103315266377062
2666.0 1.9481917920928749
2666.5 0.9476563068540476
2667.0 2.918717458504174
2667.5 4.3112388576398795
2668.0 2.795140598880902
2668.5 3.503304924952454
2669.0 0.7605319237753336
2669.5 0.30673540839962254
2670.0 0.2
2670.5 2.173377042613782
2671.0 0.4443303439738546
2671.5 3.1545530177612013
2672.0 1.6721305866968696
2672.5 2.1786821698491488
2673.0 1.1856637454197445
2673.5 1.3794333779840384
2674.0 1.8951005033594202
2674.5 1.0674950091162274
2675.0 2.2849762265554876
2675.5 2.571020636632915
2676.0 0.5811330887497337
2676.5 0.9987994367198054
2677.0 1.1784446492674463
2677.5 0.864040016291795
2678.0 1.6668201214349088
2678.5 1.1889491111866866
2679.0 0.8197525028341086
2679.5 1.0849647080914744
2680.0 0.47319621282693425
2680.5 3.138466555288784
2681.0 2.086809196717853
2681.5 0.2
2682.0 1.8876284073579201
2682.5 1.389557029539021
2683.0 2.2496732745477503
2683.5 2.0549661666010635
2684.0 1.4699718093831815
2684.5 3.5242005881970924
2685.0 1.0932851586549233
2685.5 0.9511827829148753
2686.0 0.8430005186494036
2686.5 0.7987355075692666
2687.0 1.0383572901627303
2687.5 0.9410500464791031
2688.0 0.8731246280242767
2688.5 1.0840250263553721
2689.0 0.7688649525823571
2689.5 0.8200184928337128
2690.0 1.0148359850230082
2690.5 0.6971753268362557
2691.0 0.7465912142991076
2691.5 0.5536217935622543
2692.0 0.8564873297848242
2692.5 1.2378924811113938
2693.0 0.9837924212623688
2693.5 0.702834347328567
2694.0 1.0417891008171003
2694.5 0.7166548285814781
2695.0 0.8422882092429984
2695.5 0.7355596871317934
2696.0 0.7952283091451062
2696.5 0.9142572571539562
2697.0 0.8408376243705191
2697.5 2.972767717357592
2698.0 1.734233313247266
2698.5 1.9029777265364267
2699.0 1.6866351962660455
2699.5 2.7199692746723865