1200.0 1.7846720591028502
1200.5 2.987813680799368
1201.0 1.7264786833351105
1201.5 1.0648143917039623
1202.0 2.378186636907486
1202.5 1.5274832206366575
1203.0 2.4530925546109748
1203.5 2.218364398271448
1204.0 1.0579814537437913
1204.5 1.184465532076666
1205.0 1.1861997059178566
1205.5 2.0951741511660966
1206.0 1.4424616234213328
1206.5 1.358676342919126
1207.0 1.7165688169554447
1207.5 1.42279937726142
1208.0 1.7016010120766394
1208.5 2.0384544239470275
1209.0 1.6612775504165613
1209.5 2.352295225836114
1210.0 2.6225027651077966
1210.5 1.2563490661370618
1211.0 0.25469257734864237
1211.5 2.7028221233865297
1212.0 2.0805330938441498
1212.5 2.068354701044896
1213.0 0.9828153891985666
1213.5 0.9067892912095474
1214.0 2.9525850303312042
1214.5 0.9580248441693028
1215.0 1.75461336839866
1215.5 2.4142103614032626
1216.0 1.387732216844126
1216.5 0.6289328577581776
1217.0 1.60874357210546
1217.5 1.762616900505357
1218.0 1.8978441765672596
1218.5 1.3523865096191612
1219.0 2.2570353510415053
1219.5 1.8965453034302897
1220.0 2.267807533395353
1220.5 1.8101415973473174
1221.0 0.9885073122846093
1221.5 2.895230970382287
1222.0 4.469162096267927
1222.5 4.618136392976226
1223.0 2.7816886047982905
1223.5 2.451975998412029
1224.0 1.7230698456477547
1224.5 2.2687717585677643
1225.0 1.4261774108191347
1225.5 0.2
1226.0 0.9242659530599895
1226.5 1.2585789935429519
1227.0 0.8390626744645225
1227.5 0.833698564749355
1228.0 0.6042676792121111
1228.5 1.5141248116012973
1229.0 1.5136757005407755
1229.5 0.9451006815466702
1230.0 1.106170340913502
1230.5 0.5995458774057036
1231.0 1.0859270300203887
1231.5 1.2034297850118656
1232.0 0.9748171551602062
1232.5 1.2808131654815509
1233.0 0.7354249334618892
1233.5 0.6000585406411236
1234.0 1.3638516120971431
1234.5 2.42147808988855
1235.0 0.7139073952339341
1235.5 1.7618547636243886
1236.0 1.3003868338998292
1236.5 1.3041031170529638
1237.0 1.578394649249165
1237.5 2.6766904350933074
1238.0 2.4446933581291304
1238.5 2.132565346566102
1239.0 2.857908109309976
1239.5 3.929515377819744
1240.0 2.1974247964320464
1240.5 1.2549007183331646
1241.0 1.8693505492498113
1241.5 1.6860257260222347
1242.0 1.8594405862027887
1242.5 1.8631714024256558
1243.0 1.7723790861336175
1243.5 1.5172997952920149
1244.0 1.2394982792257716
1244.5 1.453497095654995
1245.0 0.8514845803386756
1245.5 0.6504884816985937
1246.0 1.4299556519471035
1246.5 1.1362413324308762
1247.0 1.2813300100278084
1247.5 1.1743739743537347
1248.0 1.6953345459370435
1248.5 2.2556805375438835
1249.0 0.9992809114196759
1249.5 0.7751113511653434
1250.0 1.3799972745851476
1250.5 1.0380330415593897
1251.0 0.9107582438036558
1251.5 1.0957768583116139
1252.0 0.9462606111348549
1252.5 1.3424581112808815
1253.0 2.123498806485583
1253.5 0.6709212152566144
1254.0 1.8430373046431796
1254.5 2.5683391467203247
1255.0 1.620103750756651
1255.5 1.1297041154433642
1256.0 0.2
1256.5 1.7513941754725018
1257.0 2.808098574693813
1257.5 3.0112069212673216
1258.0 1.1003077190031707
1258.5 0.2
1259.0 2.8804208921856524
1259.5 1.3569623606273553
1260.0 2.3270656953424416
1260.5 1.1424979020364336
1261.0 2.961672883484443
1261.5 3.0778295516448324
1262.0 2.0956811601990513
1262.5 2.2259612449162174
1263.0 1.5644579899624125
1263.5 1.0459066655680829
1264.0 1.8488311559532165
1264.5 1.059990433539527
1265.0 1.8812505392005616
1265.5 1.1254626385802637
1266.0 1.4617713677538071
1266.5 1.1077163693997996
1267.0 1.0409714646857764
1267.5 1.4367028831854785
1268.0 1.0161586081418763
1268.5 1.5459691179988926
1269.0 1.7535415037373254
1269.5 1.6628380441561776
1270.0 1.5278764140693277
1270.5 1.810438659046163
1271.0 1.9550276935961803
1271.5 2.0355227862595116
1272.0 1.7521782990757768
1272.5 1.3603322939587206
1273.0 3.389993047308237
1273.5 3.569741560069825
1274.0 1.6023178894377348
1274.5 3.060519871094993
1275.0 1.3282341349618858
1275.5 1.7648855096659497
1276.0 2.236145969210612
1276.5 0.9017393524420284
1277.0 1.1939350633048453
1277.5 0.8412187062667014
1278.0 1.2229014726854677
1278.5 0.8978563617108756
1279.0 0.7228830314225155
1279.5 1.283561908828954
1280.0 0.8282079198807533
1280.5 0.7795596949677057
1281.0 0.7565402402872715
1281.5 1.2031194673489929
1282.0 0.9262401954345093
1282.5 0.9829452545614603
1283.0 2.22375379257326
1283.5 2.138673650879543
1284.0 1.5429259702602547
1284.5 1.93784734790203
1285.0 3.250837672766041
1285.5 0.9553990544745907
1286.0 1.3818161949830583
1286.5 1.5038540514125365
1287.0 2.164011836951402
1287.5 1.018019967467027
1288.0 1.4035705314402596
1288.5 1.1567714600984629
1289.0 0.9557036292312343
1289.5 0.7056699558404287
1290.0 1.72052953499587
1290.5 2.2586442749723585
1291.0 3.6744031641923636
1291.5 2.0508020138766767
1292.0 0.6255730006238801
1292.5 1.2558068191174172
1293.0 0.7514625075324939
1293.5 1.4837003699057378
1294.0 1.1414826952983645
1294.5 1.8565826257094629
1295.0 1.2111930542716247
1295.5 1.4003612424903271
1296.0 1.3006598215375074
1296.5 1.4180898088987295
1297.0 0.8426086747244037
1297.5 1.9783693543851977
1298.0 2.128965068620592
1298.5 1.4154369361869263
1299.0 2.1883549837160636
1299.5 1.9441732371652667
1300.0 1.5048868833245626
1300.5 1.6141199225275316
1301.0 1.991674049513263
1301.5 1.0313015901504357
1302.0 2.2817291591081523
1302.5 3.0810853144925376
1303.0 1.0083648686842475
1303.5 0.7167221267449346
1304.0 0.5085830241936922
1304.5 1.0016586666747451
1305.0 0.8498933672441567
1305.5 2.0577249624809086
1306.0 2.0116806369839404
1306.5 2.888153894897629
1307.0 3.8677356678535038
1307.5 1.9429876770547176
1308.0 1.270483426128802
1308.5 1.9938701883553942
1309.0 0.29244620845267955
1309.5 1.9623483224846696
1310.0 2.9145883054129222
1310.5 1.2924440009435627
1311.0 2.394868007425392
1311.5 1.5428504507326637
1312.0 2.0375046927872345
1312.5 2.081118934155882
1313.0 1.3225803849140085
1313.5 0.7860678673942287
1314.0 1.7183315194435802
1314.5 1.3982651506628443
1315.0 1.6846362186807977
1315.5 0.6184194170231418
1316.0 1.7831613319867203
1316.5 1.5565388837188756
1317.0 1.582625942667392
1317.5 2.5101346762085552
1318.0 0.9943429556883826
1318.5 2.548155678417117
1319.0 1.9789931149433928
1319.5 1.9597568465860882
1320.0 2.7141782844375095
1320.5 3.21857631105874
1321.0 3.176486928893559
1321.5 2.650048626972413
1322.0 1.399715300706037
1322.5 2.099297494983374
1323.0 1.886182833099067
1323.5 1.4163246274551227
1324.0 0.5474682012340697
1324.5 1.5583605339530417
1325.0 1.7285508560644285
1325.5 2.925366311840657
1326.0 1.5111256223619347
1326.5 2.9804775541018573
1327.0 2.888553455145697
1327.5 2.1727261745962485
1328.0 2.136427579424561
1328.5 1.916128955333785
1329.0 2.675339615207406
1329.5 2.252114549287655
1330.0 1.7813162031657999
1330.5 1.9660183242300484
1331.0 3.2609771810603982
1331.5 0.8432857491461692
1332.0 1.3090363139345296
1332.5 0.8074932457269656
1333.0 0.8482541383226968
1333.5 2.4154769824591114
1334.0 2.311965557794206
1334.5 3.398948694802119
1335.0 3.6045070007557474
1335.5 2.1040543417813624
1336.0 1.2460862313530308
1336.5 2.1422498679699635
1337.0 1.8677241483224827
1337.5 1.4550562425348001
1338.0 1.0155980323695104
1338.5 1.5205458332662865
1339.0 2.3517068701327135
1339.5 1.4826607477456453
1340.0 2.1090020578295627
1340.5 2.162435740913617
1341.0 1.0639512090650216
1341.5 0.5270934981731736
1342.0 2.1607399009601114
1342.5 1.7555277665169768
1343.0 2.693276351337805
1343.5 3.8536402732262927
1344.0 2.564991093340649
1344.5 1.3468446297343963
1345.0 1.270583565979631
1345.5 1.4966697746102933
1346.0 1.4929203302612657
1346.5 3.2683149211915534
1347.0 3.089581432763747
1347.5 1.1400742119427447
1348.0 3.989781943534209
1348.5 0.2
1349.0 1.8943857116746372
1349.5 1.8232259563947002
1350.0 1.549001937684562
1350.5 1.8565109817359842
1351.0 1.0596355108215032
1351.5 1.4994465792025282
1352.0 0.9248732383175904
1352.5 2.0490718487724866
1353.0 1.6969461764644445
1353.5 1.7995314373682234
1354.0 1.8666253694124175
1354.5 0.9914036265584463
1355.0 0.9744463507492118
1355.5 1.332936400156961
1356.0 3.193484539553447
1356.5 2.770252563489854
1357.0 1.3512871455387165
1357.5 0.9750182812214544
1358.0 1.1022943397512233
1358.5 1.5793283359749948
1359.0 3.1199836505370144
1359.5 3.3511015182885746
1360.0 2.9306350378856383
1360.5 3.1410435423178233
1361.0 2.0520163871370096
1361.5 2.789276823317493
1362.0 3.181675757002493
1362.5 1.283547666450965
1363.0 2.819354996995636
1363.5 3.3001575087811346
1364.0 2.80910691349796
1364.5 2.147818433551582
1365.0 2.579331967804954
1365.5 2.852411745712911
1366.0 3.237192389401646
1366.5 3.858871863024177
1367.0 2.164401149214299
1367.5 1.8596401816740808
1368.0 0.9654712870508291
1368.5 1.2142546908045162
1369.0 2.132748264340612
1369.5 3.535878690735677
1370.0 3.5397734835041286
1370.5 3.882952550425613
1371.0 3.195922645792641
1371.5 3.7750481099183144
1372.0 1.9177369437443454
1372.5 1.9386821769218605
1373.0 2.9733332441772795
1373.5 3.619471250118125
1374.0 2.3258104018997425
1374.5 0.9152516233031281
1375.0 1.309949996478033
1375.5 1.5002207716050147
1376.0 3.600955918389035
1376.5 0.914993694260865
1377.0 3.5057880559765486
1377.5 2.952379747684209
1378.0 3.0403802285890436
1378.5 2.704976121899243
1379.0 2.5656441803465233
1379.5 0.6256944437870147
1380.0 1.3443171089291317
1380.5 0.7584320706426895
1381.0 0.8340213146754258
1381.5 1.0485295260411087
1382.0 1.0200047618517964
1382.5 0.925330852192929
1383.0 0.9352423703997613
1383.5 2.2383905078809234
1384.0 3.611075432234212
1384.5 2.681176275974848
1385.0 3.357891779408035
1385.5 2.056115128655443
1386.0 1.3167355947852961
1386.5 0.2
1387.0 1.16154178070685
1387.5 1.5547158874395226
1388.0 2.4624651318582527
1388.5 2.4573646784934966
1389.0 0.5365400223927721
1389.5 1.638365547684971
1390.0 3.4313242655861225
1390.5 2.0772518223657617
1391.0 1.176294434976707
1391.5 1.981995515094027
1392.0 2.8349071275589317
1392.5 2.8936891694365734
1393.0 1.5986225727003864
1393.5 1.1528787493595014
1394.0 1.3853413784222814
1394.5 2.648985961085322
1395.0 2.6423579489773563
1395.5 0.7683643734286432
1396.0 0.4344579520145482
1396.5 2.4566823760077954
1397.0 2.2806850979635493
1397.5 2.4095386926535816
1398.0 2.5226593895399843
1398.5 3.537425434689829
1399.0 2.0661203266943655
1399.5 1.5161675555288616
1400.0 1.418489437126675
1400.5 2.1843188585180564
1401.0 1.7165086035584318
1401.5 1.5770701675979681
1402.0 1.9621364781386577
1402.5 0.24569726761950905
1403.0 1.9222616196136415
1403.5 0.6013774135843539
1404.0 1.9892992958968327
1404.5 2.063013322835936
1405.0 2.41245320193818
1405.5 3.3619410164178234
1406.0 0.9441834586920266
1406.5 2.563740467810301
1407.0 3.0064633727514405
1407.5 3.138993822963714
1408.0 2.602076169339033
1408.5 0.4441390556674403
1409.0 2.700065744685986
1409.5 1.0298655804364514
1410.0 1.2923857371371092
1410.5 1.411965213102517
1411.0 1.3398700057276283
1411.5 0.37663658240483056
1412.0 1.0594003397187455
1412.5 1.5363040863885058
1413.0 1.372658727016033
1413.5 3.5954157825465827
1414.0 3.3389375819947205
1414.5 2.300623214928857
1415.0 1.5004644138762535
1415.5 0.3227076028667386
1416.0 3.8239651848267826
1416.5 1.31362874010336
1417.0 0.6075569200088
1417.5 1.381029495757588
1418.0 2.2832815211522797
1418.5 2.810187891019269
1419.0 2.38493941245149
1419.5 2.4537778612282564
1420.0 3.4458744187870853
1420.5 2.979491462968057
1421.0 1.4966313791296049
1421.5 0.9556025760266116
1422.0 0.5563901790570835
1422.5 1.8440697685198897
1423.0 0.3062842727151922
1423.5 1.8519264999548
1424.0 2.394637280000731
1424.5 2.530117771427836
1425.0 1.9124212301276375
1425.5 2.7228446653049962
1426.0 2.6066360068340364
1426.5 2.6728492008291487
1427.0 0.8388910249218087
1427.5 2.1948555233371883
1428.0 3.0293715953191818
1428.5 3.488411639834583
1429.0 2.339755572755591
1429.5 1.6577272698666032
1430.0 1.071105388661279
1430.5 1.9309774729282063
1431.0 3.7305661385385953
1431.5 2.917157950100054
1432.0 1.6113403664042725
1432.5 1.772253415974444
1433.0 2.4425695768360134
1433.5 0.2
1434.0 1.094501842562215
1434.5 2.8184197020903703
1435.0 1.4691358108287806
1435.5 3.1001402977656127
1436.0 2.5946925067411466
1436.5 4.7708267052228726
1437.0 2.1906118775566785
1437.5 1.4780738542334104
1438.0 2.185498012127254
1438.5 3.1830523989148296
1439.0 3.3624162911975484
1439.5 1.9412725717901793
1440.0 0.5004186767451043
1440.5 4.3318020723828825
1441.0 3.287720031847029
1441.5 2.4888222868774217
1442.0 3.741893316563462
1442.5 2.5894892975794193
1443.0 0.5659842380317022
1443.5 2.7543896569042383
1444.0 2.3368102408437896
1444.5 2.186417237725405
1445.0 1.2181743052222593
1445.5 1.2897735515399806
1446.0 1.5680962054597585
1446.5 1.3005025202555591
1447.0 1.6311343881604257
1447.5 0.5902024852848264
1448.0 1.624441545565228
1448.5 2.341391926781231
1449.0 2.0550488087584746
1449.5 1.2498686703852195
1450.0 2.054642406378043
1450.5 0.5905810893389952
1451.0 1.5441376546805774
1451.5 1.8835357460334161
1452.0 1.2025733484032475
1452.5 0.50812791501509
1453.0 1.7194729219785119
1453.5 1.7741130835746843
1454.0 1.1619097178378892
1454.5 1.1946237530067314
1455.0 0.7294579732894957
1455.5 0.6573409719420311
1456.0 0.6544092973990141
1456.5 0.7369179392996619
1457.0 0.6037045123961793
1457.5 0.5503933226638233
1458.0 0.6919935621774694
1458.5 0.7688248282027368
1459.0 0.7127811089670564
1459.5 0.8105526310605282
1460.0 1.044309148695417
1460.5 1.7019355877367537
1461.0 1.9013695081399906
1461.5 1.8971068049861624
1462.0 1.1565855470405002
1462.5 1.9461269514479989
1463.0 1.4529498168122141
1463.5 1.14057161851617
1464.0 0.7922669289774329
1464.5 1.824551207374755
1465.0 1.0570260610005409
1465.5 0.49300535432372194
1466.0 1.571902813632575
1466.5 0.9249847793911412
1467.0 0.9395207093662841
1467.5 1.560449659944446
1468.0 1.7077882190912825
1468.5 1.2058184959899885
1469.0 1.2658854079890456
1469.5 1.1800396464086775
1470.0 3.0403225168718584
1470.5 2.7543896192046735
1471.0 3.0743029595622042
1471.5 2.1358637175124855
1472.0 1.1970851369330486
1472.5 0.9987413174151663
1473.0 1.3409689761932528
1473.5 2.4918535520308853
1474.0 1.6527338782711651
1474.5 0.40950651927458304
1475.0 1.3285893558101343
1475.5 1.444472844154388
1476.0 1.5592342508534334
1476.5 0.5073275294736896
1477.0 0.8830206182745406
1477.5 1.4860540086653877
1478.0 1.1969303685264399
1478.5 1.6508120895855982
1479.0 1.4682419446111585
1479.5 1.656030570247776
1480.0 0.8475290946578933
1480.5 1.1665137365561646
1481.0 1.8496514537131967
1481.5 1.1236152009353617
1482.0 0.9528523053073196
1482.5 1.730555346400099
1483.0 1.1494982096878972
1483.5 1.5173705601484784
1484.0 1.5863877887808655
1484.5 1.3960403975291
1485.0 2.5267177132951457
1485.5 1.2003497901179316
1486.0 1.2131157639522954
1486.5 0.9011703488083409
1487.0 1.8317806537362264
1487.5 1.1990854729480185
1488.0 1.3712307396213683
1488.5 1.3049902447878687
1489.0 1.5991743585013873
1489.5 1.8316843339644044
1490.0 0.8337775053321133
1490.5 1.2821038897979038
1491.0 0.8787351543960085
1491.5 1.6563138131119874
1492.0 1.5619505730481973
1492.5 1.102037609460146
1493.0 1.4700711247451532
1493.5 0.9264362171530622
1494.0 0.84169374366702
1494.5 1.8058229901212006
1495.0 3.3693654507966433
1495.5 1.0308171081031383
1496.0 2.091429868855113
1496.5 2.744651599193085
1497.0 2.9180588274775823
1497.5 0.9823195201819641
1498.0 2.772226121227364
1498.5 2.144111826221312
1499.0 3.2014449658198307
1499.5 1.3672270004683138