300.0 2.1475223858704133
300.5 1.6733520924933272
301.0 1.7669875449918173
301.5 3.1835861364061637
302.0 1.2193074929465477
302.5 1.412486604754985
303.0 1.7456087820608017
303.5 2.794975787312113
304.0 3.313250947892091
304.5 0.9379010438906455
305.0 2.396840617667263
305.5 2.175433363625865
306.0 1.0692259611859973
306.5 1.1806913410359767
307.0 1.1003529039810056
307.5 0.7211981410633175
308.0 1.1851874761918262
308.5 1.7080844663236676
309.0 0.9193810624175232
309.5 0.5313496576897677
310.0 1.1595985852504844
310.5 1.5326574537110518
311.0 1.0823636837834363
311.5 0.9223404670668025
312.0 1.1603397275914733
312.5 1.0685644089521729
313.0 1.0994018012659401
313.5 2.31866757539083
314.0 2.4264053275051083
314.5 0.7688275249481006
315.0 1.8961367856483324
315.5 2.3207881138692947
316.0 1.559357732845417
316.5 1.8975780862347724
317.0 2.440367646450899
317.5 1.860632782627539
318.0 1.5848427124935711
318.5 2.2628854145685833
319.0 1.969642329907925
319.5 1.994970399697316
320.0 1.1070029887805428
320.5 0.843719242676767
321.0 1.2919269422923907
321.5 1.556413226841883
322.0 1.9077837224664627
322.5 1.7665655825177258
323.0 1.714704886906909
323.5 0.9097591261276761
324.0 2.0965670268494216
324.5 2.4256003193833617
325.0 0.777014369517171
325.5 1.2118847289044594
326.0 1.9748616671725001
326.5 2.389475923772048
327.0 3.0876889781039356
327.5 2.5863756937711493
328.0 0.7531993367435681
328.5 2.5773253021919995
329.0 1.9425574601252371
329.5 1.2406653460758503
330.0 1.5385424402482843
330.5 3.039971629040272
331.0 1.2346266176447247
331.5 2.5394659548526994
332.0 0.4910729118118844
332.5 2.1487595032297127
333.0 2.322253920785903
333.5 1.7753484369257628
334.0 0.821422612814345
334.5 0.5926686858750332
335.0 1.9382533082362612
335.5 1.8592390291776626
336.0 1.0233680586821476
336.5 1.5391568732575664
337.0 1.2138155170900515
337.5 0.5842975243656331
338.0 1.2147085131054425
338.5 0.47657347478949363
339.0 1.2216808868748603
339.5 1.2415769601464284
340.0 1.018136777106758
340.5 1.3439047917124691
341.0 1.7536320860220853
341.5 2.1355168298809097
342.0 3.1085967494073934
342.5 2.7938320119360682
343.0 2.168357256313503
343.5 2.7206589441804705
344.0 1.9089236654399844
344.5 2.503264030502919
345.0 0.5867379935653247
345.5 1.125334512929422
346.0 1.1236724797621014
346.5 1.156417109935711
347.0 1.4536178445937633
347.5 1.2520860182491265
348.0 3.846125512122798
348.5 0.9722889520419882
349.0 1.5824422108968481
349.5 2.486954307174404
350.0 1.8419624586441312
350.5 3.4558846053989827
351.0 1.9725615314835254
351.5 2.164483890777513
352.0 2.0243514967337015
352.5 2.8841542297479204
353.0 2.5125390949063533
353.5 1.469194034208705
354.0 1.1369927478517938
354.5 1.9194150044990494
355.0 3.228326762770828
355.5 1.4105051934468151
356.0 1.813765020600744
356.5 1.1441115885251454
357.0 1.7880147680583196
357.5 0.8279227677983411
358.0 1.5811700444110133
358.5 1.620602260357127
359.0 1.6277982768784443
359.5 1.9920223177328247
360.0 1.7933953468858201
360.5 0.6188642223921563
361.0 0.9990878182975219
361.5 1.2476236068892024
362.0 0.661163554126825
362.5 0.6909079684275526
363.0 0.7518841338197827
363.5 1.2257695906431518
364.0 0.8004765827231166
364.5 0.9412159000517524
365.0 0.767628852320031
365.5 0.9466230171454934
366.0 1.0052385660844494
366.5 1.4116437601859255
367.0 0.673784925929059
367.5 0.8598193366975935
368.0 0.8762702658618545
368.5 0.6051154271978518
369.0 1.0045029093773734
369.5 0.8982186840344026
370.0 0.9050389225424502
370.5 1.0116458590675144
371.0 0.5804235624776489
371.5 1.0059892339868437
372.0 1.0917047813557628
372.5 1.0216330455728158
373.0 1.2988084671786164
373.5 2.1739384828403763
374.0 2.8451849282942336
374.5 2.4693244370802523
375.0 2.7402654453082813
375.5 1.97267670490174
376.0 1.6900047070126747
376.5 1.286889866231487
377.0 1.603480123300027
377.5 2.0099833970343237
378.0 1.2404521606724785
378.5 1.200761292114274
379.0 1.3563742497823785
379.5 1.2846946665115286
380.0 1.5291346349986545
380.5 2.3415746243567908
381.0 2.6035905771435672
381.5 2.6547962501893148
382.0 1.2806802355507672
382.5 1.2630763009137222
383.0 1.206017250194361
383.5 1.0105554291915362
384.0 1.2843163084430786
384.5 1.79104067248851
385.0 1.2263032608022533
385.5 0.8787475555878186
386.0 1.0036295517891196
386.5 1.3137514224050055
387.0 2.6927576314942754
387.5 2.464962634431624
388.0 1.6709820181055233
388.5 2.016528112541431
389.0 2.470868730239011
389.5 2.6975661334064256
390.0 3.292784257244878
390.5 1.6120640086902576
391.0 3.3471599181886686
391.5 2.449320547990084
392.0 1.8664705373374533
392.5 1.5308982698235702
393.0 2.082343394182212
393.5 2.610060746543134
394.0 2.091051638726702
394.5 1.9815160930292637
395.0 1.7570074348847622
395.5 2.4036732779042143
396.0 2.225330568031763
396.5 1.837104366069182
397.0 1.4693099078482823
397.5 2.3793383253028346
398.0 1.8071770674339596
398.5 3.676680510344586
399.0 1.3264892213652058
399.5 1.7531226742381343
400.0 1.5835315979875568
400.5 2.035519865991997
401.0 0.8992114898851105
401.5 0.74150694182613
402.0 0.8187989238233483
402.5 0.7801380966127189
403.0 1.0701247300649293
403.5 1.073125486679578
404.0 1.2531885630958461
404.5 0.6156031657256276
405.0 0.9058931587947127
405.5 0.778402890749461
406.0 0.9410238558448704
406.5 0.914815900890534
407.0 0.5188887989392288
407.5 0.6410457462960315
408.0 0.8234365205892626
408.5 0.7778122905483564
409.0 0.5642210339817926
409.5 0.680496578537477
410.0 0.6813388354147409
410.5 0.7353373717082374
411.0 0.7103263979166745
411.5 0.5275566514206937
412.0 0.6310968701179833
412.5 0.6914036214592156
413.0 2.7665813265017865
413.5 2.1876645322787205
414.0 2.7590285456692856
414.5 1.4605947800651422
415.0 1.4920946336325067
415.5 2.270638607340863
416.0 2.139960341583086
416.5 3.06604908728567
417.0 2.9216633868289033
417.5 2.2829385391301344
418.0 2.7219644061337225
418.5 3.2389282095716663
419.0 2.2639521340276954
419.5 2.395767226401626
420.0 1.2931795082068889
420.5 2.454010648651103
421.0 1.7595769536370327
421.5 2.231074181105309
422.0 1.9625888016999573
422.5 1.4469035438154922
423.0 2.4292316335485236
423.5 1.6104855884382445
424.0 2.0966396175595676
424.5 1.7129403583326557
425.0 2.0651376210812313
425.5 1.184993186133967
426.0 1.272098837303476
426.5 1.387077489417829
427.0 1.389141661221958
427.5 0.9643393031977587
428.0 1.7699189907126376
428.5 1.6008751609803396
429.0 1.0173999113181345
429.5 1.4346869571437184
430.0 1.90679705851782
430.5 1.305589225811203
431.0 1.9923951983458077
431.5 1.161602544668081
432.0 0.9060767778342855
432.5 1.854948496383424
433.0 0.7515273970549313
433.5 1.9744056857977939
434.0 1.748419761172224
434.5 1.389790179785271
435.0 0.7571627565944925
435.5 1.2252634554777333
436.0 0.6270292511926218
436.5 1.44404228032439
437.0 1.1350222266908974
437.5 0.7748241038501668
438.0 1.3814132680614095
438.5 1.1806241054866335
439.0 1.4344267612662447
439.5 3.0333238724589533
440.0 1.6603980455294554
440.5 1.0473050180976335
441.0 2.0594364437447865
441.5 0.20088462061329304
442.0 1.891153233623073
442.5 3.4158753856964204
443.0 1.1251793109942665
443.5 2.7413560299668216
444.0 2.6376160351187354
444.5 1.7416478361783974
445.0 1.5594973119853675
445.5 1.249804306645292
446.0 2.32404462242028
446.5 1.6619713976247807
447.0 0.3819750832215658
447.5 0.2
448.0 1.5269737122939508
448.5 1.56681685251292
449.0 1.9201183868856684
449.5 1.9310747378863007
450.0 1.7945311870881233
450.5 1.942793942512755
451.0 1.0875400718419894
451.5 0.7825616119435245
452.0 0.8983065937229431
452.5 0.8304497026153425
453.0 1.118951741576874
453.5 0.5789430041414511
454.0 0.6932327149296964
454.5 0.6515067027192496
455.0 0.8983015822278999
455.5 1.1977246876584582
456.0 0.6325893614919226
456.5 0.7805815981618578
457.0 1.1136639920830462
457.5 1.020392479496024
458.0 1.0586133609729096
458.5 0.5059806926674377
459.0 1.0443285840558214
459.5 0.7311429831297397
460.0 0.9228911595206767
460.5 1.0083536542559428
461.0 1.3653281780936746
461.5 1.1508257470786942
462.0 0.7687911875310273
462.5 0.9226693218812756
463.0 0.8838411588873214
463.5 0.8603253814412639
464.0 0.7614722985494262
464.5 0.6308728050141266
465.0 0.5805253208877954
465.5 0.7967832968795057
466.0 0.7084755236899647
466.5 0.6382905331604277
467.0 0.9368017104886723
467.5 0.8801752502213893
468.0 1.057328890637678
468.5 0.6619430927846396
469.0 0.8293626239078862
469.5 1.3092707964839634
470.0 0.8143478068877221
470.5 0.8248368220181064
471.0 1.1979998194957142
471.5 0.7032651309010385
472.0 0.9496522189658861
472.5 0.7467229745120959
473.0 0.8704412250454117
473.5 0.6135137072859158
474.0 1.1242113942985856
474.5 1.1918687271740083
475.0 1.258208307218772
475.5 0.8168693359486199
476.0 1.248771741920533
476.5 1.964628403759725
477.0 1.205512351502235
477.5 0.7954346339661014
478.0 1.0744410934666073
478.5 0.44208669848852167
479.0 1.4895198332193484
479.5 1.3649312983268118
480.0 2.4509135416820316
480.5 1.8828654997059218
481.0 2.1680198881434514
481.5 1.4185701776681765
482.0 2.1153542432077077
482.5 1.5627897898151408
483.0 2.0614659343205397
483.5 1.9843255855946562
484.0 2.3140048224702188
484.5 2.7697077870325315
485.0 2.7727842964854954
485.5 2.2770336803608524
486.0 1.794041414355676
486.5 0.38332893195253326
487.0 0.8730072272616347
487.5 0.8203300668210489
488.0 1.6134274518973717
488.5 1.9256015243017224
489.0 1.5364967048735112
489.5 2.572366013835345
490.0 2.4095428853197918
490.5 2.007352785904973
491.0 2.7440876604966107
491.5 2.115139347767826
492.0 1.3606461944420134
492.5 0.9536417681402503
493.0 0.6494545200308103
493.5 0.7874016356478037
494.0 1.380106283546961
494.5 2.7746160114749703
495.0 2.8697800408009186
495.5 1.6384123709081966
496.0 2.6748164396633713
496.5 2.62441637772396
497.0 1.8342420673836424
497.5 1.743248506742786
498.0 1.2049484694726242
498.5 0.9360299474955447
499.0 1.3201940937233645
499.5 1.2581312446874788
500.0 1.0302066994554686
500.5 1.3827361147006094
501.0 1.076788477186006
501.5 0.6306780826290288
502.0 1.1157588997149284
502.5 0.9583028913357811
503.0 1.0092766299587557
503.5 1.2897573084179073
504.0 0.9934103467324488
504.5 1.0298398008818082
505.0 1.6716987479156302
505.5 0.5908444280872831
506.0 0.6309897198447609
506.5 2.5360527765870087
507.0 1.8085559754637965
507.5 1.751153540139992
508.0 1.3361713179159536
508.5 0.6759697289276924
509.0 1.3459109740901583
509.5 0.5587204752686838
510.0 0.558650234668177
510.5 0.8209368907641947
511.0 1.051022832199763
511.5 0.451062557604606
512.0 0.8527782841947236
512.5 0.3691885955058082
513.0 2.6191693144612063
513.5 1.5758251319195322
514.0 2.2330060355587222
514.5 4.369706917363647
515.0 2.8423601319598943
515.5 3.4655451812177613
516.0 2.2061382771296674
516.5 2.858098554150022
517.0 1.295892758637103
517.5 0.2
518.0 2.4069509681593
518.5 2.664492387573715
519.0 2.787647693219015
519.5 2.2728681327382887
520.0 4.123497248171685
520.5 2.1866343933830428
521.0 3.1518936714469277
521.5 1.549411769991452
522.0 2.1014255726071025
522.5 2.274287792040493
523.0 2.1491197996323415
523.5 3.5538891700195565
524.0 2.8154538163275125
524.5 2.3521641738938577
525.0 3.278157493761337
525.5 1.8093477052568983
526.0 1.9524053160963972
526.5 1.2292974640297756
527.0 2.065052002627654
527.5 0.7157360833029542
528.0 1.670949397301414
528.5 1.267077580417851
529.0 2.5012637032209946
529.5 2.0150809256874704
530.0 1.2402585258865344
530.5 3.7796455717954416
531.0 1.8128844599185363
531.5 2.8637637368174866
532.0 1.9030777670237233
532.5 1.3837940978868672
533.0 0.7179115956155314
533.5 0.7831146918228407
534.0 0.5424164823420125
534.5 0.8516047634432977
535.0 1.1213879447508757
535.5 1.24613681467766
536.0 0.8385220552359072
536.5 1.1121763248226282
537.0 0.6720464648112777
537.5 0.8512489608916181
538.0 1.132396034434357
538.5 1.1259630628357638
539.0 0.7583320609471674
539.5 1.0320838552005027
540.0 1.4907847479627945
540.5 1.1454735514361287
541.0 0.4055373151630832
541.5 1.1213907410192103
542.0 1.1736056973148625
542.5 0.8087734620659437
543.0 1.2165308857942434
543.5 1.0962746831667278
544.0 1.434259270216042
544.5 1.593814025409705
545.0 1.3768843543567875
545.5 1.083850200972767
546.0 0.8956369635315009
546.5 0.7680916780747169
547.0 0.7147608905623433
547.5 0.6758978245315164
548.0 0.6891706365152106
548.5 0.7618678042004723
549.0 0.7936895168222835
549.5 0.8218891694926274
550.0 0.6282213514012246
550.5 0.8076141342680745
551.0 0.8815864400252929
551.5 1.0398735978628433
552.0 1.7504426433565334
552.5 0.9334450495376998
553.0 1.3390620949453864
553.5 0.8893531920763269
554.0 0.7835032828963704
554.5 0.6218610994220285
555.0 0.515317069107446
555.5 0.7088402717674795
556.0 0.6695965319617947
556.5 0.8810720446848337
557.0 0.8937245040196475
557.5 1.7065866912941905
558.0 2.015140488105653
558.5 1.9189376761359567
559.0 1.3876630670277377
559.5 2.1393852237205815
560.0 1.4001473657030568
560.5 2.2506194099002093
561.0 3.4242845631654024
561.5 1.3371511115701407
562.0 1.9491105653721594
562.5 3.5158890314613074
563.0 3.2325009886448948
563.5 1.885872036177044
564.0 1.2830046223069793
564.5 2.1501396837556617
565.0 2.437216646434054
565.5 1.3306959424008855
566.0 0.8620974457850423
566.5 1.3064241444234885
567.0 1.6288441938683555
567.5 1.2668992788351758
568.0 0.7599677190012958
568.5 1.440214378123205
569.0 1.7595915141983773
569.5 1.373178445747621
570.0 1.6999796119868396
570.5 0.2
571.0 0.786859083525321
571.5 1.2246947425687276
572.0 1.6170689560429956
572.5 1.0310165642915723
573.0 1.7762987711394902
573.5 1.1491619761393996
574.0 1.2482635958525128
574.5 2.875141410209526
575.0 1.5185048232441902
575.5 2.154563156598729
576.0 1.5576756414550739
576.5 1.232145560646386
577.0 1.6917229836373853
577.5 1.2857858752021911
578.0 0.8629489298982157
578.5 0.8185114912587563
579.0 1.2496464453227047
579.5 1.9401369056151483
580.0 2.0520176936639163
580.5 0.8460557971790408
581.0 2.140006610786716
581.5 2.161997844270662
582.0 2.391365706664014
582.5 1.7840779937538278
583.0 2.39889394786108
583.5 1.4887357185895191
584.0 1.9076170299356325
584.5 4.241332269656336
585.0 1.9335534765222957
585.5 2.603970835235919
586.0 2.0996946185412098
586.5 1.0523501197116791
587.0 2.474522009512774
587.5 1.8712838024790794
588.0 1.5636650157862348
588.5 3.3071434140379683
589.0 2.1191269615743433
589.5 2.133584229888044
590.0 3.3854970703216702
590.5 2.429462157126081
591.0 2.563928639764147
591.5 1.5193148550915034
592.0 3.153958239849902
592.5 2.212847345083913
593.0 1.373528330614056
593.5 1.8535359719099083
594.0 1.075255240773787
594.5 1.7022945471156303
595.0 0.9495147461870153
595.5 1.5741793030834013
596.0 1.6159178906219227
596.5 1.5398714266133013
597.0 1.343107324509487
597.5 1.1501608468201387
598.0 1.1717907204301234
598.5 0.7497697306757088
599.0 0.6234090940819093
599.5 1.3424000697810219