300.0 0.7693848302398004
300.5 1.3282345573292975
301.0 1.4861680709880816
301.5 1.6373507854143943
302.0 0.7676694413874126
302.5 1.3027874299526907
303.0 0.6036150386616737
303.5 1.245754269069943
304.0 0.7135166965465436
304.5 1.4640346332923393
305.0 2.124730740999888
305.5 1.5674646957723313
306.0 1.7275671376364217
306.5 0.5980746989783974
307.0 0.9638601493237797
307.5 1.1299396098617647
308.0 1.4351447768635386
308.5 1.061576057865071
309.0 1.2560502680416947
309.5 0.8159166137780467
310.0 1.721160271546884
310.5 0.8879366655263584
311.0 1.0745529839648458
311.5 1.1055147890566301
312.0 1.1582626184392952
312.5 1.381526876008794
313.0 0.731874664786325
313.5 1.4856186971704788
314.0 1.2555796176244611
314.5 2.2441978567376597
315.0 1.9164182597593467
315.5 2.35790186748766
316.0 1.701943291476853
316.5 1.9278820089963322
317.0 2.2801412027959618
317.5 3.419010732288499
318.0 0.9752053343518864
318.5 3.294151082692646
319.0 1.764920861162872
319.5 2.057279900625883
320.0 0.9348361853935441
320.5 0.344904469483156
321.0 1.3977703071310557
321.5 0.9951581177874962
322.0 1.5151108142884055
322.5 1.1493015714315735
323.0 1.0925058051487022
323.5 1.107167056921655
324.0 1.4382061092447622
324.5 1.3405168481479448
325.0 1.155880547949908
325.5 0.7779247200931982
326.0 1.2059606766752462
326.5 1.0264442072382378
327.0 1.061801952712635
327.5 0.9207039549422853
328.0 1.0244452760880463
328.5 0.6150049568496225
329.0 1.140142634008662
329.5 1.421812201407619
330.0 0.8542584559125699
330.5 0.4818294956733572
331.0 0.8339175052737748
331.5 0.8144647582107376
332.0 1.0734144832102226
332.5 0.9130665660651183
333.0 1.1290576136107724
333.5 2.0219789977476212
334.0 2.010865326536575
334.5 2.410020709272681
335.0 2.4029276520933376
335.5 1.9515469512630546
336.0 1.357133352770119
336.5 2.0687238775715704
337.0 2.0489830910490685
337.5 1.0735652459811666
338.0 0.8611178534847894
338.5 1.4011200740686496
339.0 1.6312954282701555
339.5 2.298351112478324
340.0 2.206054557560389
340.5 1.3792500898827853
341.0 2.539936650124102
341.5 1.802061397503682
342.0 0.6551980686667743
342.5 1.8763598492398212
343.0 1.4216898566989753
343.5 1.865888780264437
344.0 0.972265001307954
344.5 1.3402912574735972
345.0 1.7866984872864848
345.5 2.3673049780888165
346.0 1.9093593786811525
346.5 2.5435158667859
347.0 1.7687698838077865
347.5 2.3366491145451542
348.0 1.4398373750886417
348.5 2.260183290438328
349.0 1.1625439878752388
349.5 1.542695115698186
350.0 1.1083823476029702
350.5 1.4996586362779674
351.0 1.8703072039186088
351.5 1.893029741923703
352.0 1.5237662596133275
352.5 1.1585365126248615
353.0 1.0067510657837615
353.5 1.0038108938456318
354.0 1.2265960562932254
354.5 0.785323294096332
355.0 1.2172077949510598
355.5 0.7046543668182135
356.0 1.0296206889612323
356.5 0.9599947090204389
357.0 0.8240439390712189
357.5 0.940390230752596
358.0 0.7944867629424147
358.5 0.810858874744856
359.0 1.2230295190130298
359.5 0.7073407590336673
360.0 0.8820765051598648
360.5 0.4520896557909199
361.0 1.1125249864236515
361.5 0.6985940255967057
362.0 1.1556543946828022
362.5 0.7115359039946815
363.0 0.8105545434122372
363.5 0.7674123622549054
364.0 0.7789771122291913
364.5 1.870063425558573
365.0 1.5780633759736755
365.5 2.51954619785385
366.0 1.2718662488453398
366.5 2.7789284760987467
367.0 1.2398858429305744
367.5 1.1309754543437522
368.0 1.5515517438165152
368.5 1.9472180049252594
369.0 1.4603575644864693
369.5 1.467328574220984
370.0 1.9517104242022048
370.5 1.6981841154072477
371.0 2.2515278540907078
371.5 1.199133207539084
372.0 1.4214634383992888
372.5 1.7905076160604152
373.0 1.747372222686745
373.5 2.235743054562711
374.0 1.6919394426939014
374.5 1.073309408685366
375.0 2.7654904879032216
375.5 2.2986376885862008
376.0 2.072341773430919
376.5 1.5527939988999278
377.0 1.1420792950887901
377.5 1.565642689279979
378.0 2.698345571041669
378.5 1.8733505674421096
379.0 1.418947285770686
379.5 0.30286739623391035
380.0 1.1454293040777477
380.5 0.8142399270447604
381.0 0.5833486485525571
381.5 1.0086019286136074
382.0 1.038184701037703
382.5 1.3038644089450133
383.0 1.0468435628003765
383.5 0.8031208864857245
384.0 0.9112539275955558
384.5 0.8074678970446214
385.0 1.052603894874017
385.5 1.1676002068726805
386.0 0.8906268004908002
386.5 1.0834171639815802
387.0 1.0050460477409389
387.5 0.6503920540306198
388.0 1.0376708345228767
388.5 0.9764234344742124
389.0 0.8316040085643229
389.5 0.9856910380590981
390.0 0.6782991568135844
390.5 0.7620819374955363
391.0 0.9024923152840723
391.5 0.6563202548333477
392.0 0.7212614807707854
392.5 0.8923395110831857
393.0 1.0424767741433894
393.5 0.9771919864226087
394.0 0.6814716181447835
394.5 0.800811633839714
395.0 0.7137481694538654
395.5 1.334683289317962
396.0 0.9910377485679036
396.5 0.8761719525348884
397.0 0.85773428302816
397.5 0.9652052932514613
398.0 1.1144090062028553
398.5 0.7905065063977574
399.0 0.9026584638151415
399.5 1.0065372681488227
400.0 2.33024631840992
400.5 0.5338683389114238
401.0 3.6989004553322467
401.5 1.6473250457765491
402.0 0.8678490085804906
402.5 1.844700003975143
403.0 2.1868380500608255
403.5 2.0491414293959016
404.0 2.1273235010577496
404.5 0.7751360053413086
405.0 3.7546266999122873
405.5 1.716664327360611
406.0 2.6984011723141412
406.5 1.254877956517909
407.0 2.412589741508138
407.5 2.711138941292674
408.0 2.3531071297719053
408.5 3.072796986161862
409.0 1.762555665666448
409.5 2.6202217351386246
410.0 0.2
410.5 1.8505328843232889
411.0 2.0762449399574487
411.5 1.5773031398114434
412.0 1.3452653882639196
412.5 2.294099407195103
413.0 2.6832622688711742
413.5 3.5703483927168906
414.0 1.655188009068767
414.5 2.2377492560335965
415.0 3.7156974661748077
415.5 2.1649582632038613
416.0 1.9110084684963744
416.5 2.0610306212007488
417.0 2.005604001175747
417.5 2.216693994140317
418.0 0.49697179545844383
418.5 2.4044434781788393
419.0 0.7175316967069955
419.5 1.0239742557088114
420.0 0.9728735685536983
420.5 1.1679584309738948
421.0 0.8899185952410043
421.5 0.8420281488587856
422.0 0.5750517150399987
422.5 1.176953333653688
423.0 3.986701077019651
423.5 1.8684942968480291
424.0 0.9347486596738326
424.5 1.0792900616405439
425.0 1.0203747270171728
425.5 1.2080421135594053
426.0 3.0679594029217103
426.5 3.4854660035226104
427.0 2.691540988903969
427.5 2.3953248946297645
428.0 2.9576702815060836
428.5 1.839567316511085
429.0 1.0994151317043754
429.5 1.810667439575543
430.0 1.713119230239835
430.5 0.800550788607976
431.0 1.4487517995243848
431.5 1.6149350222487535
432.0 1.2360733224867921
432.5 1.3523102115681116
433.0 1.0047216407936654
433.5 0.979867772395705
434.0 0.830293230851547
434.5 1.174496658089621
435.0 0.8710269578515921
435.5 0.7953371782971627
436.0 0.7246568757555196
436.5 0.7672213298565996
437.0 1.1701037149930174
437.5 1.0007372148898814
438.0 0.6960870668902663
438.5 0.8946063830372831
439.0 0.8509312112793942
439.5 0.8281083397819977
440.0 3.1269931290362214
440.5 1.5676516794501105
441.0 0.510564958891313
441.5 1.138737316933749
442.0 0.565313498275135
442.5 0.7793259658102776
443.0 0.6099704158341813
443.5 0.7077584676773321
444.0 0.767963474982988
444.5 0.6492953517057679
445.0 0.7028861512002722
445.5 0.6235013511872091
446.0 0.7834731765724479
446.5 0.8729287106670078
447.0 0.7612996129376952
447.5 0.6661372166423037
448.0 0.7353457987980367
448.5 0.7304365307059788
449.0 2.150143522020636
449.5 0.7347593829645949
450.0 2.165258372177359
450.5 1.5202363973264796
451.0 0.7268440521276993
451.5 2.3765842920378155
452.0 3.210591762625368
452.5 1.9385984532520275
453.0 1.7380077671480008
453.5 1.1306037452210855
454.0 2.8102089294194146
454.5 2.6086227801638104
455.0 2.274665328403297
455.5 2.1050769996796213
456.0 1.5843103388869308
456.5 1.7656993427463832
457.0 3.6534819254997686
457.5 2.4364081168411156
458.0 1.7328771914054553
458.5 3.1627376672927063
459.0 1.0026139939990022
459.5 3.3716302074540687
460.0 2.6296112615339045
460.5 1.905646375011825
461.0 2.1004839859275592
461.5 1.204247061033134
462.0 3.1152699073489303
462.5 1.997978007146023
463.0 3.3368329598199615
463.5 3.6866944477353942
464.0 1.192297923725713
464.5 3.7930732577408772
465.0 1.3378712198312903
465.5 3.1959606305959403
466.0 2.0077101316487704
466.5 2.7443475884191724
467.0 1.2230044794520578
467.5 2.9810533851341
468.0 2.975897881742725
468.5 2.227255693125686
469.0 2.0900644092213527
469.5 1.7928198994144673
470.0 2.431088531920769
470.5 3.6407241197088664
471.0 3.1878293556550013
471.5 1.6926607106294664
472.0 1.7548805830270164
472.5 2.8248060937464485
473.0 1.0928802105502888
473.5 1.77691368910873
474.0 0.791797623076953
474.5 0.612078088560172
475.0 2.360885096035945
475.5 2.5391099265311254
476.0 2.758181194967248
476.5 1.586035586588821
477.0 0.942498141073811
477.5 2.1327697338956835
478.0 1.371586083127566
478.5 2.6821932773091905
479.0 2.2915964417072834
479.5 3.3364552612707223
480.0 1.6927485276694267
480.5 1.0696880491108487
481.0 1.0376966101067637
481.5 1.4674971236418832
482.0 1.815932558274856
482.5 2.0723265807229527
483.0 1.2209639840754802
483.5 1.436796830408111
484.0 1.563364505865544
484.5 2.546994103742197
485.0 1.5224264889908001
485.5 0.45657816449574495
486.0 0.3472383675909694
486.5 1.3371224204544896
487.0 2.718016102066017
487.5 1.6060911311046586
488.0 1.6372527639771106
488.5 1.400216463194778
489.0 0.9854598615982412
489.5 1.9797746256235507
490.0 2.0165753110723315
490.5 0.6235798251755003
491.0 0.734057809398311
491.5 1.2207895968651807
492.0 0.7915828707085315
492.5 1.218146100566837
493.0 0.8188256788818378
493.5 1.006552855419908
494.0 1.2430444062326087
494.5 1.1486162963253992
495.0 0.6870987137324549
495.5 0.6562214006488536
496.0 0.8002438690004494
496.5 0.657114575425199
497.0 0.6509156173786141
497.5 0.6486507226881395
498.0 0.632352145086692
498.5 0.6986595515081377
499.0 0.61555191985269
499.5 0.6606757227552027
500.0 0.8045010601571396
500.5 0.7333990938147037
501.0 0.6163269927477859
501.5 0.7688602304317427
502.0 0.7710268152672803
502.5 0.5847830525525095
503.0 0.785808663133607
503.5 0.5508976760898734
504.0 0.6763115177706747
504.5 0.837782773407727
505.0 0.5956209874871531
505.5 0.6575305253346082
506.0 0.8334029944663626
506.5 0.7707012322664706
507.0 0.8393069001612363
507.5 0.8403536917059531
508.0 0.6498270357807308
508.5 0.7856260593625348
509.0 0.6906675032711826
509.5 0.715960839599145
510.0 0.6121475331751487
510.5 0.7275490138654082
511.0 0.7218629290532326
511.5 1.922943438397278
512.0 1.4203986229075545
512.5 1.1369132116218879
513.0 1.3337482947765014
513.5 1.267848811640024
514.0 1.253499558228048
514.5 0.9994191680595528
515.0 1.4194316670817415
515.5 1.3368624653008652
516.0 3.176346892147466
516.5 0.6603849617462803
517.0 0.3089207091229309
517.5 1.1215950028059511
518.0 1.9798419773741796
518.5 1.5492673121873526
519.0 1.7931525352812365
519.5 1.6336255390437322
520.0 2.187702131032932
520.5 1.7888472747793245
521.0 2.264992067213023
521.5 2.2093930819409517
522.0 2.386211332577985
522.5 1.2543533865446594
523.0 1.084109846175043
523.5 1.2110441528631468
524.0 0.7607501455908114
524.5 1.575374201165161
525.0 1.3190969839771691
525.5 2.2215663000048913
526.0 1.348917359241712
526.5 2.716285586559418
527.0 2.1015732172806336
527.5 2.951576666685747
528.0 2.360763140510744
528.5 2.2431993341170102
529.0 1.02160831775943
529.5 1.3019753066367665
530.0 2.6916674174592825
530.5 1.6798447152407758
531.0 1.8209170040148668
531.5 2.6249868662876414
532.0 0.7771333286698593
532.5 1.0822782318332749
533.0 0.6885320401676019
533.5 2.819251208831694
534.0 1.5931552114833398
534.5 2.2811557597590193
535.0 2.019306993009828
535.5 1.2724346255672114
536.0 2.2624564688322817
536.5 1.7292400860158639
537.0 2.0319524282897268
537.5 1.4093770772009557
538.0 1.6155289934839678
538.5 1.8829694279761937
539.0 1.7591286885052295
539.5 1.88772302115777
540.0 1.4849967153535149
540.5 1.251037170430108
541.0 1.52885668442396
541.5 0.2
542.0 1.5327288630527207
542.5 0.8623631008000068
543.0 1.3584057692047167
543.5 1.5119149796645166
544.0 2.223852537459066
544.5 1.487371335536987
545.0 0.5699588313853035
545.5 0.6980593689381809
546.0 0.6412757198745553
546.5 0.7220858866235051
547.0 0.6760867348209859
547.5 0.6170857138431798
548.0 0.565950500259252
548.5 0.7081826930087729
549.0 0.7005688996288335
549.5 0.6851627979895568
550.0 0.5292426639183272
550.5 0.6834424448852745
551.0 0.8537589783134054
551.5 0.6275067365059261
552.0 0.5845351861788397
552.5 1.0132458258406167
553.0 1.039427598435097
553.5 0.7912731997346749
554.0 1.4259417305613145
554.5 0.7299828391902483
555.0 0.6507710431191698
555.5 1.3764664514634501
556.0 1.7241004897627468
556.5 1.5070115465809124
557.0 1.3771634947306075
557.5 1.397687874834381
558.0 1.523914191121142
558.5 1.9781819235892009
559.0 1.7005963313945145
559.5 0.4711699872290098
560.0 1.2226888355150216
560.5 1.888324791036195
561.0 1.8705657430048417
561.5 1.4192962477828812
562.0 1.3128266623417182
562.5 1.2503000152275012
563.0 0.2
563.5 1.0585049900637546
564.0 1.7350051036337366
564.5 2.1497201672904067
565.0 2.9428541578016896
565.5 1.9654314544994966
566.0 2.182509991184089
566.5 0.3646071702110889
567.0 0.2
567.5 2.91207337352395
568.0 1.1248199057087291
568.5 2.7829711676306705
569.0 2.5943392471397604
569.5 0.34950749083582267
570.0 1.969019172555559
570.5 1.3482863884949792
571.0 1.7499018486411921
571.5 2.0780659779411925
572.0 1.4089559960753189
572.5 0.8127235109420043
573.0 0.6400695091259244
573.5 0.4937134870963943
574.0 0.7204596993793374
574.5 0.36685808656163255
575.0 0.9616954387000741
575.5 0.7909863851543437
576.0 1.0435197117228951
576.5 0.9063706637310546
577.0 1.0399771351108473
577.5 0.4252078154812093
578.0 0.8820308840307409
578.5 0.7553170731975823
579.0 0.8155033719027118
579.5 2.4046938650372356
580.0 0.9140892676460859
580.5 1.0942382373631312
581.0 1.5639243785122352
581.5 1.53170215476717
582.0 0.8010203618996017
582.5 1.9129351244117154
583.0 1.1803059070524409
583.5 1.4552028314472276
584.0 1.2370814183228789
584.5 1.519151956485667
585.0 1.276299301732505
585.5 1.473065976560346
586.0 1.574262538194443
586.5 0.7348215106465087
587.0 1.2876732113398943
587.5 1.781072168673551
588.0 1.3091461582440993
588.5 2.1448973702861807
589.0 1.734192072775671
589.5 1.0791098066352998
590.0 0.5902690118700352
590.5 0.34003121133977354
591.0 0.9754658853966092
591.5 1.6491454763834366
592.0 0.8999080127812136
592.5 1.4085001760678753
593.0 1.1722800472862578
593.5 1.1881980568224455
594.0 1.6492395835196363
594.5 1.1325442894303093
595.0 0.8858344574549035
595.5 1.8033503609060788
596.0 0.8138016338776374
596.5 1.0607407281100532
597.0 1.803313750183517
597.5 1.7350580350672549
598.0 1.408469238176834
598.5 0.9878536908931865
599.0 0.909564816236133
599.5 1.7144648428135143