2100.0 1.2079925492611503
2100.5 1.3439500825787443
2101.0 2.1176303892760115
2101.5 1.8135747640948403
2102.0 1.9357570181993977
2102.5 1.5910711105316309
2103.0 2.6273337981888205
2103.5 1.2461234605705651
2104.0 2.3764945855525834
2104.5 2.14101880162809
2105.0 1.945470856262955
2105.5 1.817191808770614
2106.0 1.0346729889386554
2106.5 1.6402895525753252
2107.0 0.5101613860846588
2107.5 1.6962884698865444
2108.0 0.9723040090191065
2108.5 1.0466107497909114
2109.0 1.6767458530805321
2109.5 0.971161862072227
2110.0 0.5083715925145964
2110.5 1.4131104624620439
2111.0 1.8039051907292618
2111.5 1.520727226651324
2112.0 3.010631101329706
2112.5 2.4169266167909655
2113.0 3.091049255706012
2113.5 2.33004474190934
2114.0 1.9585445947541786
2114.5 3.0862039261709224
2115.0 2.2131692124883284
2115.5 1.7540061060472105
2116.0 2.7492126886049224
2116.5 2.1312456505592148
2117.0 1.3297105498870572
2117.5 2.3719899621495832
2118.0 1.5875978259467045
2118.5 1.671053971912039
2119.0 2.3586263631075095
2119.5 1.8028024786138812
2120.0 2.5253949525143478
2120.5 2.718990775689057
2121.0 3.4718097799131873
2121.5 2.546636509424949
2122.0 2.1188340736325344
2122.5 2.6394831363770788
2123.0 1.2480536255015533
2123.5 3.785401880751742
2124.0 3.3393361796328462
2124.5 1.451178760763904
2125.0 1.6471461705172674
2125.5 1.9309685106254277
2126.0 2.0372579823240566
2126.5 2.8805508541106133
2127.0 0.3830683242819104
2127.5 4.236474184616509
2128.0 1.381310851546819
2128.5 1.757968697082297
2129.0 1.594695216004332
2129.5 0.9331602707504429
2130.0 1.5333768634480682
2130.5 1.7288538488092628
2131.0 1.857178638480852
2131.5 1.205559704715681
2132.0 0.3090485643950849
2132.5 3.273956708291035
2133.0 1.29317462508183
2133.5 1.1651515652843696
2134.0 2.5634367134592986
2134.5 1.1748676851521176
2135.0 2.0213144805480976
2135.5 1.9568031751297221
2136.0 2.6116490102299803
2136.5 1.3896092513234004
2137.0 1.9844250933254228
2137.5 1.7195077369804364
2138.0 2.6328122015015687
2138.5 3.676246531600934
2139.0 1.7722778219137147
2139.5 3.3850487431210157
2140.0 1.841451616710035
2140.5 2.2300071583028913
2141.0 3.177783117026844
2141.5 2.800483550253162
2142.0 2.3889145339474
2142.5 0.836158295498046
2143.0 2.34062674814135
2143.5 2.148907833656437
2144.0 2.853223271907816
2144.5 2.5966145989229643
2145.0 2.5511398270007444
2145.5 2.4504742216453925
2146.0 1.1159698826726134
2146.5 2.559903373202782
2147.0 1.9373355080583679
2147.5 1.59237247840935
2148.0 2.8004771787147176
2148.5 2.1774508428982116
2149.0 1.7773794902100832
2149.5 3.21475727070655
2150.0 2.08316774722585
2150.5 1.1183919752555025
2151.0 2.7299010770611476
2151.5 2.88472627703658
2152.0 1.8069864644499989
2152.5 0.8891058832094783
2153.0 2.2159498852907187
2153.5 0.6750019375781402
2154.0 0.9263502277652549
2154.5 3.204776370925333
2155.0 2.003216004503383
2155.5 3.2129932140271853
2156.0 1.4502608861449386
2156.5 1.6676683794576044
2157.0 3.2378822538333027
2157.5 3.6199140510530325
2158.0 1.708334691600695
2158.5 1.684501310334491
2159.0 1.9580745669658386
2159.5 1.9785928272293312
2160.0 1.1298453810783045
2160.5 1.6714334214420694
2161.0 2.0749855514227074
2161.5 2.203379010003965
2162.0 2.9677416959303873
2162.5 2.0716394042765485
2163.0 2.9169018502706816
2163.5 3.293096293666681
2164.0 1.9080770648452685
2164.5 0.5837227888670737
2165.0 2.955742681468662
2165.5 2.1388481041989023
2166.0 2.70791675383665
2166.5 1.9862658320873772
2167.0 1.3315745640202667
2167.5 1.171616087754574
2168.0 1.2915408842005096
2168.5 2.6727049090858865
2169.0 1.1976737948489773
2169.5 5.066435693610115
2170.0 1.465851458710509
2170.5 1.933425124908802
2171.0 2.652603303015706
2171.5 4.835356645451342
2172.0 2.3296752732623687
2172.5 0.8429385374185303
2173.0 1.827044559041614
2173.5 2.4432303240932822
2174.0 3.025446199301644
2174.5 2.027434711143261
2175.0 1.5808504260467584
2175.5 2.6738414479293846
2176.0 2.7831985766848457
2176.5 2.7124058370111057
2177.0 3.1161591421738715
2177.5 3.3714239704735265
2178.0 1.9503827849693576
2178.5 2.9381299494564175
2179.0 1.9116893729187479
2179.5 2.594443456022885
2180.0 0.5879054352489654
2180.5 1.4957857581698208
2181.0 1.853231500860692
2181.5 1.953724480453623
2182.0 2.337754805419721
2182.5 1.9166818990932293
2183.0 2.1223073807158306
2183.5 1.9024848796474814
2184.0 2.0190789753318015
2184.5 0.997008125601502
2185.0 2.2672322353726377
2185.5 2.600627913310904
2186.0 1.2946816742546932
2186.5 2.2804621723725864
2187.0 0.6910246932297228
2187.5 2.3894027342777857
2188.0 1.1866034737194728
2188.5 2.838521633203806
2189.0 3.245259035161175
2189.5 1.780670405748562
2190.0 2.594037358736361
2190.5 0.8297458060359735
2191.0 1.213320341353055
2191.5 0.7195747634483751
2192.0 0.9975407638452711
2192.5 0.9273698760779017
2193.0 0.8738611816548201
2193.5 0.8198616736562461
2194.0 1.3154773333716792
2194.5 1.4657780200061854
2195.0 0.2
2195.5 1.070341654428004
2196.0 1.4341101418076547
2196.5 2.0360355182238097
2197.0 2.0861586243012966
2197.5 1.6728362299599067
2198.0 2.8580317878438306
2198.5 2.7323047907266296
2199.0 0.3892625918905359
2199.5 1.1772412995211745
2200.0 1.1780926576175064
2200.5 1.5599838678238587
2201.0 1.7914341870998496
2201.5 1.1988025404968075
2202.0 1.9997385805840806
2202.5 2.034384711322727
2203.0 1.3885073195717972
2203.5 1.433796304817027
2204.0 3.1063936990570893
2204.5 3.1638481390893167
2205.0 2.846768934643943
2205.5 2.5113917194188313
2206.0 1.5663599484027904
2206.5 2.7766368297841257
2207.0 2.0554044676906735
2207.5 1.733554580536639
2208.0 1.69009387623389
2208.5 1.6674610895705957
2209.0 2.108990819459924
2209.5 1.6578920923649945
2210.0 2.0016435967756157
2210.5 2.713768024632463
2211.0 3.090531930949642
2211.5 2.3825684989788756
2212.0 2.4779879459774126
2212.5 1.7494482459806262
2213.0 2.136117709752656
2213.5 1.4512867234083484
2214.0 0.3341575735322828
2214.5 1.065913880686339
2215.0 0.9526569706420789
2215.5 0.8502768026658168
2216.0 0.8898621218397407
2216.5 0.9751719527283823
2217.0 1.2902533916593044
2217.5 0.5744907814140907
2218.0 0.8154036610959439
2218.5 0.7751881556394237
2219.0 1.1899750683527013
2219.5 0.7280188430615713
2220.0 1.1089523456767045
2220.5 0.6952102417135742
2221.0 0.8494796390504349
2221.5 0.7734631265698305
2222.0 0.9174433653312627
2222.5 0.7370524887975898
2223.0 0.9987679028955497
2223.5 1.0758393839210547
2224.0 0.8247457766960233
2224.5 0.9419032146384803
2225.0 0.5538704607893705
2225.5 0.6204712542799462
2226.0 0.8869984951604016
2226.5 0.2
2227.0 1.5714682268430797
2227.5 1.697218838602182
2228.0 1.5537437831664584
2228.5 1.0606696895239054
2229.0 1.001258234517583
2229.5 0.920643426510226
2230.0 1.1312653653325793
2230.5 0.8576882828934494
2231.0 2.7902959081459358
2231.5 2.5718313417690206
2232.0 1.6716892938385945
2232.5 1.1499788686328483
2233.0 2.068182719626825
2233.5 1.2939670348322516
2234.0 2.0111970900259095
2234.5 2.182309124194516
2235.0 0.9163069064166512
2235.5 2.457191764241604
2236.0 1.2802316690898319
2236.5 1.0158807386858526
2237.0 1.0629814641741793
2237.5 1.0793063937129532
2238.0 0.6608814788098933
2238.5 0.9349137762953225
2239.0 1.4751862274316996
2239.5 1.1247399122659214
2240.0 1.8788597052438545
2240.5 1.3932861323408812
2241.0 0.8184597016096721
2241.5 1.3903758675915465
2242.0 1.3532422469944883
2242.5 1.884629971572946
2243.0 2.625212182935491
2243.5 1.0237831099931132
2244.0 1.0547979857778809
2244.5 0.8763602327222838
2245.0 0.9847255616080667
2245.5 1.0985050575221873
2246.0 1.0452253179475375
2246.5 4.251325793007085
2247.0 2.6608938647963565
2247.5 1.8113736150019684
2248.0 1.9884244074708484
2248.5 1.8972660944390731
2249.0 1.6300049260983167
2249.5 0.7208610433533937
2250.0 1.7229556920249136
2250.5 1.9115614908193763
2251.0 2.9281151881626055
2251.5 3.647949515847803
2252.0 2.2387824042894993
2252.5 1.8842190921170439
2253.0 2.2273734677964288
2253.5 0.8986730062518464
2254.0 1.4171754281435973
2254.5 1.7303743266188334
2255.0 0.7335946670371983
2255.5 1.0211876810958689
2256.0 1.3662850676171088
2256.5 1.5306881665730323
2257.0 0.2
2257.5 1.701757958189595
2258.0 1.2676473611441959
2258.5 1.7117926414000033
2259.0 1.1628841844515243
2259.5 2.402702401892715
2260.0 1.3946433636893174
2260.5 1.0610003542016755
2261.0 2.0874631396661676
2261.5 1.2624358118827081
2262.0 1.3886212104769105
2262.5 1.1377233940859786
2263.0 1.7115894900838031
2263.5 1.279261561458928
2264.0 1.830309960599763
2264.5 1.7309159569701142
2265.0 2.8243250838231706
2265.5 3.244376443810462
2266.0 1.6335019976258272
2266.5 3.0332657869317643
2267.0 0.7873728889197256
2267.5 3.465955507288319
2268.0 2.049017167635282
2268.5 2.1428107469192144
2269.0 1.8055556574306988
2269.5 3.6700947689611354
2270.0 3.707552673992847
2270.5 3.75726182746242
2271.0 0.24672729701249918
2271.5 2.158884159371408
2272.0 1.5057674959975027
2272.5 1.4915867293211909
2273.0 2.1383891668457933
2273.5 1.649556938274539
2274.0 0.5983826693865641
2274.5 2.62131544595701
2275.0 2.9366545147102023
2275.5 3.4065099826107232
2276.0 3.3541131917161553
2276.5 1.4820986761460786
2277.0 2.1440482265488146
2277.5 1.754427591328193
2278.0 3.2473307270383653
2278.5 1.4215525825866722
2279.0 3.2622129807201965
2279.5 2.1561373654490437
2280.0 1.472123892682296
2280.5 2.2945787091753242
2281.0 1.860290593210471
2281.5 1.8620510528160168
2282.0 0.6468719061243087
2282.5 1.7850688315494319
2283.0 1.945781321858983
2283.5 1.4639666801243343
2284.0 1.271085458642821
2284.5 1.0674466597865515
2285.0 1.9258859840465514
2285.5 3.374688651871794
2286.0 3.6847284500224085
2286.5 1.398754770857325
2287.0 0.689145086222767
2287.5 1.7116031516559387
2288.0 2.8190690407694046
2288.5 1.2144089292751332
2289.0 1.0420736532960069
2289.5 0.6671517950119152
2290.0 1.4811110860613856
2290.5 1.1172708076749331
2291.0 1.8011396157968929
2291.5 1.3669290632662976
2292.0 1.246724746100707
2292.5 0.8332704869786098
2293.0 1.2899085579446417
2293.5 2.2619243415322714
2294.0 1.8071425257813718
2294.5 1.4142771649982278
2295.0 3.495344667927073
2295.5 2.1691969367256787
2296.0 2.02263565502542
2296.5 1.658842456194292
2297.0 3.2658178414695103
2297.5 0.7850958016992656
2298.0 1.4751764018034639
2298.5 0.8543015574108892
2299.0 0.752842362854591
2299.5 1.5731143016166713
2300.0 1.500558661656267
2300.5 1.5532489296199883
2301.0 0.9269721720151624
2301.5 1.900603840231199
2302.0 1.909622523557434
2302.5 1.022772628326457
2303.0 1.3732255035688055
2303.5 1.1537981311788021
2304.0 1.278715945658537
2304.5 2.0440596869413934
2305.0 1.713305579736372
2305.5 1.1764272461921295
2306.0 1.427896474238377
2306.5 1.259959683812078
2307.0 0.6935011023720863
2307.5 1.521008445931229
2308.0 1.5333124707961592
2308.5 0.9917809697811102
2309.0 1.158884236654971
2309.5 0.7039312490396669
2310.0 1.2216092249042312
2310.5 1.6339367347638034
2311.0 0.8054484445547594
2311.5 0.966534231675994
2312.0 1.24459835198429
2312.5 1.3729634773050718
2313.0 1.3797147382217312
2313.5 1.3668855586027189
2314.0 1.4805364014968736
2314.5 1.1574502749098396
2315.0 1.1415740744469691
2315.5 0.940735338875277
2316.0 1.6663979296729576
2316.5 1.7896880233202492
2317.0 1.2585388385338574
2317.5 0.9385530844443003
2318.0 1.198090696031513
2318.5 1.6344400648603292
2319.0 1.2168817734095707
2319.5 0.9686568077178719
2320.0 1.3899272739245145
2320.5 1.3697527716165814
2321.0 2.313215727777674
2321.5 2.640267380630811
2322.0 1.2710386968139804
2322.5 1.1614367068259308
2323.0 1.4574582805485239
2323.5 1.8314725513170442
2324.0 1.2726341382043254
2324.5 1.1981643432727291
2325.0 1.4630279909941373
2325.5 1.8495931418879523
2326.0 1.0632236057328417
2326.5 2.309423323808321
2327.0 1.7433540949002135
2327.5 1.4807552783655624
2328.0 1.2455188718895471
2328.5 3.1131203210335467
2329.0 1.242167130181027
2329.5 1.3399182062892105
2330.0 1.0722116920272882
2330.5 0.7413683146940059
2331.0 0.7199921841220788
2331.5 1.0560170557659523
2332.0 1.7272127018873364
2332.5 1.112993523619913
2333.0 1.4502774339830453
2333.5 2.9701432076827006
2334.0 2.050117762648637
2334.5 2.114015451706573
2335.0 2.4214956353394324
2335.5 2.390658716242057
2336.0 0.5365028429769749
2336.5 2.5943314769215444
2337.0 1.9456928838171061
2337.5 2.9542894552027343
2338.0 3.2050130721661407
2338.5 1.1754086244932065
2339.0 2.359143433448164
2339.5 2.97831228119671
2340.0 2.436017280251937
2340.5 2.1962252408975638
2341.0 0.7204998680495945
2341.5 0.9796382729771038
2342.0 1.1064857870239335
2342.5 1.228138731275818
2343.0 0.754713821446103
2343.5 1.1226071611721993
2344.0 1.1236488488540846
2344.5 1.2967090302006197
2345.0 0.8516323763592842
2345.5 1.6481090213178506
2346.0 1.6798291528167304
2346.5 0.8591958338739473
2347.0 1.2062659826082638
2347.5 0.513014873307363
2348.0 1.745803371642328
2348.5 0.8076765069529134
2349.0 0.9193025843707469
2349.5 1.787742019485999
2350.0 1.6249756987878234
2350.5 2.0162822212515126
2351.0 2.1735841485321927
2351.5 3.409220805773752
2352.0 2.0449457454649727
2352.5 2.068665097307966
2353.0 2.7286483247532534
2353.5 1.3666990674944968
2354.0 0.38529904675870763
2354.5 0.7596187358724928
2355.0 2.193822633582067
2355.5 2.331656258524571
2356.0 2.3848077901735945
2356.5 2.6950348967792506
2357.0 0.9598884651700128
2357.5 1.4300100760554906
2358.0 1.2297151077209
2358.5 1.265860633981188
2359.0 1.0790489636395115
2359.5 0.7456040966395537
2360.0 1.030401365846749
2360.5 2.0585971226068605
2361.0 0.8939867939090176
2361.5 1.6523132864527057
2362.0 1.261509881559606
2362.5 1.273046911432367
2363.0 1.8951576842238598
2363.5 1.0931661270374358
2364.0 1.1248860781781773
2364.5 1.129972095763616
2365.0 2.0717893046176963
2365.5 1.8372857728504777
2366.0 0.9685636946972429
2366.5 2.027359879870664
2367.0 0.9411275390608076
2367.5 0.7604535024521669
2368.0 1.4960631783452156
2368.5 0.7644005120052811
2369.0 1.127197524210787
2369.5 2.007705492420173
2370.0 0.48235435794852166
2370.5 3.338785906409912
2371.0 2.7148419817293252
2371.5 1.1858015602477014
2372.0 0.5385673709701269
2372.5 0.859994558757398
2373.0 0.8070333613444678
2373.5 0.5970007188313843
2374.0 0.8160893168104408
2374.5 1.1401735767422734
2375.0 1.0251540127528398
2375.5 0.9590080390873577
2376.0 1.3482308222520782
2376.5 0.6331349170933678
2377.0 1.780410731149223
2377.5 2.062971384244598
2378.0 1.4326852438184159
2378.5 0.9308225902578235
2379.0 1.1736159861843625
2379.5 1.3142862083656415
2380.0 0.8510357057019418
2380.5 1.306775441824103
2381.0 1.027412874489763
2381.5 0.9352850077411867
2382.0 1.06216690683572
2382.5 0.5879351889076361
2383.0 0.4743385101592499
2383.5 1.723065258414998
2384.0 0.8905205452037401
2384.5 0.3754782775949903
2385.0 2.397194899613207
2385.5 1.9328173648785958
2386.0 2.202741781789312
2386.5 1.7120023689299992
2387.0 0.5089804929058508
2387.5 2.6069056427009816
2388.0 1.4127447786495093
2388.5 2.4537873173074995
2389.0 1.7689542343507108
2389.5 2.359288430843991
2390.0 1.6262942818940611
2390.5 0.9560127163874098
2391.0 2.078618797826066
2391.5 1.8662616117335444
2392.0 1.7442042154177484
2392.5 1.9511698527595105
2393.0 1.484110918702587
2393.5 3.4449154561269886
2394.0 2.3201816253125065
2394.5 2.103435283118293
2395.0 2.7224291643917553
2395.5 3.5985006998315976
2396.0 0.6556647187736886
2396.5 1.4104162862459555
2397.0 3.064971912622954
2397.5 2.101134545980344
2398.0 1.780593603131528
2398.5 2.469779189951911
2399.0 2.378568594605227
2399.5 2.2306018244524837