300.0 1.0860930154267843
300.5 0.9019287311929602
301.0 1.0229377616575834
301.5 0.7592292273456448
302.0 0.8823213366084308
302.5 1.22421320468114
303.0 1.074146852295021
303.5 2.8285066135438663
304.0 2.6324209470071342
304.5 1.5546394885744395
305.0 1.990334245857516
305.5 1.770541867252064
306.0 1.8570748289554009
306.5 1.5670498629218168
307.0 1.1140250450540108
307.5 1.334971076733102
308.0 1.0037113421542565
308.5 1.1820907113223633
309.0 1.407375075686136
309.5 0.770624202294376
310.0 0.6144924063314804
310.5 0.7555658085936091
311.0 2.1166738505353697
311.5 1.3669044630274572
312.0 1.613286249506704
312.5 1.0758474202365045
313.0 3.125161597859666
313.5 1.4098042392220698
314.0 2.8623563342376404
314.5 2.926733778701835
315.0 1.310642352146443
315.5 2.459354920800195
316.0 2.567319470253085
316.5 1.1726248973057993
317.0 1.6489340597992772
317.5 1.0455960528818626
318.0 0.7467559723301898
318.5 1.2332806756520025
319.0 0.9743121470563388
319.5 1.1593389856898066
320.0 0.8248354427926616
320.5 1.225717504960722
321.0 0.9820015628903488
321.5 1.23538674658193
322.0 0.7024886175901187
322.5 0.9925083274366043
323.0 1.2535848817588873
323.5 0.7346317784687586
324.0 0.8971428234744983
324.5 0.8561099378186854
325.0 0.842529009767757
325.5 0.8450156364431052
326.0 0.8303225425393737
326.5 0.8973022250069382
327.0 1.0894936318894888
327.5 0.964448369125088
328.0 0.6962426877621273
328.5 1.2232017822851804
329.0 2.6687800625864577
329.5 1.1254304732869291
330.0 1.1782947461452669
330.5 1.692975976267022
331.0 1.1097283871089894
331.5 1.2213019443523039
332.0 0.9691495870182019
332.5 1.2719086817755816
333.0 1.5069086047860003
333.5 1.6930263290664418
334.0 2.0226917072416697
334.5 2.143252934246717
335.0 2.636345751186992
335.5 2.2882550901070755
336.0 2.540040183793882
336.5 1.333203447134423
337.0 1.743388004736684
337.5 1.5943356452139432
338.0 1.7806673587816058
338.5 2.296943909736989
339.0 2.9538239606018744
339.5 2.4114595962820333
340.0 2.5667114032853995
340.5 1.3848879555720268
341.0 1.109269657446665
341.5 1.2231514352099393
342.0 1.9382002497574327
342.5 2.581303009543042
343.0 3.5773075321993186
343.5 2.710512077515301
344.0 1.9335478456675745
344.5 2.422291663155103
345.0 3.34495611217398
345.5 2.937321680698389
346.0 1.5702374035989035
346.5 3.660179382674465
347.0 3.3126418982341868
347.5 4.522113363194489
348.0 1.620552153896387
348.5 2.9436605378030096
349.0 1.9180635475160435
349.5 2.596399428088173
350.0 2.076989474809368
350.5 1.972319430437707
351.0 2.0441200714589307
351.5 2.4006073610948633
352.0 1.5336848030372832
352.5 4.168480946754509
353.0 4.105951922874309
353.5 2.8900073040921708
354.0 1.765162766610593
354.5 2.4070508519574614
355.0 1.9451633852452448
355.5 0.7465155352275301
356.0 2.7972504283090016
356.5 3.5961203442210743
357.0 3.5367336984287028
357.5 2.455232482313384
358.0 2.962721049431847
358.5 2.8968163147363017
359.0 0.4382754376798066
359.5 3.3902492851976787
360.0 3.380211287441143
360.5 2.3729447722273718
361.0 1.2517815242697585
361.5 4.412389925887481
362.0 2.8633022746564434
362.5 3.5081185118308507
363.0 1.9217364059191664
363.5 3.5867830591037513
364.0 2.7218788032912657
364.5 1.7571396781268873
365.0 0.920177267166622
365.5 2.603248395059036
366.0 3.441923087107287
366.5 3.169200800362499
367.0 2.089024035190362
367.5 0.6666886471504168
368.0 1.4106152729805945
368.5 0.9218493421571403
369.0 1.7478663413108737
369.5 1.7878745688937814
370.0 1.50031419311827
370.5 3.1886019932473744
371.0 2.51167344562844
371.5 1.8959231522379647
372.0 2.2184298061144987
372.5 3.3200201854157214
373.0 1.8150244134584033
373.5 1.5097926257231449
374.0 1.5523950270808184
374.5 2.0490995366620215
375.0 1.442896885988792
375.5 0.6166210325524635
376.0 1.4567731076506771
376.5 2.113537072033128
377.0 1.0303931357406215
377.5 0.9716037806334334
378.0 1.354495201916079
378.5 1.1306867884713752
379.0 1.7881144142133092
379.5 1.2034633343067347
380.0 1.644550927193995
380.5 1.3832945699091834
381.0 1.5901741763702817
381.5 1.6284711446636218
382.0 0.528870928136598
382.5 1.5926790347110606
383.0 0.48595687452743985
383.5 0.2
384.0 1.7530062630236074
384.5 1.8828890644071223
385.0 2.00808860093756
385.5 1.1580483893586666
386.0 1.647504444782414
386.5 2.4753011788583295
387.0 1.9607253502776123
387.5 2.291648772953604
388.0 3.2709715937224604
388.5 2.0790951375976316
389.0 1.8379670117367364
389.5 2.440338781386579
390.0 2.6320977106987824
390.5 1.4805508226582136
391.0 1.1286511476055834
391.5 1.2160319759851066
392.0 1.291453122205036
392.5 1.0706331508041447
393.0 1.0203603950769708
393.5 1.24528341463266
394.0 1.0410681615336972
394.5 0.8016658659208129
395.0 0.9721796522154228
395.5 0.8722362562094731
396.0 1.057499113847523
396.5 0.8682076533827976
397.0 0.24232838148265712
397.5 0.8500125836784447
398.0 0.8691198644242698
398.5 1.1324290505112966
399.0 0.8510857615022275
399.5 0.713867921293587
400.0 0.9283296997091681
400.5 0.7906944941442517
401.0 0.3099436842168545
401.5 0.7667567768254767
402.0 0.9182712250249012
402.5 2.120065651466583
403.0 2.224747492335875
403.5 1.4032409158332757
404.0 2.398608716823108
404.5 1.8570035445154622
405.0 1.7749300343128398
405.5 2.076818649211373
406.0 2.7533700791446623
406.5 2.5052031208884395
407.0 2.4242177322791187
407.5 2.022179812441621
408.0 1.8554460374108046
408.5 1.120706438186875
409.0 1.4384334081435952
409.5 1.6683560310661192
410.0 1.6980791684777665
410.5 1.9899731502982825
411.0 1.834499660419937
411.5 2.043979526889274
412.0 1.2760500544184683
412.5 1.8194630496610902
413.0 1.4469526100333514
413.5 1.2000976062593
414.0 1.0689912490178735
414.5 1.0230426464766886
415.0 1.7865067189081505
415.5 1.5544091347899576
416.0 2.1021949772985895
416.5 1.1311358797177355
417.0 1.9409192781934206
417.5 1.3978604417775689
418.0 1.9537324171910018
418.5 0.981961923370337
419.0 0.35807550456579573
419.5 1.7873621348042135
420.0 1.5895442345831585
420.5 1.6292374225663506
421.0 2.345299197458069
421.5 1.6094516329873219
422.0 1.5272880267231823
422.5 0.6761772411365754
423.0 0.7119541813365773
423.5 0.7580147256415233
424.0 0.7334585871299006
424.5 0.6303795570795069
425.0 0.712939244054003
425.5 0.5794994487841585
426.0 0.5798454432882441
426.5 0.556539709902977
427.0 0.7020325442146271
427.5 0.7459472048942513
428.0 0.4864969541266342
428.5 0.69349341401615
429.0 0.7133633102310339
429.5 0.8672165095250337
430.0 0.8336395213108654
430.5 0.6799501313313792
431.0 1.7046027994629125
431.5 1.8432396009894316
432.0 2.024304896770537
432.5 3.5030100910258457
433.0 1.6544915542382808
433.5 2.638159883731857
434.0 1.7468128434466084
434.5 0.5302094472483669
435.0 1.6833580213471064
435.5 2.024616659380134
436.0 1.634659290553219
436.5 2.205725642935068
437.0 2.490669840986953
437.5 1.2891025664870348
438.0 2.171284520870084
438.5 1.2828441876109455
439.0 2.7966381600415158
439.5 2.1754083827898083
440.0 2.146500626614251
440.5 2.4876507709306006
441.0 1.8602211946329623
441.5 1.287652443250849
442.0 1.519113931694158
442.5 3.450616078643745
443.0 0.953110574759573
443.5 1.1390809312384604
444.0 0.8144147249064124
444.5 0.8667799489766084
445.0 0.6628148782346293
445.5 1.4384485472768809
446.0 1.1228678732588444
446.5 1.3223529468320336
447.0 1.2312804001818933
447.5 1.185586429366757
448.0 1.0315141545980362
448.5 1.2342114754724247
449.0 1.197209088155216
449.5 0.7410349674781467
450.0 0.9063460555616762
450.5 0.9038299844065254
451.0 0.6069678096867477
451.5 2.0823776873988953
452.0 1.9260687010128037
452.5 2.7861434588150145
453.0 1.7928311266490062
453.5 2.153029125329537
454.0 3.1383955899414486
454.5 2.1361099547947213
455.0 0.6532107446290403
455.5 1.9377264077418492
456.0 3.435333223483978
456.5 3.881267554534701
457.0 0.6265647312760492
457.5 2.5058410219378953
458.0 1.200402245193516
458.5 3.91594437286747
459.0 1.211117142333506
459.5 2.908384051809587
460.0 2.9056077503952675
460.5 2.2771349233638385
461.0 2.684352857068477
461.5 3.1865523282800288
462.0 3.9581160774378867
462.5 4.097810879436981
463.0 1.9256100368094478
463.5 1.248571037926437
464.0 3.1422377520301756
464.5 1.7543993002894736
465.0 1.959610432874359
465.5 1.491817275692268
466.0 2.0113631171553576
466.5 0.9544045672279358
467.0 1.275768207150124
467.5 1.4144249836246727
468.0 1.28702524111101
468.5 1.3380194555522553
469.0 0.5480579087624391
469.5 1.514419080684843
470.0 1.388597126345239
470.5 1.4413094422052455
471.0 1.323082515587152
471.5 1.7895124957997093
472.0 2.177604732600563
472.5 1.4886662517294593
473.0 1.4930424789579495
473.5 2.186456535826567
474.0 1.6297637030470482
474.5 1.4126418416259334
475.0 1.907095084010362
475.5 0.9120256276148798
476.0 0.39925135193721517
476.5 1.85939622074611
477.0 1.5307017835683316
477.5 0.9836011318398392
478.0 1.5611789255238855
478.5 1.7180302416124467
479.0 2.784716922825877
479.5 1.6644918924199823
480.0 4.011738672666567
480.5 3.076713696649645
481.0 1.0865622779259914
481.5 2.1908293660946994
482.0 2.2991962427640096
482.5 2.1993655253581577
483.0 2.6071064522568306
483.5 3.40740474258445
484.0 1.1341300319145615
484.5 0.7285331228431438
485.0 0.8974758309914367
485.5 0.8870702041155054
486.0 0.9227537086354662
486.5 1.0867798521668046
487.0 0.8365410865468779
487.5 0.689791840003959
488.0 0.9520710103566759
488.5 0.7229146887438819
489.0 0.8922397315478348
489.5 0.7490487390331635
490.0 1.454735369184898
490.5 1.6767348606113093
491.0 1.4894716742771794
491.5 0.9666761206908158
492.0 1.4980161088284825
492.5 1.0536186798570943
493.0 1.7774252540614346
493.5 2.1187385409376427
494.0 1.0594061609272156
494.5 1.654121394295211
495.0 2.4568521089682944
495.5 1.8395577896877735
496.0 1.6119499497967262
496.5 1.6167494386001195
497.0 2.3441941882471466
497.5 2.258666147796397
498.0 3.40912336553634
498.5 0.9634285171495515
499.0 1.8249611649800461
499.5 1.2476099706739783
500.0 1.5189462168767698
500.5 2.8797563966472524
501.0 1.7654548603238687
501.5 2.1539766293582776
502.0 2.3650755124557703
502.5 3.0297974985576523
503.0 1.337488083101362
503.5 0.44371855925997794
504.0 2.2856482170513823
504.5 1.7203130486062705
505.0 2.004127021191605
505.5 3.725399927619958
506.0 1.8554223183178271
506.5 2.9163924707085407
507.0 2.249967019460641
507.5 0.5665552012662363
508.0 1.1000793035031577
508.5 2.4064530250990535
509.0 2.4134675811731263
509.5 1.9661421532182897
510.0 2.659993603584672
510.5 2.2425175750783937
511.0 2.4100974331321954
511.5 1.3528406591381448
512.0 2.460421986717983
512.5 2.204207351143064
513.0 2.6131211091175723
513.5 1.8147716541304137
514.0 0.5156423552312728
514.5 2.10995885008954
515.0 2.067475944996515
515.5 1.7765586943698426
516.0 1.8246983486275794
516.5 1.0321736731150628
517.0 2.2532802763252584
517.5 0.805738753068781
518.0 1.7294068819436208
518.5 1.0530437974336646
519.0 1.00327203557163
519.5 2.907290742990453
520.0 1.3313432638194103
520.5 0.25045737545359703
521.0 1.0513411444290512
521.5 1.7505648859259189
522.0 1.7410688025836945
522.5 2.2352980403067098
523.0 2.04509228218971
523.5 1.0546861745406435
524.0 2.0995793254620945
524.5 1.7209804824946473
525.0 1.4584166159756595
525.5 1.606164051702641
526.0 2.0260673903755104
526.5 2.2241767315638103
527.0 1.1969580219324636
527.5 1.492459157363184
528.0 1.5176529455969963
528.5 1.7017124461487554
529.0 1.7874850652606113
529.5 1.73397107999077
530.0 1.231145709404084
530.5 2.082317650450157
531.0 1.3834560382586027
531.5 1.4108232708535124
532.0 0.7742228190422746
532.5 2.1698397989366214
533.0 1.7152034640779066
533.5 2.064167084547261
534.0 2.3336801211592366
534.5 3.071476978431712
535.0 1.6802257478897777
535.5 2.4038681110049986
536.0 2.0129354475062384
536.5 2.0810322950354987
537.0 1.8642334126534703
537.5 1.6102225180120027
538.0 1.2138292112486315
538.5 1.6244847810464322
539.0 2.43446558849885
539.5 3.0882298601486458
540.0 1.8737862443921975
540.5 1.865475206907061
541.0 1.1039773580190442
541.5 1.4843411103060449
542.0 1.5964681747940874
542.5 1.7596202809043255
543.0 1.4808980488765937
543.5 1.408271059813995
544.0 1.0126418001608157
544.5 1.0132596583469666
545.0 1.1250309299576426
545.5 1.0343067256525755
546.0 1.5901920176842168
546.5 0.8171323022587219
547.0 1.145292618590442
547.5 1.4291559271212386
548.0 0.9957847586435931
548.5 1.6196115727318516
549.0 0.8877313560015959
549.5 1.4461431663703352
550.0 1.2637595478111416
550.5 0.633333852987751
551.0 1.3117942116668313
551.5 2.130996460923539
552.0 1.853785954539825
552.5 2.9330358412580013
553.0 1.426114538455841
553.5 2.7822759485961197
554.0 1.8926938296277944
554.5 2.034546047862918
555.0 2.9334209679988663
555.5 0.8817523827901421
556.0 0.6524520426586005
556.5 0.9040720280421385
557.0 0.8652414328354836
557.5 0.994575935063582
558.0 0.7923550529780357
558.5 1.7446997698864162
559.0 1.5919279393014818
559.5 0.8109022587979189
560.0 1.3797614474518374
560.5 0.9405259962380337
561.0 1.2687192281128299
561.5 1.6971420250215352
562.0 2.041926791263265
562.5 0.8724880171157412
563.0 1.5121044997110977
563.5 0.6206045057529155
564.0 1.359679860075592
564.5 1.6380023622898099
565.0 0.9131704395599627
565.5 0.9953452541854457
566.0 0.869845294988065
566.5 1.640406698837779
567.0 1.7255048737418517
567.5 0.9764442915704061
568.0 0.6734475082305875
568.5 2.8025700569041243
569.0 2.041323553112382
569.5 1.323767061294406
570.0 2.3028135550731643
570.5 3.2263470294291468
571.0 1.3063533118328756
571.5 0.7743089026200629
572.0 2.3410978036715457
572.5 1.666101091034618
573.0 3.8417652851647333
573.5 2.157452801618211
574.0 1.4914327045773763
574.5 3.4135499769353133
575.0 2.1129793246323048
575.5 1.1236151740458369
576.0 0.9668421406710576
576.5 0.7007345749642647
577.0 0.5316358056960907
577.5 1.1964199798092539
578.0 0.9576020434337099
578.5 0.7618888157182864
579.0 0.6914348326939465
579.5 1.1076502938196011
580.0 0.9097022596613087
580.5 0.7974210331373875
581.0 1.0784778574438383
581.5 1.1172204383242494
582.0 1.0444126273242198
582.5 1.074048750875832
583.0 0.5380470966032631
583.5 0.9531450418665116
584.0 1.0352780352400055
584.5 0.9947156153039346
585.0 0.6539482102783295
585.5 1.0162399983959984
586.0 0.853501529957627
586.5 0.8635303448930407
587.0 0.9497857286772456
587.5 0.701491735795533
588.0 0.7868727006092746
588.5 1.143464770598623
589.0 0.7428945824526352
589.5 0.616491112006428
590.0 0.8607602500789542
590.5 0.8427196607470616
591.0 1.0268901323350126
591.5 0.47373358082536654
592.0 0.7671627697752413
592.5 0.911196852589339
593.0 1.4634722662040307
593.5 0.9039227687416004
594.0 1.0948532347738154
594.5 0.7084708690149686
595.0 0.9794032418125248
595.5 1.2738944240470085
596.0 1.175891582420982
596.5 1.2378264003197361
597.0 0.8666553287543592
597.5 0.7645525803509845
598.0 0.6828460848505361
598.5 1.1127030528651352
599.0 0.6230823808612498
599.5 1.0672732037128307