300.0 1.319223663580248
300.5 2.258773576868146
301.0 0.7746429492317803
301.5 1.0330129745668295
302.0 0.8356588324455616
302.5 0.6131192556610745
303.0 0.772573243807642
303.5 1.011726628089749
304.0 0.9104772631465436
304.5 0.878141125950515
305.0 1.0233416539831262
305.5 0.6394354393808839
306.0 1.2576698332047853
306.5 0.7772901388867577
307.0 0.7324815014981458
307.5 0.748993421416212
308.0 0.7015927201436208
308.5 0.9190820144995214
309.0 0.8045758692862455
309.5 0.8431810626176628
310.0 0.8118457657052773
310.5 0.8817529268811566
311.0 0.8360235545374746
311.5 0.9206865337548126
312.0 0.8214142398232894
312.5 0.7450680904543742
313.0 3.450233319509087
313.5 1.4777815034863861
314.0 1.7788965218645876
314.5 1.8789546738173333
315.0 1.3290831129906813
315.5 1.3117509325491885
316.0 1.674580190294391
316.5 1.5340040793897884
317.0 1.306925341643712
317.5 2.120259639329738
318.0 1.9103719451068955
318.5 1.6821381314422688
319.0 1.241635735305791
319.5 1.9825403937418613
320.0 0.997812851883057
320.5 2.533631835525413
321.0 2.441927983362815
321.5 1.2297883221556734
322.0 1.5132927282957611
322.5 0.7309176164793665
323.0 1.2935199613792863
323.5 1.0252040140898786
324.0 0.884338502910873
324.5 1.8329561753544426
325.0 1.3121676072232582
325.5 1.2946924060689844
326.0 0.7931437042914904
326.5 2.2413396150802716
327.0 1.3244063526222554
327.5 1.4401657773239545
328.0 1.4198505661561576
328.5 1.6325977366302329
329.0 1.117352647896043
329.5 1.8926304583890539
330.0 1.6951318373552224
330.5 1.970458894411137
331.0 1.7328612980116733
331.5 2.1282532511191334
332.0 1.9541967600467947
332.5 1.9989684840140052
333.0 1.7960068137752938
333.5 1.6758807896511856
334.0 2.0114003638832054
334.5 1.5730606749603833
335.0 1.5557655381708524
335.5 0.2
336.0 1.633989949315183
336.5 0.9810149361178311
337.0 2.237937011441112
337.5 1.8916564960710227
338.0 1.5742423575211042
338.5 1.3118071000248344
339.0 0.7045225566716422
339.5 0.7789180049173943
340.0 1.2747684926643075
340.5 1.2396309171837872
341.0 0.7336349909543362
341.5 1.1225948386535205
342.0 1.9613240764499544
342.5 1.3451113770425094
343.0 0.6151692456937881
343.5 1.0490342674975306
344.0 0.9004532450655294
344.5 0.9309498725687322
345.0 0.9793623680130998
345.5 1.4033706250019202
346.0 1.6838272689187097
346.5 1.6802634786146107
347.0 1.6069191001739365
347.5 1.6972414026423426
348.0 1.4245559929354492
348.5 1.6313300261478798
349.0 0.8262132078321495
349.5 1.6066923796943346
350.0 1.52831840230337
350.5 1.688652119338272
351.0 0.9697278605338764
351.5 1.338351029000048
352.0 1.4746757916729685
352.5 1.8544481899522858
353.0 0.8762077732180567
353.5 1.9297864176642525
354.0 1.160785543259022
354.5 1.0747616814278322
355.0 0.994608657319483
355.5 1.318903813632192
356.0 1.7059165409834214
356.5 1.1207391412783245
357.0 1.170933462902461
357.5 1.4273430292160234
358.0 2.0637808015008874
358.5 0.35632170416694486
359.0 1.9277374916452854
359.5 1.2373137426584573
360.0 1.883084959698678
360.5 1.7204448153065495
361.0 2.3323609253970483
361.5 2.0596331756861623
362.0 0.2
362.5 0.2
363.0 3.044359327092013
363.5 2.8378308020898197
364.0 2.271007346143023
364.5 2.155761913938053
365.0 4.088428834025845
365.5 3.175300216493828
366.0 0.2
366.5 2.454641963917337
367.0 1.94333725489254
367.5 1.1251528302326956
368.0 0.7258991495094094
368.5 0.8212829888506299
369.0 0.6783623115502502
369.5 0.757195746803453
370.0 0.9272064253690157
370.5 2.250392492195917
371.0 3.241003266708577
371.5 2.704335226656628
372.0 1.2587073101725752
372.5 2.239746167805497
373.0 1.7654703925018334
373.5 3.946361793019027
374.0 2.5197467203456867
374.5 2.5544813439856155
375.0 2.8638909313486356
375.5 1.4367341616014726
376.0 0.2
376.5 2.8951461456107714
377.0 1.9974380101515095
377.5 2.9451856262957117
378.0 2.6002058754016053
378.5 2.8470258140051268
379.0 2.710639055788609
379.5 0.8711896043059879
380.0 2.672314697917649
380.5 3.236646492577371
381.0 2.819524975011203
381.5 3.2315472805595538
382.0 1.1964233878131942
382.5 0.7126203359660548
383.0 1.1534420322194208
383.5 0.3026079128785395
384.0 1.3407396617216278
384.5 1.264796699169407
385.0 0.8028570429933947
385.5 1.2095253112719262
386.0 1.1704542033656968
386.5 1.2720453220665293
387.0 0.948271863665459
387.5 0.6127515795673943
388.0 0.9630974555522336
388.5 1.2311846091369931
389.0 1.5626128963792811
389.5 1.163013594705529
390.0 0.9210770770060583
390.5 1.3525579785303166
391.0 1.3310307770327605
391.5 1.0078531604444412
392.0 0.9790058890979407
392.5 0.9962777583250493
393.0 0.9953267468660363
393.5 0.8159587965985492
394.0 1.6126744678640121
394.5 0.9887004914991164
395.0 1.1441290157021173
395.5 1.449928376054756
396.0 1.20559985772324
396.5 1.5291075093360091
397.0 1.1979232754117857
397.5 1.114354292203997
398.0 1.267667863913985
398.5 1.267929681170571
399.0 0.9718276667695143
399.5 1.2762440677048381
400.0 1.2429240728161384
400.5 1.615756898836239
401.0 0.9535823201087703
401.5 1.6202049524920676
402.0 1.278909472120577
402.5 1.0944239034976366
403.0 1.9985127388216286
403.5 2.3931800641228387
404.0 2.388414193954133
404.5 1.5123353901947203
405.0 3.06825052905099
405.5 2.0799156254583377
406.0 1.6466140942368666
406.5 1.0643253671610136
407.0 1.6436230238299316
407.5 1.045544519509239
408.0 3.09773655586699
408.5 1.073362166008331
409.0 2.738933157872126
409.5 2.278819316476465
410.0 2.556202666256695
410.5 2.091638963805357
411.0 0.7551783506137336
411.5 1.6924564529185724
412.0 2.1107275786443154
412.5 1.6383164440077733
413.0 2.3329504724469885
413.5 2.139069863283859
414.0 2.45824668030008
414.5 1.4745463107332413
415.0 1.806130677213334
415.5 1.2588612209109686
416.0 1.1743187803297936
416.5 1.5109573362766482
417.0 1.6612014538016586
417.5 0.7871123024382579
418.0 0.8316539551962318
418.5 1.1315863235971264
419.0 1.3743363769520944
419.5 1.5949763596467137
420.0 1.76208373198259
420.5 1.2530018580485098
421.0 1.130332854401138
421.5 1.8276003779050183
422.0 1.5586878625061338
422.5 1.2961625540587434
423.0 1.7742825998263412
423.5 1.6110081342990592
424.0 1.4292476054008394
424.5 1.3422152155275668
425.0 1.9458057679905072
425.5 1.684021958417518
426.0 1.8087510832278395
426.5 1.5410317547327588
427.0 1.086374510933077
427.5 2.557914940592216
428.0 1.4530744027694116
428.5 0.9724281634672389
429.0 1.6747310899578958
429.5 1.1830748308990977
430.0 1.100136481393677
430.5 0.5380252656423472
431.0 1.6090174278019558
431.5 0.9922884568448079
432.0 0.9481743338359734
432.5 0.7816865631934362
433.0 0.6441075209768948
433.5 0.6713709430662769
434.0 0.5406990822313231
434.5 0.7793695754893062
435.0 0.6904590210829653
435.5 0.6824340886447282
436.0 0.6775581804154713
436.5 0.6731828768627925
437.0 0.802097787996275
437.5 1.7150173981863006
438.0 1.8637118315661123
438.5 2.3997227951653435
439.0 1.2007251270395107
439.5 2.7338566058564187
440.0 1.5706661806229814
440.5 0.7811067315042387
441.0 1.4430577366251667
441.5 1.7208152514632475
442.0 1.2962944988060028
442.5 1.703925628766805
443.0 2.2199623520301106
443.5 1.3348343633637474
444.0 0.8141926980981515
444.5 0.589563861428682
445.0 1.7840355524550677
445.5 2.3584355431005664
446.0 1.7575376649074546
446.5 1.9844317768009352
447.0 1.4293335714373128
447.5 1.1405261250054743
448.0 1.4409342681581525
448.5 1.1516759009384088
449.0 0.8125559996560088
449.5 0.7618714507323694
450.0 1.2513733670764338
450.5 0.9640565396318479
451.0 1.5284269513721156
451.5 1.11495609086248
452.0 1.0473292477385383
452.5 2.39557187785514
453.0 2.062893189450011
453.5 1.2189780268629196
454.0 3.284678867989739
454.5 1.9894861256109877
455.0 2.251689242341744
455.5 3.79360010269266
456.0 3.242823495741245
456.5 0.8121099657828483
457.0 3.023446144450915
457.5 3.399269060541468
458.0 2.15041629223942
458.5 1.042138764322328
459.0 2.1084523397835313
459.5 1.433621133328991
460.0 3.842756020754188
460.5 2.5661588157847177
461.0 3.2604744563310213
461.5 1.4058037010640543
462.0 0.8324259184695906
462.5 0.7419108531745505
463.0 1.8984451469032002
463.5 1.1787103395533953
464.0 1.0182337245355648
464.5 1.4189320237609315
465.0 1.3247971326276435
465.5 1.2979949477029444
466.0 1.576461866522854
466.5 1.3067984003359734
467.0 1.6292121003988156
467.5 1.2773227357623764
468.0 1.8184856741422397
468.5 1.153582729449607
469.0 0.8863329299466485
469.5 0.4393000526045976
470.0 1.3581521298014017
470.5 1.2674898401911556
471.0 1.4095948620409682
471.5 1.0141593418120896
472.0 1.4313729417127745
472.5 1.8440205146232411
473.0 1.737438401873495
473.5 1.6722088074959403
474.0 1.8626785517860236
474.5 2.8562926702484246
475.0 3.076924426758854
475.5 2.8314760793555944
476.0 4.1372433037076055
476.5 2.31635985970496
477.0 4.044413922172683
477.5 1.0332133554925866
478.0 1.7600802177348167
478.5 1.8281757764992643
479.0 1.3502569582466437
479.5 2.726013525995647
480.0 1.5884850715546612
480.5 2.8668823473075773
481.0 2.752591979620492
481.5 1.37798126890551
482.0 0.837979687067332
482.5 1.6023517307737518
483.0 1.7998220817991477
483.5 1.21904115216002
484.0 2.453006018246829
484.5 2.5249615220166635
485.0 1.1060947369552891
485.5 1.8937773265056954
486.0 2.9082704957859944
486.5 1.3211462905129325
487.0 1.2764255295592304
487.5 2.435269695870451
488.0 1.3313268906702604
488.5 0.30764647260312294
489.0 3.7096976853872095
489.5 2.1681648025730085
490.0 2.154499402627655
490.5 1.7964723521804336
491.0 1.3400408359881932
491.5 0.8044967904743385
492.0 1.5017878876383344
492.5 1.5527127239932748
493.0 3.296356979707442
493.5 1.4873270103035712
494.0 0.7447923945071693
494.5 1.5086518357160346
495.0 1.7522133560983904
495.5 2.257878553522921
496.0 1.6876178340094117
496.5 1.853873484398667
497.0 0.4706902557806609
497.5 1.8132701751595997
498.0 1.8818962972656985
498.5 2.00439187064362
499.0 2.1941568427799134
499.5 1.851780347946833
500.0 0.9399941342420701
500.5 1.8246698018188734
501.0 1.8449176963621494
501.5 1.1725905841972266
502.0 1.749909486291817
502.5 1.2379207115563722
503.0 1.49629600581819
503.5 1.2254268205313972
504.0 0.2
504.5 2.863441880917157
505.0 2.13838211819154
505.5 1.0335244076088759
506.0 2.3153011156101084
506.5 1.354932938668902
507.0 2.9885974965936377
507.5 1.6892356404386202
508.0 1.8291826828349897
508.5 1.4463173999042198
509.0 1.5913301899844403
509.5 1.017782917353692
510.0 2.0509598647986813
510.5 1.5889682455663627
511.0 1.3816882611941668
511.5 1.9190265167685667
512.0 1.6128785238611056
512.5 1.3166259285616455
513.0 1.3264708866030248
513.5 1.266807160686653
514.0 1.1680556252620757
514.5 1.2642695581232544
515.0 0.7600883698878332
515.5 2.005542705534177
516.0 2.0626098370982286
516.5 0.8209590255918123
517.0 0.3750278381700396
517.5 1.5359402160260567
518.0 1.4084350488506976
518.5 1.8857988253406845
519.0 0.9411704555932645
519.5 2.0092976099198783
520.0 1.128000222541473
520.5 2.0608120703472035
521.0 0.7006861338251867
521.5 1.053765639027569
522.0 1.616060454739604
522.5 1.4890655793384755
523.0 1.859287238206114
523.5 1.3800990554791515
524.0 0.9193471075901923
524.5 1.9454677350977885
525.0 2.289745329078957
525.5 1.9049885098740948
526.0 1.7699519198012694
526.5 1.552050776799223
527.0 1.0676672583868416
527.5 1.2093000139187788
528.0 2.208762427496344
528.5 1.6385312496717837
529.0 2.873002034103483
529.5 0.8604853176179079
530.0 2.4817192649678317
530.5 2.63003121696528
531.0 2.373325826785114
531.5 2.851310542580717
532.0 1.6302348632072303
532.5 2.9235773382455195
533.0 1.6730519299174214
533.5 2.7912055668150537
534.0 2.7660615704369595
534.5 2.532785831985442
535.0 1.2603656061303812
535.5 3.5325688035333958
536.0 2.4754867466519617
536.5 2.403719450622141
537.0 2.8352372414147333
537.5 3.00368995245545
538.0 1.6356163569474975
538.5 2.6832260934338654
539.0 1.3856500734386334
539.5 3.1497491179318278
540.0 1.8752143830317036
540.5 2.845112220780025
541.0 1.8664741447096715
541.5 2.787895396097225
542.0 1.758595941476842
542.5 1.1293070733040835
543.0 2.0498008542659023
543.5 2.6177941246490155
544.0 3.038140471666411
544.5 2.7364257300965096
545.0 2.1088644556556884
545.5 3.3436866556164606
546.0 1.8320006838481326
546.5 1.7782670612406204
547.0 1.387856364095962
547.5 3.068140991514286
548.0 1.6943710018278426
548.5 1.1539787279609985
549.0 0.8032714478318532
549.5 3.334123158538886
550.0 1.2518249031848003
550.5 1.3225622682886709
551.0 1.7238267192864787
551.5 1.158120473965961
552.0 1.7209006764960346
552.5 1.4139303719958631
553.0 1.3802317082499491
553.5 0.42966281875704115
554.0 0.6628431240684274
554.5 0.5866556474109748
555.0 0.8041613923409254
555.5 0.5741585765078575
556.0 0.6146856182757496
556.5 0.6933387184900445
557.0 1.254023067143378
557.5 1.749106111405966
558.0 2.5150764235516867
558.5 1.4357545639249762
559.0 2.2644850418592615
559.5 1.4686514911085446
560.0 2.4550476543293414
560.5 1.4890378346512156
561.0 0.8352887004726083
561.5 1.5330678821525578
562.0 2.0728612495628735
562.5 1.5513559665458345
563.0 1.9819419744870428
563.5 1.6080386008234302
564.0 1.7563360684590297
564.5 1.4981781825967513
565.0 2.3306976224869813
565.5 1.4209438939353598
566.0 1.6374071535133181
566.5 2.3791640584092626
567.0 3.0371569168589296
567.5 2.063966708210169
568.0 1.6191190189599927
568.5 1.7912415773633963
569.0 0.7661591233469163
569.5 3.023498153335896
570.0 2.738625442093322
570.5 1.4839916674108653
571.0 2.898478886693395
571.5 1.8505326994445874
572.0 1.0865245078385606
572.5 1.656766268007006
573.0 2.7646833655077074
573.5 3.2420456558920607
574.0 2.2639793343843104
574.5 1.5121036688676373
575.0 0.41074180498281665
575.5 1.5452247213114636
576.0 1.047002174933683
576.5 1.7230013879725046
577.0 2.891321830692994
577.5 3.0649903312839983
578.0 2.110701447179438
578.5 2.050087481721566
579.0 2.427433702212398
579.5 1.9293077943265695
580.0 3.7336444774516258
580.5 2.7693645201509804
581.0 3.303067215090854
581.5 1.807818577577418
582.0 2.8964018761493406
582.5 3.042186975205154
583.0 2.3906267802325916
583.5 0.7795893482489553
584.0 1.8153250757954187
584.5 2.551031604764246
585.0 2.0399266088382193
585.5 1.3677317366631097
586.0 2.445276273199857
586.5 2.454516041010031
587.0 2.5514212166072743
587.5 1.8996166029767174
588.0 0.5175503533429415
588.5 2.52888524757776
589.0 0.515212690909977
589.5 1.4173774636286853
590.0 1.168981753567771
590.5 2.4070532077547884
591.0 2.7599147076362867
591.5 0.8799519933947477
592.0 2.142381050530912
592.5 1.33952706881626
593.0 2.2989565953928026
593.5 2.0520987171108396
594.0 2.3553636556329782
594.5 1.530485571440637
595.0 1.8438280936882756
595.5 1.7361579398312166
596.0 3.1177263950955663
596.5 0.8083099963956277
597.0 2.963932688007536
597.5 2.054371743426642
598.0 3.192685554663174
598.5 1.6305334908307576
599.0 2.36647393091553
599.5 1.0971481180860536