600.0 0.9242476312280026
600.5 0.5344333216006001
601.0 1.1812733794511046
601.5 2.0460918041398832
602.0 1.4870599578493122
602.5 1.5719828495744985
603.0 0.7738432413234525
603.5 1.6181211424772899
604.0 0.46139514241825863
604.5 1.2867294841243595
605.0 1.0022621493495854
605.5 0.5660274303011992
606.0 0.9751917445697686
606.5 2.228301913874676
607.0 2.097480908168594
607.5 2.362969605079834
608.0 2.5200268342730507
608.5 1.5125772539502944
609.0 2.5171265552907167
609.5 0.6947200490507447
610.0 0.7084799050389183
610.5 0.8459563515740629
611.0 0.9992907838463655
611.5 1.7441692774824502
612.0 1.3650165065010893
612.5 1.9287215234038204
613.0 0.9426513524756087
613.5 0.5910763970315541
614.0 0.9222984494682248
614.5 1.1591291737458391
615.0 0.9844022089492139
615.5 0.8447966960676814
616.0 0.6429586710393486
616.5 1.0807088891006922
617.0 0.8366832748739519
617.5 1.1178516466966415
618.0 0.6517997110881563
618.5 0.8200708879013936
619.0 0.7954503367214022
619.5 1.1956010122254037
620.0 0.3726030338921915
620.5 1.7623295136510584
621.0 1.976545418668377
621.5 1.3843838323338753
622.0 1.48725332872808
622.5 3.0101987876164507
623.0 2.0682009454495898
623.5 2.16746794109422
624.0 1.928917254746869
624.5 1.3607072963065083
625.0 0.8834960175005317
625.5 2.6182634471116852
626.0 1.7779086493454896
626.5 0.5121949632989127
627.0 0.2
627.5 1.280709940458721
628.0 1.7221289078998085
628.5 1.1540598859918132
629.0 0.7921113435154392
629.5 1.2686940755406309
630.0 1.544454271901894
630.5 1.4368800241574124
631.0 1.3269641941458457
631.5 0.4371419032814785
632.0 1.887569322540345
632.5 0.812047405502633
633.0 2.0039881175144836
633.5 0.9855281535731865
634.0 1.5495024921901752
634.5 1.1229175780360277
635.0 1.4342352821319668
635.5 1.57386093995067
636.0 1.3109233379412928
636.5 2.349731484981982
637.0 1.3409062874714537
637.5 3.052077345325553
638.0 2.230984256815013
638.5 1.8288774322438683
639.0 1.63156689164454
639.5 1.5177996828706255
640.0 1.4628037997125702
640.5 1.2613259069327827
641.0 0.9999029516810901
641.5 1.8088149268161948
642.0 2.1556350421257027
642.5 0.6834814956132801
643.0 1.047578299995367
643.5 0.6633722178763675
644.0 2.472197516907897
644.5 0.9374444720053456
645.0 1.6745523600144336
645.5 1.5143191840828598
646.0 1.637855242728778
646.5 0.659049209704352
647.0 1.425335820925055
647.5 1.3204480352887722
648.0 0.9519800888155292
648.5 1.9381045245417459
649.0 0.9872400214655369
649.5 1.960477681295781
650.0 1.6018144027814787
650.5 1.547861158681715
651.0 1.2714783099450258
651.5 0.8370635128437831
652.0 0.9821873361797911
652.5 1.4409444913308014
653.0 0.9307212744749973
653.5 1.291569269475433
654.0 1.6903475805822732
654.5 1.3783061281070264
655.0 0.8393500853067551
655.5 0.7813494107795455
656.0 0.9773372578572425
656.5 1.51980288779332
657.0 1.007227036037618
657.5 1.5152992316436955
658.0 0.72740710892428
658.5 0.6882231842000339
659.0 0.5956728341544342
659.5 0.7471931487743859
660.0 0.6228604272736242
660.5 1.6276444606103775
661.0 1.1329725739695422
661.5 2.1574541157175906
662.0 1.5702801860175428
662.5 1.248819635846942
663.0 1.2448367537113882
663.5 0.9692589905309773
664.0 1.1162276121924395
664.5 1.0120189578161003
665.0 0.38988712848480844
665.5 1.2879423761248008
666.0 2.6357847240704864
666.5 3.0445768807253177
667.0 1.7007149492575562
667.5 0.9447877536899776
668.0 0.8327581868139015
668.5 1.3162364793700745
669.0 0.7765672365640118
669.5 0.9143438781454929
670.0 1.0639180218782542
670.5 1.4989678431704552
671.0 1.231484636761222
671.5 1.1550479400776599
672.0 0.4395024121658644
672.5 0.8577248497656389
673.0 1.2205256074889919
673.5 0.5112762749262126
674.0 1.7422454811212917
674.5 0.9563533922081481
675.0 1.4926785854207187
675.5 1.9310975537251311
676.0 0.5598062252468183
676.5 1.8005671715836808
677.0 1.6176411031179923
677.5 1.4172031554557103
678.0 1.4729412094819767
678.5 0.8903892276292673
679.0 0.7034535825772716
679.5 1.2147384554309433
680.0 0.8621733005382853
680.5 1.8894735894957588
681.0 1.4404410001154204
681.5 1.0653160156638064
682.0 1.2288296888806596
682.5 1.465163566666401
683.0 1.5353776957196525
683.5 1.1299393506780302
684.0 1.1493655196063757
684.5 1.1003946366664192
685.0 1.6450093198158622
685.5 1.3471936965671727
686.0 0.8918961084243533
686.5 0.9291226793271332
687.0 0.7697267532942725
687.5 2.3962711618811072
688.0 1.5744412522217774
688.5 1.0269569138324273
689.0 1.022109149112183
689.5 1.03060775697369
690.0 1.755706425035761
690.5 0.536128324708631
691.0 1.4469858009196017
691.5 0.32988884096723425
692.0 1.2956932861567332
692.5 0.9524580780559779
693.0 1.7666364210761156
693.5 1.7950738679609093
694.0 1.1407126419227371
694.5 0.7392599328360165
695.0 0.5819825470494322
695.5 1.8000937455646715
696.0 1.8988610638136578
696.5 1.924769932869204
697.0 1.0501910711616675
697.5 2.1873027003451284
698.0 0.8378180953734737
698.5 1.4848892230612796
699.0 0.7285563236982953
699.5 0.6327027064981343
700.0 0.7144653466958522
700.5 0.7145732953419726
701.0 0.5244665745509496
701.5 0.7302544440321399
702.0 0.7177374938901875
702.5 1.6974606626278694
703.0 2.9202345237815335
703.5 1.3032505682290134
704.0 1.772284464265649
704.5 1.7482572821114433
705.0 1.7737036920042177
705.5 0.2075328395991689
706.0 2.0771395022663572
706.5 1.5008878807777084
707.0 2.03344111064479
707.5 2.622688961925877
708.0 1.3884756923617858
708.5 2.9490154642366617
709.0 2.936019316650115
709.5 3.7016803835136476
710.0 2.5117078243836155
710.5 1.8442761497301352
711.0 1.4141554166770334
711.5 2.3019995488016676
712.0 2.306848223770304
712.5 2.8495129378082966
713.0 2.793093976105063
713.5 2.2262930979688695
714.0 1.6850492714320855
714.5 2.1368268308118448
715.0 1.7809161894155
715.5 1.344591307147736
716.0 0.8458954689104063
716.5 0.9159516260519346
717.0 1.054096248789485
717.5 0.7872910545698314
718.0 1.4052251778970788
718.5 1.9833803671954486
719.0 2.9842203436465655
719.5 2.2925299131663555
720.0 0.6677387747249153
720.5 2.9727227592387053
721.0 0.8974473486702492
721.5 1.4404177563348934
722.0 1.9291046422486333
722.5 1.2630644420297723
723.0 2.546309946275098
723.5 1.8311919389712505
724.0 2.035146533691111
724.5 0.8230349483647179
725.0 2.777817916131415
725.5 2.143118907967232
726.0 1.0351793932277564
726.5 1.8981282204407508
727.0 2.278353771430529
727.5 0.7340546546474231
728.0 1.3875479008233378
728.5 2.3637178340985727
729.0 2.8724058407791473
729.5 3.43444332273217
730.0 4.7366480000830595
730.5 3.161119662413376
731.0 3.061605359366448
731.5 2.7584236235186195
732.0 3.5840478319327644
732.5 1.0937048619057714
733.0 1.389872326531764
733.5 3.6525114245828076
734.0 3.2125599144933545
734.5 4.152457964378198
735.0 1.3413109204944025
735.5 4.096280060211694
736.0 1.964538785551535
736.5 4.257582346549325
737.0 2.549191945293762
737.5 3.012824626503437
738.0 1.902105042388952
738.5 1.3668746391522517
739.0 2.0116167230134288
739.5 2.386006165502674
740.0 2.364239630385824
740.5 2.0608101167951705
741.0 2.66114379717962
741.5 2.442011871440025
742.0 1.8115812092464092
742.5 1.6098078655633854
743.0 1.1547949777739688
743.5 1.366743691996545
744.0 0.9987056274800025
744.5 1.847856661778075
745.0 1.6957199924245872
745.5 2.010458313254416
746.0 0.4929495038824443
746.5 0.9313836808856513
747.0 1.9424141784541262
747.5 1.5112570959270617
748.0 1.8734019869470695
748.5 1.4742523662223965
749.0 0.7753457418903434
749.5 1.328789911253598
750.0 1.0701088182971987
750.5 1.5665170837146958
751.0 2.4507948628810627
751.5 1.7534437879241473
752.0 1.9490337182960864
752.5 1.070019021825888
753.0 1.6147312193122159
753.5 1.783129922271188
754.0 2.1054774157811247
754.5 1.9918102295070301
755.0 1.9681378780142698
755.5 2.91361070611138
756.0 2.3252763634483316
756.5 1.3934900239097257
757.0 1.669120403984631
757.5 1.6041234598759155
758.0 0.7535413473045838
758.5 0.6346250760201398
759.0 0.7004489685175435
759.5 0.5721749291962663
760.0 1.9289157452418033
760.5 0.7361262831492015
761.0 1.4697216405449987
761.5 3.105583036092889
762.0 2.2138437115481877
762.5 1.4564004377449193
763.0 3.9570070735544696
763.5 0.2
764.0 3.9346608114531856
764.5 2.0929226315708354
765.0 2.3763916638662614
765.5 2.3926530092810188
766.0 0.7636452109057832
766.5 2.044727661972226
767.0 0.7156608376797857
767.5 2.740834862757901
768.0 1.3157664603192971
768.5 2.8232382069454727
769.0 3.316108140775107
769.5 3.273950289699028
770.0 1.4725508818508743
770.5 2.3381400074045806
771.0 2.051523708079634
771.5 3.231211502480559
772.0 3.529617490114558
772.5 1.0276857136906505
773.0 1.4776411699519028
773.5 1.6844774481008495
774.0 2.9241687526755786
774.5 2.247623424092853
775.0 1.7824843152949434
775.5 0.7752511278429783
776.0 1.8332427656391013
776.5 1.261652804787786
777.0 2.457756391866342
777.5 1.47347636604478
778.0 1.870902566272791
778.5 2.449670598965949
779.0 2.6849709877068837
779.5 2.055140999283112
780.0 1.591037891496899
780.5 2.710919517308855
781.0 1.5814317158058668
781.5 2.3239498360788344
782.0 2.7611999116412926
782.5 2.2297706246264473
783.0 0.7545109368933298
783.5 2.925115157053467
784.0 1.9670362971619506
784.5 1.9963811585031455
785.0 1.347713136615205
785.5 1.017508408340801
786.0 2.944221445848349
786.5 2.6180187444120495
787.0 2.342055075385818
787.5 1.7273642181418256
788.0 2.2579766084410164
788.5 1.4101887538513989
789.0 1.9171396852907618
789.5 2.2966814575332335
790.0 0.9942398173927594
790.5 0.9505861450481912
791.0 1.3848084255516833
791.5 2.5529481959513847
792.0 2.691064035802416
792.5 0.8624845621115098
793.0 1.2034647562903529
793.5 2.759250221013926
794.0 1.5873609444505288
794.5 1.6617286946874459
795.0 2.085597596171221
795.5 2.6677188377967282
796.0 2.4347989193907678
796.5 1.5004592083434687
797.0 1.887832650203918
797.5 1.7484612937884685
798.0 2.1583886075694814
798.5 1.2368126112500177
799.0 0.7481441822766616
799.5 1.6081531077773048
800.0 1.110525773512974
800.5 1.1750981382049872
801.0 1.672631267398862
801.5 1.8247731429747935
802.0 3.0097761691844536
802.5 3.0015177364250394
803.0 2.5731978975242424
803.5 2.072078555695997
804.0 2.094419877206919
804.5 2.529841764560699
805.0 2.922757498894807
805.5 4.142598721319738
806.0 1.6055504803912202
806.5 3.189216748706176
807.0 1.6870202238992384
807.5 1.9327242467569545
808.0 1.5237021238307253
808.5 0.9590781344753763
809.0 2.7925920614318245
809.5 3.021494136726254
810.0 2.4361902503369377
810.5 0.8213535178497757
811.0 2.4440246484281962
811.5 1.4075408749363305
812.0 1.878806658784153
812.5 1.8290489226942874
813.0 1.978818327610468
813.5 2.1694167607575707
814.0 2.0897066960408215
814.5 2.5023923468006077
815.0 3.063761446061843
815.5 2.432322126126522
816.0 1.9705274975545644
816.5 0.9016100671839955
817.0 0.7229715264154624
817.5 1.0713326619897456
818.0 0.9202656448217706
818.5 0.805407259331328
819.0 0.8105277485578648
819.5 1.0412902225049125
820.0 1.2991075719704164
820.5 1.6272769945679255
821.0 1.5587968005508126
821.5 0.9931156787940552
822.0 1.5064613979505892
822.5 1.4340723046838753
823.0 1.1585629078006394
823.5 2.6060163799311757
824.0 2.797700613289617
824.5 2.5008638949237345
825.0 1.3933315785879579
825.5 2.9150448764480554
826.0 3.832814918335889
826.5 1.8518755106212106
827.0 2.9083430140977944
827.5 2.0588789600320028
828.0 3.2609330455049683
828.5 1.6416087928545289
829.0 1.9980497684938192
829.5 1.3795890827884068
830.0 0.7688962803234477
830.5 0.8679785914169911
831.0 1.3765184792963125
831.5 2.0451611747289267
832.0 1.3590724738543032
832.5 2.2574009911163273
833.0 4.403057569419033
833.5 1.5007437379966277
834.0 0.2
834.5 1.4114740059768947
835.0 1.4674064737962946
835.5 2.4402045609019236
836.0 0.30794531817437587
836.5 2.2749583797809936
837.0 1.9813394293027824
837.5 2.0041068122522354
838.0 2.517153355622378
838.5 2.9418525409050664
839.0 2.2644596869189844
839.5 2.2074558573953995
840.0 2.673656845084726
840.5 2.1796000945518252
841.0 2.0354005824117194
841.5 1.2951395239935335
842.0 1.9883345988779608
842.5 3.2823017494621594
843.0 2.6815605401730798
843.5 0.7800581752111806
844.0 2.766169089876504
844.5 1.7753529615832835
845.0 3.7894807419311443
845.5 3.5724364068485466
846.0 2.9440928998157987
846.5 2.6470689264147067
847.0 1.6554317935298832
847.5 3.869279846596573
848.0 2.958858021548212
848.5 2.8418721096720616
849.0 2.59693673250224
849.5 4.819673582269419
850.0 1.3544580176129979
850.5 1.389798551286635
851.0 3.215986633593152
851.5 2.5458001260776344
852.0 2.351487190664278
852.5 0.2
853.0 1.9973839791503678
853.5 0.994306966469518
854.0 1.3920896645964398
854.5 0.5653884727528079
855.0 0.8977544319403643
855.5 1.1677572132703837
856.0 1.3540039876437344
856.5 1.1597829264867887
857.0 1.552014446040963
857.5 1.3110003137218573
858.0 1.8214966534362493
858.5 1.4712298613369863
859.0 0.9474382107211099
859.5 2.848009830798486
860.0 2.4475044555603898
860.5 1.720264507845181
861.0 3.017345000574883
861.5 1.6464849249416744
862.0 1.8986716280745288
862.5 2.2129630166593213
863.0 1.0964504395529049
863.5 2.6473980581971954
864.0 2.7129992870253545
864.5 0.8822931403056677
865.0 2.531115057773573
865.5 1.2558839435214488
866.0 3.141888110108141
866.5 1.366119402858224
867.0 1.7830246071517226
867.5 1.9536295347349526
868.0 2.522061954194551
868.5 1.102072194552575
869.0 0.2
869.5 3.1087288603516665
870.0 2.401780245796198
870.5 3.149798774930478
871.0 2.6660341838380344
871.5 2.292256560088171
872.0 2.3581781041912384
872.5 3.2144363136021408
873.0 1.6647095221897459
873.5 1.1881493501478873
874.0 1.3279969597080896
874.5 0.9115615952008488
875.0 1.2725040855230825
875.5 0.7436364696409843
876.0 1.074679925269158
876.5 0.99485112823027
877.0 0.9132906536367208
877.5 1.2924615313868577
878.0 1.0147874148269302
878.5 0.7266314006402153
879.0 0.9332286807311848
879.5 0.9784840915081282
880.0 0.8982534457454315
880.5 0.9767538437814461
881.0 0.637312979242641
881.5 2.5385390646870256
882.0 0.4308062253394913
882.5 1.6648268967891562
883.0 2.961276804968885
883.5 1.5175093832878916
884.0 1.7351347841300475
884.5 3.4648273792628927
885.0 3.881730788949845
885.5 1.116179779127789
886.0 1.6140608551426527
886.5 3.2449306973390786
887.0 1.7802512569622448
887.5 2.253152776492283
888.0 1.324649937022001
888.5 0.8534831093662978
889.0 1.1272037622368887
889.5 0.2
890.0 3.2884219556862457
890.5 1.3596925362768313
891.0 2.917218722717162
891.5 2.8915313133305554
892.0 1.9492579369428156
892.5 2.008101483485426
893.0 2.485120172770107
893.5 0.7943352368492694
894.0 1.2293334954632358
894.5 0.6357703221486696
895.0 0.8425831478223149
895.5 1.4785586665456338
896.0 0.5612900449811612
896.5 0.9849239957457673
897.0 0.8989579921685213
897.5 0.7225824520121826
898.0 0.8077371484312057
898.5 0.515671761365704
899.0 0.8251373481271276
899.5 1.3144086075821146