1200.0 2.226652252892505
1200.5 3.155909108793535
1201.0 1.1180704375500072
1201.5 2.6441040666959728
1202.0 2.5921269729404384
1202.5 2.075727686832691
1203.0 1.1942271177042372
1203.5 1.689317729616437
1204.0 1.2373720185352877
1204.5 1.9070131617268937
1205.0 2.462585063545192
1205.5 0.9207889702548098
1206.0 2.964966161128766
1206.5 1.9326810622541621
1207.0 2.612116513364955
1207.5 1.1509827988107586
1208.0 2.644533981449327
1208.5 1.196618785818914
1209.0 1.7108756914807028
1209.5 1.1363248728110973
1210.0 2.439548451324737
1210.5 1.9264510603103906
1211.0 3.0620950313357564
1211.5 2.133501382132657
1212.0 2.965383774068208
1212.5 2.708687282450654
1213.0 2.570000108585574
1213.5 3.9622188469355812
1214.0 2.2416536334448764
1214.5 2.4627030486691757
1215.0 2.0464492880460647
1215.5 3.169339703646406
1216.0 2.2158364469434115
1216.5 1.6277275349008098
1217.0 1.5590017954565547
1217.5 1.350804447519442
1218.0 2.808669769892596
1218.5 2.8702752427518607
1219.0 2.3725374075471413
1219.5 1.3551544015199375
1220.0 3.0938499451893717
1220.5 3.4317686070267674
1221.0 1.7758243972518062
1221.5 2.574844467267354
1222.0 3.2708659548737025
1222.5 3.0707047052653755
1223.0 1.249452976288394
1223.5 1.133658786624673
1224.0 0.7342388202049543
1224.5 1.3011660874806588
1225.0 0.8214117047393723
1225.5 0.7859415550260389
1226.0 2.8218632936109636
1226.5 2.9306469150282375
1227.0 2.0329453134499014
1227.5 3.793389181902813
1228.0 2.456601147264419
1228.5 3.866127403312072
1229.0 1.9981842765941638
1229.5 2.995169186605962
1230.0 1.1795503125979137
1230.5 1.2693550491730463
1231.0 0.8173104756857468
1231.5 0.6100565709197477
1232.0 0.9046632549633794
1232.5 0.9342322617888168
1233.0 0.6476469024944487
1233.5 1.4296108780701475
1234.0 1.1967520086868118
1234.5 1.241310875642906
1235.0 1.1647127597858153
1235.5 1.483495671488087
1236.0 0.9942870280947551
1236.5 1.3172523858318486
1237.0 0.8161826682963658
1237.5 1.2259686620400174
1238.0 1.1070048126700858
1238.5 1.4619202771412623
1239.0 0.589107860414437
1239.5 1.6970270211965923
1240.0 1.2745984214015764
1240.5 2.6819569933013585
1241.0 3.2177365489383747
1241.5 2.5644502704533076
1242.0 3.635039343533732
1242.5 2.500708799019672
1243.0 1.0202473805765808
1243.5 2.1106143284113563
1244.0 2.866639721075752
1244.5 1.7000561791192155
1245.0 1.9411762773791739
1245.5 0.5682994369226166
1246.0 2.5127831637498925
1246.5 1.6632939182888986
1247.0 1.9712163603109834
1247.5 1.748823078879193
1248.0 1.8808529077063834
1248.5 1.5564194827363214
1249.0 1.935147850279214
1249.5 1.953544577719791
1250.0 3.1345549498154037
1250.5 3.0285222287778266
1251.0 1.9092552971287566
1251.5 2.202252068670674
1252.0 1.606972280269298
1252.5 1.2846526492409764
1253.0 2.1042260572090408
1253.5 1.4583113399331729
1254.0 2.4479948700884866
1254.5 1.869431312195323
1255.0 2.7653823371489787
1255.5 1.9415363873999993
1256.0 2.6921183637166886
1256.5 1.8078016854083205
1257.0 2.369775723741915
1257.5 2.508648477867755
1258.0 3.1722195990592343
1258.5 2.7470812440096295
1259.0 2.2223536218501474
1259.5 3.689217514918001
1260.0 1.8245182816933343
1260.5 3.43860899101599
1261.0 2.597140505160049
1261.5 0.279095458245205
1262.0 0.8163454398070391
1262.5 1.8649936521051598
1263.0 1.8218443344611757
1263.5 0.7024458376656806
1264.0 1.7920786656330958
1264.5 1.8134404886528612
1265.0 1.4190317134634638
1265.5 2.0406951956568316
1266.0 2.0322058952340516
1266.5 2.4909763400958216
1267.0 0.9147234915248081
1267.5 1.6492497475756855
1268.0 2.446074222851242
1268.5 3.025519195004432
1269.0 2.6891248441451605
1269.5 2.6207139567368616
1270.0 1.5679311224136048
1270.5 2.2944363725368184
1271.0 1.9114070079331649
1271.5 2.440533427583167
1272.0 1.7727139611807783
1272.5 1.721459513902321
1273.0 2.384128488371808
1273.5 1.6065348300240432
1274.0 2.144197618624007
1274.5 2.587603722121071
1275.0 2.188192965250396
1275.5 1.4197609272491774
1276.0 1.868598706533813
1276.5 2.728890629705502
1277.0 1.6007887732461616
1277.5 1.4571017259212116
1278.0 0.764166024876722
1278.5 1.1103784994069188
1279.0 0.7461605934165484
1279.5 1.0448327540312838
1280.0 1.08629330021422
1280.5 0.4319270897098483
1281.0 0.8115179885917045
1281.5 0.7873795460896323
1282.0 0.7330902867583324
1282.5 1.1197247515894755
1283.0 0.8554635677697724
1283.5 0.5606978123790404
1284.0 0.9995010795356235
1284.5 1.1008509756124858
1285.0 1.0319798013008084
1285.5 0.9696842550333261
1286.0 0.5123279261957924
1286.5 0.8446543423736113
1287.0 0.8591414967157527
1287.5 0.8577860499795511
1288.0 1.1530426631808353
1288.5 0.9951688150706345
1289.0 1.4967238293424914
1289.5 1.2694889196007595
1290.0 1.722170318963859
1290.5 1.4424788774766455
1291.0 4.182201033890645
1291.5 2.3480797107035274
1292.0 2.558821779910713
1292.5 0.7278100834920472
1293.0 0.8211538230876505
1293.5 0.7093843933508714
1294.0 1.3231460700277813
1294.5 0.7715001261944245
1295.0 0.8135021196177947
1295.5 1.0207833847937327
1296.0 0.8540743675454898
1296.5 0.8075661513578359
1297.0 0.8655227196317574
1297.5 1.1394527691009306
1298.0 0.7577003978161406
1298.5 1.0382591285459357
1299.0 0.9832423460472127
1299.5 3.185264519855319
1300.0 2.1644819565478013
1300.5 2.3173186883932293
1301.0 2.360055877561274
1301.5 1.0154664440234606
1302.0 1.7462204078436117
1302.5 1.7904020476773286
1303.0 1.1964474414354314
1303.5 1.0533418989184415
1304.0 1.0110226770063786
1304.5 0.6415194035779441
1305.0 2.643314566659951
1305.5 1.2480909575671884
1306.0 1.8361691992056326
1306.5 1.5060578631026904
1307.0 1.712522651071099
1307.5 3.8987460358409822
1308.0 0.7491844477148295
1308.5 2.6451637167868545
1309.0 1.2948268273542582
1309.5 1.524020513015341
1310.0 2.9942655987254807
1310.5 3.067535728376116
1311.0 2.1778315394060206
1311.5 1.6663913548382254
1312.0 1.163883599974317
1312.5 2.270148176414761
1313.0 1.0308491693655462
1313.5 1.2219211098719898
1314.0 1.235181504393764
1314.5 0.6002578801173962
1315.0 1.740420855156894
1315.5 1.3229832034096551
1316.0 0.378364968800726
1316.5 1.3244851854691249
1317.0 1.7946104228029747
1317.5 1.1554218719318943
1318.0 1.2875404347703108
1318.5 1.3541457562933197
1319.0 0.7770212023579075
1319.5 0.8373960472662736
1320.0 0.8810972154945262
1320.5 1.0105579929385695
1321.0 0.8090065462867162
1321.5 0.6443985943349748
1322.0 1.0764706104711683
1322.5 0.9553587739174508
1323.0 0.9484756991227926
1323.5 0.8401972322372528
1324.0 1.043256589857633
1324.5 0.5377465089768318
1325.0 0.6807193386136332
1325.5 0.8594689690264927
1326.0 0.8273471687268756
1326.5 0.7175961778383291
1327.0 0.6133943407600477
1327.5 1.183463118140686
1328.0 1.6909176962992771
1328.5 1.0568607566706238
1329.0 0.7283793645133096
1329.5 1.3512940892721108
1330.0 1.3005671082824426
1330.5 0.7726027474713515
1331.0 0.9316234983070117
1331.5 0.7283567393299969
1332.0 0.6587774680931509
1332.5 0.8211335226519394
1333.0 1.0506821559909927
1333.5 0.7066897204578015
1334.0 0.8566903846493443
1334.5 0.9704888039441224
1335.0 0.6473335137424094
1335.5 0.9950426216281351
1336.0 0.558248586315442
1336.5 1.0807809517863276
1337.0 0.840561486285492
1337.5 1.2801040395566203
1338.0 0.9060317356153312
1338.5 0.9625688496515487
1339.0 0.8267781331139004
1339.5 1.622793682138246
1340.0 1.9799242309053329
1340.5 3.3375660920821586
1341.0 1.9877652021958492
1341.5 2.3238029384392584
1342.0 5.145362814450098
1342.5 1.7598563649936172
1343.0 1.6719336618022305
1343.5 1.0018335782265817
1344.0 1.0571456286640448
1344.5 2.5238903270551765
1345.0 4.456831419656905
1345.5 1.840074455311015
1346.0 4.2217501567432185
1346.5 1.5302131226280946
1347.0 2.2862537830918197
1347.5 3.338968280403949
1348.0 1.947554732216175
1348.5 2.472535465947862
1349.0 4.847831488839525
1349.5 2.2054533253137145
1350.0 3.4168673517225168
1350.5 2.7343847212336927
1351.0 2.0401263181578253
1351.5 2.9822878454309905
1352.0 2.7239812301233592
1352.5 3.820690681704209
1353.0 2.81964650485096
1353.5 2.505561978461288
1354.0 1.6645131328444296
1354.5 2.2286500695427147
1355.0 2.106062542823519
1355.5 3.3386971877520755
1356.0 3.542937019370219
1356.5 3.4678561584081944
1357.0 2.953137252854468
1357.5 3.76521370158535
1358.0 2.9536057893010055
1358.5 3.0541621993306003
1359.0 3.695948692373057
1359.5 2.9558426856802598
1360.0 3.4601827839261174
1360.5 4.049264221414159
1361.0 1.5489406796186875
1361.5 0.668753827382095
1362.0 1.7858056598644407
1362.5 1.4283531764795039
1363.0 2.0524281018153
1363.5 2.9695061371516176
1364.0 2.06125686041005
1364.5 2.3031739658346093
1365.0 1.7656404949636382
1365.5 2.001377289298415
1366.0 3.1068131787239492
1366.5 3.294307054167998
1367.0 3.441012870852152
1367.5 2.557159854959003
1368.0 2.501018495515888
1368.5 2.115336352670353
1369.0 2.2075085757303072
1369.5 1.5221622684979166
1370.0 1.8612948645983245
1370.5 3.228809010363383
1371.0 2.317569586584002
1371.5 3.0489558505315175
1372.0 2.0407645083660544
1372.5 1.8731598895390076
1373.0 2.4692874859575404
1373.5 0.8587041815295118
1374.0 4.063673715336178
1374.5 0.9683878327456676
1375.0 0.22386117650320125
1375.5 0.9745465847362951
1376.0 1.027603085170526
1376.5 0.9640691432759454
1377.0 1.4489587984585537
1377.5 1.6845693536283148
1378.0 1.00615664653523
1378.5 2.0182661226930056
1379.0 1.9371481984281174
1379.5 1.1077670427503565
1380.0 1.4388441339077476
1380.5 1.6913118660184345
1381.0 1.7765725199223978
1381.5 1.699215681247862
1382.0 0.6807217583227049
1382.5 1.3158927128398616
1383.0 1.1412419735459525
1383.5 1.027070976017906
1384.0 1.6444787848494649
1384.5 1.1818974587113784
1385.0 1.8923908677753862
1385.5 1.3211025580026081
1386.0 1.4855543157780708
1386.5 2.7653428701102842
1387.0 0.6816836339390167
1387.5 1.3585782288412052
1388.0 1.4644433496994378
1388.5 1.4850782371052458
1389.0 1.7357963062304878
1389.5 2.1883221868173806
1390.0 3.537742452079148
1390.5 3.1978393195761257
1391.0 0.8949085735698453
1391.5 1.0642240106542835
1392.0 0.8596136189761059
1392.5 0.787903074590795
1393.0 0.8548578903343849
1393.5 0.7318694121527062
1394.0 1.0432912339885885
1394.5 1.2666376628522715
1395.0 0.42148236995526345
1395.5 0.7769062363854657
1396.0 0.7883666558246955
1396.5 0.9256855035688806
1397.0 0.9201648659517156
1397.5 0.9924285516720398
1398.0 1.5369001046784843
1398.5 1.792598843198816
1399.0 2.0374573333414023
1399.5 0.9403533181350666
1400.0 1.0142968640372003
1400.5 0.8284153764973525
1401.0 1.708728780158313
1401.5 1.21642576019384
1402.0 1.4359982050504658
1402.5 1.2081271092947832
1403.0 1.6151728510780543
1403.5 1.089441897618426
1404.0 1.1023119995326525
1404.5 0.4962749255922503
1405.0 1.7979457072448006
1405.5 0.9671498922090846
1406.0 2.3134968015938577
1406.5 2.438759002723023
1407.0 2.8474587719350453
1407.5 1.0304276213290064
1408.0 2.575296630105819
1408.5 0.5758476264398271
1409.0 1.361989518485264
1409.5 0.8420713647126212
1410.0 1.0305830328715544
1410.5 0.602432930531552
1411.0 0.9555312489226396
1411.5 0.8658835131579905
1412.0 0.8496528655859428
1412.5 0.7200238647068367
1413.0 0.8870076378781895
1413.5 1.0060210091947153
1414.0 0.6477235146809703
1414.5 1.0226232119714704
1415.0 0.9732525059211511
1415.5 0.9621357791836876
1416.0 0.6358781198061678
1416.5 1.280888871364796
1417.0 0.8368797849250891
1417.5 0.9271615619665475
1418.0 1.1170555528354855
1418.5 0.8796526119752203
1419.0 1.0402346276782226
1419.5 1.0337825852838087
1420.0 1.1738133571814187
1420.5 0.4087984400459333
1421.0 0.9663292034202499
1421.5 0.8033462281355054
1422.0 0.7224171061937895
1422.5 1.1350021454009593
1423.0 1.0474840844577464
1423.5 1.1573623236133286
1424.0 1.0644049119349097
1424.5 0.9628580971433669
1425.0 0.7706910384339233
1425.5 0.39518469733845474
1426.0 1.0119648049957797
1426.5 0.6309534466692222
1427.0 1.1484311578045627
1427.5 2.1768720618437154
1428.0 1.7798914888663036
1428.5 1.484019347980937
1429.0 2.453874069793227
1429.5 0.7444723900631375
1430.0 1.5871596679696358
1430.5 1.7992956150979758
1431.0 1.2545366298174248
1431.5 1.7338043877543972
1432.0 1.3036773572886928
1432.5 1.7190569252128896
1433.0 1.3177607369150925
1433.5 1.6144734358258828
1434.0 0.939733259908873
1434.5 1.7307054972752267
1435.0 1.213676553909085
1435.5 0.8243115287186927
1436.0 1.017117999460952
1436.5 0.5468584494059118
1437.0 1.6937775047787904
1437.5 1.033308889877055
1438.0 1.2766383329430455
1438.5 2.0069723270623507
1439.0 0.8041768156100895
1439.5 1.0623656329257867
1440.0 0.9807039507639853
1440.5 1.1147426396671059
1441.0 0.8183720932940144
1441.5 0.9906818980176494
1442.0 1.1589064445120827
1442.5 0.7872892105912828
1443.0 0.9702776822970813
1443.5 1.4864865886314478
1444.0 0.5990517982545605
1444.5 0.5987753662185603
1445.0 1.2313004383738937
1445.5 1.1672226055861026
1446.0 0.7179566636661079
1446.5 0.8648604286995187
1447.0 1.4500487853439623
1447.5 1.591234534678009
1448.0 2.641212700861424
1448.5 1.706896247100509
1449.0 1.7767578279216893
1449.5 1.0898571595873812
1450.0 1.1350947548430843
1450.5 1.7373665501788866
1451.0 0.9981917283979711
1451.5 0.9976465759968067
1452.0 0.868221310002757
1452.5 0.7287373645163056
1453.0 1.3028841973321814
1453.5 1.6129943691378807
1454.0 1.421322367158734
1454.5 0.3671236952273613
1455.0 0.5854987891270492
1455.5 0.8522076470256902
1456.0 1.849016703133712
1456.5 1.5621633795245589
1457.0 1.3755696179013577
1457.5 1.256548241816347
1458.0 1.4700248393991109
1458.5 1.0556341246218226
1459.0 1.0551387247264032
1459.5 1.1182450390456247
1460.0 0.8287355647549928
1460.5 0.8645101051397182
1461.0 0.796186373832537
1461.5 0.4541517296033934
1462.0 0.728766674974463
1462.5 0.7339909926187553
1463.0 0.7576451954816998
1463.5 0.8256508014864012
1464.0 0.7243244090456529
1464.5 0.8949749156837954
1465.0 0.6510024270791113
1465.5 0.728177251543245
1466.0 0.715483967214426
1466.5 0.6583200244817322
1467.0 0.7915892523121049
1467.5 0.6752829941740102
1468.0 2.256829854902209
1468.5 3.4604087982727063
1469.0 1.95614790197408
1469.5 2.2975595447074872
1470.0 2.248698954349887
1470.5 2.0196261124011454
1471.0 2.118936123228841
1471.5 1.772750747033434
1472.0 1.809534879961088
1472.5 2.2809251924009324
1473.0 1.2863053364385317
1473.5 2.442856292768184
1474.0 1.346418300775436
1474.5 2.226743337071286
1475.0 1.0587282330863093
1475.5 0.9019291997487553
1476.0 0.7707905796640633
1476.5 0.7854301821833027
1477.0 0.9261658518484452
1477.5 0.6980215203640464
1478.0 0.8715339373561377
1478.5 0.7331688127588404
1479.0 0.7640948874139337
1479.5 0.658107914715073
1480.0 0.7924921818162156
1480.5 0.6917385172033996
1481.0 0.7434842072893042
1481.5 1.8812447736271756
1482.0 1.9442514082546694
1482.5 1.0535712146650595
1483.0 1.2803890657724206
1483.5 0.895800175513835
1484.0 1.1575212306166391
1484.5 1.3886652147260143
1485.0 1.2838744945614367
1485.5 1.5392347346844448
1486.0 1.5479959898557398
1486.5 1.7216352301328606
1487.0 1.744537176496845
1487.5 1.8912035706753032
1488.0 3.3524005412280085
1488.5 2.649126668009089
1489.0 2.41031613765944
1489.5 2.4438792992713667
1490.0 1.6109325176258091
1490.5 1.0874913296723028
1491.0 1.6574868106315472
1491.5 2.3530030281891867
1492.0 0.2
1492.5 1.009853765679722
1493.0 2.418353722107745
1493.5 1.4934234386054381
1494.0 1.2995573985508955
1494.5 0.40163378658837046
1495.0 0.6009231478201733
1495.5 0.8261805847009052
1496.0 1.066061158939851
1496.5 1.2513464197989221
1497.0 0.9445053739304299
1497.5 1.1234052453685197
1498.0 1.4527934953247528
1498.5 0.7509855801211398
1499.0 1.4296859738803347
1499.5 0.6730177876533793