900.0 1.0916873345395828
900.5 0.6665213800661042
901.0 0.9494541150225296
901.5 0.914129038028022
902.0 0.7196802306588903
902.5 0.8042419335473745
903.0 1.3501019723776821
903.5 0.7352642849100476
904.0 1.07146968109401
904.5 0.7443505437842344
905.0 0.7603773566787125
905.5 1.0486568774538587
906.0 2.6624735854629744
906.5 0.9452256526451726
907.0 2.9473110714047346
907.5 1.753997884350558
908.0 2.3767892940102593
908.5 1.8713686171853103
909.0 0.8689254151824513
909.5 3.6224304789359434
910.0 1.6099341635031104
910.5 1.7471478857686464
911.0 2.3279625883662014
911.5 2.931124071653164
912.0 1.5197500649390667
912.5 0.9169544381195105
913.0 0.7334366902611831
913.5 1.7850121163916604
914.0 2.554357645470433
914.5 1.677663779963421
915.0 2.3685053108924383
915.5 2.130212812601977
916.0 1.7735280701577494
916.5 2.2400982059093417
917.0 2.349769104687147
917.5 1.502294137030558
918.0 1.02768789435556
918.5 1.2388298378562652
919.0 2.2054626804021886
919.5 1.9568418223195252
920.0 2.314320193251236
920.5 1.96955755802784
921.0 1.643108966588822
921.5 2.0186862719552376
922.0 1.7777256955241982
922.5 1.3222399734931012
923.0 2.353445946784947
923.5 1.020059904173023
924.0 0.8292812951271247
924.5 1.5260983532434684
925.0 4.383752605352182
925.5 2.151184077055588
926.0 2.6191581609556023
926.5 1.78910883495612
927.0 1.651186627373711
927.5 2.122804109209475
928.0 2.2351747898145202
928.5 2.1679475135678077
929.0 1.7657224352928345
929.5 2.9152294412911175
930.0 1.0508535236298828
930.5 1.6322849631116954
931.0 1.8574734682017566
931.5 2.6940979502170643
932.0 1.4096767951319156
932.5 2.768668019609019
933.0 1.661349187959499
933.5 1.3607349530603707
934.0 0.691153139050517
934.5 0.8922185240758032
935.0 0.7685933824994694
935.5 1.0546579363417936
936.0 0.5810476074639174
936.5 0.7757212413358874
937.0 1.0401444306016399
937.5 1.2772837090557618
938.0 2.23124200196171
938.5 1.378582781645381
939.0 1.5601166948210863
939.5 1.3855874631544958
940.0 1.0670956649024546
940.5 1.5092602550496657
941.0 1.409927518488613
941.5 1.094707877793564
942.0 1.3479865119995265
942.5 1.5454084012097757
943.0 0.8303001158961555
943.5 2.3213952144468752
944.0 1.508896837880047
944.5 2.516185294706337
945.0 1.741418386412751
945.5 1.586680799020111
946.0 0.7016180810307218
946.5 1.065178926799941
947.0 1.026894967843563
947.5 0.986734345310203
948.0 1.209698900511039
948.5 1.3317969829289222
949.0 1.379809221272013
949.5 2.0173757630183484
950.0 1.2322491707600038
950.5 1.5334860340831116
951.0 2.6149657771555708
951.5 0.9777235583932227
952.0 1.4435775867997482
952.5 0.7037899926207214
953.0 1.150793127097581
953.5 1.0961874118157158
954.0 0.7575967529375784
954.5 0.8044576497839271
955.0 1.113375735821521
955.5 1.0231601500788656
956.0 1.276678206098501
956.5 0.8921797544975991
957.0 1.8607815774502499
957.5 1.6801487345491566
958.0 3.958774108345615
958.5 1.0726497723282047
959.0 0.2
959.5 0.3923702699550118
960.0 2.2272142839254387
960.5 2.1618117918622346
961.0 1.8680872874578447
961.5 1.6489604702153773
962.0 0.4487255287665515
962.5 2.5741508587531428
963.0 0.9220986558168756
963.5 1.5389105279028277
964.0 1.6275950389885896
964.5 0.8069406793551446
965.0 0.8029918232128348
965.5 1.6800195679173346
966.0 1.1355295555099092
966.5 1.4322396800285309
967.0 1.0758617884536734
967.5 2.7358434645010306
968.0 3.242813259257237
968.5 1.3068577104075425
969.0 1.6575486433314905
969.5 2.201519178804319
970.0 2.59524411902613
970.5 2.396323121756417
971.0 1.4679527045672964
971.5 2.182056565585789
972.0 0.5401670376001431
972.5 1.2586797758891826
973.0 0.5087344258294295
973.5 2.3101332314097305
974.0 0.6913843419855719
974.5 1.298969485068826
975.0 1.7451196394168043
975.5 1.3793880911211167
976.0 2.1118882918340356
976.5 2.228317825930514
977.0 0.7356952453970129
977.5 1.7151654406357526
978.0 2.078769859545467
978.5 1.0042355060382564
979.0 0.6566190126113595
979.5 1.1475181535173808
980.0 1.7619381738950792
980.5 1.4965973743953278
981.0 1.0435787308584936
981.5 1.031844811124832
982.0 1.913656851131874
982.5 1.4798595579122984
983.0 1.481215779287702
983.5 1.8815383826975267
984.0 1.6604016225933078
984.5 1.3588440944841191
985.0 1.264445882219491
985.5 1.6863917038100191
986.0 0.9710914203469115
986.5 1.0538770395877437
987.0 0.8153523255326086
987.5 1.710818157908776
988.0 1.37737897587417
988.5 1.2279482671784399
989.0 1.4953628564486992
989.5 1.2082067166822459
990.0 2.741473884509584
990.5 1.953715422313327
991.0 1.5057748907687942
991.5 2.3352832249247744
992.0 1.1216916694839147
992.5 1.241692793093025
993.0 2.619009163851735
993.5 1.3300387515830103
994.0 1.8512159399925603
994.5 2.1823583427771123
995.0 2.2863712398295073
995.5 2.331466439000648
996.0 0.8216141179913445
996.5 2.3348279486176575
997.0 1.0303734107059435
997.5 0.9021011470741598
998.0 0.989300257503525
998.5 0.8150931261652593
999.0 1.793001919058693
999.5 1.813666307063838
1000.0 2.6094366189882954
1000.5 1.7525129530142296
1001.0 1.9078412555215933
1001.5 1.9231377981538833
1002.0 3.3806449788184314
1002.5 0.8989437427873346
1003.0 1.0099867299262713
1003.5 0.7851120090863376
1004.0 0.6297331482164863
1004.5 4.648011822689334
1005.0 3.0320297815087347
1005.5 2.063763465785244
1006.0 1.6545954759373556
1006.5 1.5873408417888835
1007.0 4.308716643179507
1007.5 2.8758257241087044
1008.0 2.1840785848506714
1008.5 1.7069455497802521
1009.0 3.8520776124629235
1009.5 2.732069185075714
1010.0 1.784296798640309
1010.5 0.6165472659612716
1011.0 1.0885594107596872
1011.5 0.7824856470616627
1012.0 1.2418210210930614
1012.5 2.2449498146125717
1013.0 1.0056043139347333
1013.5 1.4796344188563941
1014.0 0.8206737173587438
1014.5 0.9578323599046168
1015.0 1.7378233132730667
1015.5 1.8471951120780163
1016.0 2.4926799388421435
1016.5 1.081765963548906
1017.0 0.29810324919285325
1017.5 1.0705310841341047
1018.0 0.7458183628730176
1018.5 1.2812365623083681
1019.0 0.4469540495184636
1019.5 1.636043363678764
1020.0 1.727615090512323
1020.5 0.5189198495995944
1021.0 0.6842022703940557
1021.5 1.8777889270353103
1022.0 1.914940206115498
1022.5 0.7408266566124282
1023.0 1.4218155417257823
1023.5 1.1284833692964664
1024.0 0.33788286523670297
1024.5 0.6800059443179942
1025.0 1.3800734095468492
1025.5 1.9653993908392557
1026.0 1.7122864394053734
1026.5 0.6723850112234198
1027.0 0.6250593798497976
1027.5 0.4234849555934257
1028.0 2.4928990789185486
1028.5 0.7726065023280775
1029.0 1.3663101389399939
1029.5 0.5169237942613635
1030.0 1.2519740666459143
1030.5 0.9033453482430586
1031.0 2.435163578397582
1031.5 1.5948075452891624
1032.0 1.9102574383865036
1032.5 1.6403549311311676
1033.0 1.4087615266683973
1033.5 2.382245452744149
1034.0 0.9958474265169391
1034.5 0.6503926852640094
1035.0 1.3900529658749794
1035.5 2.3313727243742135
1036.0 1.9971324990179518
1036.5 1.5416621261525068
1037.0 2.0109672724382515
1037.5 1.0483385623607748
1038.0 1.5845694096599496
1038.5 2.493764908875854
1039.0 1.6273594777099643
1039.5 2.401119093691914
1040.0 0.5908023138785371
1040.5 1.650730877207394
1041.0 0.8017396512280132
1041.5 1.8966232857145455
1042.0 1.6956103185872027
1042.5 1.4901107996869605
1043.0 1.357030479926269
1043.5 1.5363008133044103
1044.0 1.237070336802034
1044.5 1.3293863282932175
1045.0 1.2991777902706378
1045.5 0.5253201989443628
1046.0 0.6255067808854012
1046.5 0.8633899325387902
1047.0 0.5937420920670389
1047.5 1.3702302363304548
1048.0 0.9240868377111757
1048.5 0.7394616425427667
1049.0 0.8564956571572271
1049.5 0.9190508451459244
1050.0 0.8767388126616813
1050.5 1.446644800209348
1051.0 2.999897942637147
1051.5 2.477951459544278
1052.0 0.8509065842283511
1052.5 0.5485279139392737
1053.0 1.1371945867111055
1053.5 1.4134269901398562
1054.0 0.9734021679330506
1054.5 1.1772710255459486
1055.0 1.400377507659277
1055.5 1.9952574491599753
1056.0 2.307561227338648
1056.5 1.4072300318267248
1057.0 1.089464364642899
1057.5 1.4597447318980235
1058.0 1.0208417088890505
1058.5 1.3674887523217627
1059.0 1.5065665520553666
1059.5 1.8610179133169162
1060.0 2.5058079538873104
1060.5 1.2263743667174511
1061.0 1.7360346966671463
1061.5 1.5173877744553028
1062.0 1.808173403599212
1062.5 2.3334131804069598
1063.0 1.7417097228091092
1063.5 1.7903189081284525
1064.0 1.6669173087484945
1064.5 1.4804093395150875
1065.0 0.9448835588697957
1065.5 0.6755750245750771
1066.0 1.2205466303062602
1066.5 1.1991452030511387
1067.0 1.3323616316772928
1067.5 1.3214474452695484
1068.0 1.286396593281263
1068.5 1.024409784436807
1069.0 0.6826417341155219
1069.5 0.8752985014175854
1070.0 0.8825318843619394
1070.5 0.3132384200733551
1071.0 0.7303210626373617
1071.5 0.7887529018355819
1072.0 1.218501452015909
1072.5 1.1888610850798536
1073.0 0.5326317043241302
1073.5 1.2115092034805897
1074.0 0.892201266376069
1074.5 0.7594189912722473
1075.0 0.7498523422291322
1075.5 1.6921000693918085
1076.0 1.2740599969357702
1076.5 1.4678886126283315
1077.0 4.078046672384495
1077.5 2.5082399783941853
1078.0 2.7604399527405095
1078.5 2.9815360987120156
1079.0 3.477139728651828
1079.5 2.2924316472742796
1080.0 3.2680636835000607
1080.5 1.7755375356686875
1081.0 2.56848961932694
1081.5 2.4260894980723275
1082.0 0.8887487817971269
1082.5 3.0853019529105037
1083.0 3.043000937869217
1083.5 2.212682222097604
1084.0 1.5169493720388658
1084.5 1.0095689427460108
1085.0 1.6946230533195485
1085.5 1.5880715086908357
1086.0 1.0602975890468809
1086.5 1.3779240120502387
1087.0 0.6096966887537743
1087.5 1.3113879320504251
1088.0 0.898900992353816
1088.5 1.0653965374318672
1089.0 0.9367346472808118
1089.5 1.0494355696850217
1090.0 1.2707268490622363
1090.5 0.6724449441041978
1091.0 4.086194656964407
1091.5 2.8930754028704784
1092.0 1.2200723489611562
1092.5 1.4012642550112815
1093.0 2.0359721918910783
1093.5 2.192905609852298
1094.0 2.2177884507419177
1094.5 4.384574194704083
1095.0 2.349278929352052
1095.5 2.3958022722884222
1096.0 1.9669387703494268
1096.5 1.6743525640072054
1097.0 2.443172322599767
1097.5 4.301267393857126
1098.0 2.4727583029459597
1098.5 0.8789397136669548
1099.0 4.34820965233798
1099.5 2.230972586474025
1100.0 1.9192905181920603
1100.5 2.50110301860476
1101.0 2.22175821183546
1101.5 1.8583608788324513
1102.0 2.7457938427881405
1102.5 1.8678684915239803
1103.0 1.853906017779925
1103.5 1.793576029210005
1104.0 0.3198948267234001
1104.5 3.1035719021575026
1105.0 0.9589030094558537
1105.5 1.2846180613710572
1106.0 1.2047961711086221
1106.5 0.9816893087210667
1107.0 0.8342330808085517
1107.5 0.8681940071196452
1108.0 1.534824970590949
1108.5 1.2664289100503394
1109.0 1.4997699516036693
1109.5 1.2745461574619688
1110.0 1.0169152260039604
1110.5 2.7374921390441633
1111.0 0.5071652338941219
1111.5 0.4250796215933921
1112.0 2.3624856708890705
1112.5 2.4755530251197793
1113.0 1.8588398776494566
1113.5 1.6465857827336312
1114.0 3.4612631134848155
1114.5 2.834618226782231
1115.0 1.6378019529150347
1115.5 1.788493402515599
1116.0 0.419887773720508
1116.5 1.6364692385443877
1117.0 1.9466196852859539
1117.5 1.9822776380291
1118.0 3.462773122181635
1118.5 1.7820398856940218
1119.0 1.7376044213498174
1119.5 3.1782895745859623
1120.0 2.0429668397142553
1120.5 3.3607205533744935
1121.0 2.5374982936437145
1121.5 1.8756268840016361
1122.0 2.481504892195881
1122.5 0.8301250983431667
1123.0 0.7583450892784489
1123.5 1.109672216829379
1124.0 1.0900596641549434
1124.5 0.8734972790073752
1125.0 0.7801775097992926
1125.5 1.280450589395937
1126.0 0.6191721942679747
1126.5 0.7557979005892955
1127.0 0.7074411744851563
1127.5 1.0512964805185838
1128.0 1.0014775216101541
1128.5 0.6242803752752022
1129.0 0.7920279528353074
1129.5 0.7665369726420661
1130.0 0.8134715667078605
1130.5 0.6687581387969621
1131.0 1.0348154385384771
1131.5 0.9017976617524436
1132.0 1.0302771350159876
1132.5 1.1152003589100108
1133.0 1.683433385929654
1133.5 1.1196592991343648
1134.0 1.708536713847124
1134.5 0.7105853244610166
1135.0 1.782777845303679
1135.5 0.8724571167411916
1136.0 1.6847483853861915
1136.5 1.2237004626312784
1137.0 1.0010354268808603
1137.5 0.9505133486236872
1138.0 1.400145415276053
1138.5 1.7291008488879567
1139.0 1.6589007252107337
1139.5 1.1989411442220106
1140.0 1.844706609668741
1140.5 1.64858197495167
1141.0 0.2
1141.5 0.7360031116216347
1142.0 1.3120027863739248
1142.5 0.8853719763035428
1143.0 1.599498795047607
1143.5 1.7589023651060844
1144.0 1.8498123196439717
1144.5 1.1194578391277785
1145.0 1.1446619300603071
1145.5 1.8789696667315334
1146.0 1.5610103132267252
1146.5 1.0625118946530512
1147.0 2.599897215096702
1147.5 2.1244605952421303
1148.0 2.294671011019004
1148.5 3.03730745201261
1149.0 0.9357823215224124
1149.5 2.241756350207684
1150.0 1.620051774761239
1150.5 1.8006303050767358
1151.0 2.365454914211191
1151.5 2.5408489112304213
1152.0 2.818077546435756
1152.5 1.5485196605323832
1153.0 2.119812006443857
1153.5 1.716098485475812
1154.0 2.2735197045009574
1154.5 2.3514335383061273
1155.0 2.0967040680387385
1155.5 2.0561394166081968
1156.0 0.30710629147622837
1156.5 2.8257876093180965
1157.0 2.420934267705661
1157.5 2.343348237383839
1158.0 2.6958798222031977
1158.5 2.27800030133827
1159.0 2.0442735810962254
1159.5 3.4168104976191396
1160.0 3.606786103119007
1160.5 1.3525109305924035
1161.0 1.3845374365832228
1161.5 0.6627224970485821
1162.0 0.73029533128927
1162.5 1.136535452552886
1163.0 0.9322900571612251
1163.5 1.0029001114699567
1164.0 1.174068213908388
1164.5 1.398022805007511
1165.0 0.763300357411635
1165.5 1.5865162201887524
1166.0 1.4467717925243702
1166.5 1.158417584602407
1167.0 0.6071683628091367
1167.5 0.8367463407274792
1168.0 0.8771265720194518
1168.5 0.964840940362784
1169.0 0.9402844922127414
1169.5 1.29550387058829
1170.0 0.9764863541902751
1170.5 0.8606888350369482
1171.0 1.0281589450940198
1171.5 1.1039292297636965
1172.0 1.2422834097965154
1172.5 0.9659838770408514
1173.0 1.3209197353600004
1173.5 0.7475744396864155
1174.0 1.3199254763844266
1174.5 0.6682918039871619
1175.0 0.6890815044400918
1175.5 0.6773283180739659
1176.0 1.3622367286970178
1176.5 0.6954211245707546
1177.0 0.7854849944610893
1177.5 1.0608581197461548
1178.0 1.075019342915675
1178.5 1.482007830224103
1179.0 0.8845704251317819
1179.5 1.1043077372123666
1180.0 1.1645514815530396
1180.5 1.056997371547584
1181.0 1.2078961396750065
1181.5 0.7966846317119824
1182.0 0.6611934640930146
1182.5 0.9712807025323038
1183.0 0.827445939436694
1183.5 0.6357468636756141
1184.0 0.9945733474724723
1184.5 1.540687790144089
1185.0 1.428636544904099
1185.5 1.4272743390619662
1186.0 0.8646929593000434
1186.5 1.0159649690595076
1187.0 1.3881023879799566
1187.5 0.8671070538523616
1188.0 1.8620933280464218
1188.5 2.5124848128206407
1189.0 2.018700191266772
1189.5 1.9678815210978315
1190.0 1.108261088708801
1190.5 1.1083865242361441
1191.0 1.1136661689577219
1191.5 1.0710994517733243
1192.0 1.23992051244874
1192.5 1.3717726404631048
1193.0 0.8200373346629128
1193.5 1.9057269559662944
1194.0 1.2839529197650974
1194.5 1.6185352292575008
1195.0 1.2103007875192247
1195.5 1.384501136065168
1196.0 1.2610643901619074
1196.5 2.0028963891187868
1197.0 1.1959512372904537
1197.5 1.3585804581852985
1198.0 0.5043507008425432
1198.5 0.7013978820759692
1199.0 0.7322702939372394
1199.5 0.6897674000407603