1800.0 1.5481668346024113
1800.5 1.7536316629682294
1801.0 2.678836237193556
1801.5 2.715643998474582
1802.0 2.7514546758797316
1802.5 3.3549239298541558
1803.0 1.9055964252598478
1803.5 1.9579447069896152
1804.0 1.2587678590082931
1804.5 1.864678206974796
1805.0 1.532079386963185
1805.5 1.019273345394104
1806.0 2.5589651578328683
1806.5 1.7162051730864185
1807.0 2.24174002132769
1807.5 2.6076279810187213
1808.0 0.975114216465012
1808.5 1.7247158338192625
1809.0 2.4292048560280843
1809.5 1.8324666856666094
1810.0 1.1254358170427237
1810.5 0.709933084824939
1811.0 1.3171383268019636
1811.5 2.43282192924748
1812.0 2.188920308705507
1812.5 1.2844489562101167
1813.0 1.1525272239247952
1813.5 1.065816876429872
1814.0 0.45270922166508687
1814.5 0.5780281920762648
1815.0 1.1876836567608722
1815.5 1.4150672120449537
1816.0 0.6875024949114545
1816.5 1.174415169387725
1817.0 1.4767753331281859
1817.5 0.8386446854825998
1818.0 1.3016136992185805
1818.5 0.9089899900577505
1819.0 1.0652493932880356
1819.5 1.0015167906789162
1820.0 1.634790973169829
1820.5 0.7065146738906605
1821.0 0.7085337377785828
1821.5 0.5502536691212987
1822.0 1.2062065248330534
1822.5 2.3242690704219795
1823.0 2.180859469073349
1823.5 0.5303903711121396
1824.0 1.7404093195713757
1824.5 1.6910502763738833
1825.0 1.7625342736831815
1825.5 1.7173390962854282
1826.0 3.26933598163028
1826.5 2.9709898799846055
1827.0 1.5322936766760902
1827.5 3.2365981050512413
1828.0 2.5625859387405905
1828.5 3.2842000619148215
1829.0 2.615709490466486
1829.5 2.637626891814749
1830.0 1.6499001559023612
1830.5 1.9499690121229443
1831.0 0.9543994633792761
1831.5 2.0085788230777157
1832.0 2.0706627060113334
1832.5 2.0934612376667046
1833.0 1.905925677682279
1833.5 1.9339832603749079
1834.0 3.007111659396684
1834.5 4.0342456102551125
1835.0 1.5361801779779316
1835.5 1.5901061704241681
1836.0 1.160707413992074
1836.5 2.9622644909835643
1837.0 1.8139560800041887
1837.5 2.390929015036987
1838.0 0.9653658509769609
1838.5 1.83050286020704
1839.0 1.8281355717636567
1839.5 2.950360278547537
1840.0 1.6062351213236172
1840.5 3.0591973392623197
1841.0 2.93136145370943
1841.5 0.7295643961791631
1842.0 0.9439834563530309
1842.5 2.0998541749380326
1843.0 0.23821157767555556
1843.5 1.6893064155674131
1844.0 4.0798971707950535
1844.5 2.346538417552445
1845.0 2.3199747951346854
1845.5 1.3375538063687382
1846.0 1.2929130947406748
1846.5 0.9787844710870157
1847.0 1.6418046449439632
1847.5 1.2078251945796548
1848.0 0.5636357656693749
1848.5 1.1981031500011423
1849.0 1.1527057381008499
1849.5 1.5536175876019023
1850.0 0.9587310057388767
1850.5 2.0793681999800655
1851.0 1.5318376906572726
1851.5 1.4814905703802543
1852.0 1.1007857602288125
1852.5 2.5920448815205663
1853.0 1.7813848380138255
1853.5 2.3718511886157607
1854.0 1.1893678949112254
1854.5 1.9524314590378453
1855.0 2.1911758869911147
1855.5 3.00575267101802
1856.0 1.4414501984430537
1856.5 1.1595784829856295
1857.0 1.0900662988301613
1857.5 1.0213661954879565
1858.0 1.0106684746368007
1858.5 1.359224426221506
1859.0 1.17059889416039
1859.5 2.4972565170614427
1860.0 1.6449869448140975
1860.5 3.2956570143787074
1861.0 2.624512735736773
1861.5 0.454713237482246
1862.0 1.6777799763561867
1862.5 1.5027854519104813
1863.0 1.0973517217645943
1863.5 1.8721816005573766
1864.0 1.5946249203323841
1864.5 1.5261489158987016
1865.0 1.3743723325243957
1865.5 0.6731335554676708
1866.0 1.1902803979994678
1866.5 1.2749698727014933
1867.0 0.9917766548642857
1867.5 1.9432407489420938
1868.0 1.2325678143409247
1868.5 1.4254576502155656
1869.0 0.8270955207894825
1869.5 0.3424009930037586
1870.0 1.3997351344308318
1870.5 1.3605576818817404
1871.0 1.6458664115624226
1871.5 0.44081298729006013
1872.0 1.9392006124979588
1872.5 1.786647286604804
1873.0 1.382774507248949
1873.5 1.0488945465852746
1874.0 1.4560178614325205
1874.5 1.492756550279289
1875.0 2.5301406538252302
1875.5 1.003637415477611
1876.0 1.8560014538138827
1876.5 1.2446590165164584
1877.0 1.0799909492969015
1877.5 1.6989302610921089
1878.0 1.9309995514809517
1878.5 2.0665577641688353
1879.0 1.441610761309026
1879.5 1.0183114760920506
1880.0 1.4748306256113097
1880.5 0.7815956683233106
1881.0 0.9035263982556404
1881.5 1.2700676990686852
1882.0 0.9853185107670618
1882.5 1.7940508822576604
1883.0 1.1332446092755353
1883.5 1.3077262092222528
1884.0 1.3683951724910821
1884.5 0.8408299382560898
1885.0 1.3414079790405744
1885.5 1.1568072572700001
1886.0 0.6585345573295447
1886.5 0.8244593775845284
1887.0 0.9008302114951263
1887.5 0.5865404731407529
1888.0 0.6454202215314376
1888.5 0.6996183684220488
1889.0 0.7136701389090623
1889.5 0.9422740294577384
1890.0 1.354974335718733
1890.5 1.569256646292544
1891.0 1.2455205859582634
1891.5 2.086107310036579
1892.0 2.0622588273694644
1892.5 1.8333297855464106
1893.0 0.6903095159637844
1893.5 0.8140647739208717
1894.0 0.7639998991879022
1894.5 0.840515463216988
1895.0 0.6388639371563956
1895.5 0.7501377450935749
1896.0 0.7176011843645655
1896.5 0.7437000005629506
1897.0 0.8556412000153173
1897.5 0.7787737703314606
1898.0 0.789551569484791
1898.5 0.6399681929862575
1899.0 0.4418883433898401
1899.5 0.6364281110145122
1900.0 0.6521651331724886
1900.5 1.1942361986484955
1901.0 1.958195587708081
1901.5 1.5268616380802678
1902.0 1.9384655399962756
1902.5 1.4676393525114482
1903.0 1.9218080281863061
1903.5 1.236863294210886
1904.0 0.6701760721825261
1904.5 0.9615556827097007
1905.0 0.9644239532192609
1905.5 0.4404538450286245
1906.0 1.1691481698411483
1906.5 2.1373664526116953
1907.0 2.4255446024689635
1907.5 1.283263211117839
1908.0 3.5543916597778913
1908.5 3.005568451735821
1909.0 2.649355929683539
1909.5 1.7224098353086124
1910.0 2.581731461385912
1910.5 1.3429357510194633
1911.0 1.420517273445363
1911.5 1.9153207468501126
1912.0 2.4862558837310673
1912.5 2.1813598294233216
1913.0 2.261694535040074
1913.5 2.607163336871823
1914.0 2.746132386367857
1914.5 2.2627782611030303
1915.0 3.930685188564679
1915.5 3.1031742534794384
1916.0 2.7127823243022156
1916.5 2.467424054398043
1917.0 3.5546990898266824
1917.5 2.151961738539151
1918.0 1.6696297109933067
1918.5 3.398511621280891
1919.0 2.093557811423303
1919.5 3.702530385587726
1920.0 1.1476260309599
1920.5 2.8319088808457535
1921.0 2.155403782373749
1921.5 3.151059611399961
1922.0 1.9861964683050788
1922.5 1.9860124099942311
1923.0 1.4256037595120485
1923.5 3.7334559976504194
1924.0 2.1488084200794964
1924.5 2.189948470480534
1925.0 1.3733777666877764
1925.5 1.9608663620234323
1926.0 2.0841254850375024
1926.5 1.6945559539093422
1927.0 2.672165091754704
1927.5 2.0015487710385615
1928.0 2.169751512622984
1928.5 0.7326892023742386
1929.0 2.442041419185828
1929.5 1.2197082954928198
1930.0 1.6037626065270212
1930.5 3.33188356523436
1931.0 1.1453544783827798
1931.5 1.136032414864062
1932.0 0.45029954052613697
1932.5 0.7392668001093785
1933.0 1.4053390197779894
1933.5 1.5090009481629436
1934.0 0.5113717545109793
1934.5 0.9393007888414675
1935.0 1.214998054422583
1935.5 0.9628336280922816
1936.0 0.8887708214402577
1936.5 1.1495005794568787
1937.0 1.2301483304115088
1937.5 1.0024511977908783
1938.0 0.8983161121379721
1938.5 1.2849176720165736
1939.0 1.7928674916392542
1939.5 1.675122428862792
1940.0 2.4033233133439746
1940.5 2.340247872829183
1941.0 1.9664920301197863
1941.5 1.586443877708358
1942.0 1.9727124580678284
1942.5 1.108182306533437
1943.0 1.693125124524616
1943.5 2.2636130305041253
1944.0 2.522117053527964
1944.5 1.6642192555859197
1945.0 1.5785708443429434
1945.5 1.9928366747596293
1946.0 1.5929549706134916
1946.5 1.7222482587702816
1947.0 1.6672464038215993
1947.5 1.8991373810367624
1948.0 2.108023224093574
1948.5 1.6188762125794747
1949.0 1.4617449329126477
1949.5 2.404831135758175
1950.0 1.8257939502400156
1950.5 1.75461822841964
1951.0 2.5634677918158917
1951.5 0.7583503524258564
1952.0 1.0927721186059858
1952.5 1.6976786905501329
1953.0 2.455524941921132
1953.5 1.6354712218381233
1954.0 1.6805314803840792
1954.5 1.0498988168894465
1955.0 1.8257028640051192
1955.5 1.5862373160531074
1956.0 1.71472525632991
1956.5 1.8537574659940557
1957.0 1.772929421610534
1957.5 1.4509808937348585
1958.0 2.95973681885653
1958.5 2.9813802346991265
1959.0 1.8120164866937833
1959.5 2.4057798667731642
1960.0 2.0739704978924474
1960.5 2.999475088387572
1961.0 3.5453933110232754
1961.5 2.765246353994555
1962.0 2.097387606579557
1962.5 1.81761881915811
1963.0 1.7913012290783588
1963.5 2.139954965989368
1964.0 2.798101819511307
1964.5 1.7069823684547871
1965.0 1.047519668861686
1965.5 1.3141745726698473
1966.0 1.980899893188421
1966.5 1.6187288537516755
1967.0 0.5914611903206677
1967.5 1.6541710070357905
1968.0 1.9225092326587183
1968.5 1.9528676633117934
1969.0 1.9922795382779874
1969.5 1.2471794734282582
1970.0 1.9341575396906192
1970.5 2.1555402461952533
1971.0 2.2018213320309754
1971.5 2.1684686839940612
1972.0 1.1971100458745223
1972.5 2.2589825706308337
1973.0 0.3734061757760996
1973.5 2.113889817961546
1974.0 0.8195424583336275
1974.5 1.604848227975441
1975.0 0.8177102361503441
1975.5 1.245324258082955
1976.0 1.672243146163875
1976.5 1.0191692124394547
1977.0 1.4224769546638405
1977.5 1.502915203814651
1978.0 1.3770056059297087
1978.5 0.7678428507069901
1979.0 1.3921258710227198
1979.5 1.5784603585421848
1980.0 1.2244424430589498
1980.5 1.4070086944451394
1981.0 1.0817304384573279
1981.5 1.7880157668464938
1982.0 1.850778961356178
1982.5 1.4109592630604748
1983.0 1.00667177625898
1983.5 0.7002393183291932
1984.0 1.2128212565185779
1984.5 1.0166438874694848
1985.0 1.4115858007044821
1985.5 1.753182452734102
1986.0 0.7948481716649
1986.5 1.700609415687302
1987.0 1.7153070446544738
1987.5 1.074320029883007
1988.0 0.9706181329103047
1988.5 1.1684276375540512
1989.0 1.5897917715139132
1989.5 1.1018784333553642
1990.0 1.4925958587690362
1990.5 1.6470227690187182
1991.0 1.2316982998569515
1991.5 1.7862006294316524
1992.0 1.028707437287495
1992.5 1.3048247122906358
1993.0 1.2367826974206801
1993.5 1.309815147365379
1994.0 1.4438198808518123
1994.5 0.6879513455517431
1995.0 1.049193128363312
1995.5 1.5727746596756456
1996.0 1.3708852558447182
1996.5 1.3341123722095265
1997.0 0.9924214962414935
1997.5 1.286849860072289
1998.0 0.3719767206915279
1998.5 1.6498092635316632
1999.0 1.4989037582170275
1999.5 1.983625879358583
2000.0 0.9998111616498138
2000.5 1.2677401584102777
2001.0 1.5128103441332676
2001.5 0.2480439115445987
2002.0 3.422773711185595
2002.5 3.1688262529452587
2003.0 2.2274628223374076
2003.5 0.9271810066382686
2004.0 1.246575245349625
2004.5 1.9382917973530587
2005.0 2.214633343065964
2005.5 0.9582395402636751
2006.0 0.3701708116934237
2006.5 1.764986704026863
2007.0 3.168039517535936
2007.5 2.9910421445174724
2008.0 2.131755397473804
2008.5 1.2635091918975874
2009.0 1.3345019359542218
2009.5 1.5715371534125588
2010.0 1.9720152254362222
2010.5 1.0270555853916088
2011.0 2.084305489900264
2011.5 0.8367589263143089
2012.0 1.678434945345116
2012.5 1.7098925084064356
2013.0 1.937176710431294
2013.5 1.834308388125762
2014.0 2.741582888764709
2014.5 0.32761663007317177
2015.0 1.9535533598697914
2015.5 1.7655757056749901
2016.0 3.131420624397369
2016.5 3.354639250153754
2017.0 2.252393171607947
2017.5 2.1776338597168916
2018.0 0.7531852006096622
2018.5 2.9033212346203303
2019.0 3.2183755242488052
2019.5 1.6914481377213062
2020.0 2.4173526718884366
2020.5 1.1170945614798664
2021.0 1.741041176552776
2021.5 1.782530204694776
2022.0 2.0553483657957363
2022.5 1.6116654513736062
2023.0 1.567679227460326
2023.5 1.5291251349512094
2024.0 0.7868734385737057
2024.5 1.4160674070865653
2025.0 1.8262437388791697
2025.5 1.3847580157225647
2026.0 1.663697116406499
2026.5 1.1953744103193151
2027.0 1.7162155086917656
2027.5 1.4516802795751853
2028.0 1.21244139652961
2028.5 1.0311689005149778
2029.0 1.0708259969886575
2029.5 1.4726483593793023
2030.0 1.3973697285342164
2030.5 0.6247980075506077
2031.0 0.6891143527207623
2031.5 1.3713146694639182
2032.0 1.107156089272527
2032.5 1.5843779856384084
2033.0 1.6272741870938763
2033.5 0.8403246513023774
2034.0 0.8630571576686741
2034.5 1.6581743143293317
2035.0 1.955547879668612
2035.5 1.4526666420013332
2036.0 1.7543382231577493
2036.5 0.774652009076759
2037.0 0.489547973053547
2037.5 0.9584958796050684
2038.0 1.1123579466814917
2038.5 1.2268802180676213
2039.0 1.2763562511915096
2039.5 1.3340000309029616
2040.0 1.425957530173481
2040.5 0.2
2041.0 0.4488237522972526
2041.5 1.0953045538813229
2042.0 0.7793010726728946
2042.5 1.2127327339935967
2043.0 1.379239710521978
2043.5 1.218962758136747
2044.0 1.5870056765034144
2044.5 2.6065751615987827
2045.0 0.6234796081926397
2045.5 1.874865747365936
2046.0 2.244587470823146
2046.5 1.7631683547913553
2047.0 1.689352172129658
2047.5 2.5316019941465253
2048.0 2.3826871060039694
2048.5 1.9099418132126744
2049.0 1.7146848779150206
2049.5 1.818268920820231
2050.0 1.3529266189953364
2050.5 1.937502135541176
2051.0 2.5011343997792883
2051.5 1.7401147070440492
2052.0 1.8533077921027707
2052.5 3.035737899187596
2053.0 2.454482793851926
2053.5 1.263526771630545
2054.0 2.4916698198169276
2054.5 1.537816452920714
2055.0 2.1305223417889336
2055.5 3.053977446168764
2056.0 1.7833390923229273
2056.5 1.575717817398892
2057.0 2.5511717610700444
2057.5 3.0806287534024577
2058.0 0.9740869557245342
2058.5 2.555096578536512
2059.0 1.6146822396670504
2059.5 2.5005059763055213
2060.0 2.3373317797699746
2060.5 1.128846164339817
2061.0 2.8407426421100554
2061.5 1.6594352211012628
2062.0 1.9316271287831195
2062.5 3.4384109165663377
2063.0 2.1484593451364242
2063.5 2.844476211324224
2064.0 0.5206076180612043
2064.5 2.4743530912628255
2065.0 3.5985838015221865
2065.5 1.5584031628075588
2066.0 1.8458478397522489
2066.5 1.029774984745426
2067.0 2.5279740085277114
2067.5 1.921143038000205
2068.0 1.2904692621845157
2068.5 2.871827346201787
2069.0 0.9104321681833724
2069.5 0.706468042197566
2070.0 0.5938990749851293
2070.5 1.2010317319963129
2071.0 0.8144766998220001
2071.5 1.2599557105999484
2072.0 0.9041643605354909
2072.5 1.8066940097981916
2073.0 1.4895365932139457
2073.5 2.171721175863815
2074.0 1.3024953608148193
2074.5 0.7822348153062213
2075.0 0.8994838606229854
2075.5 1.0343179386624213
2076.0 0.8447507135778234
2076.5 1.0639675420553254
2077.0 0.8631523544868653
2077.5 2.486802146291046
2078.0 3.139064147628734
2078.5 2.1021865027788804
2079.0 2.2704452746108283
2079.5 1.0097415037954829
2080.0 1.6782648369720707
2080.5 1.2658183965120398
2081.0 1.312910996241604
2081.5 1.45293619169205
2082.0 2.33230829480691
2082.5 1.1644392976804863
2083.0 1.2978568747935781
2083.5 0.6630177254209969
2084.0 1.4508829153055112
2084.5 1.1981783532327506
2085.0 1.854041929128879
2085.5 1.2343121332289186
2086.0 1.1888342195856119
2086.5 1.6683232856673267
2087.0 1.0592833382597355
2087.5 1.7582315073096706
2088.0 0.8845485207063644
2088.5 1.138566484634064
2089.0 1.3568401430109573
2089.5 1.157421076677001
2090.0 0.69596341065585
2090.5 4.669633136081914
2091.0 0.8944898046257952
2091.5 2.926476337972791
2092.0 1.4361485890970092
2092.5 3.8269040085238495
2093.0 2.5440669630689365
2093.5 1.4479597297837778
2094.0 2.305132243427482
2094.5 1.2902437305646364
2095.0 1.2174642353219225
2095.5 1.6786790886726806
2096.0 1.3712920166807399
2096.5 1.6431767114255758
2097.0 2.147132070318087
2097.5 1.4328483885476337
2098.0 1.8949673240026181
2098.5 0.3099483886089418
2099.0 2.351393232037924
2099.5 1.9824001295769667