600.0 0.9286124002974236
600.5 0.8549681235777117
601.0 0.9127257603631492
601.5 0.8404284600820395
602.0 0.7230999870629918
602.5 1.7127689373140038
603.0 1.4651680686124606
603.5 2.936796519533311
604.0 1.7416833536837153
604.5 1.975248483519092
605.0 1.1868344469889847
605.5 1.4993968396950494
606.0 1.2586700354624814
606.5 1.8504299301721758
607.0 1.2295672956649575
607.5 1.6009211809771684
608.0 0.8950165548074457
608.5 1.5085967777740952
609.0 1.306913146816167
609.5 1.4160407965169444
610.0 1.9855194694983735
610.5 1.0052742215471768
611.0 1.8525582601459045
611.5 1.9452748277215641
612.0 1.1197354791975695
612.5 2.104272123982284
613.0 1.5294830178928893
613.5 1.1976300212775706
614.0 0.7255676662431352
614.5 1.4539816080733965
615.0 1.6681361523025369
615.5 2.0102934376773702
616.0 2.5209002538693412
616.5 1.8760518421481938
617.0 1.2405397614633313
617.5 2.203231730224222
618.0 0.964616686804616
618.5 1.6563499201777814
619.0 2.528801035797624
619.5 1.8364332088553257
620.0 1.582573116151453
620.5 1.4641321618946588
621.0 1.3377555116486195
621.5 0.36742836870510076
622.0 1.480909490387905
622.5 1.354571204775823
623.0 1.3350961503750944
623.5 1.3938588827706906
624.0 1.377854246032073
624.5 1.9065456732383739
625.0 1.0941307902475212
625.5 2.252875355686896
626.0 2.839473282343512
626.5 0.9398230560957681
627.0 2.9349363497805294
627.5 1.8370811404340237
628.0 0.9840346276139298
628.5 2.890682015895517
629.0 3.0250290495567578
629.5 0.8220946904438347
630.0 1.879751591849333
630.5 1.4021503806785567
631.0 2.8109722056914186
631.5 2.110234468299551
632.0 1.7685168191263032
632.5 1.9376414067091798
633.0 4.1392578056971265
633.5 1.5604764564650486
634.0 2.9684729560205962
634.5 2.2964310915184063
635.0 2.1189200709064506
635.5 1.4286024859801048
636.0 2.7503296036404987
636.5 4.236625033410059
637.0 0.7719007746098329
637.5 1.6161048169630237
638.0 0.9629027968302404
638.5 1.4645002115398709
639.0 1.079589765338337
639.5 0.6106320773131334
640.0 1.1688459975812089
640.5 1.9547698953075787
641.0 1.6644699435080446
641.5 1.004628021174704
642.0 0.9981894410588199
642.5 0.9381117429484859
643.0 1.0893138379525868
643.5 0.7211289030139376
644.0 0.960903101008651
644.5 0.7170130206286378
645.0 0.7655682013030252
645.5 1.0252701376088447
646.0 0.7690001290183901
646.5 1.041857756949389
647.0 0.7076210203859767
647.5 0.6114826588277673
648.0 0.828561752765462
648.5 0.5428402774116138
649.0 0.638600097132126
649.5 1.767953101485217
650.0 1.467918834587622
650.5 1.4123178017827411
651.0 1.8279539735855996
651.5 1.566973184728016
652.0 1.2669558064767776
652.5 1.2789180165107434
653.0 2.3073499553356993
653.5 2.205246554843156
654.0 0.5040715499760375
654.5 1.5819268870054384
655.0 1.7900195602015776
655.5 1.3172277268695913
656.0 1.1425365176301647
656.5 1.9160775091006017
657.0 0.9191736877779086
657.5 1.615411986008608
658.0 1.2653757810623685
658.5 1.6400143495469384
659.0 1.2977622668876094
659.5 1.3077339298657973
660.0 1.3418592947954897
660.5 2.043938382342121
661.0 1.203503174606561
661.5 1.6393941232299385
662.0 1.7907088416081485
662.5 0.4889203659563859
663.0 1.6103081245940092
663.5 1.4202692851505758
664.0 2.446824374538607
664.5 1.3855129228268968
665.0 2.4402454636951316
665.5 1.6428222973196387
666.0 1.9964574600462093
666.5 2.002746873708169
667.0 1.046374051338622
667.5 2.2434631368655826
668.0 1.989603262659884
668.5 2.6345508219881237
669.0 1.1204952431971429
669.5 2.0470584649921983
670.0 1.0610954402732844
670.5 0.8715066677213577
671.0 1.0767701915905423
671.5 0.5609845805314913
672.0 0.9911635980433597
672.5 0.7284278552138082
673.0 0.9817770075910026
673.5 0.5424465316622702
674.0 1.6234252287291877
674.5 1.1135529754806948
675.0 2.3462815967121444
675.5 1.1610719255919038
676.0 1.9545115505539479
676.5 1.333197251417571
677.0 2.0875002947339514
677.5 3.1037725360030906
678.0 2.663804999795151
678.5 1.687832014212698
679.0 0.2
679.5 2.7368248314930073
680.0 1.9714996746561049
680.5 1.4187492777906336
681.0 1.7401315730612819
681.5 1.1510084256409274
682.0 2.3883458477673103
682.5 1.400613608943575
683.0 1.557012746760611
683.5 0.4566032881424953
684.0 1.0252086162701217
684.5 2.030821917697997
685.0 1.1771115806083063
685.5 0.5010161840644878
686.0 1.5058705498147957
686.5 1.388215240479509
687.0 1.500219815703606
687.5 1.4662087016585081
688.0 1.4398265564322972
688.5 1.12088094499747
689.0 1.4071128369903818
689.5 1.1044349611618791
690.0 1.2287571765169711
690.5 1.8881524266642515
691.0 2.979800528870185
691.5 1.9814114725376561
692.0 3.5000719116980332
692.5 0.8008810516801306
693.0 2.697562499721779
693.5 2.3369789144649666
694.0 2.2359951963191023
694.5 1.4072800646546246
695.0 1.5784547024151636
695.5 1.1429828396692236
696.0 1.05212842066598
696.5 0.9652618359834564
697.0 0.9268238864384063
697.5 0.6562917577714509
698.0 0.7404177433557055
698.5 0.7716033784109735
699.0 0.7740532041340709
699.5 0.8323331337023281
700.0 0.8194091567176954
700.5 1.120374545339611
701.0 0.9697652348302784
701.5 0.8979535942571518
702.0 1.2138262130865525
702.5 1.3127908431293087
703.0 0.6963077351867817
703.5 1.0430737337617164
704.0 0.9815801326881043
704.5 0.7308879463558128
705.0 0.636896599555935
705.5 1.758914776898611
706.0 1.942951751076474
706.5 1.1734341756151179
707.0 1.8154359759715213
707.5 1.3282083065306882
708.0 1.433095502236748
708.5 1.1632136580273427
709.0 0.48330136095743437
709.5 2.3564653168852967
710.0 2.2512152317638527
710.5 3.0064812393685854
711.0 1.0969330929253367
711.5 4.402202958907225
712.0 1.2468446371904447
712.5 2.8978838039774066
713.0 2.451965719913404
713.5 1.1350162704850155
714.0 3.0100094302433877
714.5 2.1028600899337664
715.0 2.7456300643864857
715.5 2.4763150243415604
716.0 2.4799203237995506
716.5 1.191924490702719
717.0 2.6495760761647187
717.5 1.9510371010880148
718.0 2.6927345587794544
718.5 3.4529427395202785
719.0 0.9499323379579672
719.5 2.834378602540582
720.0 2.571064932158038
720.5 1.243122629280633
721.0 1.7099820289111867
721.5 1.0214587677997378
722.0 0.8187742552781885
722.5 0.9070092757466325
723.0 1.3730683426469774
723.5 1.1766906678101021
724.0 1.0530661177688998
724.5 1.205157235474279
725.0 1.789685389834333
725.5 2.098509397831183
726.0 0.8012131621460679
726.5 2.575228417720223
727.0 2.179988216138479
727.5 1.9960814238784899
728.0 2.3112721508509666
728.5 2.4555441187286515
729.0 2.105334680012246
729.5 2.3030182967834936
730.0 3.8276663103532833
730.5 1.7993734450452088
731.0 1.3816997230299282
731.5 2.1499927814226996
732.0 2.2730144782055626
732.5 3.5079224330683108
733.0 2.486081150933374
733.5 3.090257642864162
734.0 2.2750030941052706
734.5 0.3209636012319057
735.0 2.4375951239008424
735.5 2.8108103875968578
736.0 2.880934107478994
736.5 2.473557746265899
737.0 3.3622946248746333
737.5 1.8585533428645333
738.0 2.3553246413955726
738.5 2.78608867418981
739.0 1.3972021315328464
739.5 1.293979082835448
740.0 1.9589285009735806
740.5 0.7536189239710088
741.0 1.270908618048253
741.5 0.38675668235010274
742.0 1.8202266198947041
742.5 0.9839043626468338
743.0 0.9639199826799814
743.5 0.9990409917469777
744.0 0.7951114461417605
744.5 1.0512959159912811
745.0 2.1320836484980368
745.5 0.5410762922150147
746.0 1.5705528732972587
746.5 1.2885672533748402
747.0 2.1916612257812504
747.5 1.8301271562608326
748.0 0.6237521849967679
748.5 1.1757058384772876
749.0 1.2394447364502508
749.5 3.036876721859521
750.0 2.7781736231620053
750.5 1.4412601842740316
751.0 1.6824327924497346
751.5 0.3133441275683442
752.0 3.0158538184343335
752.5 2.158974618102589
753.0 2.880356402600521
753.5 2.024375385592863
754.0 1.7205949644775544
754.5 1.3237715132135768
755.0 2.8666584779144992
755.5 2.782333793078979
756.0 1.8592175712758108
756.5 2.3085368741468333
757.0 1.720106602627438
757.5 0.2
758.0 2.6120247581996257
758.5 2.535722259952823
759.0 3.0413210505627504
759.5 1.7503216149240823
760.0 1.318778852462029
760.5 0.7951659622138632
761.0 1.5324950178426375
761.5 0.6762042882257524
762.0 1.3055562418558755
762.5 1.4055136725059607
763.0 1.1987967166003672
763.5 0.9998353737001239
764.0 0.79442274171501
764.5 0.9153135351482062
765.0 1.2314378340089593
765.5 1.0061539046735535
766.0 0.8817896888162006
766.5 1.0985185454570274
767.0 1.5536931112180699
767.5 1.0641441870298731
768.0 2.239132429556085
768.5 2.809363338504813
769.0 1.7092640300645452
769.5 3.1233320914786242
770.0 3.3654496310647084
770.5 1.6772821824603716
771.0 2.903791965738146
771.5 2.3132263225385996
772.0 1.644704550441578
772.5 3.0965877336671483
773.0 1.7149176515251192
773.5 0.9118157172994583
774.0 2.993705992439722
774.5 2.147852581442027
775.0 1.8657617798045008
775.5 3.570393917114705
776.0 2.124972969889437
776.5 4.1039341138574965
777.0 4.077586089264376
777.5 4.317046181048356
778.0 1.2602045642168518
778.5 1.9027110204444444
779.0 2.052010136037305
779.5 2.3139793691515376
780.0 2.1206783431953005
780.5 1.454294349272239
781.0 0.6116654448779824
781.5 2.04405680765219
782.0 1.866618069480845
782.5 1.8448594674030696
783.0 1.4386510352982815
783.5 1.0531898685795231
784.0 0.5119804846543866
784.5 0.6086418798514198
785.0 0.9536901879056499
785.5 1.0865320348116883
786.0 0.5222502630127173
786.5 0.8749323054712865
787.0 2.1784571560244474
787.5 0.6078937903914623
788.0 2.825608121870608
788.5 2.380203267572965
789.0 2.23773296922223
789.5 1.1166006577255128
790.0 0.812488022565506
790.5 0.836219006336365
791.0 0.7857064675949217
791.5 0.6145860683570266
792.0 1.049094658981554
792.5 0.8918740478502427
793.0 1.3994289599121568
793.5 3.02920714373582
794.0 1.3622427285707859
794.5 2.1594756678119937
795.0 1.8527560731973205
795.5 0.3699835049324802
796.0 1.0017838048459367
796.5 1.9446338678273394
797.0 1.3096811435817588
797.5 1.959555818782198
798.0 1.5135415267013872
798.5 1.0581335830265532
799.0 1.4887476968839093
799.5 1.5486587090359785
800.0 2.317207917781334
800.5 2.320583804721985
801.0 2.1851249955446934
801.5 2.216696323846726
802.0 1.1422826653725577
802.5 2.3301755525226406
803.0 1.8564025317921125
803.5 1.7048390273221303
804.0 2.245228813280101
804.5 2.9521238756821213
805.0 2.4292264602997546
805.5 2.5619759406648193
806.0 3.154352674874141
806.5 1.928491327638791
807.0 1.6696673640800643
807.5 2.351809896643079
808.0 3.1104457279051965
808.5 0.8147288569781104
809.0 3.5066760059080466
809.5 2.640438669172032
810.0 1.58867617345226
810.5 1.7334517932497608
811.0 2.8622093434926086
811.5 3.8488138131753447
812.0 2.987499561886666
812.5 2.0096754971793995
813.0 2.694647903439086
813.5 3.299547196203908
814.0 2.25747132353762
814.5 1.4157559891305074
815.0 5.099010016270465
815.5 4.277124517869038
816.0 2.854930196043084
816.5 4.363344010277627
817.0 2.9915916141147396
817.5 1.7696899909503188
818.0 3.3068437814719545
818.5 0.9561529627380054
819.0 2.9525984174112563
819.5 2.8236858176337893
820.0 3.2223571200486054
820.5 2.6561588525016298
821.0 1.23984568835811
821.5 4.081233655550466
822.0 2.4650607985967197
822.5 1.9453756035354235
823.0 0.6093604467725715
823.5 2.1710697863752912
824.0 2.0215951505317777
824.5 2.7082350549540326
825.0 1.8786289518374137
825.5 2.655404538405331
826.0 2.2493577217866414
826.5 1.564441372693674
827.0 1.1285962336714621
827.5 2.629575852484747
828.0 1.0747345441467764
828.5 2.501719725453326
829.0 0.826662814833997
829.5 1.8960057951377047
830.0 3.3445695221341434
830.5 1.754911974887659
831.0 1.5520188265366293
831.5 0.3760932232328382
832.0 0.32186756113992376
832.5 1.8949896514427071
833.0 1.555925139240358
833.5 2.26371793812856
834.0 1.895308387119892
834.5 2.2560476323402128
835.0 3.0700818905876925
835.5 2.2931562159171057
836.0 1.199324770186352
836.5 2.132290176971914
837.0 1.459305530936533
837.5 1.4663459048326528
838.0 0.5051402904148817
838.5 1.7507855630967142
839.0 0.9751036654603886
839.5 0.8042037150018762
840.0 1.200368993577695
840.5 1.6560645530699292
841.0 0.8257054940764268
841.5 1.158394071514575
842.0 1.0747244129846756
842.5 0.9554613343950237
843.0 1.7540039228720001
843.5 2.0826746200685218
844.0 1.6760396337616736
844.5 1.1491864908657912
845.0 2.923602833330247
845.5 0.8304867275715602
846.0 1.981262934842922
846.5 0.8942785858780682
847.0 1.3770284358413583
847.5 1.2524607382069162
848.0 1.3907192627033664
848.5 1.338436313694326
849.0 1.7587789936824498
849.5 1.4349119117088538
850.0 1.0074512553431616
850.5 0.7818409636768728
851.0 0.9550512969629676
851.5 1.2157402121280487
852.0 0.8341342461418548
852.5 0.47530511860465224
853.0 0.8049431982103976
853.5 0.5803806287545478
854.0 0.6034505605666938
854.5 0.788980551096935
855.0 0.7819741958858557
855.5 0.859936339715569
856.0 0.7849480407509781
856.5 0.6007720899045357
857.0 0.8785169446139742
857.5 0.5742187926760467
858.0 0.5844302920952721
858.5 0.43621474751787936
859.0 1.3980325860984826
859.5 3.247987903376436
860.0 2.8800934673711156
860.5 0.9615414944338276
861.0 1.5427619395166112
861.5 1.1156202557339676
862.0 1.5076187441393694
862.5 0.7615316088800735
863.0 0.9844058144103984
863.5 0.9718199017489431
864.0 1.46716079206932
864.5 1.4437389673089123
865.0 1.5525284149495722
865.5 1.5565372994902038
866.0 0.6187426119392702
866.5 1.59372893426214
867.0 1.058615333022877
867.5 0.9679671677979895
868.0 1.95057681643875
868.5 1.340614339030167
869.0 0.9899003432344642
869.5 0.866204026112485
870.0 1.42790125128534
870.5 2.5443111289052194
871.0 3.800235350829303
871.5 2.0084097711637496
872.0 2.956565662297777
872.5 1.6080573240403062
873.0 0.720578718695168
873.5 1.6276450878791229
874.0 4.097844673889678
874.5 1.8388006190530695
875.0 2.5450072908285115
875.5 3.0227326547560747
876.0 2.4020838342590243
876.5 0.2
877.0 2.493516822864142
877.5 1.5939298794486818
878.0 1.2228585039619462
878.5 2.75234899525363
879.0 2.106250727900222
879.5 2.3948429416362123
880.0 2.226923692399706
880.5 2.1468394471102275
881.0 2.1728777833039343
881.5 2.1328037358016347
882.0 3.8398408570876406
882.5 1.6983800498216217
883.0 3.6248796938938073
883.5 0.23937803529028523
884.0 2.1984684645954258
884.5 2.270088124578302
885.0 1.8645610776982813
885.5 1.4997860748860639
886.0 0.38953945250804844
886.5 2.4355420540699724
887.0 2.197811238053914
887.5 2.4131867960649895
888.0 3.0138178334209362
888.5 1.488134603682851
889.0 4.54821184200512
889.5 0.7703665886732851
890.0 2.006494666913162
890.5 2.682362672066697
891.0 1.9067385253966667
891.5 2.0390890535823187
892.0 2.3669747868420195
892.5 3.3866962388629633
893.0 0.773036570612917
893.5 1.2945854053400898
894.0 1.6978012556084838
894.5 3.735502375609993
895.0 2.6507109716903745
895.5 2.4688067367504374
896.0 2.258444007222051
896.5 2.3994518547078374
897.0 1.5461549289134746
897.5 2.2231864619542994
898.0 0.8637712185403303
898.5 2.2136834236920535
899.0 2.7493132429637726
899.5 2.5020593479352704