1200.0 1.1479171176041385
1200.5 0.6486998184111248
1201.0 1.1993466340071208
1201.5 1.0658170240898521
1202.0 1.436647238897937
1202.5 1.2202224712934346
1203.0 1.1965111958775672
1203.5 0.9645306280453736
1204.0 0.950923563203498
1204.5 2.5683708431989816
1205.0 3.0004792535933404
1205.5 0.6097956777209439
1206.0 3.61232471869893
1206.5 1.6448576349509891
1207.0 0.9193519355577255
1207.5 1.2681807569031522
1208.0 0.7316658941722152
1208.5 0.9255036399572035
1209.0 1.2078155768803587
1209.5 1.041345266395757
1210.0 0.8179201401782671
1210.5 1.1470482346459026
1211.0 0.838626762397701
1211.5 0.7968238462954287
1212.0 2.112350104604889
1212.5 2.201836877528751
1213.0 1.7729454221169196
1213.5 0.6184146253875602
1214.0 3.352550107022723
1214.5 2.5348031384280167
1215.0 3.222797501410849
1215.5 3.298410282062682
1216.0 3.9312810250547834
1216.5 2.617647327793931
1217.0 2.869315188298813
1217.5 1.4759959161648386
1218.0 0.9430222322974464
1218.5 1.1435927265376629
1219.0 1.2026055797240431
1219.5 1.4916562491775067
1220.0 1.0805004766340087
1220.5 1.5611501547466702
1221.0 1.0582028971922788
1221.5 1.3046433872060108
1222.0 0.6422760088007191
1222.5 1.8635006156660232
1223.0 1.1352191666345695
1223.5 1.10296701680425
1224.0 1.0147898161857924
1224.5 1.5903121167433338
1225.0 1.2996612929028601
1225.5 1.2958108908607242
1226.0 0.7897448640056604
1226.5 1.2785908627013174
1227.0 0.8773225005559595
1227.5 0.8354451580750718
1228.0 3.2495996315270386
1228.5 2.681413341486925
1229.0 0.8059939595660792
1229.5 2.0774168210474584
1230.0 2.210227071776613
1230.5 2.738984083650716
1231.0 2.705024953856682
1231.5 1.487758934030856
1232.0 2.8068880200097457
1232.5 1.8807028347153738
1233.0 1.4604875418505938
1233.5 1.1179697664535089
1234.0 1.9563852130768151
1234.5 1.0948785008546353
1235.0 1.089364034008374
1235.5 1.0402993276943477
1236.0 0.8130150658081521
1236.5 0.4463649126306139
1237.0 0.7799080363619915
1237.5 0.915266318863923
1238.0 0.8798130710134957
1238.5 0.6801173927471248
1239.0 0.896746391325477
1239.5 0.830622468245142
1240.0 0.8966381111735693
1240.5 0.6707065720772776
1241.0 2.0959803671971238
1241.5 1.46073481810482
1242.0 1.8073124485871488
1242.5 4.199149944554049
1243.0 2.9150542334380356
1243.5 1.8322639551676991
1244.0 0.2346797018831699
1244.5 2.8866857911109065
1245.0 3.4967057824010244
1245.5 1.614020562286668
1246.0 1.256800915365837
1246.5 1.3874097821179094
1247.0 0.9421880825477316
1247.5 1.7463949135759942
1248.0 1.3589894102096625
1248.5 1.061103429260462
1249.0 2.17717384303886
1249.5 2.479449533506707
1250.0 0.9649646410675082
1250.5 1.4803019737652863
1251.0 0.5160857786476677
1251.5 1.025045610819227
1252.0 1.148289405075861
1252.5 0.9041415102182817
1253.0 1.6431411238569518
1253.5 1.536344678834664
1254.0 0.9481255536347718
1254.5 1.2135149511065568
1255.0 0.9003427373205771
1255.5 0.4855535888692003
1256.0 0.5232903646653059
1256.5 1.2744552355403735
1257.0 1.3053734282721647
1257.5 1.2317695983766712
1258.0 1.505412158621539
1258.5 1.1110385859365124
1259.0 1.2033137514384706
1259.5 0.8521805976213497
1260.0 1.1278627008745974
1260.5 0.6099033580261619
1261.0 1.0075866763871777
1261.5 1.1838013753820933
1262.0 1.250557359240922
1262.5 0.3930209891867499
1263.0 1.46821875818069
1263.5 1.0251154782057723
1264.0 1.0695950944811938
1264.5 2.782383339226673
1265.0 2.3826321102764756
1265.5 2.86164789734649
1266.0 1.1671618139270037
1266.5 1.443790483884074
1267.0 1.7575618044105463
1267.5 2.7633362731006264
1268.0 2.3269812185248604
1268.5 1.9020969544509692
1269.0 2.100200771100935
1269.5 1.1769176372452979
1270.0 2.5247714609194296
1270.5 0.2
1271.0 0.8306675942401867
1271.5 0.9998480486299169
1272.0 0.7350867494590063
1272.5 0.8590323858672408
1273.0 0.5866231775444123
1273.5 0.9101736248162262
1274.0 0.6875492711161225
1274.5 0.8415799185942483
1275.0 0.9183327173569026
1275.5 0.9532954613602894
1276.0 0.9508991990184107
1276.5 1.097146983491005
1277.0 1.0351619325211334
1277.5 0.8299045370314213
1278.0 0.7970034797987953
1278.5 0.9244611390952462
1279.0 0.7451637647891057
1279.5 0.598233187849405
1280.0 0.9861727248876792
1280.5 1.0178500326972477
1281.0 1.067880703891708
1281.5 0.8423836590441047
1282.0 0.6369555298854317
1282.5 1.0185842635560234
1283.0 1.0263775563707558
1283.5 0.7476839209220796
1284.0 0.8547920428421674
1284.5 0.7705808832744645
1285.0 0.7675450156991763
1285.5 1.0952174074663752
1286.0 0.743112474211939
1286.5 0.7866717601749657
1287.0 1.743349703281444
1287.5 1.2936269082223146
1288.0 1.5416013861139346
1288.5 0.5899402689284539
1289.0 0.7673142417408678
1289.5 0.7655939570414292
1290.0 0.6729929503312573
1290.5 0.704867002437783
1291.0 0.7742661438584353
1291.5 0.7497509509673081
1292.0 0.6774844979167538
1292.5 0.48072637925387474
1293.0 0.6757915148331219
1293.5 3.1950550313954844
1294.0 1.567381322964981
1294.5 2.188640195306057
1295.0 0.2521166975146387
1295.5 1.3934437467939218
1296.0 2.025794108872246
1296.5 2.645381120470564
1297.0 1.1810104792363088
1297.5 2.0949617209008133
1298.0 0.4328270839566093
1298.5 1.1725834584242965
1299.0 1.824582374682668
1299.5 1.5902470124898338
1300.0 0.980850130155114
1300.5 1.7057138920248194
1301.0 2.189018057450704
1301.5 2.0274153134892243
1302.0 1.3940672228097126
1302.5 1.1265039436971827
1303.0 1.0816415176067746
1303.5 2.9051808867739517
1304.0 1.926426621584442
1304.5 1.7610597434695254
1305.0 2.250462300758363
1305.5 2.347124910723782
1306.0 1.7663493861229917
1306.5 2.2073772942657346
1307.0 0.909370601684891
1307.5 2.383101941680046
1308.0 1.639810455674354
1308.5 1.7372663700490296
1309.0 2.422337308168237
1309.5 1.9521916806991935
1310.0 1.1483331536840753
1310.5 1.1293683508132095
1311.0 1.1387098094328774
1311.5 1.3510590011116537
1312.0 3.427233069125884
1312.5 2.963270496816329
1313.0 2.509777796701162
1313.5 1.5150535827039797
1314.0 2.334210323672324
1314.5 2.378319646568503
1315.0 1.9688996951921487
1315.5 2.1169214057680774
1316.0 1.8080946365573725
1316.5 1.965853426817715
1317.0 1.5224513140973703
1317.5 0.8608383953432739
1318.0 1.6555902479760527
1318.5 1.1784549500794193
1319.0 1.691606406249551
1319.5 1.4707785740168804
1320.0 1.4463257400723444
1320.5 1.250751055161342
1321.0 2.2454281696638305
1321.5 1.6807711005733212
1322.0 1.550884208030693
1322.5 1.1173708577769428
1323.0 1.6453676994923032
1323.5 1.8398190248148016
1324.0 1.0967343675384775
1324.5 0.9792347317875947
1325.0 1.4335707970382312
1325.5 2.018339121061459
1326.0 1.7285574938569357
1326.5 1.7137298800848808
1327.0 2.914309950004623
1327.5 1.3303941517006823
1328.0 3.064847783442257
1328.5 1.187494012177334
1329.0 0.6756549543397152
1329.5 0.7404285987006693
1330.0 0.7375178024176792
1330.5 0.9089665859302909
1331.0 0.5890329534463777
1331.5 0.7035989946208727
1332.0 0.8461563513920023
1332.5 0.792138617743344
1333.0 0.5627452056651248
1333.5 0.789847243106359
1334.0 0.6723082488244324
1334.5 1.0485323083710125
1335.0 0.6059686139885745
1335.5 1.2096678545377044
1336.0 0.9684448466695033
1336.5 0.715579525363073
1337.0 0.8753164753542826
1337.5 0.6336264551645648
1338.0 0.6501615165582002
1338.5 0.9958623442839551
1339.0 0.6173032455154985
1339.5 0.7547299920749095
1340.0 0.6278764297382828
1340.5 0.9907595037727557
1341.0 0.8468762743214997
1341.5 0.8470451796022374
1342.0 0.6422238523184651
1342.5 0.8215774099714226
1343.0 0.5745860175403741
1343.5 0.8717657724486008
1344.0 0.7767241481055835
1344.5 0.7081671684375956
1345.0 0.6623246191185455
1345.5 0.7107246798831302
1346.0 0.8192820625242532
1346.5 0.611922956432797
1347.0 0.8034491591335209
1347.5 0.630816956299393
1348.0 0.7434096918712105
1348.5 0.4525980933691451
1349.0 0.7703119145636148
1349.5 0.6669363555738724
1350.0 0.7292174179683217
1350.5 0.8893064110703168
1351.0 1.1829714380838539
1351.5 1.1180679676199055
1352.0 0.8857410980481749
1352.5 1.0184419684345172
1353.0 0.8369141640513661
1353.5 0.9150137497401497
1354.0 0.750615492877471
1354.5 0.49266999059747174
1355.0 1.044375248315012
1355.5 0.8000322624477818
1356.0 0.8654051993106461
1356.5 1.1022800109158444
1357.0 0.8955393397439491
1357.5 1.0612355688623658
1358.0 1.2089263419783292
1358.5 0.7336676696684923
1359.0 0.7731788337152268
1359.5 0.8808582059728882
1360.0 0.6861242376064063
1360.5 0.8868508416706209
1361.0 0.6987035112921796
1361.5 0.836439605779143
1362.0 0.9397957094596152
1362.5 0.9759847874856405
1363.0 1.053228845234415
1363.5 0.630775497816275
1364.0 1.0092104373910593
1364.5 1.1874923001301338
1365.0 0.959270489761318
1365.5 0.7704863479987791
1366.0 0.7580241657574958
1366.5 0.9631849967074456
1367.0 0.6975512913080629
1367.5 0.7506007674003407
1368.0 0.6654152636555423
1368.5 0.5699323329521486
1369.0 0.9128468835505285
1369.5 0.5797413455001974
1370.0 1.237284561266728
1370.5 0.8795071154118952
1371.0 0.8203129150093216
1371.5 0.9982070278583222
1372.0 0.7617426078104252
1372.5 2.240010869858759
1373.0 1.3362116912497388
1373.5 2.109976415927319
1374.0 3.3623704480607044
1374.5 1.5582089027577117
1375.0 0.38038046034113404
1375.5 1.4325085149802845
1376.0 4.145981391282833
1376.5 2.4257996038985667
1377.0 0.6426835743567803
1377.5 0.7639688884417215
1378.0 3.5519599890184272
1378.5 2.602265256374512
1379.0 2.975380056455814
1379.5 2.5434721241785354
1380.0 3.037717494568514
1380.5 1.3140746035519604
1381.0 1.4426161408507174
1381.5 2.9734992289447426
1382.0 0.8977517290346926
1382.5 4.172386132798939
1383.0 1.474605938299257
1383.5 3.0246836598162954
1384.0 2.363012987932008
1384.5 1.5710868952437855
1385.0 1.7966881331868818
1385.5 2.684914718006041
1386.0 2.2861379961018207
1386.5 1.589586089355623
1387.0 1.9753547713123276
1387.5 2.71394697682
1388.0 2.6733036775716172
1388.5 3.08799916787306
1389.0 1.2810535505164784
1389.5 3.1657832825161347
1390.0 2.916740082749132
1390.5 1.5969346135059177
1391.0 1.1215592863771828
1391.5 1.2430453679820335
1392.0 1.278196317236668
1392.5 0.6085639088059007
1393.0 1.2654991223759846
1393.5 0.9823465867156196
1394.0 1.245150059831969
1394.5 1.544668675948357
1395.0 1.5977338610394267
1395.5 1.8211808102680325
1396.0 1.0696618286592114
1396.5 1.4342674869068033
1397.0 1.06949481360283
1397.5 1.70191146163236
1398.0 1.6720275272588114
1398.5 1.0976048326233112
1399.0 1.7196239321815994
1399.5 0.809337723854871
1400.0 1.270107243564727
1400.5 0.3580082714094892
1401.0 0.8352820367471925
1401.5 1.0096631320956517
1402.0 1.0397532214813958
1402.5 1.290943944619764
1403.0 1.2973943389382807
1403.5 1.3286594430411869
1404.0 1.3040932380521628
1404.5 1.6865172603238618
1405.0 0.9736809236844488
1405.5 0.658123608949104
1406.0 3.623232877506832
1406.5 3.0650227358638142
1407.0 2.9635005373675636
1407.5 2.4042423916951847
1408.0 1.6319423821391588
1408.5 3.3070299522071718
1409.0 3.5886275446698397
1409.5 2.842992264612563
1410.0 3.425535198824978
1410.5 3.4519091395355828
1411.0 2.048803708947861
1411.5 2.5025205784067324
1412.0 3.0318943211697613
1412.5 3.395097364052155
1413.0 2.071422137901249
1413.5 1.148646832594942
1414.0 2.566641193317714
1414.5 1.2912854437384915
1415.0 2.467312663232561
1415.5 1.3799502635357004
1416.0 3.0021231536430157
1416.5 1.771075126454352
1417.0 1.4629126056288153
1417.5 2.37971403459797
1418.0 1.495145325627006
1418.5 1.9915856307551747
1419.0 2.090381202586164
1419.5 2.2420238490622806
1420.0 1.3648593756333436
1420.5 2.42048906456795
1421.0 1.5608872383528607
1421.5 2.5883955273027226
1422.0 2.441051158184928
1422.5 2.6152012906288724
1423.0 1.8158403966546892
1423.5 1.7493665623855739
1424.0 1.4846838384555168
1424.5 1.7523499311777218
1425.0 1.9480446697636626
1425.5 3.58539377455471
1426.0 1.6952178018476642
1426.5 3.12833793134134
1427.0 1.9748285818246676
1427.5 3.2270198026253403
1428.0 1.4475607073699799
1428.5 2.2792466284325643
1429.0 2.980284899149753
1429.5 2.4877253558237657
1430.0 0.8341868687539653
1430.5 2.7971365801446186
1431.0 2.923352659622708
1431.5 3.795888732846235
1432.0 2.1227724491515882
1432.5 0.6344162312253181
1433.0 1.99936684004414
1433.5 0.9410501821119182
1434.0 1.4181044788513262
1434.5 1.287209643542317
1435.0 1.8775296864996225
1435.5 2.254851052157444
1436.0 1.8685588049975719
1436.5 0.5573959392387238
1437.0 2.2735369446385976
1437.5 2.179370755463397
1438.0 1.958706390911431
1438.5 0.2
1439.0 2.038521465195002
1439.5 1.70896780273875
1440.0 1.755644258078671
1440.5 1.7735210804305708
1441.0 1.823009552344849
1441.5 2.2873850427862297
1442.0 1.3710054744021807
1442.5 1.8756832817384865
1443.0 2.1815345565398827
1443.5 2.802017289150956
1444.0 2.0005600659474596
1444.5 1.636883245624121
1445.0 2.780810712169801
1445.5 2.1855337178896166
1446.0 1.7356424231629215
1446.5 2.1220812399827134
1447.0 1.2040386392185134
1447.5 2.5817948822924706
1448.0 1.5719828136016418
1448.5 2.2039607766187688
1449.0 2.946985002605799
1449.5 1.3536243873062928
1450.0 1.6888736007316185
1450.5 0.23654164979746173
1451.0 1.792249219720187
1451.5 2.21484343556518
1452.0 1.9692436906644444
1452.5 1.668750114128397
1453.0 2.125490522468205
1453.5 0.9399605248158565
1454.0 3.6682284762559183
1454.5 1.4033746657388098
1455.0 1.3135159291668739
1455.5 1.1662044955638795
1456.0 1.6293266081755706
1456.5 2.292936808452927
1457.0 1.5786006053640653
1457.5 2.1970273661201976
1458.0 1.6868486293179203
1458.5 2.4279033606564178
1459.0 1.584419955873667
1459.5 1.714754901276455
1460.0 1.9735055571553208
1460.5 1.0295492102732946
1461.0 1.6021216997305363
1461.5 1.5833997430444722
1462.0 2.372495673969352
1462.5 2.046993947618182
1463.0 2.504265387155044
1463.5 2.021995132513925
1464.0 2.34657481235104
1464.5 1.2269894904009262
1465.0 1.57711579218521
1465.5 0.2
1466.0 1.661260371727331
1466.5 3.0169341242344867
1467.0 2.3176422788863293
1467.5 0.5787031606813353
1468.0 2.286779396866755
1468.5 0.6361991561626912
1469.0 1.259960320139907
1469.5 1.6039242011166241
1470.0 2.988308070959226
1470.5 1.8861409642800293
1471.0 2.0042090288414696
1471.5 1.768048203725425
1472.0 2.268072323337915
1472.5 1.5283019480906963
1473.0 2.278087739351406
1473.5 2.2889707333492675
1474.0 2.6320471298301023
1474.5 0.5938965027602501
1475.0 3.404725671579506
1475.5 1.9285957916613108
1476.0 2.7473209909237606
1476.5 1.3595123200107744
1477.0 1.8886903174496554
1477.5 2.4639143592597854
1478.0 2.4968062997611384
1478.5 2.450829877339002
1479.0 0.23651031086445817
1479.5 1.1290872784611634
1480.0 0.8224781924324804
1480.5 0.6764517929432031
1481.0 1.0701832665739035
1481.5 0.7657996477771315
1482.0 0.7042386976723042
1482.5 0.4698240134738878
1483.0 0.7207703523852901
1483.5 1.1003304857109255
1484.0 0.624972582891256
1484.5 0.7706818901973373
1485.0 0.8585143593596107
1485.5 1.1799093894206663
1486.0 0.7539923492615355
1486.5 0.8815898749731822
1487.0 0.6946979548002884
1487.5 0.9145898208619074
1488.0 0.9858462831370743
1488.5 0.6051418420455243
1489.0 0.8283462665532902
1489.5 0.728201870423552
1490.0 1.1130455634983103
1490.5 1.0683105031053106
1491.0 0.7965624618505448
1491.5 0.8335816650275529
1492.0 0.9849666323067503
1492.5 0.9027181953888339
1493.0 0.8219730071464569
1493.5 1.3952921880032736
1494.0 1.2835341416860317
1494.5 1.1392627674948042
1495.0 0.8326869515182608
1495.5 0.5991717426672228
1496.0 1.5044611616245507
1496.5 1.0650535037702922
1497.0 0.6527048621557182
1497.5 1.213781368956443
1498.0 0.43470421286161853
1498.5 1.336957916774648
1499.0 0.5980528239167626
1499.5 0.9538606895317581