600.0 1.2681243121628571
600.5 1.858772434221859
601.0 1.1259601546928102
601.5 1.1484589310403872
602.0 2.6492722964890607
602.5 1.6591225573198978
603.0 1.8368177676466368
603.5 0.9782335247624395
604.0 2.0662693407937205
604.5 3.63219010798494
605.0 1.1131852814457621
605.5 0.8879259303759957
606.0 0.9569095603480436
606.5 0.8229774978249215
607.0 0.904013194639488
607.5 1.267866111261449
608.0 1.092653743620517
608.5 0.8448481230251174
609.0 0.6865786368057504
609.5 0.6692048680202375
610.0 1.1240164119587845
610.5 3.2770412418760824
611.0 1.870197395837938
611.5 3.119496198165882
612.0 3.039760531569625
612.5 1.7810117304398236
613.0 4.38687727488857
613.5 2.2854977847155906
614.0 1.512773138926171
614.5 2.14223626406637
615.0 1.3933843086009277
615.5 0.2
616.0 2.816095846972197
616.5 1.4494771855949389
617.0 1.852757311626183
617.5 2.865625157959439
618.0 2.055440751537887
618.5 2.1287307851807697
619.0 4.107679378419398
619.5 1.1312507021105263
620.0 2.0729002761815525
620.5 1.6978450547312103
621.0 1.5495238785588334
621.5 2.1479262961931482
622.0 0.8520064698027209
622.5 2.078187585409032
623.0 0.8877829623188546
623.5 1.7399568537917818
624.0 2.473631783014647
624.5 1.772002486848664
625.0 2.0984552691492073
625.5 1.96926456590569
626.0 1.6124097413051035
626.5 2.741234683187515
627.0 1.8472909524514332
627.5 1.27646592668888
628.0 2.3973501457603152
628.5 1.642539710308283
629.0 1.4749654440317217
629.5 1.555612052243231
630.0 2.8024452150922783
630.5 0.46814819075694025
631.0 0.8646134212383567
631.5 1.934870856514049
632.0 0.2
632.5 1.4738785567697699
633.0 1.4280216270610915
633.5 1.507136255816248
634.0 2.4864949528486764
634.5 1.7231488947876579
635.0 0.9422070288996598
635.5 1.782551730571762
636.0 1.9768819292446387
636.5 1.408772970404478
637.0 1.3983850445816994
637.5 1.7671858520598056
638.0 1.9063709478763504
638.5 1.8423191213475691
639.0 0.7230666677662094
639.5 0.7034811982701439
640.0 0.7528914225850336
640.5 0.6542373919813738
641.0 0.7006954868029649
641.5 0.7821265006809262
642.0 0.4247536220588232
642.5 0.5711343045872033
643.0 0.7357407292693354
643.5 0.72547363970454
644.0 0.5863222628528624
644.5 0.7200459034161277
645.0 0.6622568602691953
645.5 1.5223626992475126
646.0 0.9496284415032107
646.5 0.9366881313263853
647.0 0.5696582917918986
647.5 1.0311253174973962
648.0 0.7536089185163144
648.5 0.7338380951449835
649.0 0.6771127047534478
649.5 1.0520489582894137
650.0 0.643819461809497
650.5 1.1992741333748345
651.0 1.212911658417148
651.5 0.8110360565026055
652.0 0.9056665611660648
652.5 0.9024527679922891
653.0 1.5970313944705192
653.5 0.9414519516987037
654.0 2.484525704945639
654.5 1.6898974176489583
655.0 2.0095567979700455
655.5 1.0795401899441233
656.0 1.2863267897531192
656.5 0.5886789460491832
657.0 1.319928133172177
657.5 2.011544393442
658.0 2.386897926602845
658.5 1.882157613178737
659.0 1.3316749434785415
659.5 1.7283933954688147
660.0 2.710024423514053
660.5 2.1384749518202986
661.0 0.23609800274691772
661.5 1.6781191499704153
662.0 1.051747952038745
662.5 2.4732799536758288
663.0 1.910303021576794
663.5 2.3675888348440717
664.0 1.788816817999456
664.5 1.3694943793107381
665.0 1.6189009190515122
665.5 1.0512634697993255
666.0 0.6269006875225729
666.5 1.1698111171275642
667.0 2.8076881583460374
667.5 1.4060785438676147
668.0 2.5755257753761303
668.5 1.3625209357813572
669.0 1.5729011783180196
669.5 2.086410170274764
670.0 1.0784473124350795
670.5 2.1437467888541297
671.0 1.6687653896300647
671.5 1.9520068628899456
672.0 1.9370103980579656
672.5 1.5604872216840877
673.0 0.9625234518707889
673.5 1.6708257971219105
674.0 2.3185358116721364
674.5 2.4308817581411413
675.0 2.6250756401502358
675.5 1.624295842409078
676.0 1.8745459260250272
676.5 1.6640559347033548
677.0 2.8301427212749815
677.5 1.2873653497835216
678.0 0.6014043971083174
678.5 1.0939715438267854
679.0 1.215621791168811
679.5 1.233204740232153
680.0 1.750078214848299
680.5 2.0599677861530052
681.0 2.060301494625598
681.5 1.4748984539797063
682.0 1.5659532619184278
682.5 2.225360054318644
683.0 0.7270099911225942
683.5 2.6327575713721645
684.0 2.3029764253676612
684.5 1.427677597086139
685.0 2.727296612341734
685.5 0.5032095187315471
686.0 2.295517944695196
686.5 0.9319787912805277
687.0 1.4292770055395954
687.5 0.8068247020985038
688.0 2.657416462851873
688.5 2.572664685974525
689.0 1.466717226242865
689.5 0.7206051444411776
690.0 1.35771367383227
690.5 2.304839404132509
691.0 1.16059760578744
691.5 1.6641327046766168
692.0 1.2955920249994048
692.5 1.7942864821310927
693.0 0.8815361129703309
693.5 2.2787656619727166
694.0 1.468019814384229
694.5 2.304082435365972
695.0 1.2424132689210992
695.5 0.9201564421208289
696.0 2.1963439864749077
696.5 1.520495877792342
697.0 1.4997904342675494
697.5 1.8383410079754576
698.0 1.6263144259559754
698.5 1.566772751080318
699.0 1.376382610343041
699.5 1.7764156325405653
700.0 1.2825272568898411
700.5 0.8629678866236549
701.0 2.131660291290271
701.5 1.1932390616246222
702.0 1.2445177727009684
702.5 1.1142868765555458
703.0 0.8651605539691546
703.5 1.0736330246638417
704.0 1.2141681995353184
704.5 1.300506966964346
705.0 0.8000529585371458
705.5 1.0582835331771874
706.0 1.2379034129799504
706.5 1.7479424756873905
707.0 3.0074715460907946
707.5 1.9907293184866122
708.0 1.734231861228191
708.5 0.7971006721830719
709.0 1.2785926660485556
709.5 1.1509643623897472
710.0 0.841456045911597
710.5 1.6641628213204989
711.0 1.5924849958526561
711.5 1.3597237161576436
712.0 1.5648569652783686
712.5 2.1606625639545323
713.0 0.8460100153858712
713.5 1.2422250663316712
714.0 1.1284022776521896
714.5 1.845837820094259
715.0 0.6523925440273158
715.5 0.6882763323937222
716.0 0.7845910207016077
716.5 1.4947451135146943
717.0 1.770255403591473
717.5 1.504973705055409
718.0 2.0143272566174115
718.5 2.0724488664583216
719.0 2.126941287869131
719.5 1.734241515931912
720.0 2.450485224613165
720.5 2.8009917883133957
721.0 2.441933863044442
721.5 0.4832595802278876
722.0 2.509121386271359
722.5 0.8715210813833296
723.0 3.4005621799001253
723.5 2.7053718194015524
724.0 1.3442889296401677
724.5 3.0433177672643277
725.0 1.0375696820699818
725.5 1.6840033102478282
726.0 2.607152542639092
726.5 2.221516027606358
727.0 2.086616074704235
727.5 2.10973336265129
728.0 1.8763313355204017
728.5 1.6440174052411018
729.0 3.228750906029025
729.5 2.3518805911404086
730.0 3.0211752879982274
730.5 2.367587941060849
731.0 2.0588048155089127
731.5 2.6720331488361175
732.0 3.1729252688718756
732.5 2.2411145309399165
733.0 1.0441210557526697
733.5 2.9982174086516697
734.0 0.5846256686100544
734.5 1.6561056905454985
735.0 2.006454437856919
735.5 1.8875182892851181
736.0 2.580310724711281
736.5 2.2168882043368443
737.0 1.882872056303642
737.5 3.4270154345968926
738.0 2.6580271518362677
738.5 1.1543645058565746
739.0 1.4514665500292248
739.5 2.2754342582643154
740.0 1.1388411358719766
740.5 1.0886857348461014
741.0 2.139265666512433
741.5 0.9178853164584325
742.0 2.206480566995374
742.5 1.5405482828102377
743.0 1.8145041003443976
743.5 2.6248073555307787
744.0 1.5908206019363527
744.5 3.1827513687559996
745.0 1.814708213888942
745.5 0.2
746.0 1.5937469371391404
746.5 2.3575441315445467
747.0 1.1655905664038217
747.5 1.4905992875222642
748.0 1.862170584570665
748.5 1.2577892521011158
749.0 1.5875168549728083
749.5 1.7258055941356902
750.0 1.3407889961832133
750.5 1.8743860645831378
751.0 0.8446315407520696
751.5 2.1315104058804595
752.0 2.2233543766450605
752.5 1.6394962542669866
753.0 1.3783336944564337
753.5 1.6095564115132415
754.0 1.1793910488221955
754.5 1.9782817991148924
755.0 1.483278994447639
755.5 1.2378458513635757
756.0 1.7963649574025367
756.5 3.168118805011871
757.0 0.4717283764779796
757.5 0.6130749478266533
758.0 1.8570369246829157
758.5 2.266968798038951
759.0 1.626188948391503
759.5 1.3721673877368186
760.0 0.607248312456474
760.5 2.091577294015546
761.0 1.8240317438874176
761.5 1.522374680937204
762.0 0.9850895903459541
762.5 2.4390586181646388
763.0 0.8593421396044683
763.5 3.4469746762325446
764.0 1.330048654134489
764.5 0.9633079935413524
765.0 1.1201557254896604
765.5 1.6662306834125182
766.0 1.239503181111692
766.5 0.8099391086886968
767.0 1.3544774356181493
767.5 1.3032515672167073
768.0 1.580059125147905
768.5 2.247210889755434
769.0 1.8292647980093295
769.5 1.232090508316805
770.0 1.2411115081195572
770.5 1.815960080078516
771.0 0.3528459657465015
771.5 1.3113914778638494
772.0 0.7516514789899791
772.5 0.5063809714269241
773.0 1.1684762547811829
773.5 1.4660314125745408
774.0 1.5392746558372017
774.5 0.2
775.0 2.0129781241136007
775.5 0.678032539501928
776.0 1.0370248384584486
776.5 0.832353781902803
777.0 1.0725365608077349
777.5 1.197480790378033
778.0 0.8873639425964754
778.5 0.9507192685119917
779.0 0.7355143890733867
779.5 1.0920082842886039
780.0 0.9422081425027945
780.5 1.0794753827555317
781.0 0.8666569463051275
781.5 0.998807689218674
782.0 1.0220556118677577
782.5 0.9109152473423592
783.0 0.9019600824164188
783.5 0.788641760899483
784.0 1.0190803291068327
784.5 0.710141717104229
785.0 0.8266516434374311
785.5 0.6040568739385102
786.0 0.6778435161135451
786.5 0.6078300745285015
787.0 0.720163651484089
787.5 2.3681516850478355
788.0 1.5479780125805318
788.5 0.7560342393764391
789.0 2.090267539040328
789.5 1.7482259407799923
790.0 2.2962602835590196
790.5 1.6818532483950086
791.0 2.2924017798350094
791.5 1.490916299313476
792.0 1.8533883309525336
792.5 1.7876554256238757
793.0 3.122311440375464
793.5 1.4082965248046047
794.0 3.0287967360192147
794.5 1.9681184358458164
795.0 2.343748317568492
795.5 2.944810837396833
796.0 1.9794477213566815
796.5 0.8594649405178283
797.0 1.7301825776768605
797.5 1.0277925885533221
798.0 0.26720529075553134
798.5 0.4602805518477381
799.0 0.9609592819663432
799.5 0.7287316205527617
800.0 0.6093655463250813
800.5 0.7415712435266171
801.0 0.9561872386525402
801.5 0.8800489074392218
802.0 0.9597283555580859
802.5 1.01627319988621
803.0 0.8532877077730379
803.5 0.7967291066205541
804.0 0.9260971111044803
804.5 0.6285871887855929
805.0 0.8815495084925842
805.5 0.5944875532881474
806.0 0.8885124341106247
806.5 1.0708805154155638
807.0 1.0107269432882766
807.5 0.6829153710184179
808.0 1.7873788342466472
808.5 1.214363517935968
809.0 1.9974948553851168
809.5 1.1138504167269703
810.0 1.4602522702829148
810.5 1.6487776158706353
811.0 1.1690962679860304
811.5 0.7542489724288756
812.0 1.5609439696043101
812.5 1.4305727860074051
813.0 0.7161450983224757
813.5 0.6211109670476903
814.0 0.7386553577043489
814.5 1.0774620119759681
815.0 1.263161800431547
815.5 1.4158342198408613
816.0 1.623166856927209
816.5 1.5480154444979026
817.0 1.8781897488376322
817.5 1.1579017409532584
818.0 1.70688012148298
818.5 1.8383734580013817
819.0 1.5364372796093941
819.5 2.8884829895578585
820.0 2.3207492725288237
820.5 1.518788637108909
821.0 0.2
821.5 2.833618561805006
822.0 1.865416744606099
822.5 2.7326349704067354
823.0 1.4506927261952551
823.5 2.8891406340804413
824.0 0.9639234520591994
824.5 0.7731354530177122
825.0 0.9184332042770497
825.5 1.0764772496180128
826.0 0.8359829443533842
826.5 0.875580450489192
827.0 0.803494149343591
827.5 0.7993342080186738
828.0 0.7182883627522298
828.5 0.8423873113075542
829.0 0.6665319703964152
829.5 0.7755163494066177
830.0 0.6710491665318652
830.5 0.7312435802815418
831.0 0.7244938833459835
831.5 0.6949536359273527
832.0 0.676423737542627
832.5 0.5760928554640616
833.0 0.5962924200332724
833.5 0.47759984725810056
834.0 0.6461436661564148
834.5 0.9141487254383195
835.0 1.2462551724171484
835.5 3.7798429990166227
836.0 0.9319153178878354
836.5 2.9749869609650927
837.0 2.8725113873252734
837.5 3.0164570622166695
838.0 3.1904094294657077
838.5 3.5315101963162556
839.0 3.6371423748705567
839.5 1.6952012877749412
840.0 1.1647932878845908
840.5 1.288440444538817
841.0 1.6466475748494431
841.5 1.5997070735824002
842.0 1.2463808345336238
842.5 1.407226200140664
843.0 0.6020228671626241
843.5 1.9958527730217235
844.0 1.344448501559964
844.5 1.0386335535238942
845.0 1.9694347658307252
845.5 1.673934180924431
846.0 1.0866502454277136
846.5 1.7053574001848266
847.0 1.1665403730343908
847.5 1.7861164659139241
848.0 1.9019858088988157
848.5 1.3850026832988827
849.0 1.5101503221075476
849.5 1.9679508462642286
850.0 1.2177153349549839
850.5 1.554844087928911
851.0 2.689396527087964
851.5 0.7249255575071957
852.0 2.269396841646547
852.5 2.3132470162290675
853.0 2.0529590994919595
853.5 1.2312079084379894
854.0 1.0433733137328653
854.5 2.1649569722279858
855.0 2.0770548089516043
855.5 1.9417933919870518
856.0 1.7146655776623114
856.5 1.3419756996343128
857.0 2.3539656340164257
857.5 2.3859723875229575
858.0 1.3504592266426494
858.5 1.1114882827941632
859.0 1.7116828631990462
859.5 2.470639124366853
860.0 2.08115253196776
860.5 1.631772101350899
861.0 2.72690465368238
861.5 1.1361906041388425
862.0 2.2510037323387984
862.5 1.5542842986038552
863.0 1.4230319185884641
863.5 0.4626470336317743
864.0 2.0801704304327453
864.5 0.2
865.0 1.3975430561661193
865.5 1.9574108538293105
866.0 2.947214728837311
866.5 1.703797942599317
867.0 0.920317974814149
867.5 1.283972415796723
868.0 1.3875853286654976
868.5 1.4557546800830599
869.0 1.3670716073787692
869.5 1.9992927571031984
870.0 2.5144481160536887
870.5 1.5170386369100883
871.0 1.5861792296495407
871.5 0.9805158230351626
872.0 1.3261502601034856
872.5 1.5528489226727562
873.0 2.4133838617702534
873.5 1.7479081491331878
874.0 1.4987216408129718
874.5 1.6939399571184408
875.0 2.5797793813989554
875.5 2.2522931816640597
876.0 2.5038423016365305
876.5 2.6628246831568205
877.0 3.1178360277622614
877.5 0.7872896048618403
878.0 1.925164297846341
878.5 0.48890214165225765
879.0 1.1278261667990108
879.5 1.6358140395471112
880.0 2.565966812475607
880.5 1.6837053372528825
881.0 1.5334408049275157
881.5 2.6497952790187935
882.0 2.288342220733677
882.5 2.267596685527683
883.0 3.322636065643924
883.5 2.2029333964033038
884.0 1.0924567105359713
884.5 2.6342292225944632
885.0 1.691787110221198
885.5 3.148593883599703
886.0 2.436302535203147
886.5 1.7100366951836758
887.0 2.1799029048670726
887.5 0.7052302416124538
888.0 1.0052549817821175
888.5 0.81360314650748
889.0 0.8392663528568377
889.5 0.9763809922947967
890.0 1.1658185706220978
890.5 1.903487796312642
891.0 2.0417792171881066
891.5 1.920562323005843
892.0 1.5143181064101432
892.5 2.43123244947889
893.0 2.0596314154616464
893.5 2.847256892523051
894.0 1.863824424031058
894.5 1.6755043395077216
895.0 1.1310055199371325
895.5 0.5569715668076503
896.0 1.2312228465565425
896.5 1.725227373895968
897.0 1.4307945650502891
897.5 1.275578677939156
898.0 1.7875671458489395
898.5 0.8287678293240899
899.0 1.529038430069707
899.5 1.3515982183173374