900.0 0.2
900.5 0.39639440083432964
901.0 1.749886111837163
901.5 0.7518144999014722
902.0 2.389893796504949
902.5 1.4582030907508554
903.0 3.7061100408140386
903.5 1.0241821391961803
904.0 0.8297456059900676
904.5 1.0695888456774036
905.0 1.0508857722743017
905.5 0.9474272252671443
906.0 0.9849410717354978
906.5 1.3949052206395351
907.0 0.7050464174748925
907.5 1.3384957378650073
908.0 0.4236024980056581
908.5 1.117645695652839
909.0 1.1160120133806688
909.5 0.5557915251617903
910.0 0.5029935721040466
910.5 1.036504246319687
911.0 2.6178665187999
911.5 2.576471763840257
912.0 2.780420187850263
912.5 1.8046749596908627
913.0 2.0356114246266337
913.5 1.8518106240447334
914.0 1.6641276490125114
914.5 1.3484311963872144
915.0 0.8606757553023254
915.5 2.2982419207005282
916.0 0.7456849826585761
916.5 1.5602593962192948
917.0 3.023752760860358
917.5 1.7488396549392697
918.0 1.0497234134831888
918.5 0.8809119167135289
919.0 2.3489633254444033
919.5 2.5975889133161276
920.0 1.99578309960056
920.5 1.313800616301319
921.0 2.40109240553012
921.5 3.086435013954871
922.0 0.37528111877187875
922.5 2.836262403711584
923.0 1.4446864665391188
923.5 1.253247140922853
924.0 1.4521329733958321
924.5 1.2004573843663227
925.0 2.1743107696676267
925.5 0.5725173575940895
926.0 1.1287705115879674
926.5 1.5559606790305978
927.0 1.0795044694788216
927.5 0.9019309271831956
928.0 1.1039445983487504
928.5 1.1802141510682085
929.0 1.0606645756987056
929.5 1.1416523426352647
930.0 0.9007458605303829
930.5 1.0450513855342374
931.0 1.0813737867205115
931.5 0.6393190214153461
932.0 0.9664603963309819
932.5 1.6895982237360991
933.0 1.0088357903293406
933.5 1.2594367860614126
934.0 1.503605074959928
934.5 1.4998391144058
935.0 1.152410743198235
935.5 1.180589457845035
936.0 2.9161441852803813
936.5 2.392313843780832
937.0 1.635482392236509
937.5 2.0518719782075756
938.0 2.139786325154181
938.5 2.4806150356826344
939.0 3.8778911623316805
939.5 2.66425744002016
940.0 1.221821399303344
940.5 2.700255364490568
941.0 0.92761763050241
941.5 2.443701886636898
942.0 0.400099718165686
942.5 2.624076803272958
943.0 3.8840659185358897
943.5 2.7127163456809917
944.0 2.3184148036707466
944.5 2.826205876581442
945.0 1.6068673241314888
945.5 1.842397927013876
946.0 2.885614411736552
946.5 1.9550976914010327
947.0 0.6223604080032563
947.5 0.9214445695437381
948.0 0.47679981946778194
948.5 1.3894032107822738
949.0 2.4184233028100373
949.5 2.3726291877493013
950.0 1.8888629587199643
950.5 3.133135443095761
951.0 1.8941070790500345
951.5 1.8593758068584982
952.0 1.9314598261913418
952.5 2.9586960847800414
953.0 2.403951726401166
953.5 0.5099270692038214
954.0 1.6617363957626896
954.5 1.8780597058072663
955.0 1.162551230798967
955.5 3.7514455126246276
956.0 2.516717192175403
956.5 1.9350110199137232
957.0 1.2783981662943487
957.5 2.4466337686996837
958.0 3.0613933858338993
958.5 2.1063294703893765
959.0 0.9239444254533671
959.5 2.0684714340517605
960.0 2.9714264270643533
960.5 2.151838410579748
961.0 1.5489849484968088
961.5 2.7297775259141766
962.0 1.9527614395272177
962.5 3.5278380846612256
963.0 2.6606056339336344
963.5 2.1184822536329238
964.0 2.7286688822533582
964.5 1.3300108668193924
965.0 1.7643194371914617
965.5 2.815823008997475
966.0 3.1068519503101424
966.5 2.3610754137367382
967.0 1.255955165779767
967.5 1.63483587985235
968.0 3.433503580868482
968.5 2.161097216763979
969.0 1.5811884581175093
969.5 3.5217847423586326
970.0 1.5203580973348891
970.5 2.2215719532970524
971.0 1.0868220196503948
971.5 3.3504814399697227
972.0 3.5374701461515157
972.5 2.386443460922191
973.0 2.1479827090421115
973.5 0.5653912584788348
974.0 2.6248855862475513
974.5 1.4201724866514154
975.0 2.080367160630546
975.5 2.6808196911624806
976.0 0.2
976.5 1.7301488812961312
977.0 1.9589934309291177
977.5 1.6874069737472208
978.0 2.9587575235452004
978.5 3.292537365970116
979.0 1.7687901915992557
979.5 1.6839717150492666
980.0 1.4303912644533319
980.5 1.7608510045054206
981.0 1.9363915844122714
981.5 0.5973404951679486
982.0 1.2429362703385727
982.5 1.770838142252822
983.0 1.389992786950565
983.5 3.6560997983645027
984.0 3.1798951028946436
984.5 2.1653988425104895
985.0 2.694028030634465
985.5 1.0711717861757426
986.0 1.3280491313036804
986.5 0.9867350366058159
987.0 1.2635463329454704
987.5 1.3642432024113824
988.0 1.1489112029813264
988.5 1.4848778042523936
989.0 0.9478129129015282
989.5 0.6218246009525222
990.0 1.511867032948552
990.5 1.5263158969685078
991.0 0.9117505828031283
991.5 1.0229415302485083
992.0 1.6933521690886058
992.5 1.9170599813432905
993.0 1.6172799740658057
993.5 1.6268757884952354
994.0 1.7447862274892019
994.5 1.2466091030754773
995.0 0.7838353562968599
995.5 0.7462529505750006
996.0 0.6042060043263732
996.5 0.5801054820657683
997.0 0.6370357019448372
997.5 2.4332479082748772
998.0 1.4401158017208804
998.5 2.2124561363221567
999.0 1.432160856313391
999.5 1.0758211182986708
1000.0 0.9706779205500604
1000.5 0.707568693388791
1001.0 1.5670221483715892
1001.5 1.391331162798893
1002.0 1.7332955222211477
1002.5 0.7896779562706976
1003.0 1.6117315050234113
1003.5 1.7739825436959258
1004.0 2.0046167900333045
1004.5 1.4138960324650247
1005.0 2.102852759931461
1005.5 1.5396566789476256
1006.0 1.6891857674813906
1006.5 2.1071123005529095
1007.0 1.74218817558432
1007.5 1.3183715265097233
1008.0 1.5444379004634394
1008.5 2.009086759987411
1009.0 2.9019236545619966
1009.5 0.9533558700672693
1010.0 1.8835268211370955
1010.5 1.5288470645781882
1011.0 2.525520396594322
1011.5 0.5937506783966495
1012.0 1.953237006852293
1012.5 1.657280089386923
1013.0 2.1954606600632784
1013.5 1.3136531268449236
1014.0 1.039916231687156
1014.5 2.1045930739664245
1015.0 0.25261924875021147
1015.5 1.4250035805407042
1016.0 1.9465367437700367
1016.5 2.044993120452017
1017.0 1.7052902970609833
1017.5 0.6284953218440561
1018.0 2.675860982371148
1018.5 0.46666049800007614
1019.0 1.8269791024267024
1019.5 3.0189745837951625
1020.0 3.0131698451168436
1020.5 2.268544989260506
1021.0 2.517346573441423
1021.5 2.185831245834077
1022.0 2.1618138407518397
1022.5 1.076579753095334
1023.0 2.119663840361695
1023.5 2.103550640709339
1024.0 2.7042547599613482
1024.5 1.550926094156932
1025.0 2.208799280576715
1025.5 1.3909293104679477
1026.0 1.9620083675454087
1026.5 1.2094825102326148
1027.0 2.9349524635229174
1027.5 1.7584936312138488
1028.0 1.539020590273268
1028.5 2.888047922565055
1029.0 1.936282668570506
1029.5 1.8491876343853633
1030.0 1.2407111867040697
1030.5 1.1651672914890905
1031.0 1.9515191209086895
1031.5 2.738172643362858
1032.0 2.35760202364483
1032.5 3.2549878108410972
1033.0 3.3296249316797573
1033.5 2.70272254920839
1034.0 1.2264753648883928
1034.5 3.348015746535179
1035.0 2.8952183600480854
1035.5 2.7726997613416984
1036.0 1.7679713952731306
1036.5 2.3776782797994924
1037.0 1.5392163984480578
1037.5 2.0959294030715094
1038.0 1.9129619929711268
1038.5 2.3667683443774084
1039.0 0.9427592671261956
1039.5 2.6012526667853404
1040.0 2.373763799695507
1040.5 1.1430004360000936
1041.0 1.500009180177546
1041.5 2.129875121422505
1042.0 1.8865682133112878
1042.5 1.6926442982905405
1043.0 1.3956528601977922
1043.5 1.2450421579803452
1044.0 3.356313482381203
1044.5 1.7171264093514083
1045.0 1.1850356359788592
1045.5 1.740459860916256
1046.0 0.9747918572703681
1046.5 1.7844036692560015
1047.0 1.235957892162515
1047.5 0.775837985580196
1048.0 1.9495699380059466
1048.5 1.2696205796778401
1049.0 1.4661329708307436
1049.5 2.7321878901610273
1050.0 2.3642719390561155
1050.5 1.4695776245776235
1051.0 1.2528042161568567
1051.5 1.2501052537940516
1052.0 1.7603185100631007
1052.5 0.8615652176251326
1053.0 0.4359832873960623
1053.5 1.5688876960384388
1054.0 1.019375214581659
1054.5 1.2956147724464677
1055.0 0.9695770443935292
1055.5 1.6330385694175154
1056.0 1.9815465187409425
1056.5 2.4410445074428013
1057.0 1.3556275755239664
1057.5 2.034824941935092
1058.0 2.7902848733787096
1058.5 2.7563835014437856
1059.0 0.4213060293143427
1059.5 2.612203889767935
1060.0 3.7579000530195086
1060.5 1.4364337790694162
1061.0 1.0377719965937446
1061.5 1.0627200856883405
1062.0 1.5538106421722675
1062.5 1.2278232211899944
1063.0 1.1268512077358679
1063.5 1.1604508065746044
1064.0 1.5681358749510244
1064.5 1.0398436063255077
1065.0 1.2084266202488743
1065.5 1.2111735061962676
1066.0 1.5386734391639383
1066.5 0.5253813807293695
1067.0 1.0491366585735307
1067.5 1.2378430391356852
1068.0 1.3163083635975785
1068.5 0.872141638761798
1069.0 1.6431443341731948
1069.5 1.0320542293383344
1070.0 1.1329751547605635
1070.5 1.0566724035073747
1071.0 1.0363627460127545
1071.5 2.9511583500648566
1072.0 0.7518594799258078
1072.5 1.683816755745132
1073.0 1.521705408578546
1073.5 1.297070779073466
1074.0 2.5128828000787764
1074.5 1.934269180088264
1075.0 1.7910404475036699
1075.5 2.5228504051346556
1076.0 1.385650845670795
1076.5 1.687256401335508
1077.0 1.6734655037443957
1077.5 1.6032486991558614
1078.0 1.2231785010598664
1078.5 1.9754159446480397
1079.0 1.5504459934179655
1079.5 2.564086134485933
1080.0 3.1896674954526367
1080.5 1.8266705900723237
1081.0 1.680943351662271
1081.5 1.2206099951005016
1082.0 2.601278481111068
1082.5 2.117220771863617
1083.0 2.7437978488675663
1083.5 1.1723025596500931
1084.0 2.5357172766003795
1084.5 2.2691733954466704
1085.0 1.077026997178934
1085.5 1.6066560969073131
1086.0 1.5546867254979742
1086.5 1.4833739668411445
1087.0 1.3856120377079506
1087.5 1.3343893338630477
1088.0 1.7673258540250751
1088.5 0.9518110050882518
1089.0 1.5148242672628953
1089.5 0.9092038217563201
1090.0 1.2998815595313087
1090.5 1.1831304775892906
1091.0 1.4220653243128076
1091.5 0.7790633791400899
1092.0 2.891145607216393
1092.5 3.26144083904679
1093.0 1.9622848687518992
1093.5 2.708524414249643
1094.0 2.3697858569362054
1094.5 0.5539573047286765
1095.0 2.5023277834495286
1095.5 2.065981499716496
1096.0 2.1740872345266444
1096.5 1.3652633947246513
1097.0 3.5086781934358346
1097.5 2.530000595590808
1098.0 2.7156500385823006
1098.5 0.6434087883072119
1099.0 2.266922659263219
1099.5 4.010488511896569
1100.0 3.106275097711067
1100.5 1.018985392518996
1101.0 2.722667356258405
1101.5 3.453416659264703
1102.0 1.9241400302703406
1102.5 1.8166157871233741
1103.0 1.8679318264063682
1103.5 0.9032458727948345
1104.0 0.9269519429344495
1104.5 1.0892287510180934
1105.0 1.3261958133155323
1105.5 1.7200034164888343
1106.0 1.31838217676161
1106.5 1.1642035598510994
1107.0 1.3053660611600035
1107.5 1.6787347997710271
1108.0 0.9816681665091537
1108.5 0.6906073398903951
1109.0 0.7429178663273592
1109.5 0.5298225320186776
1110.0 2.809166782045611
1110.5 2.9330413896934884
1111.0 2.9150301141865476
1111.5 3.3334363964368814
1112.0 1.5746372196480967
1112.5 2.6966570754816552
1113.0 2.6877185707806386
1113.5 1.307834438007664
1114.0 2.2430424742653856
1114.5 2.9510554669188718
1115.0 0.9649603084119529
1115.5 2.8318928275795616
1116.0 1.9714115272738513
1116.5 1.8733408627605417
1117.0 3.352805570331707
1117.5 1.8049818969660614
1118.0 4.113070074674862
1118.5 4.03259728722639
1119.0 1.7525847196287316
1119.5 1.476989032918616
1120.0 2.4840479371051147
1120.5 2.4937830784737005
1121.0 3.3263494280881987
1121.5 1.8227677202481696
1122.0 2.4294335818355193
1122.5 0.6911818547860704
1123.0 3.423594929888533
1123.5 1.647799838378981
1124.0 3.1990232958055493
1124.5 0.4942434749012674
1125.0 0.9927465145636574
1125.5 1.926276428095887
1126.0 1.082431558100883
1126.5 3.0480277629567984
1127.0 1.063107121536428
1127.5 1.8607117033726057
1128.0 1.6687496592918871
1128.5 2.3743431778908723
1129.0 1.2557242459825708
1129.5 1.0499863299127634
1130.0 2.510517450410907
1130.5 1.8416847476808373
1131.0 2.625594781480067
1131.5 1.157272118284357
1132.0 2.1787284151552164
1132.5 2.2231595158571427
1133.0 1.0343250364371404
1133.5 2.377957102792951
1134.0 3.0568000019616104
1134.5 2.295208395738179
1135.0 1.0937867893568425
1135.5 1.3058535429149407
1136.0 1.9153579411063546
1136.5 2.194712760579023
1137.0 1.6621916706780073
1137.5 0.9359976142865487
1138.0 2.3385860701338643
1138.5 1.8505188632179692
1139.0 1.3587272514707598
1139.5 1.3731736096220963
1140.0 1.890949058637077
1140.5 1.3554734658776073
1141.0 2.488970029474358
1141.5 2.3522352309021226
1142.0 3.1092167892239218
1142.5 1.9977456018018844
1143.0 2.0169895798856716
1143.5 1.5524502918846284
1144.0 3.0918387660919127
1144.5 1.9653789500026015
1145.0 1.9307484578331233
1145.5 0.8224117510054108
1146.0 1.2749539317913967
1146.5 1.284488003204045
1147.0 2.479921907435984
1147.5 0.2
1148.0 0.9736640474361574
1148.5 0.9835686899481967
1149.0 1.642576379299541
1149.5 1.7198916721794844
1150.0 2.1014599262354587
1150.5 1.6600765026390039
1151.0 1.7726497960206469
1151.5 1.258359808072397
1152.0 2.4616662975437813
1152.5 2.945894340951974
1153.0 2.1233320623553285
1153.5 2.9221101167205257
1154.0 3.4580851241217045
1154.5 0.41480275163472835
1155.0 2.7417154588029042
1155.5 1.4448762257331125
1156.0 1.6949357050109575
1156.5 3.1136378229655497
1157.0 2.6130795114107546
1157.5 3.2977961324991454
1158.0 1.300730379141657
1158.5 3.4665420329856715
1159.0 3.1870490168715007
1159.5 1.8758675553726074
1160.0 1.935240580481918
1160.5 1.7702234502879637
1161.0 2.2821059464014057
1161.5 1.5249316644501258
1162.0 1.3970383395361545
1162.5 2.4383176431944165
1163.0 2.357609092380908
1163.5 2.114245778709377
1164.0 1.066701485070633
1164.5 1.9293927915520515
1165.0 2.32703506786564
1165.5 2.9278946520129896
1166.0 1.3299551964617744
1166.5 2.5336949448805637
1167.0 2.241282723161687
1167.5 0.7831689196397836
1168.0 1.262978471669304
1168.5 3.7972161395606197
1169.0 2.2036368259172567
1169.5 3.224449919275546
1170.0 1.2884684848654355
1170.5 1.2613693239339967
1171.0 1.5886622588812012
1171.5 1.5498555606447857
1172.0 1.1727638900570854
1172.5 1.5374187054272714
1173.0 1.7259408389356856
1173.5 1.5321201019950523
1174.0 1.0856186842023967
1174.5 1.2585548909827595
1175.0 1.409469250933218
1175.5 2.2211861346073176
1176.0 2.783067379339778
1176.5 1.0872853563380152
1177.0 3.167697251618402
1177.5 2.7539564991762537
1178.0 2.581269456973121
1178.5 2.5483071995677107
1179.0 2.853588241714197
1179.5 3.4005891459529005
1180.0 1.6983995244088153
1180.5 1.1140773408509812
1181.0 1.0574527495035841
1181.5 1.5882452669861609
1182.0 0.8906771290884263
1182.5 1.5196175304363866
1183.0 1.0334227351455747
1183.5 1.389864654393821
1184.0 1.678030078836295
1184.5 1.2585432655077589
1185.0 1.2189944403701423
1185.5 1.4014975596299015
1186.0 1.1529759310508463
1186.5 1.8207320488802694
1187.0 1.2234555604981727
1187.5 1.0617978542766409
1188.0 1.5338860223907196
1188.5 1.1236644744917879
1189.0 1.149221180972063
1189.5 1.8288763665285444
1190.0 1.7592761529328973
1190.5 1.7788442125670985
1191.0 2.0349093872426143
1191.5 1.1063186637050189
1192.0 2.055436067530381
1192.5 1.7140390811433834
1193.0 1.2571326761880997
1193.5 1.4431502267356684
1194.0 1.9957372132003988
1194.5 0.7290790516027656
1195.0 1.9328108404137818
1195.5 2.138542953254344
1196.0 2.001782621145544
1196.5 2.4469534801388138
1197.0 1.0508042224860938
1197.5 0.9559437104544493
1198.0 0.8400181001129021
1198.5 1.1646093443127454
1199.0 0.8281965419898508
1199.5 1.167819196051593