2100.0 0.8571079748395383
2100.5 0.9979559012969419
2101.0 1.4196343932265203
2101.5 1.2525841686474068
2102.0 1.7062185209072789
2102.5 1.0848170728110322
2103.0 0.7544783103129267
2103.5 0.8753897922108511
2104.0 0.9908937887110023
2104.5 0.8858526021347453
2105.0 1.1289218785644868
2105.5 1.269618112938356
2106.0 0.6295860742685271
2106.5 0.9345233249192146
2107.0 1.1674486617534736
2107.5 1.0805513574541954
2108.0 1.06050996944517
2108.5 0.8392551816507171
2109.0 0.982496150339716
2109.5 0.567285136990825
2110.0 1.272177408793097
2110.5 1.2934555788125859
2111.0 0.9428880597776264
2111.5 1.2657616145257613
2112.0 0.9135634890052937
2112.5 1.8431345946032782
2113.0 1.9110845936853527
2113.5 1.2824435404736008
2114.0 1.3693615156622667
2114.5 1.0907359015472675
2115.0 1.8501817790152133
2115.5 1.939472111901614
2116.0 1.4763066890436933
2116.5 0.9632388039369859
2117.0 0.8837584729885211
2117.5 1.3935168713987234
2118.0 1.6332955751820546
2118.5 1.8350406313238032
2119.0 2.0587611907202454
2119.5 1.790697305457315
2120.0 2.127985228244753
2120.5 2.287386828475924
2121.0 1.4589072343611602
2121.5 1.9676275680196278
2122.0 0.6138977567276878
2122.5 0.5066502699120072
2123.0 1.74008717300159
2123.5 1.579023018807063
2124.0 2.2401994288853335
2124.5 3.8635557353105625
2125.0 3.48901793272689
2125.5 0.2
2126.0 2.772089188480555
2126.5 2.728719320881371
2127.0 2.2501563882303297
2127.5 1.841938631355836
2128.0 2.804423013661351
2128.5 2.482284997734913
2129.0 2.7710663485266362
2129.5 2.377365477894446
2130.0 2.7456460611592424
2130.5 2.9894405084229803
2131.0 1.8870972673135784
2131.5 1.3346365429174
2132.0 1.4117111569985425
2132.5 2.3237588560576063
2133.0 2.017557016741802
2133.5 1.1846335240274868
2134.0 3.4997162796739913
2134.5 1.5454426562587908
2135.0 1.6127777231060536
2135.5 2.222914460565126
2136.0 2.4322435945618563
2136.5 0.5572995706896762
2137.0 2.2738008945578025
2137.5 2.7488081523642567
2138.0 2.1247970031669414
2138.5 2.984034718497546
2139.0 2.5558593699037857
2139.5 2.1639062152673354
2140.0 1.8056029201944468
2140.5 1.9282562692255012
2141.0 2.2234216051234217
2141.5 2.8002745306187755
2142.0 2.5124562819567435
2142.5 1.0832048605989943
2143.0 1.8282046785434667
2143.5 2.5021625381320067
2144.0 2.158822789078486
2144.5 1.0317025844866063
2145.0 0.672907456732013
2145.5 1.2750087110215726
2146.0 1.5378818948921897
2146.5 1.305776055376261
2147.0 1.6505603255396135
2147.5 1.256749993312822
2148.0 1.2743339636986966
2148.5 0.5200297605728538
2149.0 1.1812857288057692
2149.5 1.6441042723979362
2150.0 1.1962339423974633
2150.5 1.5805580545198206
2151.0 1.0922953088143805
2151.5 0.7881685533833955
2152.0 0.943148975720822
2152.5 0.8726681978883636
2153.0 1.7682403396663053
2153.5 0.8270948741881108
2154.0 0.877583213937254
2154.5 1.6553798231255858
2155.0 0.5978286260934889
2155.5 1.0980690244625602
2156.0 1.475993691801967
2156.5 0.8331341989145931
2157.0 1.2751949167627714
2157.5 0.8129780490492449
2158.0 0.687084758756952
2158.5 0.4039792906755813
2159.0 1.0266628799428066
2159.5 0.9532304874622085
2160.0 0.8160468930916787
2160.5 1.1314297052828417
2161.0 1.0330816217941377
2161.5 0.8711912713895196
2162.0 0.7745010639624632
2162.5 1.3337737253960509
2163.0 0.9537967159713076
2163.5 2.152815947359548
2164.0 2.0992367052772654
2164.5 3.50737385447219
2165.0 2.021006287238216
2165.5 2.355714445186171
2166.0 2.3592371119984623
2166.5 1.2228362953735006
2167.0 2.6343565675192178
2167.5 3.2545192163976084
2168.0 0.34339260232548874
2168.5 2.7755396858832944
2169.0 2.764755626645181
2169.5 2.6111075664512406
2170.0 2.4900825495479584
2170.5 1.824595492679007
2171.0 2.8259724264657695
2171.5 1.721274263850629
2172.0 1.9443765888629077
2172.5 2.373907121340629
2173.0 1.975990218790404
2173.5 3.632223660053581
2174.0 3.8702148333139275
2174.5 3.6397302309189428
2175.0 1.8894700679756549
2175.5 2.662272035630093
2176.0 2.686667526664963
2176.5 2.481965939127732
2177.0 2.6024423402147456
2177.5 1.356943740653812
2178.0 1.3601415903626801
2178.5 1.3460891212758956
2179.0 1.6423142155261095
2179.5 1.0509736504100595
2180.0 1.5096503768323823
2180.5 1.1832835724670332
2181.0 0.9866001763106893
2181.5 1.185128788404964
2182.0 0.9793393450833374
2182.5 2.421814119408182
2183.0 1.5654999499319988
2183.5 0.8553170501882739
2184.0 1.406803599259617
2184.5 1.0020884178886982
2185.0 1.1717643010388703
2185.5 1.416731189891506
2186.0 1.008741524619778
2186.5 1.1936314545076996
2187.0 1.7781269056466034
2187.5 1.8425595228781597
2188.0 1.295691514242864
2188.5 1.5964848123766053
2189.0 0.5758173777768283
2189.5 1.6371032034572819
2190.0 0.575889657404413
2190.5 1.6417958623205076
2191.0 1.3012771188514918
2191.5 1.9596893021410617
2192.0 0.6249498362618335
2192.5 0.7744190465570728
2193.0 1.2520592693696506
2193.5 0.9763193820794962
2194.0 1.224992336942265
2194.5 0.8840408821638395
2195.0 1.4121568564692415
2195.5 1.2204247835989526
2196.0 0.9464600015642742
2196.5 0.7452755673895954
2197.0 0.921892084838395
2197.5 1.282069735721485
2198.0 1.4631849589517816
2198.5 1.7786440348414754
2199.0 2.2528643083143343
2199.5 2.4578997036281525
2200.0 1.0850914934632583
2200.5 2.244838706978734
2201.0 2.9909339271457234
2201.5 2.7887658275106926
2202.0 2.9239616183212527
2202.5 3.298826817315417
2203.0 1.8741884888048768
2203.5 2.813713886503457
2204.0 3.1274938904552534
2204.5 1.912671732793028
2205.0 0.2
2205.5 0.2
2206.0 2.4840036412571393
2206.5 2.2342989000169773
2207.0 1.7414509219700487
2207.5 2.483527842971839
2208.0 2.573279855343117
2208.5 2.794921970186805
2209.0 0.6942501166107071
2209.5 0.6225685395433898
2210.0 1.9205369041824705
2210.5 1.9478388617373816
2211.0 0.5333469081828235
2211.5 2.251700318924972
2212.0 1.5112351217937183
2212.5 1.3619863910762364
2213.0 1.4875135659205114
2213.5 1.7920859795742228
2214.0 0.5151766830213522
2214.5 2.659113660457795
2215.0 2.0252692258558787
2215.5 2.0542285405851035
2216.0 0.5416783701983459
2216.5 2.34688950188592
2217.0 2.5650311569739177
2217.5 3.114259871230473
2218.0 3.2245711737065825
2218.5 0.821115653460365
2219.0 1.417594430391477
2219.5 0.6819233352152172
2220.0 1.8026023527805883
2220.5 1.0810666652114462
2221.0 0.8451131076967939
2221.5 0.6932638685038592
2222.0 1.4559549005072436
2222.5 0.9718095818238369
2223.0 1.034248170710895
2223.5 0.9880164758735727
2224.0 1.1062163765110045
2224.5 0.6802814640364813
2225.0 0.9129265054271134
2225.5 0.7461129601920766
2226.0 0.9470761682084423
2226.5 0.5344354953244979
2227.0 0.8372316406745923
2227.5 0.8121541280887066
2228.0 0.6471242046678034
2228.5 0.9937728551277959
2229.0 1.122279084850799
2229.5 1.0313591140202487
2230.0 0.7755817292805172
2230.5 0.8355098707259399
2231.0 0.6957951471419106
2231.5 0.8891117812052479
2232.0 0.7594200973816321
2232.5 3.725258819560607
2233.0 3.176948950928476
2233.5 2.700098403350692
2234.0 0.2706860382072849
2234.5 1.1008855070693901
2235.0 2.969159913647796
2235.5 2.2620854864184325
2236.0 1.3444239304154655
2236.5 0.8756791654372409
2237.0 4.1818603672432815
2237.5 1.2867888384797705
2238.0 2.78187426383814
2238.5 2.9524361794354634
2239.0 3.0834713231490705
2239.5 2.514860079387796
2240.0 1.9258208662467067
2240.5 0.7017632730579023
2241.0 0.9189332301775128
2241.5 0.7390102481713132
2242.0 0.9334964318304547
2242.5 1.7532101086987097
2243.0 1.3961254213951262
2243.5 1.5848579046347322
2244.0 0.2
2244.5 1.8581462638618993
2245.0 0.9643191433298175
2245.5 1.3490423519823733
2246.0 1.2917595390563394
2246.5 0.7063979552862735
2247.0 1.4734268627378129
2247.5 0.4899277194551409
2248.0 1.0251942514159045
2248.5 1.359751044657778
2249.0 0.8998293664664312
2249.5 1.2734399239716137
2250.0 2.6300834981686454
2250.5 0.2129760079769063
2251.0 1.8526393194460538
2251.5 2.0617545405749818
2252.0 0.8505756374064493
2252.5 0.9723994377202518
2253.0 1.0907318459972397
2253.5 1.8562672453863205
2254.0 1.6893652145865599
2254.5 2.0922349269584104
2255.0 0.8747960103565858
2255.5 1.0872321044933946
2256.0 0.6600379682258772
2256.5 1.6081066433070996
2257.0 1.459836518064195
2257.5 1.2053629068704355
2258.0 0.5508475604659187
2258.5 2.205618258267835
2259.0 2.1216276974062076
2259.5 1.637481492641576
2260.0 2.6835146209100573
2260.5 1.4620118595834946
2261.0 2.087424108579082
2261.5 1.0914209578770504
2262.0 2.4204056163096714
2262.5 3.5527887895799024
2263.0 2.672724671768467
2263.5 1.7922869716761678
2264.0 1.8077176520470375
2264.5 2.0692417412740083
2265.0 2.1748952710697753
2265.5 1.3419891381487812
2266.0 1.5141176782075254
2266.5 1.819926475052699
2267.0 1.80929660530977
2267.5 0.7878714800926654
2268.0 1.9655344266183712
2268.5 1.9702741301811388
2269.0 1.5172407252760132
2269.5 2.3258217446659444
2270.0 2.0290321742281434
2270.5 2.465250865591318
2271.0 1.968805228953221
2271.5 1.3299022534649048
2272.0 2.684685176882976
2272.5 1.2848409305851256
2273.0 3.0633518093671306
2273.5 2.4567366910708155
2274.0 3.055801271564909
2274.5 1.2465774532338052
2275.0 1.476286663090991
2275.5 1.593068678549365
2276.0 1.6614809233522236
2276.5 1.1879435503002598
2277.0 1.4537685863086305
2277.5 0.9843846793763279
2278.0 0.9866146573427107
2278.5 1.9778800192811912
2279.0 1.7296874545467125
2279.5 1.0482286870764106
2280.0 2.4365281854136365
2280.5 0.734788137309057
2281.0 2.0463830948146824
2281.5 1.6384990327875668
2282.0 1.3742232177444755
2282.5 2.712239206538335
2283.0 1.8022401138690602
2283.5 0.8878463309972893
2284.0 1.1870624398374976
2284.5 1.4994058696975237
2285.0 0.8667596001530977
2285.5 1.203791126025536
2286.0 0.7117127780275955
2286.5 0.8933828757379243
2287.0 0.7867697482333738
2287.5 1.0736840526303164
2288.0 1.40922587446582
2288.5 1.2891420289206186
2289.0 1.3079870578188557
2289.5 1.0215958025908958
2290.0 1.5695058690554031
2290.5 1.4698599487250805
2291.0 1.4930479914074084
2291.5 1.606939626486497
2292.0 1.4972646466591029
2292.5 1.2515147551059829
2293.0 1.204367275103931
2293.5 1.7682607786859588
2294.0 1.3350333315542093
2294.5 1.4286072543194992
2295.0 0.9804213611387905
2295.5 1.4990566557855338
2296.0 1.7769273641061747
2296.5 1.423662308555804
2297.0 0.7922765205136957
2297.5 0.3948333083881561
2298.0 0.7832163465861964
2298.5 0.5427136772766015
2299.0 0.9976293781024557
2299.5 1.4263341370184395
2300.0 0.9078894452382462
2300.5 1.1993311839592804
2301.0 1.5361372516880338
2301.5 2.2976419197882505
2302.0 1.293562509347462
2302.5 2.6795363325252843
2303.0 2.0762956868714424
2303.5 2.281652555781686
2304.0 2.062834538445113
2304.5 1.1943457213532316
2305.0 1.604548543389415
2305.5 1.8226975760896846
2306.0 1.4339383769573524
2306.5 0.7323541915892977
2307.0 0.6597663345810303
2307.5 1.1759577060987934
2308.0 0.8064331140944947
2308.5 1.4046541744346532
2309.0 1.3829690965779302
2309.5 1.0208660967041812
2310.0 0.9536573394188261
2310.5 1.0296121692038493
2311.0 1.4424432725261016
2311.5 3.079740728589411
2312.0 2.494045430014056
2312.5 2.676410242856992
2313.0 3.049944620324961
2313.5 1.8289590690186457
2314.0 2.3541864846611102
2314.5 3.8437700215633086
2315.0 1.411017596230627
2315.5 1.0856191991130324
2316.0 1.0504027405874021
2316.5 1.1248249808616584
2317.0 0.9070712239526159
2317.5 1.153043192460391
2318.0 0.8992682243694325
2318.5 0.9827861001951278
2319.0 0.9745139667614648
2319.5 1.01044287774842
2320.0 0.9037179305358571
2320.5 1.0733934467639035
2321.0 1.120390425865994
2321.5 0.5891558888858123
2322.0 0.9495265690410074
2322.5 1.1534494051561195
2323.0 1.7801350931626483
2323.5 1.3798568363375936
2324.0 3.8086191934659546
2324.5 2.5187914863851324
2325.0 1.8879017030457348
2325.5 3.246853862596742
2326.0 2.154330511579691
2326.5 0.7819360647922375
2327.0 1.2795715964500167
2327.5 0.8933887699815168
2328.0 1.1241638033422747
2328.5 1.899558603967416
2329.0 1.33776889398424
2329.5 1.849061102213101
2330.0 2.6526219262801067
2330.5 2.853853459840809
2331.0 2.4681198902183707
2331.5 1.029434529004028
2332.0 1.06585198075973
2332.5 2.5595951735982863
2333.0 1.3590962396593502
2333.5 2.600705536655844
2334.0 2.4039110651373643
2334.5 2.4819785105310594
2335.0 2.5838202647177044
2335.5 3.205512477399356
2336.0 2.176195465216109
2336.5 2.1370447848665624
2337.0 3.6191063843516975
2337.5 2.5252247505691425
2338.0 3.861499018407942
2338.5 1.4712937517510853
2339.0 1.8772172420445772
2339.5 2.4740280109088797
2340.0 3.5578883529685497
2340.5 1.8143939352846026
2341.0 2.1990213593568075
2341.5 0.9549028803074038
2342.0 2.201186071135856
2342.5 2.753631946362278
2343.0 2.983160884608889
2343.5 1.045195823299258
2344.0 0.7863978390466311
2344.5 1.1942679761846702
2345.0 0.6109795924650141
2345.5 1.689591519715242
2346.0 1.6609918236187768
2346.5 0.8998601813257956
2347.0 1.317489938200611
2347.5 3.666278658566215
2348.0 1.8632993795642936
2348.5 3.1818988635416696
2349.0 1.1109554869902367
2349.5 1.272612772609052
2350.0 1.852813471999211
2350.5 1.6651457955681164
2351.0 1.371054049914544
2351.5 0.9321909983066569
2352.0 1.6462281519332924
2352.5 1.9427380855195873
2353.0 2.1327927498195445
2353.5 1.87287821792959
2354.0 1.1704490200013167
2354.5 2.2477410296497924
2355.0 0.6733485833529103
2355.5 2.248838154870407
2356.0 1.3241477081711528
2356.5 1.6118217420550907
2357.0 2.4673529336461764
2357.5 1.4024122873471365
2358.0 2.108774893844674
2358.5 1.7838035737646716
2359.0 2.3932935007919287
2359.5 2.0282779230819923
2360.0 1.7797390456722733
2360.5 1.3434572910894969
2361.0 2.950387030909913
2361.5 2.98401407911699
2362.0 1.1582232239367571
2362.5 1.9879546394803398
2363.0 2.131512432923514
2363.5 1.006594101418775
2364.0 1.7955875302287643
2364.5 3.1672880595606854
2365.0 3.466711601946611
2365.5 3.1229027570729535
2366.0 1.217051156516694
2366.5 2.920496192064748
2367.0 2.0656966022607426
2367.5 2.946366545472394
2368.0 1.7386166377549364
2368.5 2.76465388970412
2369.0 3.9853256859203996
2369.5 1.102025012996191
2370.0 1.9424881168887944
2370.5 1.431725136943631
2371.0 2.2721683249835625
2371.5 1.0338454061020477
2372.0 3.7062338369867023
2372.5 2.792539521989582
2373.0 4.38292158431687
2373.5 2.7365004398563717
2374.0 2.4788420057220666
2374.5 0.9085459834035827
2375.0 1.0716538592039186
2375.5 0.7046903232932575
2376.0 0.9092834424430765
2376.5 0.8820796377516105
2377.0 1.0880248317062051
2377.5 0.9735468031221532
2378.0 0.8917849624559082
2378.5 0.6200521429277346
2379.0 0.9030932444139408
2379.5 0.8506015952394426
2380.0 0.5749507950367475
2380.5 1.0588395824129764
2381.0 0.5929966465479964
2381.5 0.9969653121156997
2382.0 1.1230975548411886
2382.5 1.1677479269629814
2383.0 0.9396955973026149
2383.5 1.0768540913044422
2384.0 1.1011172498746347
2384.5 1.2739390505204113
2385.0 1.3637549626224583
2385.5 1.096032581186374
2386.0 1.3509482807118416
2386.5 4.539106827359142
2387.0 3.141491429739432
2387.5 2.876030811077204
2388.0 2.641689673682643
2388.5 1.8052044349956708
2389.0 1.689141424487169
2389.5 0.5205062190540481
2390.0 3.0326878640742594
2390.5 2.8751861878444993
2391.0 2.041271695568631
2391.5 2.4006924598288
2392.0 1.9364553045002761
2392.5 2.2653051660640338
2393.0 2.5787737235535064
2393.5 1.54744677539814
2394.0 1.8926540269489323
2394.5 2.215167558026896
2395.0 2.297576151529948
2395.5 1.7633536507429155
2396.0 0.8919308108331208
2396.5 1.3489275069884359
2397.0 0.7925005490775365
2397.5 1.1192089526514577
2398.0 0.9225992145995013
2398.5 0.9122594709100239
2399.0 1.2973791601783669
2399.5 1.8882354233338885