600.0 1.9166991588999944
600.5 1.7448598888778974
601.0 2.2174145175873505
601.5 2.222128129341124
602.0 3.420145314909017
602.5 1.8632072574551812
603.0 1.3308320809853618
603.5 1.6702698188747909
604.0 1.4087515125053796
604.5 0.7542281095180353
605.0 2.2598795718514397
605.5 1.4440141629584564
606.0 0.8159150363358962
606.5 1.345444500325777
607.0 1.096446879228914
607.5 1.1623419612169998
608.0 1.3220453698319838
608.5 1.2648465721169149
609.0 0.9764172418385364
609.5 0.692190693837909
610.0 1.5071839464066747
610.5 1.06632686604753
611.0 1.0474043352761626
611.5 0.8631256249705971
612.0 0.8505416576627353
612.5 1.4205643719430072
613.0 1.5131367121710686
613.5 0.9486809083176688
614.0 1.0571199314747863
614.5 1.317071327167544
615.0 0.8967916193306594
615.5 0.9383324973163057
616.0 0.8023200828925121
616.5 1.370109311793627
617.0 1.8604422756334262
617.5 1.8789168263753648
618.0 1.2299168142287757
618.5 3.205861820399541
619.0 1.9260524469323457
619.5 1.5414798347217713
620.0 0.517248848000891
620.5 0.6340254698314232
621.0 2.4006956791846124
621.5 3.4417952227969724
622.0 2.364064094834274
622.5 1.5454050263047479
623.0 3.5831359789907338
623.5 2.8157195553598346
624.0 1.7394325823304886
624.5 2.685419811601893
625.0 1.9300449884597897
625.5 0.3229327698978701
626.0 1.3615353785172084
626.5 1.4020614801882443
627.0 1.535199628170806
627.5 2.0966886432737963
628.0 2.212977288199678
628.5 2.2414574351214567
629.0 2.520091436776056
629.5 2.1836671983513694
630.0 1.2284935451971641
630.5 2.04400128491902
631.0 2.0119146182732317
631.5 2.3715169813922192
632.0 1.529461399781312
632.5 1.3308821743136434
633.0 2.0595941009257905
633.5 1.209691832130794
634.0 1.6985707956774005
634.5 1.4474358724783947
635.0 1.9115355909965384
635.5 1.126768330247617
636.0 0.22332238903882007
636.5 1.6230347179203468
637.0 1.4880254554249477
637.5 0.4173110727182068
638.0 0.7821396151865673
638.5 2.3132857976793506
639.0 2.046044754420505
639.5 2.038731599731981
640.0 1.2531642055579963
640.5 1.6267617145399624
641.0 2.0867845246452577
641.5 0.2829316088806415
642.0 1.9482783317958043
642.5 1.0512597640235557
643.0 1.2362686286140223
643.5 1.2295881190694924
644.0 1.1821542646433827
644.5 1.4153615674440176
645.0 1.835119735598407
645.5 0.7455903089057976
646.0 0.6233526069160462
646.5 0.6450885664946555
647.0 0.7369500772743987
647.5 0.6514999763901608
648.0 0.6552800734636821
648.5 0.7338153599988364
649.0 0.6949978315994483
649.5 1.1165756089668215
650.0 1.0836244922269658
650.5 1.0101571843141097
651.0 1.2367535809100254
651.5 1.0382218903990608
652.0 1.187936477894146
652.5 1.297668084718938
653.0 0.8808424334328926
653.5 0.9587005042788062
654.0 0.6229001479525148
654.5 1.0576407515565465
655.0 0.943670555742431
655.5 0.7639692455918484
656.0 1.0388359411759318
656.5 0.6510863189412349
657.0 0.9967568493621368
657.5 1.3100736379216258
658.0 0.6975206270486991
658.5 1.0610185461419412
659.0 0.9243349944338973
659.5 1.0187354962756006
660.0 1.338113578617695
660.5 1.031063077260525
661.0 1.1637237786569443
661.5 1.5208210379371865
662.0 1.2708482312524718
662.5 1.6179121970672665
663.0 0.9713453109010909
663.5 0.4988367770165332
664.0 0.8884101145088511
664.5 0.9624702738890267
665.0 0.9504247733949011
665.5 1.1639173487976646
666.0 0.9304751910426053
666.5 1.2679996458286817
667.0 1.071306123710039
667.5 1.503771221258277
668.0 0.739788056853464
668.5 0.7841586816777206
669.0 2.0310878822119913
669.5 2.305088046320032
670.0 1.2935417392194362
670.5 1.39643659445966
671.0 1.3560700625948043
671.5 2.8372475433139153
672.0 3.31607815670903
672.5 1.1864859991686583
673.0 0.9163797344910192
673.5 2.795162355802585
674.0 2.5031196161947618
674.5 1.662790172806367
675.0 1.8568961410167408
675.5 1.9671013089440743
676.0 1.333945979774156
676.5 2.604999714856697
677.0 2.6494079072256174
677.5 1.38104548422661
678.0 2.4169205892409082
678.5 2.3363897955847337
679.0 1.2787135913754701
679.5 1.0534674428586641
680.0 1.9837919474515373
680.5 0.7909936396685089
681.0 1.0839331784030921
681.5 2.444831728038403
682.0 2.145058575078298
682.5 1.633047524432424
683.0 1.960953438433881
683.5 0.7799946400824567
684.0 4.779695308989497
684.5 2.2723683018478296
685.0 2.7229204042746606
685.5 1.276369620472485
686.0 2.345274092410276
686.5 1.1330763653470288
687.0 1.836553209500858
687.5 0.6735524393013941
688.0 2.4849594933738706
688.5 1.7946387337817695
689.0 0.9953482305055013
689.5 0.31131075618651516
690.0 2.847673631936729
690.5 2.200123542063956
691.0 1.3507882843168855
691.5 2.9170674342745295
692.0 2.621006315167288
692.5 2.650306301141624
693.0 3.6413865569604607
693.5 0.8092225993323633
694.0 1.0353018586877072
694.5 1.3056585335138222
695.0 0.8537711565500037
695.5 0.95458591892262
696.0 0.9700646751232688
696.5 0.9422852585137119
697.0 1.2522644054853278
697.5 0.9720926082001562
698.0 0.7213471629123386
698.5 0.8607296747779927
699.0 0.9607504106540135
699.5 0.3926315302467541
700.0 0.926627067310697
700.5 0.7444091681284047
701.0 0.7326233380417964
701.5 0.629295334927151
702.0 0.7835132652555914
702.5 1.2828035580554813
703.0 0.9962875306912564
703.5 0.9960638408489847
704.0 0.8090737331369896
704.5 1.0560720779492812
705.0 0.7832191500150723
705.5 0.9250558036982675
706.0 0.8097952598213911
706.5 0.7010765696675507
707.0 1.0220793807746658
707.5 0.9315885699408982
708.0 0.5347783793417539
708.5 0.5288695273261189
709.0 0.7688015985537211
709.5 1.124074898852279
710.0 1.0052187824219527
710.5 0.7558365733446699
711.0 0.6044827110135466
711.5 1.8376299227832924
712.0 1.3838560605359622
712.5 1.5029773403984987
713.0 1.200815801657336
713.5 1.8598060808488401
714.0 0.825322313712974
714.5 3.5893103233146224
715.0 2.343238880473498
715.5 1.6946160016579046
716.0 1.855019485593167
716.5 1.7873337201099986
717.0 1.7588054764085914
717.5 1.556700092153425
718.0 1.3520913390096023
718.5 0.9182077679022179
719.0 0.5442720158745831
719.5 2.5672310553515834
720.0 3.3501133360526643
720.5 0.6997504201565186
721.0 3.205545766409966
721.5 3.9368772235004386
722.0 2.2271784778937325
722.5 3.672524533471259
723.0 5.999323299703785
723.5 3.33608028211047
724.0 2.262209184254832
724.5 0.6050357162585234
725.0 2.4768163029148997
725.5 1.2930124614112848
726.0 3.5572404111920877
726.5 3.859008613614135
727.0 2.6288456324632574
727.5 1.5402248093550894
728.0 1.4804862728051238
728.5 1.0089843177571596
729.0 0.8141465982859318
729.5 1.0793476792813705
730.0 1.4379254827666923
730.5 0.8014777696774069
731.0 0.6390993585241744
731.5 0.5723712139968035
732.0 1.0846797623787086
732.5 0.7714688043260816
733.0 1.0791856259277581
733.5 1.0185124650070814
734.0 0.853154467058731
734.5 0.852439687442103
735.0 1.2134422246188228
735.5 1.0330713729499055
736.0 1.0095849967837813
736.5 0.8015104380660276
737.0 0.8227732944582539
737.5 1.1338132489555257
738.0 0.8399870218789527
738.5 0.9471853481170096
739.0 1.22825928346036
739.5 1.232962977320868
740.0 1.9017414015815781
740.5 1.4600245733323243
741.0 1.1154787233173526
741.5 1.2020945461540773
742.0 1.1884532426730494
742.5 1.2561406119474148
743.0 1.256180551922593
743.5 0.8350678579398243
744.0 2.1132365827954347
744.5 1.5877917044550525
745.0 1.491147114717264
745.5 1.8682162132420919
746.0 2.083846001367854
746.5 1.3960211466432892
747.0 1.0569365546026643
747.5 1.0923701855467922
748.0 0.7737709770990029
748.5 0.7675327034949309
749.0 1.4558101664234506
749.5 0.7007982555131138
750.0 1.3638833270023087
750.5 0.7858350856046558
751.0 1.345371377444199
751.5 0.4353959709454145
752.0 1.407603478969535
752.5 2.1799222737895807
753.0 2.1331976654766027
753.5 3.584984047476043
754.0 2.5220459411182694
754.5 2.819807915803746
755.0 1.4555144238424909
755.5 4.243399680740554
756.0 2.573856780503828
756.5 2.405114874894821
757.0 2.767412497488799
757.5 2.9652941440471885
758.0 2.5122900533179746
758.5 2.277188732903145
759.0 1.3852373943071155
759.5 1.3840812301119618
760.0 1.8775103178583636
760.5 2.961796231112367
761.0 2.4797437867191956
761.5 2.905183330487307
762.0 3.0486775054600876
762.5 2.625714966353192
763.0 1.1822983387269588
763.5 0.9082822760461762
764.0 2.693177295059847
764.5 1.4748241785147673
765.0 2.1879104062724206
765.5 1.481815919091382
766.0 1.9204927699657377
766.5 1.9724092952276202
767.0 2.2068724254516674
767.5 4.333705864476273
768.0 2.123379277419467
768.5 2.2853923092349713
769.0 3.435571089150133
769.5 2.1465193701098206
770.0 1.9718655155280145
770.5 3.72531861010264
771.0 1.4022296823035993
771.5 3.471994362623904
772.0 2.4836014006267226
772.5 1.746424376475201
773.0 3.2492774342583437
773.5 3.731998606434302
774.0 4.01158911670667
774.5 1.0336629714710146
775.0 3.238996490438666
775.5 1.5273700516780684
776.0 2.8602216377778724
776.5 1.5433671338638837
777.0 3.595760932416263
777.5 2.020113752488785
778.0 1.5320147896991747
778.5 1.5049105728979777
779.0 1.778563913739342
779.5 0.43369611630596183
780.0 1.5316319874530788
780.5 2.7280552031321936
781.0 2.4306247340561757
781.5 0.33259068097955824
782.0 4.363072031986741
782.5 3.6684403575723987
783.0 3.232708653146654
783.5 1.6151059356499904
784.0 1.1346065133776604
784.5 3.5041561391887233
785.0 2.9427089204371364
785.5 2.878537674801123
786.0 2.679982867929623
786.5 2.5953149306836094
787.0 1.660988362340472
787.5 1.3231319941433486
788.0 1.0056927514066694
788.5 1.289169360868764
789.0 2.0265650657085468
789.5 1.1032316927328956
790.0 1.9475313483984162
790.5 1.994075871519227
791.0 1.2229561571705192
791.5 1.3956543879180026
792.0 1.1685987776743325
792.5 3.1621894525233945
793.0 1.5172109844457364
793.5 1.7509144746875087
794.0 1.05619054300498
794.5 1.821633250608159
795.0 4.061600779626353
795.5 1.8245264401648775
796.0 1.694259600799394
796.5 2.0966398103616797
797.0 3.2922006444421186
797.5 0.987746148916526
798.0 1.4207812694232
798.5 1.686760498715913
799.0 1.6505552445408964
799.5 0.8074943562495247
800.0 1.0416409464200211
800.5 1.1504073312694971
801.0 0.3734600161272905
801.5 1.0325896043342566
802.0 1.3338015173167044
802.5 1.2653666342562424
803.0 1.1610268018349825
803.5 0.6698989220890563
804.0 1.716883975285616
804.5 1.9888475265988317
805.0 2.5577318356894745
805.5 3.2055160250601427
806.0 1.3638488992301718
806.5 2.783930270148171
807.0 1.444166202771594
807.5 1.6078105003115142
808.0 2.6060399363278153
808.5 3.9620926600325843
809.0 0.2
809.5 0.33727459889943723
810.0 2.495846466587542
810.5 2.3678733366171305
811.0 1.4401775501594587
811.5 1.1207293799367999
812.0 1.9797693169442119
812.5 2.1400659518619887
813.0 2.1705508994537985
813.5 1.4451316456562342
814.0 1.086184610427257
814.5 2.5749626199361497
815.0 1.359395371156621
815.5 2.833004512773003
816.0 3.26036764402447
816.5 1.4438740772440588
817.0 3.842448192874415
817.5 2.2988434187513977
818.0 1.9277035658151562
818.5 3.796366338347515
819.0 1.6332194484380884
819.5 1.7096519738377416
820.0 2.0320108106885457
820.5 1.9037233854661606
821.0 1.898516335084903
821.5 2.6554989818787567
822.0 0.8148572160137497
822.5 1.345267831769365
823.0 1.594518539112761
823.5 1.17917860936066
824.0 1.5309669234412757
824.5 1.287977567021973
825.0 0.7925547748387467
825.5 0.9551412952257309
826.0 2.324794639656254
826.5 2.3783657284454907
827.0 0.3148640814872987
827.5 2.3048618888003856
828.0 0.71458895079344
828.5 1.7865197393442118
829.0 0.27269066201331116
829.5 2.0938367861251352
830.0 2.6473946452875015
830.5 1.9145326548986297
831.0 2.080938827140961
831.5 2.5583064480703177
832.0 1.7732105980153865
832.5 2.1584010997733487
833.0 3.0152243256849474
833.5 2.6977383805183033
834.0 1.1865391494113124
834.5 3.4640455581910636
835.0 1.3396393609047679
835.5 1.947096752281596
836.0 1.4690570761709805
836.5 0.598905733212098
837.0 1.5510209105002244
837.5 3.1344253505714175
838.0 2.668765274483123
838.5 2.1905866329422934
839.0 3.462952841979516
839.5 2.9497730968680402
840.0 2.1929754154695353
840.5 1.3705264355111928
841.0 3.0732639933107615
841.5 3.0986796786090647
842.0 0.44711034884380774
842.5 2.474693847087416
843.0 2.187359846006726
843.5 1.0457897834067502
844.0 1.487873104096939
844.5 1.9593224940158183
845.0 1.786446911644382
845.5 1.5160697402029868
846.0 2.098521558149005
846.5 1.4289534170741782
847.0 1.3361584519703484
847.5 1.5337959870225584
848.0 2.6555955458496983
848.5 2.4467070823437878
849.0 1.8095820389593822
849.5 1.5671123318391749
850.0 0.7577843563456266
850.5 1.270361649217479
851.0 2.138300396971105
851.5 0.956653311990118
852.0 1.4226168598996094
852.5 1.148023756534003
853.0 1.2224536007426237
853.5 0.6719429968859316
854.0 1.2395439356660969
854.5 1.5710893466852478
855.0 1.1314038897873135
855.5 0.7190076439932767
856.0 1.6007549669775942
856.5 2.7775071624484307
857.0 2.6721862221041377
857.5 2.5582576135531943
858.0 3.497660877871373
858.5 1.8034083979548474
859.0 1.3848970549243842
859.5 1.07825299881624
860.0 1.3549270937815123
860.5 1.3600594084181088
861.0 0.9317951050334146
861.5 0.998793119439882
862.0 1.0403410598529175
862.5 1.2915151236092721
863.0 1.2470736956456272
863.5 1.2670738260896102
864.0 1.1950873165366112
864.5 1.4311760743269706
865.0 0.4242064767195991
865.5 0.8508593419758589
866.0 1.1620572720474986
866.5 1.4118462947477546
867.0 1.6694116146291667
867.5 3.3463202950808615
868.0 3.2072187179223777
868.5 2.413504694895644
869.0 1.1298651431536137
869.5 2.718811613182794
870.0 1.5499905063267794
870.5 1.402877132783169
871.0 1.8971346162114875
871.5 3.985354802976591
872.0 2.2634720120922234
872.5 1.0927316441797028
873.0 1.9158534792122834
873.5 2.120833809207173
874.0 1.3633267764250867
874.5 1.9609238221142475
875.0 2.195985023362189
875.5 1.1223038444309306
876.0 1.3389467786823495
876.5 1.9477413454618637
877.0 3.2261807931697053
877.5 1.3524126354511798
878.0 0.8553889075111726
878.5 1.4815813320983198
879.0 1.4320965924637328
879.5 0.7192042516445096
880.0 0.4913777841770528
880.5 0.7538905552875153
881.0 1.2414851199995383
881.5 0.8778820068789757
882.0 1.3804376670432175
882.5 1.4089907227769605
883.0 1.3869746184288823
883.5 0.7847955524693813
884.0 1.4572909487186563
884.5 0.5240270180233917
885.0 1.1073752162855528
885.5 0.8420052994791998
886.0 1.3091298503346445
886.5 0.9623498019642476
887.0 0.8325805760184727
887.5 1.3422348278828653
888.0 0.9880932737304147
888.5 0.20183757447119555
889.0 1.0618442908663277
889.5 1.0968824694590174
890.0 1.47062895039773
890.5 1.2147568759883867
891.0 0.7963164267182316
891.5 0.7146672727320631
892.0 0.8334911326309766
892.5 0.8399762778365985
893.0 0.6933914304909458
893.5 0.6845852259525389
894.0 0.6785829601412746
894.5 0.6430902883259471
895.0 0.7201440913960406
895.5 0.728296443009427
896.0 0.6317561582625024
896.5 0.6164844230714424
897.0 0.6567155249357564
897.5 0.6619240944781017
898.0 2.5092011540510653
898.5 1.8987449695466405
899.0 0.41320180315745825
899.5 1.8225477136151649