600.0 3.379310601629263
600.5 1.2795949619934266
601.0 1.9241250430811236
601.5 1.2100883167696965
602.0 3.094132058575166
602.5 2.1686270576787576
603.0 1.5054136787064534
603.5 2.569899903031291
604.0 2.0360942964459787
604.5 0.8164047153559761
605.0 0.6480011517608998
605.5 1.5268728426685456
606.0 1.7308154254915822
606.5 0.5704460245398598
607.0 1.0406013676196841
607.5 1.0615287079532054
608.0 2.26581517313505
608.5 1.5897411272715258
609.0 2.3443706461149967
609.5 1.5022129122587038
610.0 2.450955663656053
610.5 1.041993213588606
611.0 2.1936258643768807
611.5 2.458526682630148
612.0 1.6724114697560823
612.5 1.182482941019001
613.0 1.52855735234573
613.5 0.9229818890975261
614.0 1.4317103858258131
614.5 1.6454698532101018
615.0 1.4712728445025476
615.5 1.4473460244089102
616.0 1.679342209649255
616.5 1.6600538414573278
617.0 1.270448908224595
617.5 1.9232905267109524
618.0 1.4826879504583346
618.5 1.916519404847473
619.0 2.0684874460584264
619.5 1.25996418915157
620.0 2.0854297340989896
620.5 0.7995410490219712
621.0 3.5331227952394437
621.5 2.851240813713296
622.0 1.6048773887656147
622.5 1.6799542287814284
623.0 0.581244974606133
623.5 1.0951458632608249
624.0 1.031728482724447
624.5 1.1023673970141687
625.0 2.534433977493845
625.5 1.0210984359167838
626.0 1.4886416849092703
626.5 1.6006904155842185
627.0 2.01881089799078
627.5 2.3895310840064012
628.0 1.8365339004284393
628.5 1.8123256509908172
629.0 2.3701259805763346
629.5 2.201997507941621
630.0 2.1684605074315977
630.5 0.5599538460284195
631.0 0.8529478195894976
631.5 1.4297918096395374
632.0 4.117474135915595
632.5 1.5029063036845443
633.0 4.291739207571614
633.5 2.3675595655621007
634.0 1.0223754871586677
634.5 2.048946198848796
635.0 1.558958678852365
635.5 3.371203290348399
636.0 4.1281180766486765
636.5 2.293070985028513
637.0 1.1479775719530636
637.5 2.1648643934477243
638.0 3.8850096874745477
638.5 2.245453827848885
639.0 1.7069870302348185
639.5 2.591049622827808
640.0 3.7477170366125945
640.5 3.6602927352044183
641.0 2.1616846992690313
641.5 1.2865045714169114
642.0 2.6556058102178124
642.5 1.8311154027498706
643.0 1.9676331837101249
643.5 1.6493137057094405
644.0 0.8005169207688297
644.5 1.250903120879601
645.0 2.057955509147532
645.5 1.1614021841756572
646.0 1.900094174203221
646.5 1.0677299769394215
647.0 2.094412756173951
647.5 1.727521886120809
648.0 1.5530892642189742
648.5 2.1545841595969186
649.0 2.120621286148556
649.5 1.4710408089934845
650.0 2.0992443409801576
650.5 1.6059178341554152
651.0 2.6762562278778637
651.5 2.3958965838372692
652.0 1.3333204135376948
652.5 2.528256847303553
653.0 2.044052595132378
653.5 3.666422846915207
654.0 2.6111439147491664
654.5 1.7772785564199398
655.0 2.205549871160175
655.5 1.1880512116139148
656.0 1.4301869556573006
656.5 0.9006755178498728
657.0 1.0590406108321606
657.5 1.6204088791597129
658.0 0.6426386201230896
658.5 1.266009139485409
659.0 0.5026402636745393
659.5 1.444904118083955
660.0 1.0862867655498025
660.5 0.900743072562931
661.0 1.7841072888473843
661.5 0.5873220850210576
662.0 2.472961599506144
662.5 1.9200696419040866
663.0 1.3998460051710846
663.5 1.8008084903940278
664.0 1.0716331970281985
664.5 0.5797369971159354
665.0 1.760732160122561
665.5 1.1703747558883513
666.0 1.5831606501450084
666.5 1.0351160194833224
667.0 1.1759356032643173
667.5 1.3831151833964133
668.0 2.462520450065121
668.5 1.200826555012338
669.0 2.091614370987903
669.5 1.4879096637817284
670.0 1.8511676093700198
670.5 2.464625489496785
671.0 2.8140933657400184
671.5 2.462471321200522
672.0 0.865292080302182
672.5 3.158616232072534
673.0 1.3358637216336686
673.5 2.3724888031986806
674.0 3.4791249836881777
674.5 4.919153726985896
675.0 2.382022202010494
675.5 1.5367262129629735
676.0 3.9560805121182883
676.5 1.7480447913283426
677.0 0.37256423827201823
677.5 3.079967069657064
678.0 2.575770608599041
678.5 3.7175290037996085
679.0 4.186658806827948
679.5 4.326495329510079
680.0 1.0060049942471598
680.5 2.0803499543258814
681.0 0.8693689663217057
681.5 0.7245851755466728
682.0 1.9113603413781177
682.5 2.0508298796436932
683.0 1.417578695184971
683.5 3.097166625387457
684.0 1.9796203466654296
684.5 2.7865671699127663
685.0 2.4758771736226
685.5 1.1656683230297302
686.0 0.6602454169642429
686.5 1.0016381743897025
687.0 2.5357791627508615
687.5 3.75353686709182
688.0 3.720542114241426
688.5 3.3838822419198493
689.0 3.0749752787394997
689.5 1.5505733750223876
690.0 1.6146990719827499
690.5 1.5926226756913944
691.0 3.8585876307028464
691.5 2.8112566290728953
692.0 1.8151315563280965
692.5 0.9516792861837546
693.0 1.612477521840813
693.5 2.5124041144127585
694.0 1.5522965329114855
694.5 2.1266241746034367
695.0 3.2073749043729967
695.5 2.2605174047816488
696.0 2.765410296843015
696.5 2.6092342011372676
697.0 2.209392909036539
697.5 2.5329847085173762
698.0 1.494852829838372
698.5 2.685942229095736
699.0 2.76828530623053
699.5 0.2
700.0 2.5243425547943596
700.5 2.667421857220389
701.0 2.863200417906449
701.5 1.0279397718175582
702.0 0.8769818469497037
702.5 1.1253280230352605
703.0 0.9775767760662933
703.5 0.7931296489819899
704.0 0.9539379340117673
704.5 1.099845833531011
705.0 1.2680321527390332
705.5 0.9091868474499823
706.0 0.7431425727204829
706.5 1.0708674385075945
707.0 0.9739367786495867
707.5 0.8404307034077004
708.0 0.8581611233775618
708.5 1.0781813676574283
709.0 1.2343094356907742
709.5 0.9511892396004402
710.0 0.36951453102029985
710.5 0.57118728844748
711.0 1.184819822813521
711.5 0.9571566587895832
712.0 0.9060984552049888
712.5 1.0905030914202176
713.0 1.228418621986656
713.5 1.2174247546960066
714.0 1.3189691736692544
714.5 0.5634350086648727
715.0 1.2608683691542828
715.5 1.6921509713228735
716.0 0.9528963979455132
716.5 1.3420293975765432
717.0 1.181782068492392
717.5 1.4503595824702993
718.0 1.3878807856305624
718.5 3.7788912685335907
719.0 2.536073492257332
719.5 2.8457930514259133
720.0 0.2
720.5 3.1614384514277987
721.0 3.3454882968868316
721.5 2.29769066235726
722.0 0.9578971589740555
722.5 1.5028486322714638
723.0 1.3838306565195202
723.5 2.7636160401275944
724.0 2.019537432988407
724.5 1.5290652157404019
725.0 1.3979496667430107
725.5 2.350250982412742
726.0 0.8555443277683232
726.5 0.7141984950435495
727.0 0.5726840265043658
727.5 1.1285536984517326
728.0 0.7196278762198557
728.5 0.8310968036607664
729.0 0.5167261116728432
729.5 1.031697358913803
730.0 0.833686063593587
730.5 1.1827927320040588
731.0 1.5084500892310777
731.5 1.3171147664724652
732.0 2.1814737643004185
732.5 0.5296348646509466
733.0 0.7498185222924071
733.5 0.5665321527038899
734.0 1.0509326865680397
734.5 0.6377034562195086
735.0 0.9468177558308238
735.5 1.0778846656862662
736.0 0.7295742426530185
736.5 0.9471454222210963
737.0 0.9478891791277455
737.5 1.1036068468207736
738.0 0.6740572408421848
738.5 0.809404253322223
739.0 1.1903122774451989
739.5 0.8471016423710611
740.0 0.7450239396709986
740.5 1.071496769834987
741.0 0.6931791458279196
741.5 0.9282646557534043
742.0 3.0279950997743783
742.5 1.8588277166835174
743.0 3.4171090341405517
743.5 1.7405121365005567
744.0 1.4079094139026458
744.5 1.3532498930662087
745.0 0.7267074312406027
745.5 0.9640887627035148
746.0 1.353755430779614
746.5 1.7010514947379582
747.0 1.521480673238366
747.5 2.322653507458546
748.0 3.009628374127603
748.5 0.7168626528249743
749.0 1.3046915698587567
749.5 1.667656530840306
750.0 1.4809284655664845
750.5 1.429467821966594
751.0 0.4458083825352164
751.5 2.357638103940128
752.0 1.880408223265699
752.5 1.5014603603625285
753.0 2.754628697474182
753.5 1.2200524377708257
754.0 2.477074511029809
754.5 1.6708879848759188
755.0 1.4785264145221453
755.5 2.4471770594330584
756.0 2.4180950386315123
756.5 2.6547262694671616
757.0 0.7983672871062768
757.5 2.486412939146878
758.0 2.345019201419916
758.5 0.6014072926368383
759.0 1.682928851965268
759.5 1.8528243415873609
760.0 2.4367068202890634
760.5 1.6825187213454278
761.0 1.939827477204508
761.5 1.9817833752472258
762.0 2.688576444730127
762.5 0.7322762964050774
763.0 2.9347245754444797
763.5 2.3012794130054575
764.0 0.7250051560584754
764.5 1.2869500517525232
765.0 1.9535558178815036
765.5 2.1831247687197974
766.0 0.7621007567076048
766.5 0.9336058166011857
767.0 1.3068504081820689
767.5 2.0076583555235197
768.0 0.9591155551378279
768.5 1.8360094989753304
769.0 1.3993371615178736
769.5 1.9993352514333584
770.0 1.5918468699383912
770.5 2.624471670634854
771.0 2.0204947963443454
771.5 2.5364119014250193
772.0 2.1421629402716924
772.5 1.8431985800714112
773.0 0.6355317670096876
773.5 1.8181022170287582
774.0 0.6547668055614184
774.5 1.9130992867126224
775.0 1.5457675582118995
775.5 2.724143459167759
776.0 2.3938012680094323
776.5 1.9805303442035185
777.0 1.5670630438497097
777.5 1.8656946624813335
778.0 1.1125104028462012
778.5 1.5349876173856265
779.0 0.251499877496677
779.5 1.9397222265630507
780.0 1.0209252400500777
780.5 3.213782287087451
781.0 2.6577969396481302
781.5 2.8209577494628997
782.0 2.2125283302782326
782.5 1.0697148981707107
783.0 2.9877222486941353
783.5 2.1725964693494406
784.0 0.9856556172855471
784.5 2.474601301168736
785.0 2.4642843876791196
785.5 3.5860430071671545
786.0 1.7975341541935577
786.5 3.545373811532486
787.0 3.003736698010264
787.5 0.7355257550872298
788.0 2.2704942129689156
788.5 3.4665030950038127
789.0 1.8825334506024927
789.5 0.7874412893001721
790.0 1.9357782676077566
790.5 3.8706698979582708
791.0 1.526931046493694
791.5 3.207078661143569
792.0 2.497413925036269
792.5 1.8102139685763445
793.0 1.6031509244591278
793.5 1.0945500661484606
794.0 2.1101343946115128
794.5 0.2
795.0 2.4619059585555885
795.5 2.156487168229114
796.0 3.0477385715376895
796.5 3.0567056537663873
797.0 1.7462561538430403
797.5 1.6247399978891413
798.0 2.927950498145095
798.5 0.577470994144071
799.0 2.6676859654160467
799.5 1.423225351718958
800.0 3.270526141232316
800.5 2.346359094601395
801.0 2.3408426223002285
801.5 2.1909108560818273
802.0 2.1518119530121744
802.5 2.462790217119453
803.0 1.887178793797889
803.5 1.7029107212868657
804.0 3.181051046940299
804.5 2.1528360581405113
805.0 1.1533249489630273
805.5 1.5026496643596348
806.0 0.8708269355217715
806.5 0.2
807.0 2.5776549316500845
807.5 2.205673764375559
808.0 2.8378221711594755
808.5 1.9172811363599602
809.0 2.7486854706399537
809.5 0.5939536668764851
810.0 3.54666799863763
810.5 0.6666246028284462
811.0 2.8334088961078945
811.5 1.3057969707680566
812.0 3.3126949312473526
812.5 1.5692209461029898
813.0 3.5735196927461903
813.5 2.1522157088974865
814.0 2.3041679389172276
814.5 2.5773775070421916
815.0 2.573022542087562
815.5 2.3683823724230573
816.0 2.3896259229452324
816.5 1.251908900194441
817.0 1.6420547908752203
817.5 1.9362346350507038
818.0 1.5537993522908433
818.5 2.9386277572054813
819.0 2.305291089464459
819.5 1.8235288474705624
820.0 1.4657702494601292
820.5 1.9623035282237
821.0 1.2418305153288716
821.5 1.5384000118516261
822.0 3.014046046326739
822.5 1.6558613065542316
823.0 2.062183017506701
823.5 2.333800034361652
824.0 2.906495829423603
824.5 2.9870979798637323
825.0 3.615485086166766
825.5 3.1063623514343264
826.0 2.834075515713043
826.5 1.9246889659351676
827.0 1.0396463718998494
827.5 1.1786806225801545
828.0 0.8058930460704659
828.5 1.093014044450634
829.0 3.8635115406334455
829.5 2.333103858287148
830.0 2.365857937079447
830.5 2.1533267329723857
831.0 2.31445623247632
831.5 2.5871976638511063
832.0 3.102009021360139
832.5 1.8317221729329662
833.0 1.8489670299130703
833.5 1.1383708109221669
834.0 1.1308962185961262
834.5 1.1692612808702765
835.0 1.9125517278067936
835.5 1.2338449953957449
836.0 1.1020020805117494
836.5 0.7772967635792698
837.0 2.3873009120957676
837.5 3.2407425702376145
838.0 2.0777045166391788
838.5 2.5322034668784514
839.0 2.653978629477491
839.5 2.5531898104644535
840.0 1.7510462968153153
840.5 2.679303048024437
841.0 2.353373469121605
841.5 1.5541696178890345
842.0 1.3647322807150726
842.5 1.3205463700942555
843.0 1.934124736328842
843.5 2.5909879263619153
844.0 0.7123265640927938
844.5 0.771314917582123
845.0 0.5141264478538201
845.5 0.7694312177377106
846.0 0.79113147325628
846.5 0.9595163222009717
847.0 1.6324493704537997
847.5 1.0649530277713004
848.0 2.2825475599748843
848.5 1.0395745304532023
849.0 2.6367926666213695
849.5 1.4682022756111894
850.0 1.5134317338421028
850.5 0.9437843472401373
851.0 0.9254952360846204
851.5 0.922484847352012
852.0 0.7620667091711704
852.5 1.1751181456578284
853.0 0.794333851915727
853.5 1.059492792930893
854.0 0.9747802660250681
854.5 1.0813911962733194
855.0 0.7356321751936875
855.5 0.9074121263175216
856.0 0.721134220325953
856.5 0.9942440759733703
857.0 0.9384146393617864
857.5 0.912668156014582
858.0 0.7845421552052463
858.5 0.8824440272533094
859.0 1.4199793236849962
859.5 0.808121129943501
860.0 0.7844562758986455
860.5 1.110760476494636
861.0 0.296118722356571
861.5 0.9001721238983917
862.0 0.6257562193519843
862.5 0.6905759613995778
863.0 0.9556465468750867
863.5 0.7456536453440475
864.0 2.3665176157842525
864.5 1.8944148267872534
865.0 1.073158926911232
865.5 1.3731190899348316
866.0 2.3054387736898763
866.5 1.7954121680458135
867.0 1.7243579293160691
867.5 2.1851377270926005
868.0 1.9652653611964102
868.5 2.2204270579317784
869.0 2.1845829737176823
869.5 2.1027404845131983
870.0 2.4931909899093343
870.5 2.6630337030250293
871.0 2.5242931452535444
871.5 1.4680087218019064
872.0 0.5305268186323231
872.5 1.3450840668964106
873.0 1.2855970765248999
873.5 1.5584439736259146
874.0 0.8274062296528302
874.5 1.7958553616665156
875.0 1.0888237879523062
875.5 1.3520503819199083
876.0 0.6442778741761505
876.5 1.1850743158758643
877.0 1.3563015505055382
877.5 1.2490900857422949
878.0 1.661220591942192
878.5 1.993864904057417
879.0 0.8802241268111959
879.5 0.7408455267935427
880.0 1.2503993300242229
880.5 1.9132230180928917
881.0 1.293323234286166
881.5 0.809737635178404
882.0 1.0299926556424734
882.5 1.6855596890493247
883.0 1.381733848467698
883.5 1.6404645377321292
884.0 1.514052841440624
884.5 1.4682488020649427
885.0 1.60054271408866
885.5 1.3826542989292767
886.0 1.9687514111266429
886.5 0.9243918189843189
887.0 1.4417305201751751
887.5 1.2912194846670884
888.0 2.4604953775669482
888.5 3.14689063872438
889.0 1.6979555693348272
889.5 3.751207654697524
890.0 1.8770976995455455
890.5 2.566666645053675
891.0 0.6858397243392234
891.5 3.3297047524604935
892.0 3.928473929546671
892.5 2.2365705713841324
893.0 1.4668363415608239
893.5 2.0928218869985646
894.0 2.6256114904300114
894.5 2.60723448589407
895.0 1.7800396956437106
895.5 0.9075939328678713
896.0 1.1031639049359931
896.5 0.6985662094317782
897.0 0.8278725305174361
897.5 1.1028750700533494
898.0 2.05739546978511
898.5 3.1679330667165866
899.0 0.8874667991370355
899.5 0.8655300997764771