300.0 1.4100911092349047
300.5 1.9194552775364304
301.0 1.0152640145443568
301.5 3.155804001487586
302.0 2.16328401048123
302.5 1.4183909973703819
303.0 2.0050062598141665
303.5 1.541701041848016
304.0 1.6151116058064625
304.5 1.911418774429524
305.0 2.7622758690459417
305.5 2.9157281303191662
306.0 2.9085354599486632
306.5 2.547011106782297
307.0 2.37533148402846
307.5 2.286766593889359
308.0 1.8653298917470864
308.5 2.2346441591519017
309.0 2.090258782286949
309.5 1.1258287389790984
310.0 1.8671351244897978
310.5 1.7420488187966745
311.0 1.7876691068792414
311.5 1.682051456815754
312.0 1.27857470937758
312.5 1.4257778181690406
313.0 2.957656259202425
313.5 2.703837220358719
314.0 0.8671109943863806
314.5 2.2578251329973864
315.0 3.1868413004875498
315.5 2.6248587187732975
316.0 2.140884485574909
316.5 2.152278211847303
317.0 3.038944136586046
317.5 2.2484774806448433
318.0 2.029984980020342
318.5 1.0631189039707831
319.0 0.2
319.5 2.4402109313995957
320.0 1.5032254257678639
320.5 2.1336843521113846
321.0 2.7209599622559564
321.5 0.931124653287186
322.0 2.7119705735701745
322.5 1.970357010935667
323.0 2.1762159221705955
323.5 2.599873104775391
324.0 2.9532483696481515
324.5 2.565212825198644
325.0 2.613036529768634
325.5 3.096115260971395
326.0 3.068089557463793
326.5 3.8573565052004115
327.0 3.308306294444682
327.5 0.2
328.0 1.7426263709679062
328.5 3.4861338102581705
329.0 1.2758041269827398
329.5 1.7457218729888995
330.0 1.705370648161725
330.5 1.5126459149686544
331.0 0.9420486750332036
331.5 2.269674254259364
332.0 1.4779407997130174
332.5 1.2705165855059066
333.0 2.426193388092278
333.5 3.7989353982992244
334.0 1.785012096382037
334.5 1.8968895975692837
335.0 4.156566264046363
335.5 3.037059546035942
336.0 2.9906568393015993
336.5 1.7676460295079366
337.0 1.8309603587949135
337.5 0.7198414372377322
338.0 2.648886851093179
338.5 0.2
339.0 2.256726155786319
339.5 1.7987462127634621
340.0 2.9261168830968813
340.5 0.9205490823378504
341.0 1.7256418159341762
341.5 1.0903659885156654
342.0 3.1667663995454225
342.5 2.9075080343978783
343.0 1.9540063285078295
343.5 1.252464864906273
344.0 1.338620521417298
344.5 1.4008985250481596
345.0 1.04371797074207
345.5 0.8264872253484917
346.0 1.6024313145389284
346.5 0.5701253514369369
347.0 0.8814105288452414
347.5 1.2250371621033247
348.0 0.6815982203263633
348.5 0.80364833640717
349.0 2.1637292585411334
349.5 0.5841007581919611
350.0 1.0100644452278784
350.5 0.9271082375278324
351.0 0.8290746152399758
351.5 1.0568927101753407
352.0 1.026801804138662
352.5 0.7871246086830859
353.0 0.9173622527343755
353.5 1.438309488632354
354.0 0.746925262483215
354.5 1.677918493468617
355.0 0.9335749264766124
355.5 1.383563615203647
356.0 1.7778415212521272
356.5 1.1796350586987532
357.0 1.090199517171324
357.5 1.7600542329539144
358.0 1.9130421015162073
358.5 1.9712759436446237
359.0 0.8613010503516432
359.5 2.0767913191348217
360.0 1.5836288075176832
360.5 1.3087392385476249
361.0 0.9188305004689433
361.5 1.7181370944354162
362.0 1.1183561892289222
362.5 2.489275483178987
363.0 1.6384960734117693
363.5 1.1592445418516713
364.0 2.161862644631399
364.5 1.063549795630108
365.0 2.7910080544289153
365.5 2.0203654554253774
366.0 1.6409169318485977
366.5 1.3800263885038424
367.0 0.9991249908303141
367.5 2.7756041102464892
368.0 1.8335722716482885
368.5 1.075547377485147
369.0 1.0350367794402127
369.5 1.5332179376259396
370.0 1.3151949480237994
370.5 1.2030025432740055
371.0 1.1487702772607342
371.5 0.7272836426817032
372.0 0.8181943553791563
372.5 1.1060824683617168
373.0 1.5343103874704127
373.5 1.5788044039784608
374.0 0.9537913440432563
374.5 1.5248505363156308
375.0 0.8867403197552028
375.5 1.0518265431274212
376.0 2.3452186147366043
376.5 1.7626725238898546
377.0 1.3846655214025363
377.5 2.085487390072891
378.0 2.336799194569968
378.5 2.22384364647262
379.0 1.7989163983114647
379.5 0.5160746144165982
380.0 0.5795110843162461
380.5 0.847309810997229
381.0 0.6647850521358857
381.5 0.4967441624446087
382.0 0.7262230408639938
382.5 3.200274235501962
383.0 1.9154286038999455
383.5 0.3934125359960805
384.0 2.1340544870717917
384.5 1.4715207682451945
385.0 1.160081127594578
385.5 3.145828032845306
386.0 2.2860031266244114
386.5 3.7641876148350946
387.0 2.6879621676562673
387.5 3.172999153255522
388.0 2.6619718076487295
388.5 3.424732677682277
389.0 3.3571711538321507
389.5 1.4595961000519413
390.0 1.2387127226529102
390.5 0.9460201696551447
391.0 1.082445980478296
391.5 1.5814356059799874
392.0 1.3692236383940752
392.5 0.9122022937805153
393.0 1.0656492734935576
393.5 1.1752043786051625
394.0 1.0807123391282247
394.5 0.7699914810199184
395.0 1.0281634276470435
395.5 0.8175701407478471
396.0 2.103580473373049
396.5 1.380270413081086
397.0 2.79081607332187
397.5 2.295722061065513
398.0 1.2046512695010043
398.5 1.0626915555810363
399.0 1.6887713142336778
399.5 1.231299014018548
400.0 0.8929288183889599
400.5 2.438699942496363
401.0 1.3212991351945433
401.5 2.7944691118435347
402.0 2.8692797497431775
402.5 3.2279076603418444
403.0 2.8554136897125124
403.5 1.2698537250602209
404.0 0.4740140989235979
404.5 1.4467089795463117
405.0 2.990012739047746
405.5 1.8684678360747282
406.0 2.723900468825846
406.5 0.9518433291639614
407.0 3.001978674357205
407.5 1.2290401192092657
408.0 2.573235312674247
408.5 0.7381194422559361
409.0 2.2369779691838616
409.5 2.53631245051408
410.0 1.8518379978158783
410.5 2.685207184540414
411.0 0.8625184168088227
411.5 2.5883351659610927
412.0 1.5589749214005615
412.5 1.071216033121717
413.0 2.581091125696525
413.5 2.217795137264648
414.0 1.1769235216903295
414.5 0.8984243411080721
415.0 1.5866667019241032
415.5 1.7145869820687076
416.0 1.0244215973471111
416.5 0.7713831184147694
417.0 1.0546965407087798
417.5 1.2466539912538241
418.0 0.9294083086234064
418.5 0.9988613847746065
419.0 3.7129669231523694
419.5 4.323873529517318
420.0 3.6516072032240174
420.5 1.9893777953721414
421.0 1.1320908356417587
421.5 1.965903823403501
422.0 2.9348542468167826
422.5 2.042081012601151
423.0 1.580866987304074
423.5 3.8121678882314396
424.0 2.4019341905747784
424.5 0.8957734483588738
425.0 0.8136050465418576
425.5 1.0507314692418164
426.0 1.3996346200843042
426.5 1.0369081262210722
427.0 1.1026479872429547
427.5 1.1632171278329886
428.0 1.2616320117128792
428.5 1.2783240035010084
429.0 2.038670792400781
429.5 1.9320811174080523
430.0 1.1424866854615097
430.5 0.9939039755753052
431.0 1.0795342061854216
431.5 1.3107300490662737
432.0 0.850702229864283
432.5 1.2927139127941896
433.0 1.4880804121758768
433.5 0.9544292274292856
434.0 4.182954713713782
434.5 2.6550883737936397
435.0 1.8974763105945
435.5 2.633699077979564
436.0 1.2070117902354496
436.5 1.6686098930258988
437.0 1.6325026128622353
437.5 1.8193963260605504
438.0 1.6755125399406265
438.5 1.1524663248131044
439.0 1.5983756899591806
439.5 2.1991927304978915
440.0 1.04260290017405
440.5 2.2205978980411105
441.0 1.7811233516278657
441.5 1.254842324560557
442.0 1.6599103135911943
442.5 1.5841036697733049
443.0 2.091405416784064
443.5 2.0141294036021993
444.0 0.8813690029352506
444.5 1.7140022266278176
445.0 2.8691261543380016
445.5 1.3155930299042422
446.0 2.4274454096139566
446.5 2.4466479847757023
447.0 0.9931210969181241
447.5 1.262673666269653
448.0 0.7403377996411249
448.5 1.8574760813253905
449.0 3.281309632364371
449.5 3.122046124327567
450.0 3.2495487730485353
450.5 2.040382417291668
451.0 2.0114610320238455
451.5 2.1715616643223714
452.0 0.9228892385715107
452.5 0.2
453.0 1.7614401070801127
453.5 1.167858400281062
454.0 1.7292570140634749
454.5 1.9496674563893674
455.0 2.3369345173724367
455.5 2.183641625834703
456.0 1.7322489787103765
456.5 1.4087207134442223
457.0 1.8125271327695418
457.5 1.2975826178526513
458.0 1.0527517450511925
458.5 2.7277036729242
459.0 1.710459415200828
459.5 1.816201959263479
460.0 1.4365055813848913
460.5 2.1274248888061607
461.0 1.3731449990840938
461.5 1.6916487872385362
462.0 1.1300412716085515
462.5 1.8811037973352838
463.0 1.4556262297983498
463.5 1.8667211317196832
464.0 2.0695507146133365
464.5 1.4689823552282366
465.0 2.0843211496342526
465.5 2.002551700020486
466.0 1.647448766792834
466.5 1.9285961810446655
467.0 1.8488026914406936
467.5 0.7175516553210162
468.0 1.5688029612352832
468.5 1.6275389385218368
469.0 1.487734520665383
469.5 1.855895028073446
470.0 2.7890128371990284
470.5 1.794689188629098
471.0 1.9501117389085054
471.5 3.2219161794115987
472.0 1.9075105227193874
472.5 1.3866472724044547
473.0 1.2209520758667207
473.5 1.6823609123575771
474.0 1.9579293455330011
474.5 0.5619455703539289
475.0 2.522329480382899
475.5 2.572409328862787
476.0 2.2775127178231007
476.5 1.6727649224375631
477.0 1.112213094575885
477.5 1.9929550759513566
478.0 2.2290039550415304
478.5 1.1926594569556275
479.0 0.2
479.5 1.7477822767283446
480.0 1.1489256577526745
480.5 0.5550372380333197
481.0 0.45298875070261446
481.5 1.9679928476671376
482.0 0.4166444849535449
482.5 1.3722344329507081
483.0 1.2721745743650377
483.5 2.527297318852048
484.0 0.854450577309512
484.5 1.7828038361340224
485.0 1.6583733551768893
485.5 1.9138972713686262
486.0 1.3658366981359302
486.5 1.2447286682164815
487.0 1.5333268327896565
487.5 1.605373454962976
488.0 0.8605118430468548
488.5 1.7924423590940655
489.0 1.7110626153485917
489.5 1.6164185379274207
490.0 2.3311956173198345
490.5 1.5014122261332883
491.0 1.0425593547290748
491.5 1.6783990598164569
492.0 0.7058387181823265
492.5 0.7733208546385961
493.0 0.6997004086656515
493.5 0.564138678386809
494.0 0.7471821280025517
494.5 1.7889238982486892
495.0 0.5131230015120807
495.5 1.4826922598046592
496.0 2.8063635333149874
496.5 1.8671296077789652
497.0 0.9188505562766995
497.5 1.3400070629714307
498.0 2.6585723278959303
498.5 1.3742861283079566
499.0 1.879768208287026
499.5 1.456780079000826
500.0 3.132436263104916
500.5 0.34493710822816914
501.0 1.5586686590006513
501.5 1.0624022000221092
502.0 1.5765495979796216
502.5 2.643047884004798
503.0 2.3586221524834103
503.5 1.6246670758021573
504.0 2.3860001102102535
504.5 1.6784607046935105
505.0 2.172216884819008
505.5 1.7540883744826719
506.0 1.4128812323409996
506.5 1.4878036010342213
507.0 1.2941844020080933
507.5 0.7195924409569754
508.0 2.1336847337952016
508.5 1.9100813961208458
509.0 2.2821076445970885
509.5 2.828242841880623
510.0 1.9812416426451414
510.5 2.2965755393711227
511.0 1.8033377533813222
511.5 2.4560211492647506
512.0 1.8008359467943174
512.5 1.2415156646573848
513.0 2.3728925382608796
513.5 2.1021034836146413
514.0 5.025421165660053
514.5 1.778633158881533
515.0 3.3071003590800228
515.5 0.742845360781021
516.0 1.8814196760892157
516.5 0.5208685375231377
517.0 2.7866687289850924
517.5 3.3563147918169447
518.0 1.811745160721081
518.5 3.150732705812163
519.0 1.963369039027095
519.5 2.472235734808997
520.0 2.5987646351571776
520.5 2.3446032834639605
521.0 1.7820442177450433
521.5 3.914599403354634
522.0 3.2701748179191945
522.5 0.3533982888121894
523.0 1.9456008668378222
523.5 0.5665924272930951
524.0 2.319800355968077
524.5 3.8734081590962353
525.0 0.2
525.5 4.101116557157714
526.0 1.7320851913683781
526.5 3.212786950120581
527.0 3.378563269656361
527.5 3.6436300656923777
528.0 2.9810991635701667
528.5 2.9074776081073392
529.0 2.1180436777790996
529.5 2.9108227861836182
530.0 2.1556818739898804
530.5 2.9716380078952964
531.0 3.318069830549522
531.5 0.7834709430013733
532.0 1.1024827111403865
532.5 2.6871213846885684
533.0 3.7707501204609537
533.5 3.8186607244293613
534.0 1.3817142508295297
534.5 1.1676590833205531
535.0 1.566210753706256
535.5 1.8608526142405728
536.0 2.0145038379174793
536.5 0.5548836150875194
537.0 2.1995606872450195
537.5 2.023966096879426
538.0 1.2801294461747261
538.5 2.8580821153413
539.0 3.6528296132704288
539.5 2.2168653590190557
540.0 1.6577916739310865
540.5 1.6965643844899907
541.0 0.8315954133945899
541.5 1.109979762396557
542.0 0.7437881413993084
542.5 0.5475630267960234
543.0 0.8626211484227024
543.5 0.6669611549674586
544.0 2.1010741507424493
544.5 0.7216017299416341
545.0 1.3322382468708405
545.5 1.319349907302401
546.0 1.1498945454830851
546.5 2.791881645200044
547.0 1.5701495288926242
547.5 1.5959842959819146
548.0 1.780869975834432
548.5 2.991440369291664
549.0 1.0281278256054631
549.5 0.805031143959245
550.0 0.8244777927590266
550.5 0.9365043378576854
551.0 0.8930031260586633
551.5 0.8443042985985924
552.0 0.43866094841331965
552.5 0.7817080786131326
553.0 0.8583930486922582
553.5 0.8850563327648998
554.0 1.1408544803181928
554.5 0.936494723575045
555.0 1.3617420829048354
555.5 1.0921549254429568
556.0 1.0185788838238128
556.5 1.0895050423410613
557.0 0.8687049368890483
557.5 0.9408963925486692
558.0 0.8830052201830914
558.5 0.8785605364366347
559.0 0.8211176734408347
559.5 1.2690259115283948
560.0 1.4308265255316117
560.5 1.0813554359933077
561.0 2.1950616338102593
561.5 1.7820428953610687
562.0 1.78602843695766
562.5 2.114151818259979
563.0 3.1719425809152035
563.5 1.786994233199395
564.0 2.950188816252788
564.5 0.8912312411589527
565.0 1.074447530498976
565.5 1.6569024904756056
566.0 1.7559937358073971
566.5 2.5292348099882207
567.0 2.283198479077257
567.5 0.682557266480917
568.0 1.5698148565846832
568.5 1.1512569082770276
569.0 3.462473031568468
569.5 0.9651549001395865
570.0 1.0544193498518444
570.5 1.0952885799162222
571.0 1.9575382221450472
571.5 2.0501439961560814
572.0 1.99284773426992
572.5 1.079461375778517
573.0 0.8616119110420031
573.5 1.3473454455731142
574.0 1.9919581435793885
574.5 2.050357804724831
575.0 3.0947271635771063
575.5 1.1382031614304902
576.0 1.8440998200806615
576.5 2.14583335263457
577.0 2.290862005670844
577.5 1.6007419773466698
578.0 0.8921260814672156
578.5 2.2986000197645247
579.0 1.5251552187530752
579.5 2.1146954833143616
580.0 2.26815524591764
580.5 1.3550029016214835
581.0 1.6328939541047116
581.5 1.8867647287758424
582.0 1.8360845916847968
582.5 2.354429691500959
583.0 2.449659185962294
583.5 2.2150046972075397
584.0 1.5804868073051423
584.5 2.794985365710171
585.0 1.8309556308879915
585.5 0.7932981813198332
586.0 1.6128951262180387
586.5 0.7827346154406303
587.0 0.5654122891220698
587.5 1.2327627580119056
588.0 0.6800111295202809
588.5 0.8496002879278548
589.0 0.7047466442139252
589.5 0.7687042892059082
590.0 0.7024210074636399
590.5 0.7833487129308945
591.0 0.7138701172838737
591.5 0.7904194772066206
592.0 0.7629711192273487
592.5 0.6406290502716983
593.0 0.7610426057740929
593.5 1.6811124065444547
594.0 1.6063302649208424
594.5 1.189226612016748
595.0 1.0248589271623907
595.5 3.1130555890271436
596.0 2.668666606952545
596.5 0.9763924849923276
597.0 3.027870302788502
597.5 2.141928867057563
598.0 1.7663142743771725
598.5 3.1383224082051857
599.0 2.5521765046225675
599.5 2.677884870886442