1800.0 1.4561251958617618
1800.5 1.4980243093986623
1801.0 1.5167409642376983
1801.5 1.551596324670407
1802.0 0.8120015061815804
1802.5 1.5149995103464584
1803.0 1.4662032818969368
1803.5 1.0322414701434997
1804.0 1.5668066164585501
1804.5 0.5311709237458048
1805.0 1.9538020721291147
1805.5 1.7607870148139133
1806.0 1.6358105730039232
1806.5 1.5361174623097122
1807.0 0.8157024908316828
1807.5 0.6346829473684472
1808.0 0.9814693296700794
1808.5 1.1807928820541718
1809.0 3.2931798114237414
1809.5 1.9474498734466037
1810.0 3.624985442089324
1810.5 1.4542376398714163
1811.0 3.332424857787526
1811.5 3.388952943476691
1812.0 0.5587295278425861
1812.5 0.9449095966301
1813.0 2.109330868106297
1813.5 0.5744596160813853
1814.0 5.19489392972166
1814.5 1.5055359305045135
1815.0 3.353041919078226
1815.5 3.3027051530472473
1816.0 2.2299469951442674
1816.5 3.5685409762664335
1817.0 3.0744268014765037
1817.5 0.2445050339827617
1818.0 2.4177771740480996
1818.5 1.4495274262243345
1819.0 1.8912932252497785
1819.5 4.18698006957856
1820.0 2.0980934173069827
1820.5 1.477830468507604
1821.0 2.257351379475677
1821.5 1.6891674204192393
1822.0 0.2
1822.5 1.2648475258849299
1823.0 1.9511450693640446
1823.5 1.926601326215298
1824.0 2.216302465444387
1824.5 1.9690736023010325
1825.0 1.3151209491500149
1825.5 1.3329119924986759
1826.0 1.1816341780406936
1826.5 1.0988694650449253
1827.0 1.5443222592990784
1827.5 2.6295338956901477
1828.0 2.082801069638857
1828.5 3.2139698794753317
1829.0 1.1584601595676491
1829.5 2.642623270667415
1830.0 2.7177293059612864
1830.5 2.7624173958326943
1831.0 1.8427551298171325
1831.5 1.640377366727395
1832.0 2.899419123606331
1832.5 2.739940255070083
1833.0 1.8671837766584098
1833.5 1.7987994099245577
1834.0 2.0277121524150763
1834.5 2.5274444225975214
1835.0 2.612042263282392
1835.5 2.237398278598659
1836.0 1.3763849855953885
1836.5 0.6208299073208519
1837.0 2.2297668038754526
1837.5 1.7400076926072856
1838.0 1.9427954408644559
1838.5 2.0875916430039454
1839.0 2.3329653381823734
1839.5 2.1764913905100576
1840.0 1.669409827636
1840.5 1.9592104043696166
1841.0 2.5709025289170206
1841.5 1.8566729437525995
1842.0 2.1185838547296756
1842.5 0.9057524175204201
1843.0 1.1962485021209366
1843.5 1.5521356091706706
1844.0 1.8869939487615903
1844.5 0.8917768453725861
1845.0 2.3012202225204454
1845.5 1.6450157956916942
1846.0 0.5340736498124659
1846.5 2.8483713310027063
1847.0 0.5583314633957979
1847.5 1.9423687957513875
1848.0 1.670239431030718
1848.5 1.1507299677352951
1849.0 1.0513481834247753
1849.5 1.5822120012812222
1850.0 2.0085356294504355
1850.5 2.3127805883484145
1851.0 1.652505292245968
1851.5 0.7682227221209479
1852.0 0.7150127216696824
1852.5 1.1442506926239333
1853.0 1.557041111869818
1853.5 1.5287232670027278
1854.0 3.507647180886338
1854.5 1.2997564934880526
1855.0 1.4807384876865919
1855.5 1.1332524357915803
1856.0 1.089218899358018
1856.5 2.8622199579376217
1857.0 2.168786353859041
1857.5 1.4778604617048787
1858.0 2.8963542127679527
1858.5 1.1609976692718258
1859.0 2.158835707760456
1859.5 4.100607675096304
1860.0 1.386036305126082
1860.5 3.5560450448626812
1861.0 1.1244545744581553
1861.5 3.3583460761708492
1862.0 3.1040305696987565
1862.5 1.1708635363428876
1863.0 2.090402089868799
1863.5 1.5747150009150859
1864.0 3.772399491443384
1864.5 2.180899222840154
1865.0 0.2
1865.5 2.8272314522169846
1866.0 1.20654645448763
1866.5 1.3811761606902384
1867.0 1.5688375732092046
1867.5 1.3671389204990585
1868.0 1.5689957483914196
1868.5 1.7993525774500887
1869.0 1.826096126636274
1869.5 1.2395928120210882
1870.0 1.948170276501978
1870.5 1.1852141982657045
1871.0 2.6759756541875337
1871.5 1.1088751262241925
1872.0 2.0933097223929065
1872.5 1.8951327724489613
1873.0 1.8192374999167658
1873.5 1.677088323385638
1874.0 3.0599602261276395
1874.5 3.10482224848471
1875.0 3.479772291884042
1875.5 0.3525444565537088
1876.0 2.274983515763012
1876.5 3.29336781108053
1877.0 2.9251433555693116
1877.5 2.444803361558985
1878.0 1.5143615147504363
1878.5 1.9559445218986895
1879.0 2.5438723884280328
1879.5 3.4089553597853843
1880.0 3.3255613869842806
1880.5 2.460315609362204
1881.0 2.3789595850393788
1881.5 3.2311099079161796
1882.0 1.7336854283550849
1882.5 0.2
1883.0 1.8022678842341722
1883.5 1.1488612769110802
1884.0 1.1517705225098667
1884.5 2.611271633167491
1885.0 1.454834105610594
1885.5 1.5593243213675803
1886.0 0.8995215993599147
1886.5 1.0579760927128663
1887.0 1.0392880767629271
1887.5 1.2022143566625065
1888.0 0.5093280039878285
1888.5 1.5019515308969023
1889.0 2.3498220340886653
1889.5 1.599914046147044
1890.0 1.5085160309190768
1890.5 2.322599369358415
1891.0 2.0303633654748428
1891.5 2.042004205691389
1892.0 0.7904207119875593
1892.5 2.1900438339646984
1893.0 1.394143527841365
1893.5 2.1662103313985135
1894.0 3.0927588441301186
1894.5 2.2191104823527157
1895.0 2.7445443135237126
1895.5 1.1354045238346
1896.0 2.5198545819055105
1896.5 0.33651071959172696
1897.0 1.4886696977491471
1897.5 1.4010109836444355
1898.0 2.4808553541479244
1898.5 2.503749036216591
1899.0 1.700415461688844
1899.5 2.0927449478099165
1900.0 2.369266780427915
1900.5 1.4662879896907581
1901.0 1.5623029159106285
1901.5 1.618187320567309
1902.0 2.010786922893073
1902.5 2.2377799519641592
1903.0 1.228762221024625
1903.5 3.51904282497222
1904.0 2.9821959277711696
1904.5 3.68896791770705
1905.0 3.1395021699734116
1905.5 2.5530465909208155
1906.0 3.1789160089755857
1906.5 2.1096341119036617
1907.0 2.0197094692993307
1907.5 1.9198939555653436
1908.0 2.2285244846961163
1908.5 2.4535955469803157
1909.0 2.3088807015342323
1909.5 1.795409814827688
1910.0 0.6325159478250046
1910.5 0.2
1911.0 2.373737893396452
1911.5 2.0045787976498084
1912.0 2.618262469739254
1912.5 2.607008578145048
1913.0 1.6442315112148786
1913.5 1.6325186225354102
1914.0 2.337991230997205
1914.5 1.7172355184298658
1915.0 3.027265529172942
1915.5 2.7103867110903592
1916.0 1.9821224621625202
1916.5 1.5431046606600125
1917.0 3.6481581163843955
1917.5 2.0992387095738447
1918.0 1.4606600832644037
1918.5 1.9163545357439862
1919.0 3.064934375967988
1919.5 1.9729132526457949
1920.0 3.462633760129152
1920.5 1.0238867056514436
1921.0 1.5114596578487454
1921.5 0.49703969354776645
1922.0 0.29178837957559445
1922.5 1.476868428122534
1923.0 0.7798152873195935
1923.5 1.3045747479006073
1924.0 1.3475392097265448
1924.5 1.5704950555906962
1925.0 1.645297549370455
1925.5 1.1298355832171023
1926.0 1.781055573189861
1926.5 1.4878439956388316
1927.0 1.4034873239929646
1927.5 1.7100452535257087
1928.0 2.019759862718671
1928.5 1.7440899256802556
1929.0 0.7162640310204503
1929.5 0.997450849495592
1930.0 1.577032336289761
1930.5 1.1386925924130678
1931.0 1.1554202593153438
1931.5 0.9428060759784123
1932.0 0.9853392177319604
1932.5 1.5317295176450996
1933.0 0.320284266454237
1933.5 1.4362505556266487
1934.0 0.9046876076404372
1934.5 1.5886330698761957
1935.0 1.3961911278889911
1935.5 1.5484373386390144
1936.0 1.2493365555056068
1936.5 0.9669203025468779
1937.0 1.6406992270110272
1937.5 0.7685241715328105
1938.0 1.5698510180764393
1938.5 0.6373326206366403
1939.0 1.609994602423997
1939.5 1.7252207572068072
1940.0 2.640566855391036
1940.5 2.5211487934133463
1941.0 0.5129969418929083
1941.5 0.9409807324886591
1942.0 0.7779254500249715
1942.5 0.7123530093133382
1943.0 1.2991092143462777
1943.5 0.7212181329474382
1944.0 0.6095552678854221
1944.5 1.202824982963457
1945.0 0.944633417686104
1945.5 0.8827269854348736
1946.0 1.376269654678672
1946.5 2.765615875868252
1947.0 1.4639578905106663
1947.5 1.306671743488259
1948.0 2.5913145922312713
1948.5 1.7630047268273341
1949.0 1.6935080849733473
1949.5 3.1408116008946045
1950.0 3.5202302295978383
1950.5 1.539380485698472
1951.0 1.8242432278039855
1951.5 3.193694515055916
1952.0 0.9021131161655457
1952.5 1.6607003892450576
1953.0 1.6602791827299208
1953.5 1.6872948471869178
1954.0 1.3716853891677756
1954.5 0.6829649496275847
1955.0 1.2662782235257353
1955.5 0.9841612112773942
1956.0 1.1904056438004913
1956.5 1.2943882722425781
1957.0 1.171365967713891
1957.5 1.1045010975538978
1958.0 1.7657240584912124
1958.5 1.5612105859429801
1959.0 0.7487206298570724
1959.5 1.3354754580766952
1960.0 1.8105241546302713
1960.5 3.0273960393058013
1961.0 3.373564372242203
1961.5 5.316171255200727
1962.0 1.7161154806664274
1962.5 3.3258222295204227
1963.0 0.7474138292129993
1963.5 2.5567728018126443
1964.0 2.855589202882139
1964.5 2.755203082103203
1965.0 2.4145168246849886
1965.5 1.2343887553478594
1966.0 2.8667218243971533
1966.5 0.930286768170431
1967.0 2.1010765859042917
1967.5 2.7841254014118486
1968.0 1.6733070735481783
1968.5 2.399203771245653
1969.0 3.1337505892502637
1969.5 1.479579086001846
1970.0 1.2556488698066985
1970.5 2.585470827723139
1971.0 2.565279617508012
1971.5 2.2472334842602724
1972.0 1.8610679580758398
1972.5 1.552939780150672
1973.0 2.187957172099529
1973.5 3.808571574937944
1974.0 2.049547392275261
1974.5 1.7736269637775688
1975.0 1.3098832080481229
1975.5 2.5399650260721898
1976.0 1.669593491349463
1976.5 2.4426041191114183
1977.0 1.6339133177210532
1977.5 1.8301058336379847
1978.0 2.851273874731196
1978.5 0.8334686311982649
1979.0 1.3263361237212068
1979.5 1.7105423853865271
1980.0 1.3659286727811093
1980.5 2.5826577134171136
1981.0 2.642260941957497
1981.5 2.211997777662843
1982.0 1.8733595803913774
1982.5 2.1811893630773223
1983.0 2.2204703759321873
1983.5 1.3710489868941287
1984.0 2.421003066989508
1984.5 2.0359092383754485
1985.0 1.4469574134807015
1985.5 0.5340152323290301
1986.0 2.051508931100708
1986.5 2.9021587705242267
1987.0 2.589907015834164
1987.5 1.9784779710572142
1988.0 2.552026339732811
1988.5 1.3008017123721658
1989.0 2.5481396337009916
1989.5 1.9960220173832126
1990.0 1.4335433983529833
1990.5 1.7262956846858573
1991.0 0.924843562408628
1991.5 1.9453189669884925
1992.0 1.3351368360264304
1992.5 0.34098402716025666
1993.0 1.4343271781859466
1993.5 1.7792673795758558
1994.0 2.114512699671427
1994.5 1.4709482764154849
1995.0 2.537497944114218
1995.5 1.7209511928786445
1996.0 2.509295683162167
1996.5 1.6192783623085312
1997.0 1.293516090456167
1997.5 2.4794632621068633
1998.0 0.7966686431359149
1998.5 1.5730833842914236
1999.0 1.3166786061095057
1999.5 1.645725090557921
2000.0 1.927266013902779
2000.5 2.100478382166961
2001.0 2.3521551707261743
2001.5 2.135382166136167
2002.0 1.1517956058902281
2002.5 1.0582837775136507
2003.0 2.4725460114197846
2003.5 1.267926138120588
2004.0 2.2805369333515335
2004.5 0.4700475857078794
2005.0 2.8559234318916387
2005.5 1.8325268615391312
2006.0 2.8974057477076975
2006.5 2.669753976658024
2007.0 0.8942157510117268
2007.5 2.5107211360608757
2008.0 2.726053828282156
2008.5 2.217088678585295
2009.0 1.1407732639696864
2009.5 1.8043758916617378
2010.0 1.0673032533849236
2010.5 0.9424159493299324
2011.0 0.9686782912144815
2011.5 0.8772150726721177
2012.0 0.9025977796233992
2012.5 0.7909007765228101
2013.0 0.810922422528717
2013.5 0.8501880167962783
2014.0 1.15853541865988
2014.5 0.5292036168208294
2015.0 0.7947477449534434
2015.5 0.8789761580580153
2016.0 0.9421591841855314
2016.5 1.131274294066082
2017.0 1.0706176709158477
2017.5 0.8980052470911061
2018.0 1.231934108694055
2018.5 1.317534270925373
2019.0 1.310849551491465
2019.5 0.8704342079711453
2020.0 2.4902363863409347
2020.5 1.6134140467050877
2021.0 1.1540692719137837
2021.5 2.497680801116352
2022.0 2.2958399396464997
2022.5 0.8240307533760332
2023.0 2.2568423842192704
2023.5 0.2
2024.0 3.0838968577867405
2024.5 2.691478805408866
2025.0 2.3542744803584292
2025.5 1.9639301778862823
2026.0 3.5063010016777003
2026.5 1.6589098643938232
2027.0 1.799637570160392
2027.5 1.485846676769333
2028.0 2.4347415553755876
2028.5 0.5263515126779654
2029.0 1.8931748643491475
2029.5 1.8364554982910317
2030.0 0.9949923550609132
2030.5 3.628794955500707
2031.0 1.2589274742535017
2031.5 2.4035885295879824
2032.0 1.8762976002448748
2032.5 0.8492265909495778
2033.0 0.9882794816177277
2033.5 0.8777241637842337
2034.0 0.9239447272046435
2034.5 1.0814369178903318
2035.0 0.7077859071123104
2035.5 0.74541205996469
2036.0 0.9592983512221047
2036.5 0.6778994293878438
2037.0 0.7823882115887413
2037.5 0.518884812865595
2038.0 0.7614956856947637
2038.5 1.59367053333495
2039.0 2.610509966172873
2039.5 2.024698519234187
2040.0 1.607108257969271
2040.5 3.13429073028895
2041.0 1.7707719456143645
2041.5 1.7899243283781316
2042.0 1.5094610719124284
2042.5 2.013331370522813
2043.0 2.7448268905989357
2043.5 1.586074764161221
2044.0 2.7452402403676404
2044.5 2.7965992846792034
2045.0 1.7788274993259292
2045.5 2.750974341322949
2046.0 1.9443158717194682
2046.5 1.9766415245770421
2047.0 2.3183630389501615
2047.5 2.925973501867861
2048.0 1.6278737789077014
2048.5 2.316708282879571
2049.0 1.037650969805932
2049.5 1.850239950420859
2050.0 0.30092169936580504
2050.5 1.289354352358406
2051.0 2.450026947742443
2051.5 1.500826016944642
2052.0 0.9366815191337474
2052.5 1.6952768703439045
2053.0 2.206736118286631
2053.5 1.8781761219945081
2054.0 1.9357436138504016
2054.5 2.6128106957824437
2055.0 1.7974995989311877
2055.5 2.24689794397941
2056.0 1.2842653753567017
2056.5 3.7032279367654066
2057.0 1.8648107153264448
2057.5 2.8811288973858122
2058.0 2.456482200321884
2058.5 1.9477829412791863
2059.0 2.7472127506987283
2059.5 2.5279733466977428
2060.0 2.4236210016549853
2060.5 2.365994566374673
2061.0 1.1198190493527767
2061.5 2.0386228581834733
2062.0 3.233702593539131
2062.5 2.795627932789393
2063.0 1.9843675477975038
2063.5 2.02014134764764
2064.0 1.323786574400481
2064.5 3.028198385557978
2065.0 2.191757627419843
2065.5 4.701418100958632
2066.0 0.554592573765047
2066.5 1.854496319711482
2067.0 3.62218948620367
2067.5 2.2500409140495323
2068.0 0.9179178727127801
2068.5 1.5240704234965188
2069.0 1.2702948363947308
2069.5 2.332013598842514
2070.0 1.8396443027104006
2070.5 2.2788901159511377
2071.0 0.4428984524615356
2071.5 0.8921144336523914
2072.0 1.6854857615348946
2072.5 1.7407949615348606
2073.0 1.030998692073185
2073.5 0.9832612071748804
2074.0 1.2818834923825668
2074.5 0.7735982054189624
2075.0 0.7438674470566425
2075.5 2.0008906850230765
2076.0 1.1344953354816538
2076.5 1.7906864129994293
2077.0 2.409074082341175
2077.5 1.905935526955435
2078.0 1.211678970577628
2078.5 0.6291490796252033
2079.0 1.172902438068562
2079.5 1.4994909119560653
2080.0 1.3042480557593747
2080.5 1.461168625161695
2081.0 1.3278015739552096
2081.5 1.086344893573668
2082.0 1.2298950211393633
2082.5 1.6854113142454026
2083.0 1.7907060268021469
2083.5 1.5582724695285814
2084.0 1.873020775590145
2084.5 0.9573395913226239
2085.0 1.2742337351969368
2085.5 0.4375430080864554
2086.0 2.1665899083519724
2086.5 0.9645778272541701
2087.0 1.5197428373079092
2087.5 1.5171552393510694
2088.0 1.2299541773103222
2088.5 2.2695955834214385
2089.0 0.7990972438143891
2089.5 2.6320842357527603
2090.0 1.3009122659633898
2090.5 1.0203356759337536
2091.0 0.9094654502324381
2091.5 1.0912608144548028
2092.0 1.044794953469402
2092.5 0.8579217401962971
2093.0 0.612887772428083
2093.5 0.9735791815189575
2094.0 0.9566781920102488
2094.5 1.3406961251073801
2095.0 0.7461298078538773
2095.5 0.9131231320383424
2096.0 1.127233111408783
2096.5 1.2023310764146165
2097.0 0.836489915813247
2097.5 2.37909789804987
2098.0 2.4630060136546454
2098.5 0.9956872801508359
2099.0 0.8310071234147294
2099.5 1.0909646579418357