1500.0 1.507854381221028
1500.5 1.7090477947596796
1501.0 1.416342167982167
1501.5 0.6949356899625027
1502.0 1.1406253933501964
1502.5 1.4238093687193214
1503.0 1.88835368174868
1503.5 1.4934127706456968
1504.0 0.653026162183046
1504.5 0.9644972116814322
1505.0 1.7454007486646184
1505.5 2.2129176085447506
1506.0 1.5807481040488185
1506.5 1.586726151070459
1507.0 1.9042996598569335
1507.5 2.483214740049919
1508.0 2.7727971484010947
1508.5 2.6342046922289413
1509.0 1.5332318536270915
1509.5 1.3205677643817157
1510.0 1.4311574913983138
1510.5 1.5830796525379287
1511.0 1.360459797101188
1511.5 1.8493582281403105
1512.0 2.76438967251992
1512.5 3.5663459854632644
1513.0 1.9973172862535478
1513.5 1.1152706643500518
1514.0 0.6989820774035032
1514.5 1.1016995925142086
1515.0 0.8685093806480142
1515.5 1.047509208324783
1516.0 0.7655617111604003
1516.5 4.029799156873598
1517.0 1.6704982675691582
1517.5 1.1715875775057207
1518.0 0.932854366532475
1518.5 1.0694832653532995
1519.0 0.8772591721143456
1519.5 0.8617751496920986
1520.0 1.4221738459699005
1520.5 1.3670748095306315
1521.0 0.8727915994380395
1521.5 0.9600687273228601
1522.0 1.4387394448537412
1522.5 1.4254423333192194
1523.0 0.6958644983807436
1523.5 1.3213519634894046
1524.0 0.8621322131578701
1524.5 0.7464290583921847
1525.0 0.6542300009900395
1525.5 0.5653224268013493
1526.0 0.554888976761192
1526.5 0.6849047656760486
1527.0 0.6602069565647177
1527.5 0.8159663341014574
1528.0 0.6762911374496638
1528.5 0.7614908276259982
1529.0 0.7399106475617376
1529.5 0.7635758042213587
1530.0 0.7729550297656944
1530.5 0.6599493162823171
1531.0 0.7941179541907333
1531.5 0.7953672991774747
1532.0 0.5952870218988158
1532.5 0.7613812948169929
1533.0 2.238800453870117
1533.5 2.306126558640651
1534.0 1.3929335766718267
1534.5 2.3252222323385716
1535.0 2.261865627326882
1535.5 2.1059692351344994
1536.0 2.4363255577434204
1536.5 2.172879174683979
1537.0 0.9072103951377204
1537.5 2.1444315260402087
1538.0 1.430574793278446
1538.5 1.946702628690687
1539.0 2.0357437573859265
1539.5 3.0886883029335213
1540.0 1.3732960040960498
1540.5 0.8726885487352329
1541.0 1.8283115363528142
1541.5 2.4844397354387757
1542.0 2.401873518028018
1542.5 1.5821416008804414
1543.0 1.772099566039791
1543.5 2.2809720815156953
1544.0 1.9280968753497079
1544.5 1.7795752060555863
1545.0 2.4199392679564884
1545.5 1.770445462208032
1546.0 0.9660279481500725
1546.5 1.354976510185323
1547.0 0.7391919565035205
1547.5 1.2813492142967402
1548.0 0.2234909408992325
1548.5 0.9433067620589928
1549.0 0.7423323081654752
1549.5 0.8192763736577633
1550.0 1.4151630782598432
1550.5 0.8788774433630095
1551.0 1.7028808507394166
1551.5 1.4973195632602954
1552.0 1.4103327741299347
1552.5 1.3871189304135303
1553.0 1.6472953898557734
1553.5 1.697284347313518
1554.0 0.9143385223488448
1554.5 1.7398621598908741
1555.0 1.5191929077077262
1555.5 1.5191964605539903
1556.0 1.5258674834750845
1556.5 0.22031183494092055
1557.0 1.5934977096852978
1557.5 1.1294568494081614
1558.0 0.8763345547692
1558.5 1.0625452394859627
1559.0 1.5245460180994157
1559.5 0.8688140058793803
1560.0 0.7115110477860528
1560.5 1.2977017856306312
1561.0 1.0251409931240532
1561.5 0.6643250418733568
1562.0 1.4212347012216413
1562.5 1.070014516764528
1563.0 1.247726496369673
1563.5 1.9354452954332764
1564.0 0.9080663541460909
1564.5 1.364248623713173
1565.0 1.431562025319026
1565.5 1.615433916801245
1566.0 1.5091707612781378
1566.5 0.3855387726608732
1567.0 1.5431546828785163
1567.5 1.3940731238196855
1568.0 2.3142727475103473
1568.5 0.26366039916727635
1569.0 2.3471985151320447
1569.5 2.5158813706998835
1570.0 0.2
1570.5 0.8568669855879116
1571.0 0.8605149718869782
1571.5 0.2699366697399368
1572.0 1.236579101852123
1572.5 2.1784610557540485
1573.0 2.67744590223767
1573.5 1.331459277904619
1574.0 2.9237947975699514
1574.5 0.9378239294451073
1575.0 2.061125687495025
1575.5 1.5478224750711331
1576.0 1.8996909268818638
1576.5 1.2454128378785057
1577.0 3.056536056193535
1577.5 1.2718584355295035
1578.0 2.5453378614347573
1578.5 1.5440811960920753
1579.0 1.4244701728521054
1579.5 1.6080056910308436
1580.0 1.2643037402849773
1580.5 1.5172318724015796
1581.0 1.2851609827687278
1581.5 1.6868074977682723
1582.0 1.3921281593426855
1582.5 2.0336508985253055
1583.0 1.7746542640732486
1583.5 1.4023692482145353
1584.0 0.8816182496336717
1584.5 2.5073740021208035
1585.0 1.8035713157480129
1585.5 2.408370031926953
1586.0 2.440913322765698
1586.5 1.629085090642098
1587.0 0.7878322450714221
1587.5 2.0493776991137986
1588.0 0.2
1588.5 0.90468212889237
1589.0 1.4698235358163076
1589.5 2.0263648705526873
1590.0 2.2297843610752235
1590.5 1.2492709074503034
1591.0 1.6799983927506188
1591.5 1.9439919260426963
1592.0 0.7559632574725977
1592.5 1.6883175528031855
1593.0 2.502607512464187
1593.5 1.1788203437975728
1594.0 1.2473206946987534
1594.5 1.0802660912256163
1595.0 2.4366760645488257
1595.5 0.9644734087833614
1596.0 0.834871327005006
1596.5 1.48646817383783
1597.0 1.8992114117937895
1597.5 0.5300209031201527
1598.0 0.9908414538212882
1598.5 1.0445285583554487
1599.0 0.9240282739325628
1599.5 0.9631781878457282
1600.0 1.0450494296847963
1600.5 1.2921482026991926
1601.0 0.6857819371762403
1601.5 1.5343266172932633
1602.0 0.8060564113370183
1602.5 0.8792297803495317
1603.0 0.58097459842654
1603.5 0.3939756180749331
1604.0 1.4150359680399256
1604.5 0.6987108065114402
1605.0 0.9741098099288028
1605.5 1.3024916163417273
1606.0 0.7034660006549168
1606.5 0.2987028048476539
1607.0 2.6902324396017603
1607.5 1.8955508040233853
1608.0 2.1249066517930073
1608.5 2.0155514618485797
1609.0 2.2189329147288843
1609.5 0.5517439087401446
1610.0 0.3520758880435386
1610.5 0.8298367737574633
1611.0 2.084293764047569
1611.5 1.8613801859935826
1612.0 0.6633390159225836
1612.5 1.9691822183824157
1613.0 1.2805719887246416
1613.5 2.4954275404499158
1614.0 0.7826808851632161
1614.5 1.8006194370022393
1615.0 1.994591250679704
1615.5 1.3252475174780571
1616.0 1.4264751226682806
1616.5 2.092506597972074
1617.0 1.9475903549631504
1617.5 1.1131951567144687
1618.0 1.1355101639500145
1618.5 1.7359281898992744
1619.0 0.6985870964731417
1619.5 1.6114240587903659
1620.0 0.42170112653632197
1620.5 2.200231214596494
1621.0 1.3938549998210412
1621.5 2.1077957896775072
1622.0 1.3098454959294106
1622.5 2.16075623910034
1623.0 1.7929954173520946
1623.5 2.3021389380070234
1624.0 2.1494540632581067
1624.5 1.270189468640223
1625.0 2.400117717909483
1625.5 2.245872948907206
1626.0 1.2445079879430412
1626.5 1.0743102707854055
1627.0 2.7946034467783614
1627.5 1.5926103004783396
1628.0 1.6286765128680094
1628.5 1.696494388575184
1629.0 1.3422966484153087
1629.5 1.3353995382517843
1630.0 1.6320835189612315
1630.5 2.6073853316358573
1631.0 0.7642183505833107
1631.5 2.2232201424083655
1632.0 1.2342061598056453
1632.5 1.8568166772317092
1633.0 0.966200960551766
1633.5 1.3770660604906382
1634.0 1.6146255430023175
1634.5 1.6045199214462929
1635.0 1.9165901907104541
1635.5 1.6497277239139827
1636.0 1.35685760903743
1636.5 0.6270777654290552
1637.0 2.229106012770582
1637.5 0.7568241214376902
1638.0 2.396498232292548
1638.5 1.7149651031271431
1639.0 1.616372916601596
1639.5 1.3086011330533056
1640.0 0.8550815202474862
1640.5 0.887109731353857
1641.0 0.9234929630225704
1641.5 2.0870365876799366
1642.0 2.0206521388152376
1642.5 2.3138058073123364
1643.0 2.7137968407706485
1643.5 1.488097252348028
1644.0 1.4651707276960948
1644.5 1.8703624159292591
1645.0 1.7228926554512172
1645.5 1.631880618420241
1646.0 2.734710902911093
1646.5 1.728993899786225
1647.0 0.9429113466221145
1647.5 0.9471401525553511
1648.0 0.858068096725338
1648.5 0.7346817749390085
1649.0 0.9332534027175542
1649.5 1.0032620768461054
1650.0 0.5746432652876758
1650.5 0.8919092030480842
1651.0 0.8523999946060992
1651.5 0.9602454775675516
1652.0 0.8740518387348988
1652.5 0.8602867982847255
1653.0 3.07143032402786
1653.5 0.927102464466077
1654.0 3.2948701354588104
1654.5 1.257698146294248
1655.0 0.25066236435805433
1655.5 0.8636058584500018
1656.0 2.1544664019778264
1656.5 1.6978094432138542
1657.0 1.1604291821621902
1657.5 2.2224662945646947
1658.0 2.108098910321458
1658.5 1.5777118658549605
1659.0 1.7528659535897657
1659.5 1.8764508627770713
1660.0 0.8184950980535644
1660.5 0.9815887194040325
1661.0 1.480720188196527
1661.5 1.3589312466179564
1662.0 1.3040443964395725
1662.5 1.8083255337927446
1663.0 1.7697609939386068
1663.5 0.5342090515600137
1664.0 1.1133503945081955
1664.5 1.7583389512700527
1665.0 2.4398922392706286
1665.5 0.9887000840806854
1666.0 1.0423380307148147
1666.5 0.8158130122533288
1667.0 2.789904028489
1667.5 2.4502786481789625
1668.0 1.7626037282611515
1668.5 1.7464770372978182
1669.0 2.045077205668664
1669.5 1.6781716373250373
1670.0 2.3292799977054885
1670.5 1.6588970797702856
1671.0 2.6430243267028692
1671.5 2.179686486286249
1672.0 2.2733120882111653
1672.5 2.5231637949201184
1673.0 2.180685863639303
1673.5 2.7141313235274604
1674.0 1.1777314019268683
1674.5 1.9916840305292702
1675.0 2.5765260737152937
1675.5 1.8707781161413704
1676.0 1.4888201291633327
1676.5 3.044785068138492
1677.0 2.199975675513648
1677.5 1.0923048980779155
1678.0 1.1588470545035259
1678.5 1.8009920767027405
1679.0 1.8966050802638827
1679.5 1.8992717282849734
1680.0 1.4719416944563632
1680.5 0.9189752295758299
1681.0 1.4428945059988798
1681.5 1.5928962233378612
1682.0 0.5315874201842024
1682.5 1.7419970256378556
1683.0 2.810467416370867
1683.5 2.307971474259629
1684.0 1.6919473696869984
1684.5 0.7532601580133338
1685.0 2.2118478285723504
1685.5 1.686237977051851
1686.0 2.652271422068117
1686.5 0.3962971708662908
1687.0 3.680013515682016
1687.5 2.061890095610568
1688.0 2.6015541278742074
1688.5 2.803754428264444
1689.0 1.7395544904428846
1689.5 1.2399131486006212
1690.0 3.8229500484825785
1690.5 2.117521085911575
1691.0 2.514310521511113
1691.5 3.269059712261141
1692.0 1.697808257685138
1692.5 1.5803398197900633
1693.0 1.3035209841242965
1693.5 1.3548292925896288
1694.0 1.605942058063794
1694.5 1.2610324534418014
1695.0 0.7082820691367121
1695.5 1.3339762889706708
1696.0 1.3144952545064081
1696.5 2.5728384488224174
1697.0 0.7953348811816645
1697.5 0.5408551962468191
1698.0 1.0009763665527838
1698.5 1.0142447562453225
1699.0 1.0540276659398762
1699.5 1.3670113233025376
1700.0 1.1686927177260384
1700.5 0.6628266339310254
1701.0 0.7184448687201873
1701.5 0.8812067739653311
1702.0 0.7596317248890598
1702.5 1.100127399361667
1703.0 0.5850896027195587
1703.5 0.783986507009846
1704.0 0.6387831233916705
1704.5 0.9534052149762601
1705.0 1.1158838902475336
1705.5 0.9764810383210459
1706.0 1.9867943757502906
1706.5 3.1199433813292083
1707.0 2.5157718140276364
1707.5 3.5255382533777384
1708.0 1.475503689887685
1708.5 3.4871569942257876
1709.0 2.8429819914340433
1709.5 2.4516972248538673
1710.0 3.221813161196174
1710.5 2.5369356366620295
1711.0 2.8429718136342963
1711.5 2.394351748401691
1712.0 2.6663357498152336
1712.5 1.8570337436072144
1713.0 1.4828003313023226
1713.5 2.5006174075829137
1714.0 2.0543510018840507
1714.5 1.23487022589212
1715.0 2.218994137165663
1715.5 2.661901247992987
1716.0 1.3871273491371845
1716.5 2.659900845301557
1717.0 1.8194533798546708
1717.5 2.7311193298873526
1718.0 2.0885743812250674
1718.5 2.822816106335833
1719.0 0.8698861708833008
1719.5 2.484865685247375
1720.0 2.052686029122126
1720.5 2.215929778873669
1721.0 1.5903736158654973
1721.5 2.539327573431741
1722.0 1.0243542349463275
1722.5 0.6964266655137828
1723.0 0.8115575227114972
1723.5 0.8491251724498668
1724.0 1.959247206705093
1724.5 0.7917817492881108
1725.0 2.8456742125886385
1725.5 2.0890133273414393
1726.0 2.652950177468501
1726.5 2.0846825647247105
1727.0 1.5776546346504456
1727.5 2.735947281621188
1728.0 1.8849819524123916
1728.5 2.2567929774274025
1729.0 2.180408142203949
1729.5 1.403564839740817
1730.0 1.9235598596867316
1730.5 2.4060406666369065
1731.0 2.6899971257612947
1731.5 2.993225611511112
1732.0 0.8029637505807228
1732.5 1.3482831621065745
1733.0 1.1223427957291179
1733.5 5.033177450498414
1734.0 0.2
1734.5 3.489602938107935
1735.0 1.9177488396038274
1735.5 2.7320249902237372
1736.0 1.4558719107008535
1736.5 3.3813083667818864
1737.0 0.7739468731190298
1737.5 2.9089802129635522
1738.0 1.62056879522115
1738.5 1.2954687990611697
1739.0 0.9345058846116665
1739.5 1.8604421529592579
1740.0 1.965116502269903
1740.5 2.0207035779366835
1741.0 0.4545975791211714
1741.5 1.926176195488775
1742.0 1.585621112609465
1742.5 1.1214978239186728
1743.0 1.9535236629545376
1743.5 0.2
1744.0 1.123526098110847
1744.5 2.0372568594421807
1745.0 0.31666438423580057
1745.5 2.304484120048168
1746.0 3.144019952140889
1746.5 3.015565718077184
1747.0 1.4870929059977658
1747.5 2.128533302164432
1748.0 2.5398095444486
1748.5 2.45420021988921
1749.0 2.0332854770792057
1749.5 1.5517673130452247
1750.0 2.0598385158609664
1750.5 3.1615180988093305
1751.0 1.66172637257909
1751.5 0.2
1752.0 1.6977653966547606
1752.5 3.7886860432862495
1753.0 1.7271196338057662
1753.5 1.3293226102656763
1754.0 2.344011149132806
1754.5 3.011607618006569
1755.0 1.2740826801082274
1755.5 2.14908460565096
1756.0 1.483399104409333
1756.5 1.422155019979742
1757.0 0.6415700312651192
1757.5 1.5574046884380588
1758.0 2.65269509542523
1758.5 1.6878782304072553
1759.0 1.016873918457454
1759.5 1.4344360353451606
1760.0 1.3330296445849665
1760.5 1.6325624209102054
1761.0 3.6515752538912354
1761.5 2.7156651547282076
1762.0 1.607621335344608
1762.5 0.8377116744226373
1763.0 0.5027050702671401
1763.5 2.2074306544922235
1764.0 0.9885054839932019
1764.5 2.261875811587041
1765.0 0.43044781688075284
1765.5 0.5061719877965043
1766.0 2.202152992607896
1766.5 1.652639466640719
1767.0 2.3074182076672898
1767.5 2.5858886085915147
1768.0 2.1893720130125813
1768.5 1.5293155471844573
1769.0 1.419575446114522
1769.5 1.7262401553854372
1770.0 1.0209737947007174
1770.5 2.5960692717372
1771.0 1.7253183569951673
1771.5 1.769301265188158
1772.0 0.8382436439935013
1772.5 1.8194457801122472
1773.0 2.021486163775774
1773.5 2.3238589568610415
1774.0 1.3980519489343737
1774.5 0.7105587423780937
1775.0 1.0451952755544685
1775.5 0.727228010809656
1776.0 1.8120887277014366
1776.5 0.5275888214786049
1777.0 2.866153684551108
1777.5 1.4247390564242155
1778.0 2.225846898182095
1778.5 2.52731361234885
1779.0 2.0891092770283635
1779.5 0.8657583840419136
1780.0 1.7633380616032193
1780.5 3.5358692352833323
1781.0 1.1709379003395852
1781.5 3.0925896862877815
1782.0 2.0813977442065608
1782.5 3.1766350677232493
1783.0 0.29728682336140166
1783.5 3.536757293109339
1784.0 3.2889248354680243
1784.5 3.62120073182911
1785.0 1.1035760017167695
1785.5 0.4583140394447345
1786.0 3.744803250281576
1786.5 1.3590687228646834
1787.0 2.361121030824126
1787.5 1.724338318650118
1788.0 1.1602892504555613
1788.5 1.7918064184394644
1789.0 1.3789892067768725
1789.5 1.2868440465022133
1790.0 2.1696317479560348
1790.5 0.7048306007604201
1791.0 1.0610323314785868
1791.5 1.134457023806021
1792.0 2.060997680888587
1792.5 0.5400193817155832
1793.0 0.6474775679991718
1793.5 0.7039176638228317
1794.0 0.9073073526686251
1794.5 0.7461175920658971
1795.0 0.7051883568687942
1795.5 0.5436508207524096
1796.0 0.8115491356583735
1796.5 0.6507844845504132
1797.0 0.49139028345336033
1797.5 0.7523041738226839
1798.0 0.8595910508139397
1798.5 0.7509190939621067
1799.0 0.672432940629182
1799.5 0.6614440239554533