1499.5 0.5771722029818429
1500.0 0.6828070553752588
1500.5 0.5061824261245955
1501.0 1.7346675819142745
1501.5 2.4258692966474937
1502.0 1.5840209254833164
1502.5 2.0242344392152125
1503.0 1.432017062817795
1503.5 2.2653096891885216
1504.0 2.1098364104657614
1504.5 2.100896486565928
1505.0 3.7777160497173
1505.5 3.0235067144498053
1506.0 0.8494025785400046
1506.5 1.420926239925614
1507.0 2.0130085667393613
1507.5 1.3975701944613375
1508.0 1.0406866602277658
1508.5 1.0310397264380882
1509.0 1.2307461217539655
1509.5 0.5410405886329762
1510.0 0.8074223661511648
1510.5 0.8909165193604898
1511.0 1.0868469851584548
1511.5 1.342772957590253
1512.0 1.3720495777646122
1512.5 0.5902126206345601
1513.0 1.4319808939702305
1513.5 2.1043256843103286
1514.0 1.349137809697076
1514.5 1.1776846419234608
1515.0 1.2952159041520686
1515.5 1.1789493766956969
1516.0 1.7833027678531967
1516.5 2.3261842836940447
1517.0 1.9937098978568009
1517.5 2.426788996839801
1518.0 0.2
1518.5 2.0183783628291803
1519.0 2.2019820697346697
1519.5 1.2167315006154376
1520.0 2.3844391310883104
1520.5 0.2
1521.0 1.850134883453814
1521.5 2.1136549792080337
1522.0 1.3275145339062997
1522.5 2.0228440965462147
1523.0 2.156948491306313
1523.5 0.2
1524.0 1.9910125156206222
1524.5 1.5281207562026602
1525.0 1.5600149049545742
1525.5 1.8441196990827449
1526.0 1.8554784576279213
1526.5 2.919800305621012
1527.0 1.152084793387477
1527.5 2.809579559797494
1528.0 1.6729384670978922
1528.5 0.7155210686193221
1529.0 1.1495074665327438
1529.5 2.241353735826811
1530.0 1.51118872228875
1530.5 1.4592265591068958
1531.0 0.8309776623899559
1531.5 1.0246457136448877
1532.0 1.5952699827200205
1532.5 1.0403105796557552
1533.0 3.0274425738037607
1533.5 0.3271850564433274
1534.0 2.6938203822574027
1534.5 4.246137326572519
1535.0 3.7477825189007765
1535.5 2.596395752046472
1536.0 1.4041637659244623
1536.5 2.841331561413319
1537.0 2.9421217502187442
1537.5 3.2895389662011887
1538.0 2.327593875419811
1538.5 3.467968552643155
1539.0 1.6235487529941353
1539.5 2.2990968763805424
1540.0 1.548582390674373
1540.5 1.7690833902299774
1541.0 2.032912294843696
1541.5 1.5549880324278078
1542.0 2.330008559874883
1542.5 1.262604260929418
1543.0 2.5006011215141797
1543.5 3.141367784740438
1544.0 0.7233171398408731
1544.5 1.7625792699371798
1545.0 3.3925110545999155
1545.5 2.0783196949241214
1546.0 1.9601244232600203
1546.5 2.6002759599909036
1547.0 2.499855072802503
1547.5 2.6500205424816023
1548.0 2.090500543654564
1548.5 1.588361022072295
1549.0 1.9450308701216819
1549.5 3.9591533082663286
1550.0 3.08531715415762
1550.5 1.778925795641668
1551.0 1.1065959684486282
1551.5 0.4452070120326558
1552.0 1.2921324021816654
1552.5 0.6779730784537252
1553.0 1.1791832362994334
1553.5 1.2844148158655595
1554.0 2.5335663637301433
1554.5 1.7298551443185
1555.0 1.080913562949764
1555.5 3.537543827583215
1556.0 2.241638474961673
1556.5 2.654457543092401
1557.0 0.21384468909665633
1557.5 2.200423767791343
1558.0 3.0029353635597866
1558.5 1.559149474106417
1559.0 1.0632750479748871
1559.5 1.4494212804845816
1560.0 1.1830561531524406
1560.5 0.25735421661952285
1561.0 1.2922305285644922
1561.5 1.8736774105202456
1562.0 1.2147384366295122
1562.5 1.596858479251141
1563.0 1.7365541726754214
1563.5 1.3600895538677817
1564.0 0.8742767644040066
1564.5 2.1799637005609593
1565.0 0.9304268755708724
1565.5 2.105550872020582
1566.0 2.299917525507647
1566.5 0.8845191866161306
1567.0 1.7943492657756726
1567.5 1.1922708289282444
1568.0 2.131528899147771
1568.5 0.5975541107524243
1569.0 0.9302316274328242
1569.5 1.7917835198644798
1570.0 1.8995992128139103
1570.5 3.8289221075825504
1571.0 2.5445417278698232
1571.5 1.6682886958765848
1572.0 3.695943464202787
1572.5 3.3006716535889304
1573.0 2.402766366971254
1573.5 2.284702708134483
1574.0 3.0347892049320526
1574.5 2.527613003874042
1575.0 3.6870165107401087
1575.5 3.042378468403105
1576.0 2.6787639250041004
1576.5 3.4292309013120157
1577.0 1.5494645638481779
1577.5 2.0341070472730833
1578.0 2.2869104559995437
1578.5 2.133967487990131
1579.0 1.289605896959235
1579.5 2.84686305726918
1580.0 0.2
1580.5 2.424568997109314
1581.0 3.2414754913037807
1581.5 1.7351352529790836
1582.0 4.139623038758904
1582.5 1.185041523326205
1583.0 0.9361473233790805
1583.5 1.146137756985813
1584.0 1.5352667357123577
1584.5 1.2310756302844512
1585.0 0.7143492708945965
1585.5 1.412098201200938
1586.0 1.1300078378144918
1586.5 0.8070943193473679
1587.0 1.3690748067482694
1587.5 1.0071222539871374
1588.0 0.8993663729550418
1588.5 0.9039139528946178
1589.0 1.0150365792733074
1589.5 0.7189106336826614
1590.0 1.2561190490933054
1590.5 1.2835525242875594
1591.0 1.3188628926790078
1591.5 1.1895271555102855
1592.0 1.0109006906548694
1592.5 1.0010117850870768
1593.0 1.14108961945422
1593.5 1.0937196811332628
1594.0 1.0592472377783015
1594.5 0.9925571832148
1595.0 0.7734877369840338
1595.5 2.41346879337205
1596.0 1.040884937190822
1596.5 1.939284298583184
1597.0 1.1535825651918383
1597.5 3.3396717077205738
1598.0 3.363035945590333
1598.5 3.710996248363536
1599.0 0.9015702471001115
1599.5 2.298650092003463
1600.0 2.0218946033023637
1600.5 1.3164813099574926
1601.0 1.8469472926552184
1601.5 2.7505254608626992
1602.0 0.9747660633457114
1602.5 3.6933980758998937
1603.0 0.7997632102049704
1603.5 0.7824676750042752
1604.0 0.5940280649346611
1604.5 0.8660620081095107
1605.0 0.8747092103585309
1605.5 1.0016714854617739
1606.0 1.076436523564089
1606.5 0.6958036395220824
1607.0 0.647556702095218
1607.5 0.5879887074415159
1608.0 1.3333816278739552
1608.5 0.7721571890103818
1609.0 1.1263961917364183
1609.5 1.0817842180048258
1610.0 0.9156472374879977
1610.5 0.9473929323259667
1611.0 0.850273943043433
1611.5 1.0408205873703351
1612.0 0.49592887691346377
1612.5 1.1758974908184299
1613.0 1.038837475191034
1613.5 0.6616824275211629
1614.0 1.1817604146559306
1614.5 1.941304478510049
1615.0 1.0002971576622666
1615.5 2.312138827971717
1616.0 3.28204682037979
1616.5 2.272078744094534
1617.0 1.9817838262302376
1617.5 1.9134537758368744
1618.0 3.4218663451862006
1618.5 2.1408899066367635
1619.0 0.44139518569574276
1619.5 2.432667989258447
1620.0 1.2794915806634273
1620.5 1.0495001079056459
1621.0 0.9088686944980569
1621.5 0.8783704949506173
1622.0 1.2453847956524728
1622.5 1.4347477783448601
1623.0 1.168200860112698
1623.5 1.1056461163526605
1624.0 1.7771592484482177
1624.5 1.7342836068684697
1625.0 1.7444761283978156
1625.5 1.4012656826315117
1626.0 1.0709306290266467
1626.5 2.6114828054066885
1627.0 1.362700800240854
1627.5 2.6287699749165974
1628.0 1.7077315070473031
1628.5 0.727616415703935
1629.0 1.870802221467485
1629.5 1.5303542609650402
1630.0 2.181885071914469
1630.5 1.240090255248221
1631.0 1.6439824928680578
1631.5 1.540099470228774
1632.0 1.8612101394346778
1632.5 0.2712930996869525
1633.0 0.5753732574758716
1633.5 1.6485993917852626
1634.0 1.250312254812409
1634.5 1.0924037847536834
1635.0 0.8242981240600757
1635.5 1.0054919934815962
1636.0 0.7098113599119387
1636.5 1.0804193854663204
1637.0 0.705514276889774
1637.5 1.061349225766917
1638.0 1.268565105766916
1638.5 0.915020399937581
1639.0 0.7593709272002322
1639.5 1.296498488590812
1640.0 0.9436094657117085
1640.5 0.8131920906803934
1641.0 1.4314409406288247
1641.5 1.6366322331462915
1642.0 1.6562723863656217
1642.5 0.6295177443939286
1643.0 1.5700712637526666
1643.5 3.314358686522313
1644.0 0.6429538774705534
1644.5 1.038858652954314
1645.0 1.4626703821673792
1645.5 1.1657774488935768
1646.0 1.233938414850946
1646.5 0.7838548774779796
1647.0 1.5757840559699208
1647.5 1.0459310789884484
1648.0 0.6394148784353482
1648.5 1.4416974318395288
1649.0 1.074581223214539
1649.5 0.6494275888441143
1650.0 0.9723445614788346
1650.5 1.4988362550629353
1651.0 0.8842886531896939
1651.5 0.8653833707548325
1652.0 2.340267733944784
1652.5 1.071431444350592
1653.0 0.8609547685343288
1653.5 1.9028059706526093
1654.0 2.3070594213474918
1654.5 1.971005807301305
1655.0 1.5291594964548438
1655.5 2.1992269740452475
1656.0 1.2736690941745246
1656.5 1.805758053989954
1657.0 2.921393524263226
1657.5 1.8980644713746777
1658.0 2.322146298877335
1658.5 2.1534268123912343
1659.0 1.4868959853992152
1659.5 2.647768379097612
1660.0 2.440941158824881
1660.5 1.8550175051020577
1661.0 2.66128197527273
1661.5 1.4862466470680469
1662.0 1.1061277786564707
1662.5 1.163386719609575
1663.0 1.5731269220538409
1663.5 1.741501185984462
1664.0 0.6614745767800925
1664.5 2.1113399138815208
1665.0 1.1343088958913525
1665.5 0.906655677209094
1666.0 1.2878132793126653
1666.5 2.291527854601454
1667.0 1.256971004941087
1667.5 1.032758406237616
1668.0 2.5145086257865534
1668.5 2.1866423741828314
1669.0 1.4350379537735944
1669.5 1.1046412360783537
1670.0 1.9220187370388877
1670.5 0.9619269259081685
1671.0 1.8363782528747266
1671.5 1.9126058264085697
1672.0 2.1994973191907876
1672.5 0.8965534809871016
1673.0 1.7500507194616597
1673.5 1.6597055188056218
1674.0 1.2601446569016055
1674.5 1.27601162510893
1675.0 0.7903087003000591
1675.5 1.0834886637247236
1676.0 1.2938332447074465
1676.5 1.2801027603255255
1677.0 1.3940219165739847
1677.5 1.09289357320988
1678.0 1.0952948384924448
1678.5 0.9133156527425709
1679.0 0.9882474641063381
1679.5 1.2246040735444814
1680.0 1.2479878924605803
1680.5 0.9590716590353618
1681.0 1.0399416261365584
1681.5 1.3175789816240648
1682.0 1.093128635824285
1682.5 0.7042893689671659
1683.0 1.7477033714927785
1683.5 2.944825322341047
1684.0 2.209878673918502
1684.5 2.7228728111768854
1685.0 1.882869425831976
1685.5 1.4043415298066932
1686.0 1.3481427190451631
1686.5 0.7000235599438079
1687.0 2.1646939986030063
1687.5 2.801349122757046
1688.0 2.2548493675185464
1688.5 1.8762702696078302
1689.0 3.566180689975462
1689.5 2.440137626053198
1690.0 2.6675885658308847
1690.5 3.8175451498124033
1691.0 2.1692353720312605
1691.5 2.23132368886169
1692.0 2.367964333507511
1692.5 1.9624206021287187
1693.0 2.1197561877744127
1693.5 1.6913181968352178
1694.0 2.546151798264778
1694.5 2.80015031840495
1695.0 0.576718929545539
1695.5 1.5443572562646004
1696.0 1.1424633161209885
1696.5 4.0643174683151555
1697.0 2.7601139961457455
1697.5 3.1279682945466827
1698.0 1.801634973210689
1698.5 3.104945810741287
1699.0 2.14643629061789
1699.5 3.5506200191800295
1700.0 0.8752040906349372
1700.5 3.9659572242520684
1701.0 1.9500184245599577
1701.5 1.6610626567768252
1702.0 2.2603054539758705
1702.5 3.281966890075365
1703.0 2.162468753024269
1703.5 3.024866593491124
1704.0 3.4066810288784963
1704.5 3.1979674660437007
1705.0 3.909500780327467
1705.5 2.0727531392933938
1706.0 4.570768296755319
1706.5 3.6639884039251056
1707.0 2.0682610524647442
1707.5 2.1237728381500696
1708.0 1.7753954187524015
1708.5 0.766619712813458
1709.0 2.610951294492594
1709.5 3.1189889498809924
1710.0 1.1398484662858301
1710.5 1.5415348704079768
1711.0 1.7986942256339926
1711.5 1.292683885286177
1712.0 1.8232335380690048
1712.5 0.28847655605245315
1713.0 0.9007401978978486
1713.5 2.3765991536461573
1714.0 1.3631550068700213
1714.5 3.43575118430251
1715.0 2.2189013421889516
1715.5 3.0094291242561857
1716.0 1.6897986272644792
1716.5 1.217302339559971
1717.0 1.2463533243691929
1717.5 1.4008091923651413
1718.0 1.5180873575754459
1718.5 1.5972025641636753
1719.0 2.7433031768003717
1719.5 1.2560872112557908
1720.0 1.4513914028219614
1720.5 1.8171842892274792
1721.0 3.5784592785644724
1721.5 2.2515009225579776
1722.0 4.138720310062803
1722.5 1.7485589874362986
1723.0 1.5231547838136406
1723.5 1.6488563242928231
1724.0 2.9694309784105375
1724.5 2.434570498518428
1725.0 2.809013831623131
1725.5 2.436449563734347
1726.0 3.116460937388803
1726.5 1.6921376817838212
1727.0 1.1263311892839794
1727.5 2.8767928949449617
1728.0 2.125120117398227
1728.5 1.7208880009674514
1729.0 1.9899830548801534
1729.5 1.579123944196399
1730.0 2.471874128169758
1730.5 1.6836860793431128
1731.0 1.5220630520808256
1731.5 1.186720279314374
1732.0 2.297373897412385
1732.5 1.7081567045094903
1733.0 1.058500768117031
1733.5 1.4413467987365645
1734.0 1.0087971727144658
1734.5 0.5857908022145107
1735.0 1.632399113776297
1735.5 1.4344071089512307
1736.0 0.6457822636437119
1736.5 1.81399687234286
1737.0 2.234414429446647
1737.5 2.0922824900907946
1738.0 1.8335321506877797
1738.5 2.0757754160210733
1739.0 1.2566450029094107
1739.5 1.059747587931504
1740.0 2.412703635956734
1740.5 2.0430929706731993
1741.0 1.9559573728865671
1741.5 2.0497657910904805
1742.0 2.219635704739878
1742.5 1.2034184947722832
1743.0 0.9908442138103796
1743.5 1.383997393483904
1744.0 1.4589819619523703
1744.5 2.4433518341967346
1745.0 1.958690570775049
1745.5 1.3930373093009407
1746.0 1.5576787393052487
1746.5 2.09961132380247
1747.0 2.3578452664610916
1747.5 1.2539678562487404
1748.0 0.9417847735211902
1748.5 2.4264320728945057
1749.0 0.9938403013952766
1749.5 1.7589280364741615
1750.0 0.441634935601793
1750.5 1.1228078529560463
1751.0 2.864229998770398
1751.5 1.6844104696522102
1752.0 2.116137388566477
1752.5 0.8714460943034863
1753.0 1.7545321275925732
1753.5 1.4597124245554314
1754.0 0.7050965883047793
1754.5 0.7246095800132453
1755.0 0.6544708591958713
1755.5 0.6556689024232392
1756.0 0.5641720172052698
1756.5 0.8607253544168545
1757.0 0.6485273380028082
1757.5 0.4586238485615517
1758.0 1.7179779840500542
1758.5 2.356111921501562
1759.0 1.6319573627253758
1759.5 0.8976562256110654
1760.0 1.9938918676243294
1760.5 0.8608699761735448
1761.0 2.5816754512785915
1761.5 1.4638077641207083
1762.0 1.2372426205557594
1762.5 0.7109985262351672
1763.0 2.2409327458643182
1763.5 3.105797760681013
1764.0 1.864423817910101
1764.5 2.2726543051017334
1765.0 1.71281214628973
1765.5 0.47039326033728734
1766.0 1.2462989926096542
1766.5 1.0412241794224446
1767.0 1.3683900189816163
1767.5 1.3770750333330244
1768.0 1.873313630850903
1768.5 0.5987470601012937
1769.0 1.4274427970940433
1769.5 0.8823723938658921
1770.0 1.0332379126521647
1770.5 1.4805609000502247
1771.0 2.116695898712251
1771.5 1.4589159106613194
1772.0 3.6124914323098416
1772.5 2.6136326918624846
1773.0 1.2570751124432538
1773.5 1.4816484562855496
1774.0 0.428120639656723
1774.5 1.729461700024761
1775.0 1.0784017216978545
1775.5 2.3889136505665474
1776.0 2.6313236802189914
1776.5 1.3404059174377276
1777.0 1.0203992869382026
1777.5 2.5434137535312384
1778.0 1.0050334274976633
1778.5 1.3783751670650914
1779.0 1.5406075405928197
1779.5 0.6651184867523726
1780.0 1.0662346079113487
1780.5 1.6746029396944146
1781.0 1.8238523561628774
1781.5 1.3578270309833491
1782.0 1.0702269365408037
1782.5 0.4749668058439911
1783.0 0.8242544092621168
1783.5 0.9144710456731747
1784.0 1.20715780361442
1784.5 0.42539922011766174
1785.0 1.1408272168049374
1785.5 0.5490087802773561
1786.0 1.5712878098695147
1786.5 1.8060496258500114
1787.0 1.5142611764763032
1787.5 1.0891163217627697
1788.0 1.0321136292520914
1788.5 1.0521422914373164
1789.0 1.1175939993257908
1789.5 1.2559007351431934
1790.0 1.476244832259918
1790.5 0.5569495928491998
1791.0 1.408025268481345
1791.5 1.0387930508111505
1792.0 0.8875865876988088
1792.5 1.666696587570925
1793.0 1.704129073496358
1793.5 2.175642112652804
1794.0 0.8785322654963346
1794.5 1.323343714249283
1795.0 0.9174868745031445
1795.5 1.257619806217157
1796.0 1.5190638420483054
1796.5 2.070737930810342
1797.0 0.8121535460038654
1797.5 1.43388046750643
1798.0 1.597322079910443
1798.5 2.645725083681509
1799.0 1.4517074909583538