900.0 0.6844039318787265
900.5 2.656557821861531
901.0 2.025382137744131
901.5 1.6438468592014281
902.0 2.3112468297554463
902.5 1.4232176784956883
903.0 2.1037365141933484
903.5 1.9482200095193518
904.0 1.8115873363944228
904.5 2.761102517619001
905.0 0.9838173857746925
905.5 1.5900459826202027
906.0 1.3753247585104793
906.5 1.361321763091068
907.0 1.871584969558078
907.5 1.8493167603717398
908.0 2.208660348808008
908.5 1.1421028928951644
909.0 1.599617581474829
909.5 1.612780671665668
910.0 1.6258496541869139
910.5 2.7107010507498597
911.0 1.2900397031563282
911.5 2.3411684046694905
912.0 2.7805522357503896
912.5 0.9334465820323905
913.0 1.0902181645738154
913.5 0.6155234637014885
914.0 1.891872501103019
914.5 2.018747881790783
915.0 1.0362088948565908
915.5 1.6610974075800529
916.0 1.9208608896413133
916.5 2.509866071781683
917.0 1.8528902381785795
917.5 1.7321773379187468
918.0 2.627670054416636
918.5 2.154932067862804
919.0 2.85351313724282
919.5 3.297710496816036
920.0 2.000534455851245
920.5 3.106032149220879
921.0 1.3265381748362208
921.5 2.7043736940181047
922.0 2.1902898795050794
922.5 2.182949059498532
923.0 1.8764204645773401
923.5 1.537935490179912
924.0 1.9543091501674255
924.5 0.9709268508245354
925.0 1.2647955533185238
925.5 2.196266357589546
926.0 1.289978040783212
926.5 1.9421145472130217
927.0 2.4947234054126475
927.5 1.3854883982292883
928.0 2.3298900727983107
928.5 1.313420253898208
929.0 0.5116689518546302
929.5 1.353106511675098
930.0 1.10288317588659
930.5 2.854645474944575
931.0 0.8600814195873636
931.5 2.76107254586808
932.0 1.1884066025837012
932.5 2.57100964921793
933.0 2.8218099796976572
933.5 1.8285999865321068
934.0 1.7322923772614904
934.5 2.4694292569604332
935.0 2.049744709476209
935.5 2.5334246171641155
936.0 1.0667529468816725
936.5 2.6366371066997853
937.0 1.2881859666314517
937.5 0.7747103182127792
938.0 0.7685642658002957
938.5 0.9323900895635672
939.0 0.9969226640831302
939.5 0.8890548028015115
940.0 1.2464663955197262
940.5 0.7790784300040907
941.0 1.0131348501794077
941.5 0.7311419856858904
942.0 0.9937168676735555
942.5 0.8823903027880364
943.0 0.3863362531952471
943.5 0.8361573530407966
944.0 0.6563698926423108
944.5 1.038828575842742
945.0 0.834553485551423
945.5 0.7491680718916546
946.0 0.9642387447348073
946.5 0.9595413150073178
947.0 1.196846332629876
947.5 0.9025952636731446
948.0 2.1245156791902557
948.5 1.6409976856937734
949.0 0.9322209066164822
949.5 1.6949032306330991
950.0 2.7045043608687456
950.5 2.0982416099080634
951.0 1.9978239976631031
951.5 2.369752983402086
952.0 2.988792493467038
952.5 0.7048878043217377
953.0 1.3032172986089798
953.5 2.7594493426110285
954.0 3.283997117406238
954.5 1.630485160453064
955.0 0.9759864282480115
955.5 1.6767748472873722
956.0 1.5949237869897654
956.5 1.5402324528809723
957.0 0.9705304096868783
957.5 1.517570864299549
958.0 2.5534898653100893
958.5 0.8385565826283384
959.0 2.2064847172469255
959.5 0.994837792128253
960.0 1.822396563962468
960.5 1.3878261229900222
961.0 1.6569987813598437
961.5 1.0759801571357912
962.0 1.8733392655623415
962.5 1.2364291185527105
963.0 1.5647648487778107
963.5 1.2294441551111943
964.0 1.4377769948503096
964.5 1.5542456408591616
965.0 0.6548110794383505
965.5 0.6944553820079166
966.0 0.7282527351065706
966.5 0.8079009909166723
967.0 0.7132173853022437
967.5 0.7385066663583004
968.0 2.5116620532438008
968.5 2.191063815419412
969.0 1.5897259022421744
969.5 1.3227800692576146
970.0 0.5790520668266633
970.5 1.987910505627517
971.0 1.6179386927525172
971.5 1.2271563878644578
972.0 1.9667623239623455
972.5 1.041330649650656
973.0 1.003155293828805
973.5 1.8200739029262176
974.0 2.4608733456141447
974.5 2.7025534831210516
975.0 1.7363508191704966
975.5 2.3160278353027604
976.0 2.0483663946012696
976.5 1.5555925297861348
977.0 2.355595062346696
977.5 1.1221752488116619
978.0 1.5701378611263739
978.5 0.8571680855535881
979.0 1.7195908504318258
979.5 1.6224867256181978
980.0 0.9793269047474296
980.5 0.6117946314331515
981.0 0.88775055656791
981.5 1.3979916259828942
982.0 1.0317204710328534
982.5 1.545669776469898
983.0 1.6791817231021218
983.5 1.770621734922026
984.0 1.0345395050446495
984.5 1.3199134503813743
985.0 1.0970697404541716
985.5 2.1562977629692117
986.0 1.3763571962322714
986.5 1.4073423793349362
987.0 1.5770740866306954
987.5 1.0589140796595693
988.0 1.0258629817099099
988.5 0.6690252543932723
989.0 1.399881782777
989.5 1.14795430406358
990.0 1.4671707027611673
990.5 1.2777981342801228
991.0 1.6086515410892306
991.5 1.4228775473609605
992.0 1.246318542862721
992.5 1.3369134432007352
993.0 1.230288859234102
993.5 1.3518987450952933
994.0 1.515632001253623
994.5 1.2623576142870832
995.0 1.57496835220963
995.5 1.6829718952349
996.0 0.9249941759450402
996.5 1.5608791986920845
997.0 1.256635082081595
997.5 1.3920512550993025
998.0 1.1289809739736905
998.5 1.481311539112394
999.0 1.606507282723242
999.5 2.0557729235700504
1000.0 1.9516070080249583
1000.5 1.586304418784616
1001.0 1.7658258332612728
1001.5 1.6566689306148623
1002.0 2.2783736317409646
1002.5 1.0205209920575742
1003.0 1.781777768889305
1003.5 1.9406176859656923
1004.0 2.2764814474278037
1004.5 2.215281471008514
1005.0 1.0356664309149481
1005.5 2.749091614781532
1006.0 2.2446895595337937
1006.5 1.0929743053715764
1007.0 1.1960035966254021
1007.5 1.8286060678969582
1008.0 2.1681751441263466
1008.5 2.166978743736796
1009.0 1.437453458252937
1009.5 2.4267507094735263
1010.0 3.0995293332594236
1010.5 1.5257718290220017
1011.0 1.081792719175144
1011.5 1.6347837427972012
1012.0 2.7029506732862147
1012.5 1.8195656518478782
1013.0 2.271894935399093
1013.5 1.143259692178655
1014.0 2.2380172264247937
1014.5 1.1991690745853556
1015.0 1.366002077086928
1015.5 1.9165441906691953
1016.0 1.2021656529248725
1016.5 0.987058062463257
1017.0 1.1985540887926946
1017.5 1.6268655174699123
1018.0 0.8841876881538692
1018.5 1.7664370927758455
1019.0 0.8955499669107709
1019.5 1.1436567259129404
1020.0 1.0342308393616622
1020.5 0.5423575760584991
1021.0 0.9267832671359887
1021.5 1.2453392157218357
1022.0 1.0908801239725947
1022.5 0.9489211297363715
1023.0 0.8897136274879991
1023.5 1.3125348814186553
1024.0 0.9214261786862528
1024.5 0.8867246950810983
1025.0 1.2334421700823697
1025.5 0.9376915894504104
1026.0 0.8922258159012553
1026.5 1.0453951574140419
1027.0 1.1235710751157058
1027.5 0.7707856927866994
1028.0 0.91418410943403
1028.5 0.7234338945008476
1029.0 0.8689902212884554
1029.5 0.8133506045389107
1030.0 0.8765880520035666
1030.5 0.6450705753195367
1031.0 0.9439172150287064
1031.5 0.9691714134664968
1032.0 0.5103883208062172
1032.5 0.8836385525071953
1033.0 0.8222162200416299
1033.5 0.9700535016299247
1034.0 0.5703629708781108
1034.5 0.6404420116539877
1035.0 0.9947881547766113
1035.5 1.3445278364852205
1036.0 1.0902477900586844
1036.5 1.511639669547223
1037.0 1.361306917048663
1037.5 1.4756993246067838
1038.0 1.3554618257163114
1038.5 1.0808543511419666
1039.0 1.2638560180822982
1039.5 1.1047339183133928
1040.0 1.8397394014154378
1040.5 1.69525153272019
1041.0 0.8616963375097169
1041.5 1.8773852761548275
1042.0 1.0961495086157447
1042.5 1.332564544234025
1043.0 1.2582214722275418
1043.5 0.9137097939310183
1044.0 0.8612024008864277
1044.5 1.0625767774029353
1045.0 1.0974292419352007
1045.5 0.991431554675955
1046.0 0.7999133747516418
1046.5 0.5413203157633193
1047.0 0.6110307519287013
1047.5 0.8581643111815564
1048.0 0.6764312591158897
1048.5 0.6573753960550437
1049.0 0.5602461844032842
1049.5 0.5879799239623122
1050.0 0.7087271448500223
1050.5 0.5758214378416189
1051.0 0.7222620680312353
1051.5 0.5442753283894659
1052.0 0.6656897730230336
1052.5 0.7860209446056179
1053.0 0.56688655838134
1053.5 0.7176871131496707
1054.0 0.5810880235890816
1054.5 0.5743921136866889
1055.0 0.7953543363029443
1055.5 0.5622022752994027
1056.0 0.5074268804422952
1056.5 0.7498634375954012
1057.0 0.7839604011717682
1057.5 0.7554783235420401
1058.0 0.7270208082008267
1058.5 0.7049308556262197
1059.0 1.4200722591738948
1059.5 2.0261263859039054
1060.0 0.7589634641128278
1060.5 0.7391087131744215
1061.0 0.9210131424582392
1061.5 0.6602386220440652
1062.0 1.1309949216464728
1062.5 0.5600844651087481
1063.0 0.6760680328650579
1063.5 0.8788960801527963
1064.0 1.1129619111582254
1064.5 1.0030336489984006
1065.0 1.009554981673213
1065.5 0.6803200139805505
1066.0 0.7866053380976403
1066.5 1.0774564180876884
1067.0 0.9854357799149629
1067.5 0.5611914334196025
1068.0 0.9644862834428735
1068.5 1.0005079592301585
1069.0 1.3478517623592678
1069.5 0.8586813915606514
1070.0 0.9808029133821082
1070.5 1.2576656218463782
1071.0 1.1257746369694286
1071.5 0.7817762355755367
1072.0 3.52042369854894
1072.5 1.4142091160551846
1073.0 1.6812930528874512
1073.5 0.9991221700531918
1074.0 1.0838709645870677
1074.5 1.0987295037937863
1075.0 0.6709844058405022
1075.5 0.8377270947760413
1076.0 1.093026705974157
1076.5 1.7504377403323628
1077.0 1.6685339243353383
1077.5 1.258746729438433
1078.0 1.9997746211489316
1078.5 1.1359343018287973
1079.0 1.9742921459898062
1079.5 1.0396329052716078
1080.0 0.8180116348009427
1080.5 2.0195634958376
1081.0 2.164340129020144
1081.5 2.4531200733738943
1082.0 2.2792510085412676
1082.5 2.02106944123765
1083.0 0.6322665820101425
1083.5 1.3707346690690039
1084.0 1.0269553308341393
1084.5 1.050880187977774
1085.0 1.1199521001249209
1085.5 1.6026591624516584
1086.0 1.3750859404625884
1086.5 1.7736641791792889
1087.0 1.2210261752508589
1087.5 1.7437369039187374
1088.0 0.7774911419317592
1088.5 1.2139827703576906
1089.0 0.8032484400005702
1089.5 1.055315158459827
1090.0 1.3433493664180371
1090.5 0.5968789649692607
1091.0 0.872227171471184
1091.5 3.052688518340614
1092.0 1.9282067492474377
1092.5 2.735152519016162
1093.0 1.3680593622290185
1093.5 2.4033957611372943
1094.0 2.036378760193314
1094.5 2.7504042535794584
1095.0 3.418011991182717
1095.5 1.4055674891176566
1096.0 2.3605811995257056
1096.5 3.0454730381852295
1097.0 1.9118372278022695
1097.5 2.2008158240616895
1098.0 1.503409859022966
1098.5 2.3738297608632326
1099.0 1.159045057915932
1099.5 2.214044039615554
1100.0 2.5727423098928073
1100.5 0.9836841531077591
1101.0 1.2447557627141057
1101.5 2.1757876647812675
1102.0 0.9848594767961366
1102.5 1.538085018751619
1103.0 1.1756149575686226
1103.5 1.0581269941614084
1104.0 1.0518144440896577
1104.5 1.1472488356126371
1105.0 1.1154016239644013
1105.5 1.580098820929648
1106.0 1.0250277784734345
1106.5 1.4680524432079094
1107.0 2.2770728531278284
1107.5 1.7579540598605374
1108.0 1.2643668564394774
1108.5 1.3208752775999197
1109.0 1.3609507197057764
1109.5 1.676944992460137
1110.0 2.332308102016953
1110.5 2.78198786414233
1111.0 1.446418509741591
1111.5 2.4800099878946047
1112.0 3.203589944761566
1112.5 1.5214471258710285
1113.0 1.256752197264753
1113.5 1.4880922030795247
1114.0 1.492971067265832
1114.5 2.8981456722704317
1115.0 2.414503741399234
1115.5 2.330278292144499
1116.0 1.7390896562636722
1116.5 1.4839397198609245
1117.0 0.8740088831838693
1117.5 1.592148429924157
1118.0 2.4830789511385776
1118.5 2.8703926352165796
1119.0 1.5561738548785757
1119.5 1.7756457357563444
1120.0 0.7755936472970753
1120.5 1.550162438363051
1121.0 3.9552470626767615
1121.5 1.7872366720325217
1122.0 2.7928224968787356
1122.5 3.2633496849060553
1123.0 0.644753097678127
1123.5 2.4604335780377715
1124.0 2.148816864504345
1124.5 3.808437599447311
1125.0 3.102171826202757
1125.5 1.978477057169479
1126.0 1.1132335752028948
1126.5 0.2
1127.0 2.3563967508347985
1127.5 1.2261854392617295
1128.0 3.2783930523325653
1128.5 2.0156089434252213
1129.0 1.0283218305718527
1129.5 3.7609233957433283
1130.0 1.8715522308043633
1130.5 2.5103849788688635
1131.0 1.715087236471142
1131.5 1.5826896030340099
1132.0 2.7292276021793738
1132.5 2.266129462335489
1133.0 3.4817574622365486
1133.5 4.394045553966265
1134.0 2.02459983667917
1134.5 1.8208211724969567
1135.0 1.6183965339307593
1135.5 0.9617570011626096
1136.0 1.164469767544818
1136.5 0.47011240700184087
1137.0 1.0436728839199185
1137.5 0.766679781857204
1138.0 0.7270213575358438
1138.5 0.9006348172274888
1139.0 1.1732029871027465
1139.5 1.1611689834959678
1140.0 1.0676910873205396
1140.5 1.3576161714086963
1141.0 2.159542845260969
1141.5 1.636095284766366
1142.0 1.6961937184519285
1142.5 1.4816972626312879
1143.0 2.057229507256827
1143.5 0.5938870899679176
1144.0 1.818236415002866
1144.5 1.3030116769293696
1145.0 1.423847495251379
1145.5 1.0521639260443933
1146.0 0.9877344743934332
1146.5 2.6776544390108374
1147.0 1.2923408584317233
1147.5 2.2195711369320277
1148.0 1.8404476597439936
1148.5 1.579872773126643
1149.0 2.2839461552007547
1149.5 3.0444098198995686
1150.0 1.9237350403954316
1150.5 3.888845094160527
1151.0 2.641447686689967
1151.5 2.7965949389690463
1152.0 1.1807650829295882
1152.5 1.0309973965596
1153.0 2.411657913899179
1153.5 2.289629523499731
1154.0 2.7748152284033796
1154.5 1.1421760418438671
1155.0 1.0513191485952116
1155.5 0.9374073039347119
1156.0 0.7698297854843651
1156.5 0.9504560415590373
1157.0 0.7286007921689306
1157.5 0.9758720922146963
1158.0 0.8074166580783546
1158.5 1.1016664531249734
1159.0 0.8097374672244817
1159.5 0.39791257748061537
1160.0 1.1613611549653338
1160.5 0.6998007694186097
1161.0 0.8643793499959347
1161.5 0.9546350087135483
1162.0 0.9648301560394181
1162.5 0.8073696151278179
1163.0 1.2542890355038607
1163.5 1.8590935368099233
1164.0 2.2758550583405004
1164.5 2.5563535886863358
1165.0 1.5174720951143825
1165.5 0.8789758985224774
1166.0 1.60660927930396
1166.5 1.5008368966970438
1167.0 1.5091671581767223
1167.5 1.1699246241299273
1168.0 0.7611467176899621
1168.5 1.941749180920797
1169.0 1.4642045070494303
1169.5 0.6668752240418638
1170.0 2.0120729069924863
1170.5 2.0288337999930257
1171.0 1.1285336483379678
1171.5 1.7815279334910945
1172.0 1.4131929881005125
1172.5 1.411505666267806
1173.0 1.676444435464701
1173.5 1.2102588919653177
1174.0 1.616444933135253
1174.5 1.0010633100024802
1175.0 1.626734702488994
1175.5 1.8893100498944444
1176.0 0.87421033303397
1176.5 2.3608294759033743
1177.0 1.6295922684740183
1177.5 0.8824582753308027
1178.0 1.4294408949639195
1178.5 1.7873165876895751
1179.0 1.9327023018300746
1179.5 0.8770966395237741
1180.0 2.345062991606571
1180.5 1.1464170845424533
1181.0 1.0931940800968254
1181.5 1.7302445571340055
1182.0 2.067927915977385
1182.5 1.2476367642914474
1183.0 1.3096597771400855
1183.5 1.5055863322229364
1184.0 1.425297397234055
1184.5 0.7809638566460135
1185.0 1.256413680640856
1185.5 1.0125493819930562
1186.0 1.3841691208241973
1186.5 0.6151502293705777
1187.0 1.097905252360491
1187.5 1.099695652681614
1188.0 1.2848896547390944
1188.5 1.3903698335550327
1189.0 0.6361859824634428
1189.5 1.3830262541640925
1190.0 1.6740059619193066
1190.5 1.0402507289679739
1191.0 0.5752350122775031
1191.5 0.8326965419722743
1192.0 0.7952700083024209
1192.5 1.3646148715627167
1193.0 1.3563200157609059
1193.5 1.275808735925506
1194.0 1.2676526901873366
1194.5 1.9702038721350217
1195.0 2.0559875799859357
1195.5 1.8653937510001728
1196.0 4.030131559704264
1196.5 2.3644157204213156
1197.0 1.3899984797411182
1197.5 3.432307260586952
1198.0 2.3176034737720435
1198.5 2.415526273416107
1199.0 4.505564049837025
1199.5 2.809982625403915