300.0 1.3375994487573646
300.5 2.3013853793355175
301.0 2.475829230610021
301.5 2.0266386673861043
302.0 1.933035971030956
302.5 2.1530734228505306
303.0 0.8524206115614663
303.5 0.7069673904418159
304.0 1.3132619087986914
304.5 1.4815969643726983
305.0 1.2995896072124362
305.5 1.8322051402528952
306.0 1.3439101893525969
306.5 0.8493506479334164
307.0 1.265106553844812
307.5 1.6034737837785165
308.0 2.0510932733099194
308.5 1.305193156849876
309.0 2.503125194033072
309.5 2.0985652658202785
310.0 1.291459893124068
310.5 1.0115821709040276
311.0 1.6777151938051162
311.5 1.8341612854357832
312.0 2.497995122000635
312.5 0.8080734575482065
313.0 0.5995912133306067
313.5 1.7082393468805779
314.0 1.1398559471510104
314.5 1.5593157463947334
315.0 1.2332035068790597
315.5 1.2641947332606238
316.0 1.010974526566598
316.5 0.6362578922571807
317.0 1.1757972654729252
317.5 0.6854663544821487
318.0 1.6452518027031247
318.5 1.3545955621764811
319.0 0.2
319.5 2.4503691150143907
320.0 0.698892879060655
320.5 1.8836885845669888
321.0 1.6476251191502136
321.5 1.0748939994294724
322.0 2.739686692575117
322.5 1.3193168182948058
323.0 1.7342294860844303
323.5 1.8482778964364805
324.0 1.2466669844227805
324.5 0.9050524186823999
325.0 1.6345930811113925
325.5 1.9544168225395198
326.0 1.6836320885782396
326.5 1.5246933219381351
327.0 0.5214480607645426
327.5 1.548914556931357
328.0 2.2951809389534614
328.5 0.7764670108365797
329.0 2.3655042741977015
329.5 3.156634892640534
330.0 3.8191377441836423
330.5 3.602451724563051
331.0 4.809276141048276
331.5 0.2
332.0 3.457981835861342
332.5 1.629632077932903
333.0 3.2175054073615055
333.5 0.2
334.0 2.982317963422146
334.5 2.001352152725351
335.0 4.075143593694464
335.5 2.0919036366141146
336.0 2.0575418814292794
336.5 4.375300499707218
337.0 2.904375904481993
337.5 2.2660095258821977
338.0 1.2500736381696733
338.5 1.1693731859314054
339.0 1.1599590191132656
339.5 2.818246357709369
340.0 1.5103986343515325
340.5 1.7930382837003678
341.0 0.9041563341464857
341.5 1.9954966358789734
342.0 1.000493745977887
342.5 1.4908113901653344
343.0 1.7804573690748235
343.5 1.1665550410467826
344.0 1.3149541383934855
344.5 1.7700194892368435
345.0 1.0559005106335264
345.5 1.1047830845295272
346.0 1.5103831148549414
346.5 0.8557998135701459
347.0 1.1876079999103042
347.5 0.9413116866612158
348.0 1.9519347041856097
348.5 0.862969392021165
349.0 1.6829582182306375
349.5 0.8085368562801324
350.0 1.5368465045904671
350.5 0.9983142899650166
351.0 1.0363066341458003
351.5 0.9707052538437551
352.0 0.9705988929953844
352.5 2.546316352196798
353.0 3.381063360368746
353.5 1.8914761971431107
354.0 2.2055719593396663
354.5 1.7836510707431668
355.0 3.319399198481188
355.5 1.593142992698093
356.0 1.2258597306685035
356.5 1.7765694295139716
357.0 1.2776126470939615
357.5 2.074503154306289
358.0 1.9672068089771455
358.5 1.3637742252950338
359.0 1.9254631507780848
359.5 2.370778351514066
360.0 2.348229123066641
360.5 0.9119514939269167
361.0 3.139025715179909
361.5 4.447439248320633
362.0 1.3770894471920818
362.5 2.9988492709621504
363.0 2.3455395785063224
363.5 3.00159761459709
364.0 0.6494346525075518
364.5 2.255368314232934
365.0 0.5601229717325997
365.5 2.7051483607215054
366.0 1.3144155021679529
366.5 2.248373017273414
367.0 1.5558655492505782
367.5 3.4296079500271888
368.0 1.6131423343196767
368.5 2.2699035913344496
369.0 3.1877680845348206
369.5 2.290948321969205
370.0 1.92518106089915
370.5 2.970423477635098
371.0 3.6754048425950065
371.5 2.1985199411710434
372.0 3.0048626851657545
372.5 3.329661054143185
373.0 3.1563402072559246
373.5 2.619701485103725
374.0 2.0265577973735396
374.5 2.591032639749044
375.0 2.3613470987311542
375.5 1.3745301611146195
376.0 0.8030536006939556
376.5 0.758155374218118
377.0 1.9783891001720946
377.5 1.056312480259331
378.0 0.2802908586621764
378.5 2.878944549227908
379.0 2.878380016828846
379.5 1.2976322150807076
380.0 1.4432603869382226
380.5 0.30221731495527737
381.0 1.8119781336349643
381.5 1.8955438794321937
382.0 1.4272007837948906
382.5 2.182657711944385
383.0 1.5350439715410649
383.5 2.4264824872488022
384.0 0.28076648301522367
384.5 2.5120259737008683
385.0 2.274397372705072
385.5 3.2338947089048933
386.0 1.7511301823009964
386.5 2.9497608172610383
387.0 2.4280459252538806
387.5 0.9382767879326779
388.0 1.5805302118615392
388.5 1.031396705667096
389.0 2.0176987927453967
389.5 0.5361526741474816
390.0 1.8670929674873122
390.5 1.275321366776625
391.0 1.3856912720221537
391.5 0.3717276698293721
392.0 1.9894939616961624
392.5 1.3175046390483331
393.0 0.8851014450287105
393.5 1.8620353604432618
394.0 1.4822282477908049
394.5 1.5869901732021328
395.0 2.2494702244260996
395.5 1.001061359560771
396.0 0.8684136128496115
396.5 1.1927941499787837
397.0 2.046291900445432
397.5 1.6421141496524194
398.0 1.2485518640537197
398.5 0.5850129087517797
399.0 1.685679865522462
399.5 0.3427717643975192
400.0 2.5593860475930716
400.5 3.3798230373024043
401.0 3.3439357746320058
401.5 2.150371591479873
402.0 3.8687182323686446
402.5 1.8762663449059673
403.0 2.025229020557135
403.5 1.6822959552663446
404.0 0.6520561529787547
404.5 1.6972920508898532
405.0 2.423753202839667
405.5 1.0537386852546964
406.0 1.584274046019765
406.5 1.7282018110346766
407.0 1.1720746719953838
407.5 2.6266143662746595
408.0 1.789754390498572
408.5 1.3504113373532556
409.0 2.2508505224219153
409.5 1.9164145850788994
410.0 1.0097559511204495
410.5 0.702331502030603
411.0 1.8139719609512366
411.5 1.6280692890162967
412.0 1.6404441862153907
412.5 2.2690692291709698
413.0 1.6767563620813308
413.5 0.944109592301306
414.0 1.1410882230409989
414.5 0.9339626179684077
415.0 1.258537259273359
415.5 0.8535687501388398
416.0 0.6455751256978897
416.5 0.7190479386174229
417.0 0.9804792811551153
417.5 1.0722080563821432
418.0 0.8132224660676812
418.5 0.8884939102408074
419.0 0.9784879732317479
419.5 1.2732132094712423
420.0 1.00061019681214
420.5 0.6385261796863697
421.0 1.2196405742190377
421.5 1.341692662179639
422.0 0.9944282670208462
422.5 0.8037224680133266
423.0 0.7337303153657034
423.5 1.1892763548763519
424.0 1.0715345642795744
424.5 0.7380391110582349
425.0 0.8886908585449059
425.5 0.8412098451242338
426.0 0.7772558765502449
426.5 0.6884061342934054
427.0 0.8493334459443094
427.5 0.9555053716020309
428.0 0.9876746239190923
428.5 0.7691597994859609
429.0 2.2490420385165244
429.5 1.9093689208575149
430.0 1.2998177654907774
430.5 1.75886697097592
431.0 1.5267974155902095
431.5 0.5536256456722187
432.0 1.6364622398069304
432.5 2.0331711688064935
433.0 1.7815476785462887
433.5 1.6303091712415332
434.0 2.5554875349137323
434.5 1.3902381306876237
435.0 1.7209332947787472
435.5 1.0550219806617462
436.0 1.431133258765371
436.5 0.6892897054400807
437.0 1.5621877508934139
437.5 0.7475566882274202
438.0 0.6229184127896544
438.5 1.390016011858466
439.0 2.71201177126595
439.5 2.3128449868727574
440.0 3.673899414538883
440.5 2.504060494138524
441.0 1.7339442227281896
441.5 2.3729041224162306
442.0 2.982116750296605
442.5 0.2553861341817716
443.0 0.7848875415598922
443.5 2.231290519049143
444.0 1.0715795458769506
444.5 0.8345897954028729
445.0 0.72598250030911
445.5 1.0500587426628463
446.0 0.908212271096704
446.5 0.780253161525803
447.0 0.8235122798710142
447.5 1.8955265022565195
448.0 1.8170805145063644
448.5 1.3435685361792005
449.0 1.185904101984029
449.5 2.7182295030112598
450.0 1.6505839449155748
450.5 1.5350125755414261
451.0 1.593511057804335
451.5 1.5149801805333676
452.0 1.6200998160470437
452.5 3.4085475462147548
453.0 1.972155489914393
453.5 2.735131616918313
454.0 2.8086621227668225
454.5 2.0666011594605704
455.0 2.502845149779925
455.5 1.8433811668398723
456.0 1.3093248373742539
456.5 0.6282397802120046
457.0 1.5472780935344181
457.5 1.8817871524501872
458.0 3.7923529824617175
458.5 2.8659353354049966
459.0 1.40131365557883
459.5 3.374299097840203
460.0 0.2
460.5 2.0134541498243603
461.0 1.1078487081133683
461.5 3.073914457898783
462.0 2.7975670238866943
462.5 1.811601813769026
463.0 1.949051505979448
463.5 1.2815512899621728
464.0 3.344627785380129
464.5 2.306707187756243
465.0 0.995945461308245
465.5 1.9353133137668563
466.0 1.978022612326804
466.5 2.2604260461289654
467.0 0.45838533810030313
467.5 2.0717832744360187
468.0 2.5805050509104412
468.5 2.4017176010121974
469.0 0.49982400384540315
469.5 2.0773200742510696
470.0 1.2282858898064544
470.5 1.8492267028243599
471.0 0.43928281801326063
471.5 2.965150367875612
472.0 2.8718552041587726
472.5 0.9975378921980333
473.0 0.8869935573163705
473.5 1.2569362370072312
474.0 0.861638409385724
474.5 1.4154197169824378
475.0 0.8545193569679482
475.5 0.8005597104611208
476.0 1.8882382626811451
476.5 1.8965795594780503
477.0 1.9826220138409711
477.5 2.39121364193381
478.0 3.07624357171243
478.5 2.8163604065651606
479.0 2.7330133735583306
479.5 3.8562974134091723
480.0 0.7702377953025409
480.5 2.9198438379731537
481.0 2.1416360901232405
481.5 1.7718486540450304
482.0 3.3866925640427477
482.5 3.156812918131184
483.0 1.5870200802849854
483.5 1.9418778869290205
484.0 2.7418215101377754
484.5 2.6971925245146475
485.0 3.2642468798070388
485.5 3.3033809331970154
486.0 2.6774961182903994
486.5 2.494766403136155
487.0 2.365250789857096
487.5 2.0388432608940414
488.0 2.3059246159076547
488.5 2.330377533368195
489.0 3.1158552688893395
489.5 3.5210489159909075
490.0 2.583263783019092
490.5 2.0963613414009563
491.0 2.8375473991130256
491.5 0.38357446059475064
492.0 5.126996366195994
492.5 3.033513600343327
493.0 2.029861919838286
493.5 3.7173156008493984
494.0 2.3206916741018273
494.5 0.7858700098371183
495.0 1.4238347390171384
495.5 2.9281256374410756
496.0 1.8532594678848548
496.5 2.1727203533175166
497.0 1.9918705166746145
497.5 2.50839942609291
498.0 2.0779703120089765
498.5 2.120634985227994
499.0 2.4134502130347677
499.5 3.166150310942721
500.0 2.649056289623102
500.5 2.7719525095829463
501.0 0.5326895537282399
501.5 2.5664825355761747
502.0 2.5765499134571277
502.5 2.1170138792840048
503.0 2.859586907389655
503.5 3.5078832733840235
504.0 1.8975199442873867
504.5 0.3837370816475828
505.0 0.6539663035503571
505.5 0.5811583451784661
506.0 0.9078184580038046
506.5 1.193341031184042
507.0 2.430865597756794
507.5 0.6471126861637415
508.0 0.7043538223809065
508.5 0.7845872994706364
509.0 0.6825192230387194
509.5 0.5894399857723851
510.0 0.8361359767132686
510.5 0.6753941912111088
511.0 0.5180032427270984
511.5 0.8345217697026965
512.0 0.8807275703666684
512.5 0.3435653353193901
513.0 0.763906372679704
513.5 0.6441424586188171
514.0 0.7441535057640745
514.5 0.6498730990446713
515.0 0.6434044971782698
515.5 0.5816005911694042
516.0 0.6899105780403952
516.5 2.2842045351496525
517.0 2.3466440893498497
517.5 1.9463501922586262
518.0 0.7445659852889923
518.5 2.439318381812613
519.0 3.079088773852938
519.5 2.293224961054289
520.0 1.7948516411766413
520.5 2.2312006282721226
521.0 2.926157324137077
521.5 2.6548997947638826
522.0 2.725193633767401
522.5 1.9042483396032057
523.0 1.6405849744208973
523.5 2.4375341408047655
524.0 1.4823671926899709
524.5 2.0790932989853745
525.0 1.3516022800957708
525.5 0.781154849586665
526.0 1.6025786915072278
526.5 0.26980374536466933
527.0 1.4594998570941544
527.5 1.5102953571046807
528.0 1.310544901644485
528.5 1.9736761128742324
529.0 1.7978636765895835
529.5 1.6639791817485299
530.0 2.43851056717683
530.5 1.6502425984164788
531.0 2.4053575356472057
531.5 1.2295488183897112
532.0 0.9227276909405489
532.5 1.0834102625937996
533.0 2.4304239637181566
533.5 1.7074768433436187
534.0 1.3429528771164567
534.5 0.9050189855179337
535.0 1.6143570429256715
535.5 1.2085887031362936
536.0 0.7022255804324988
536.5 0.8173773811999483
537.0 0.6538755638574025
537.5 0.6243644387717262
538.0 0.6254822848163897
538.5 0.7519011807726679
539.0 0.6619292127616074
539.5 0.9937775572855717
540.0 1.039829042609175
540.5 0.8776395046528153
541.0 0.7373572513644471
541.5 0.9287000515853059
542.0 0.7544828293094866
542.5 1.488132569693053
543.0 2.487498786114217
543.5 1.2034399184245856
544.0 1.646861908737642
544.5 1.6549738261757376
545.0 2.424947203759076
545.5 2.962588940727179
546.0 1.0684325590862096
546.5 0.9759426767513655
547.0 1.0323311079872974
547.5 1.0408310265122225
548.0 0.8165980069872529
548.5 0.9264845723387353
549.0 0.8479140772487298
549.5 0.8915982069921291
550.0 0.9394289121392341
550.5 1.0571229585850554
551.0 0.8707706326084264
551.5 1.1181260375290702
552.0 0.9256232440438564
552.5 1.0192341822434758
553.0 0.91985114637906
553.5 0.6855153381545158
554.0 0.8790159260471664
554.5 1.0150185291703
555.0 0.8372777835609373
555.5 0.9929469487148943
556.0 0.8484374036902471
556.5 0.7511500534651092
557.0 0.8101785421226966
557.5 0.7513572797004044
558.0 0.9572559644012923
558.5 0.8700344362298522
559.0 0.9633373394125929
559.5 1.3999543844044398
560.0 1.4417320180725952
560.5 0.714925329524159
561.0 1.156962862451834
561.5 1.1517926537558865
562.0 1.1446349500390924
562.5 1.1340660594550873
563.0 0.874360955020679
563.5 1.4205698935650015
564.0 1.2070791124584308
564.5 1.111045333291919
565.0 1.4402640215749622
565.5 0.8960275352220584
566.0 1.3198429043326803
566.5 0.9835728371793291
567.0 0.912471746373712
567.5 1.2053378209484005
568.0 1.6612741526229868
568.5 1.5757549511125577
569.0 2.062209884174522
569.5 1.9818516821482222
570.0 0.9272085872651599
570.5 0.4104604991670524
571.0 0.5985301422453433
571.5 0.7858472450013447
572.0 0.6804303093755601
572.5 0.7640851655709473
573.0 2.0889545522599167
573.5 1.3549348820697802
574.0 2.6562702646335548
574.5 1.3119204527280641
575.0 0.9940142527052319
575.5 0.6826440612489746
576.0 1.2897638483376774
576.5 1.64870221906101
577.0 1.0479111891532906
577.5 0.9529481117552058
578.0 0.7296997634281397
578.5 1.6920759047313965
579.0 2.576059610719998
579.5 2.5960574687014333
580.0 1.6326947821012028
580.5 1.9115971168068504
581.0 4.920351718782042
581.5 1.152337966354218
582.0 2.6065072017771946
582.5 1.4096007171206075
583.0 2.5119441521867474
583.5 2.07370013933571
584.0 2.370825396454645
584.5 3.7703386420382716
585.0 2.5964067335363823
585.5 1.616611570714959
586.0 1.9917007122745596
586.5 1.5540236348466152
587.0 1.2676466994860383
587.5 1.4497625514491537
588.0 1.4494725709276324
588.5 2.4834074850839665
589.0 2.3026727083512735
589.5 2.7946293498365824
590.0 2.638017642606134
590.5 1.882570312543435
591.0 1.0542467744221438
591.5 2.575728402662981
592.0 3.5687220189780606
592.5 2.8827020397296166
593.0 1.6606813310312103
593.5 0.843018567964269
594.0 1.564578273580962
594.5 0.9115376484285126
595.0 1.4915423728024677
595.5 0.7205615494096146
596.0 2.604831675829561
596.5 1.6110524460875917
597.0 1.998006052314576
597.5 1.711758061945795
598.0 0.6578631317113385
598.5 1.7580091618867355
599.0 1.7092379796078343
599.5 1.6627378453829371