1500.0 0.5445423821766803
1500.5 1.1543000423203154
1501.0 0.9405835580317439
1501.5 0.9253487730518375
1502.0 0.9880559051836919
1502.5 0.6822797331238644
1503.0 1.3574145561386817
1503.5 0.7379360165831067
1504.0 0.9985395424151786
1504.5 0.7186795787975744
1505.0 1.884541555993989
1505.5 3.406407193424121
1506.0 1.0540976008419607
1506.5 2.633869288952867
1507.0 2.1088414092434173
1507.5 2.9825462172600026
1508.0 3.033998173493676
1508.5 2.7647522935770805
1509.0 1.1347443326103623
1509.5 0.6685806833843113
1510.0 1.0342953132983719
1510.5 2.2365858473843745
1511.0 1.498647437674773
1511.5 2.279063291013653
1512.0 3.7196283691521215
1512.5 1.8632343415711576
1513.0 3.62669286090461
1513.5 3.412706580727579
1514.0 2.504040917678224
1514.5 1.9851795144612565
1515.0 0.6679454997471632
1515.5 2.5113656949666843
1516.0 2.0607378070568774
1516.5 3.3879240851817682
1517.0 3.3524935445503816
1517.5 1.621551169024186
1518.0 2.076787026348391
1518.5 1.3379268479785704
1519.0 3.2066124328157453
1519.5 1.8023891347712355
1520.0 0.8345873539629409
1520.5 2.3422099183540595
1521.0 1.8024730716297566
1521.5 1.1134917788114445
1522.0 1.1644885347863339
1522.5 1.1287082825066481
1523.0 0.8321678515290063
1523.5 3.05971655255766
1524.0 1.8938128634000337
1524.5 1.2758097004794733
1525.0 1.2724071966825985
1525.5 1.6912733387205292
1526.0 0.9788465898746207
1526.5 1.391990845456414
1527.0 1.2384490646284885
1527.5 2.011704415157033
1528.0 1.0885582315052311
1528.5 2.3194432247180155
1529.0 2.7371798990872565
1529.5 1.314996358186419
1530.0 3.331345403088305
1530.5 2.4571678700910127
1531.0 0.32560044487183504
1531.5 1.2095039905927347
1532.0 2.2024179954815457
1532.5 2.380644336079848
1533.0 1.639617509680046
1533.5 2.16661523556064
1534.0 2.342104525979998
1534.5 1.8376225542184206
1535.0 2.0688736749182546
1535.5 1.777994869108147
1536.0 3.5534652563455444
1536.5 2.0365941356151867
1537.0 1.978243298681536
1537.5 1.6916818506209028
1538.0 2.1501195153654717
1538.5 1.7878843798348203
1539.0 1.6018203153402881
1539.5 1.6702123303525704
1540.0 3.054933893797328
1540.5 2.6670739184593475
1541.0 2.4849709280870416
1541.5 2.7725858130904006
1542.0 3.0084168731952383
1542.5 1.0664160990256217
1543.0 0.8419352301375416
1543.5 0.9473833205284897
1544.0 3.3144566934557775
1544.5 0.3441090840560608
1545.0 2.1490661381201184
1545.5 1.4323870318858982
1546.0 1.9845980512521508
1546.5 1.8161650654165185
1547.0 2.4089141424907923
1547.5 0.32591177860837206
1548.0 2.4550695093474832
1548.5 1.8931009115358544
1549.0 2.7649078358091947
1549.5 2.030961657247251
1550.0 3.273493653138262
1550.5 2.968691009792103
1551.0 2.096220336460654
1551.5 1.3200434610318856
1552.0 1.6026486540972942
1552.5 2.211173450496062
1553.0 2.321680032226909
1553.5 2.4479304746887163
1554.0 1.6895866117290543
1554.5 2.0820013984616725
1555.0 1.9743575535039355
1555.5 1.221412546777946
1556.0 2.828386132841464
1556.5 2.949602648344729
1557.0 2.7512166795960216
1557.5 2.040437135713987
1558.0 2.3165344502959773
1558.5 2.4371417264599122
1559.0 4.422461664391177
1559.5 2.2409183206406893
1560.0 3.2727595738697475
1560.5 4.601838517536395
1561.0 2.1082080221804
1561.5 1.4461439561251654
1562.0 2.02106460417004
1562.5 3.2147080262712313
1563.0 3.3909409879334067
1563.5 2.232781896982806
1564.0 1.1509480309074804
1564.5 2.150990618965039
1565.0 1.3872147518807139
1565.5 2.802291554806592
1566.0 2.775502866095635
1566.5 2.4250743461925803
1567.0 2.3657707849270904
1567.5 1.3023581174440215
1568.0 4.318633738607467
1568.5 0.3220951310529676
1569.0 0.8176592843209096
1569.5 1.11713682653758
1570.0 1.0140450482434207
1570.5 1.4978170805529611
1571.0 0.7216213841020028
1571.5 0.531975187783893
1572.0 1.2948507236467446
1572.5 1.0006874451419554
1573.0 1.5032540111383275
1573.5 1.277320297532
1574.0 1.079117355834291
1574.5 1.0885520718563342
1575.0 1.4647453032927997
1575.5 1.8279981216496195
1576.0 1.1615730767971806
1576.5 0.6369232334052024
1577.0 0.6786194701150936
1577.5 1.2524483068540655
1578.0 1.388160326608587
1578.5 0.8692479682304103
1579.0 0.7463242479560117
1579.5 1.1680796297924707
1580.0 0.4925587535802176
1580.5 1.0990367475568237
1581.0 1.3642397155073225
1581.5 0.9067953628809526
1582.0 1.166833992762445
1582.5 1.2424340958585063
1583.0 1.461968822217664
1583.5 1.4562795528971382
1584.0 1.3123302427471268
1584.5 0.8810227504678625
1585.0 1.2776954704336836
1585.5 0.9899733440078632
1586.0 1.7767081594719802
1586.5 2.1712929605918103
1587.0 3.168399323188293
1587.5 1.9628155344391351
1588.0 1.7615505506756348
1588.5 1.3759791278719624
1589.0 1.9701256651103547
1589.5 2.7759848532752764
1590.0 1.1107675805316517
1590.5 2.9657412627502824
1591.0 1.0421218974128996
1591.5 1.8967041869444703
1592.0 3.1423811361844347
1592.5 1.8698198749243402
1593.0 1.419522912416706
1593.5 2.303438011952072
1594.0 1.972215782032662
1594.5 2.9637689024191065
1595.0 2.3878091498376097
1595.5 1.7270623024754368
1596.0 2.4949386393345097
1596.5 1.492445127766384
1597.0 1.1252052886670194
1597.5 0.8517812714585145
1598.0 0.9989979939115115
1598.5 0.8062381823336036
1599.0 1.396523206908897
1599.5 1.0979949472779973
1600.0 0.6968783536125529
1600.5 1.30246709744238
1601.0 1.321280708646929
1601.5 1.4589388408677395
1602.0 0.6721104671150875
1602.5 1.360350257329705
1603.0 0.954618504949881
1603.5 2.49740255965963
1604.0 2.5466858546394358
1604.5 1.559841285239078
1605.0 2.9222821973979802
1605.5 2.3766734828124556
1606.0 2.2095645951441445
1606.5 0.47885307093917584
1607.0 2.3682025270853826
1607.5 2.9584084255120513
1608.0 4.14049546278195
1608.5 2.5603992883769924
1609.0 2.364592053376788
1609.5 2.8085340336114175
1610.0 0.2
1610.5 1.34778165041341
1611.0 1.5200258467368606
1611.5 4.0098898746099625
1612.0 1.772067940560063
1612.5 1.9285606123400312
1613.0 2.1649529558795035
1613.5 3.265035707182942
1614.0 1.6421846175175834
1614.5 1.4447237827110628
1615.0 2.068143971313445
1615.5 1.938059016215071
1616.0 2.320713701693208
1616.5 1.7343015386306926
1617.0 2.038418200467467
1617.5 4.163789570099672
1618.0 1.555605048415442
1618.5 2.6640294554293726
1619.0 2.3843732830842903
1619.5 2.0246656799552456
1620.0 1.6602341541841907
1620.5 0.2
1621.0 2.0557086842544448
1621.5 0.6242279752331246
1622.0 2.710723722606816
1622.5 2.0917895978592345
1623.0 1.326067991698864
1623.5 1.0308027844342036
1624.0 1.6397406209595538
1624.5 0.6349754618330508
1625.0 2.062395527861997
1625.5 2.1885960994820683
1626.0 1.6257768899601137
1626.5 1.2308426887853974
1627.0 2.370098305838164
1627.5 0.7611893096489173
1628.0 2.7747670976106695
1628.5 1.5473754762302654
1629.0 1.0822252056006325
1629.5 3.278877187587285
1630.0 1.940058728455385
1630.5 1.5393464976652826
1631.0 0.2
1631.5 4.153865506302443
1632.0 3.2630245342876476
1632.5 3.580270493890067
1633.0 2.4655348477616874
1633.5 1.3831890909018638
1634.0 0.5279364162120137
1634.5 1.9226546087550613
1635.0 3.1278835037187314
1635.5 2.46448943754905
1636.0 2.1535361180188497
1636.5 2.146529856984907
1637.0 1.5299648739165232
1637.5 1.438760302426315
1638.0 1.3780209974348214
1638.5 0.8845226701528612
1639.0 1.9429768705164359
1639.5 0.8144688564555848
1640.0 0.6350084684619248
1640.5 0.6623325831239448
1641.0 0.5422198971212016
1641.5 0.7126591115058116
1642.0 0.6674636200581325
1642.5 0.8655998760609771
1643.0 0.6416409302841066
1643.5 0.7312597497117936
1644.0 1.1805448322643364
1644.5 1.1269840706340015
1645.0 0.9487420401274465
1645.5 1.2240484489056613
1646.0 1.124592238553558
1646.5 0.9935335055322202
1647.0 1.5314292323270269
1647.5 1.6057727056609155
1648.0 0.6834876374183048
1648.5 1.069032778098915
1649.0 2.166283014101056
1649.5 0.7071036426083988
1650.0 2.3012612463139
1650.5 2.1023193139598426
1651.0 1.1994623191176084
1651.5 1.2181553800216487
1652.0 2.2371479797012617
1652.5 1.5363711683884498
1653.0 1.8181895972627378
1653.5 2.384664973331856
1654.0 1.7878014147394603
1654.5 1.3474229886839213
1655.0 2.083604784491359
1655.5 1.3756161964463705
1656.0 2.311107716070809
1656.5 2.268196541776293
1657.0 3.0729150670327505
1657.5 2.9460120604997133
1658.0 1.5381911697777948
1658.5 0.9164121947063348
1659.0 1.3293708570763818
1659.5 0.9304078993966604
1660.0 1.3167616715596837
1660.5 1.794747982598682
1661.0 1.6435751074905984
1661.5 1.1789072610119156
1662.0 1.453293513673795
1662.5 1.3506021448102032
1663.0 0.8348859857716524
1663.5 2.0254778395950055
1664.0 0.7935324994559722
1664.5 1.3170616128576857
1665.0 2.4957770247620514
1665.5 3.600491917360454
1666.0 1.438820846286026
1666.5 2.5366625731290977
1667.0 4.284874952623148
1667.5 1.145396808782916
1668.0 1.9886523185097453
1668.5 1.0398601307241677
1669.0 1.6373372410949896
1669.5 1.5282345288190353
1670.0 0.6877120109021139
1670.5 1.0084700121756092
1671.0 1.1294675951465996
1671.5 1.3914469272787855
1672.0 1.6250802333255638
1672.5 1.4120650425728019
1673.0 1.253147656585108
1673.5 1.017205959520489
1674.0 0.8362165887869916
1674.5 1.5137595847738725
1675.0 0.741861032806063
1675.5 1.6328704596236006
1676.0 1.6060428490118719
1676.5 1.362458297277035
1677.0 1.0207816957250226
1677.5 0.8173287645544063
1678.0 1.4226533651844553
1678.5 1.355438625159402
1679.0 0.7254099574472521
1679.5 1.2685471219499438
1680.0 1.6215722799003038
1680.5 0.9775642428932871
1681.0 1.6044964561222985
1681.5 1.0344630374073014
1682.0 0.5870027096347205
1682.5 1.2289204330418941
1683.0 1.3346768230955361
1683.5 1.130401946288271
1684.0 0.9585031580075865
1684.5 1.2149579679806504
1685.0 0.7604606378356569
1685.5 0.527440095978536
1686.0 1.3968463092033883
1686.5 0.7072113282641673
1687.0 1.8772748475006515
1687.5 1.3449528727913194
1688.0 1.8536211179622617
1688.5 1.4965369810426563
1689.0 1.3972106189926468
1689.5 0.9295620592002418
1690.0 1.641054147133569
1690.5 1.4451695530661102
1691.0 1.5442052274480722
1691.5 1.363891501776952
1692.0 1.6815103319565852
1692.5 1.4466866117979384
1693.0 1.9590889946864323
1693.5 0.655116933259791
1694.0 2.389882267606425
1694.5 1.4486537547331118
1695.0 1.744301439815839
1695.5 1.1347494872412707
1696.0 1.1908598127460421
1696.5 3.034510082037406
1697.0 2.626819620891375
1697.5 3.576609783454133
1698.0 2.629689337474801
1698.5 1.7518739405197992
1699.0 2.092870666825624
1699.5 1.3272772761304972
1700.0 0.7217635379810035
1700.5 2.085295803392515
1701.0 2.02194978627847
1701.5 2.7581062541262495
1702.0 1.1120109094872919
1702.5 1.8440717816667738
1703.0 1.1816530869443416
1703.5 1.2389888864374423
1704.0 1.3800451274445105
1704.5 1.0274867436129276
1705.0 1.3800823714094264
1705.5 1.8035789356588616
1706.0 1.243831138410581
1706.5 0.6589439271065476
1707.0 1.0751401157467018
1707.5 1.2226574961698424
1708.0 0.46008399562572694
1708.5 0.8053170394846074
1709.0 0.9851618263738076
1709.5 0.8032416532323429
1710.0 0.6790258689046605
1710.5 1.1701452223009943
1711.0 0.8745831285459638
1711.5 0.7315770188906363
1712.0 1.105999530594696
1712.5 0.7816337215469087
1713.0 2.7633996707941444
1713.5 3.7285198275878466
1714.0 3.0977237313356474
1714.5 2.3067022037513376
1715.0 1.601496798613511
1715.5 1.1660751728550411
1716.0 1.584794874008336
1716.5 1.239757714180218
1717.0 1.5607309552518782
1717.5 0.8475032656288103
1718.0 1.0436130042427072
1718.5 1.8803465968238366
1719.0 2.422414230511272
1719.5 1.85347072462668
1720.0 2.2799745491425956
1720.5 2.057002668305811
1721.0 1.5030323227167566
1721.5 1.9098526541089886
1722.0 1.5864838398001524
1722.5 0.8921901763445004
1723.0 2.704635384675517
1723.5 3.875066546500091
1724.0 2.779368749514787
1724.5 2.2755266814218613
1725.0 2.5099584864695412
1725.5 2.0302046866227337
1726.0 1.6087755625129199
1726.5 3.360794265334925
1727.0 2.220377312000239
1727.5 2.78315912183992
1728.0 0.2717133232545954
1728.5 2.536722307048352
1729.0 2.1352093773591103
1729.5 2.3856535790102154
1730.0 1.3621497721573124
1730.5 2.1304282970237054
1731.0 3.515910908354691
1731.5 1.4880593192142766
1732.0 0.8311728546805075
1732.5 0.9437352457748327
1733.0 1.1976630980847927
1733.5 0.7674284253553187
1734.0 1.08084074956266
1734.5 0.8184104392558519
1735.0 0.9935194637046152
1735.5 0.6949612169383917
1736.0 0.7999911138971919
1736.5 0.8890559410729411
1737.0 1.186054480082598
1737.5 1.0293726144737412
1738.0 0.9917944178681086
1738.5 0.6261469498355331
1739.0 0.9793804962680072
1739.5 0.98578165801551
1740.0 0.9660675229466894
1740.5 0.7479431685033284
1741.0 0.9911055906228399
1741.5 0.6719850039000461
1742.0 0.6956337236668558
1742.5 1.1769180087559423
1743.0 0.694032779856908
1743.5 1.2031257883521322
1744.0 1.1330182424460138
1744.5 1.4517323452210544
1745.0 0.7197579798715085
1745.5 1.5214584868856256
1746.0 3.4003193592933005
1746.5 1.7227204966192455
1747.0 2.4219239489820676
1747.5 0.8447608967269571
1748.0 1.7071359186607165
1748.5 1.1322368583161506
1749.0 2.098231030828167
1749.5 0.9195544223377073
1750.0 1.5661556958330938
1750.5 1.5470955319582536
1751.0 1.717377998854666
1751.5 1.5314867879457976
1752.0 1.820667978590894
1752.5 2.0913287039736694
1753.0 0.8995921400679847
1753.5 1.4101952935443705
1754.0 0.5816022322083061
1754.5 1.1143687042220378
1755.0 1.1228217956626676
1755.5 0.6295170105706898
1756.0 2.103124936653862
1756.5 2.717886556637421
1757.0 0.9503471599661568
1757.5 2.7114796224728988
1758.0 2.0601805248040854
1758.5 1.3131833138811304
1759.0 0.748215414103734
1759.5 1.0694063374289025
1760.0 0.7311201263176893
1760.5 0.7655042640374597
1761.0 1.010314557446398
1761.5 0.919183988138196
1762.0 1.2979403861499779
1762.5 0.9590472311268795
1763.0 1.1459450098777682
1763.5 2.3207020423124383
1764.0 2.2457331161469876
1764.5 2.905080990266997
1765.0 0.713069264243761
1765.5 1.8914453239278646
1766.0 1.6233324987656417
1766.5 1.891806675380479
1767.0 1.2837610911953299
1767.5 1.927936073819057
1768.0 1.773355867856567
1768.5 1.04543660680968
1769.0 0.885005574654831
1769.5 0.8817391924680787
1770.0 1.4393388250294081
1770.5 1.0946369417498791
1771.0 1.8397616833966697
1771.5 1.7698197782910847
1772.0 0.6227142332437542
1772.5 2.0214784871054694
1773.0 1.796761711167767
1773.5 1.5477337328463072
1774.0 1.2358270144908883
1774.5 0.7110986601708107
1775.0 0.9513589551837519
1775.5 1.9961058518194972
1776.0 0.678039560348476
1776.5 1.7024311093765288
1777.0 1.0424346835577738
1777.5 1.2457105226511784
1778.0 1.9147061972727089
1778.5 1.446634367202578
1779.0 1.3019392173170306
1779.5 1.6272294683022541
1780.0 1.6919487736329444
1780.5 1.147349640540419
1781.0 1.3467037288226735
1781.5 1.58718177138458
1782.0 0.8805863739077334
1782.5 1.7992514402545445
1783.0 0.39388555302570394
1783.5 0.5468068755086573
1784.0 2.011052928696086
1784.5 1.9134771020789079
1785.0 1.382824595516592
1785.5 0.9910916012639603
1786.0 1.8545132523758507
1786.5 1.4681940019989839
1787.0 2.267146054212292
1787.5 2.769449622325534
1788.0 1.277561182974984
1788.5 1.830490278756861
1789.0 1.4975862080461964
1789.5 0.538769659441004
1790.0 0.6779671930734057
1790.5 0.7283122470168601
1791.0 0.7425571167298697
1791.5 0.6457785168399315
1792.0 0.7522731671485892
1792.5 0.6940479884910586
1793.0 0.7116730018921733
1793.5 0.6196042492350131
1794.0 0.755199074279999
1794.5 1.6426504832617008
1795.0 1.8765333759157687
1795.5 1.7022538325294887
1796.0 1.7709081740427586
1796.5 0.6101786341856763
1797.0 1.211476002585421
1797.5 1.3660684787010533
1798.0 0.8037513508471276
1798.5 1.2837028641212314
1799.0 2.2252152843533795
1799.5 1.2533976044149275