2100.0 1.6462103749087111
2100.5 1.5081049495599128
2101.0 1.3092911055337524
2101.5 0.9645032731880634
2102.0 1.6331018223353992
2102.5 1.9436710954693537
2103.0 0.9379472234066992
2103.5 1.8275476035464744
2104.0 1.6261862744599034
2104.5 3.3243485087479105
2105.0 3.4652748015343486
2105.5 3.1303246171348205
2106.0 1.5972730616138273
2106.5 2.3012594243142033
2107.0 2.7240833078725695
2107.5 1.234177024565171
2108.0 2.193229989017779
2108.5 3.039544211953446
2109.0 1.6545999650835934
2109.5 1.4123789288766249
2110.0 3.959526499069595
2110.5 2.2618841458423566
2111.0 2.858425025339055
2111.5 0.6387498374578807
2112.0 1.1055607364366924
2112.5 0.6944414105219547
2113.0 1.1487636399054575
2113.5 1.0314634084265188
2114.0 1.07182800018672
2114.5 1.3205031172461266
2115.0 1.4270775053748554
2115.5 1.0631893936157863
2116.0 0.7734320608811915
2116.5 1.1786331346301413
2117.0 1.2817367586748811
2117.5 1.1456877709526532
2118.0 1.2256178410410212
2118.5 1.0797491385242342
2119.0 2.576893852441957
2119.5 1.8841594875507606
2120.0 3.3122647404159564
2120.5 3.1856942252058533
2121.0 2.7465044230816615
2121.5 3.022486634116193
2122.0 3.2504300195587863
2122.5 0.7492976256162136
2123.0 1.7236671932509386
2123.5 1.7951802475041934
2124.0 2.7397280674404767
2124.5 1.0614103148813996
2125.0 1.2467861286899435
2125.5 2.181535129432367
2126.0 1.2579143151817598
2126.5 1.4402430311964258
2127.0 1.273966715887329
2127.5 0.9378866958031387
2128.0 1.6361199258620658
2128.5 0.3475363591520353
2129.0 0.7812290868225107
2129.5 2.173950745082336
2130.0 2.0118912163161786
2130.5 1.8661840770341684
2131.0 2.282537561451056
2131.5 2.0648266644388666
2132.0 2.041395122555679
2132.5 1.4059676553871165
2133.0 2.325682255160302
2133.5 1.5509375749953442
2134.0 1.6314089821417153
2134.5 2.694519890613999
2135.0 2.6743462150884527
2135.5 2.8456813341203793
2136.0 1.3940646918486357
2136.5 2.8353758738878723
2137.0 2.328983255338654
2137.5 2.1714559215818237
2138.0 4.221786873746074
2138.5 3.605956322060769
2139.0 1.9731785607445322
2139.5 1.6775227600713611
2140.0 2.16725151386105
2140.5 3.808084823719514
2141.0 1.3727161300365343
2141.5 0.9279329671567633
2142.0 1.189493266512259
2142.5 1.0173529761745748
2143.0 2.1563726207352865
2143.5 2.3220487109205106
2144.0 0.7520718231061059
2144.5 2.511352801775149
2145.0 1.362328655799835
2145.5 2.8203427447359264
2146.0 1.807635788373116
2146.5 1.8929760592413212
2147.0 1.2547052037695008
2147.5 1.384128029821028
2148.0 1.1822496172814234
2148.5 1.3374801734357293
2149.0 1.8613347193667273
2149.5 0.9820201442325974
2150.0 0.9712317172580446
2150.5 1.3796709902304707
2151.0 3.9709117221782453
2151.5 2.611601296758463
2152.0 2.8619186850331677
2152.5 3.286527929193035
2153.0 2.2433368763304204
2153.5 3.085628558902524
2154.0 1.0237392017739095
2154.5 1.1299722764402875
2155.0 1.2818269199137111
2155.5 1.5115021934189106
2156.0 1.1901784548290033
2156.5 1.205155834154669
2157.0 1.1165965532463535
2157.5 0.9689378815974943
2158.0 1.1270488150942142
2158.5 1.8673822148015118
2159.0 1.007729738092829
2159.5 1.7985538370957443
2160.0 1.8175755253540904
2160.5 1.1445779716084334
2161.0 1.0082983795640323
2161.5 1.107252680776833
2162.0 1.2247020009940526
2162.5 0.67825914192711
2163.0 0.9499550966915427
2163.5 1.6774512592700512
2164.0 1.9162494628776046
2164.5 1.525475458715864
2165.0 1.2588435203969026
2165.5 1.014266518540393
2166.0 1.6250185740117529
2166.5 1.5301014175722587
2167.0 0.9127675406504787
2167.5 0.7944519309517435
2168.0 1.4292360948577656
2168.5 1.4337667609338718
2169.0 1.8478055937156683
2169.5 0.930064767945572
2170.0 0.7037498323629444
2170.5 0.7102742106308868
2171.0 2.6039647175989407
2171.5 1.4283008280255767
2172.0 2.4652371304336085
2172.5 2.281140301691769
2173.0 1.1399081291447064
2173.5 1.5397751081940032
2174.0 1.114261772535428
2174.5 1.5257841325489143
2175.0 2.5630842890541863
2175.5 2.4448557140565734
2176.0 1.500962140674968
2176.5 2.705770886979818
2177.0 0.9762903005889558
2177.5 1.4408841731321997
2178.0 0.6121901876340281
2178.5 2.7707480407473106
2179.0 1.0212778341618387
2179.5 2.352872455832021
2180.0 2.477385110326323
2180.5 0.7995189799905102
2181.0 0.8288593785409888
2181.5 0.7984204176428098
2182.0 0.9372109016858927
2182.5 1.3201179677611001
2183.0 2.6300125836232278
2183.5 0.88114508195629
2184.0 1.2892367215567888
2184.5 1.6580451425058482
2185.0 1.6350573274334048
2185.5 1.2952147829704688
2186.0 2.234873540347484
2186.5 1.5945404492424111
2187.0 0.5666905823630741
2187.5 1.2434113015070647
2188.0 1.4435438516926153
2188.5 2.4655611455278468
2189.0 2.0109382417942863
2189.5 2.2519340156061887
2190.0 1.7165385061105116
2190.5 0.9235306498496965
2191.0 1.4307121657933384
2191.5 2.4147403926939806
2192.0 0.9257150140554599
2192.5 2.079016524956417
2193.0 1.5004444316368948
2193.5 1.2703799343826014
2194.0 2.611177554030424
2194.5 0.8978450296510154
2195.0 0.6268646607904762
2195.5 2.3703235217083325
2196.0 2.1913487871496415
2196.5 2.248207671934578
2197.0 1.7070593069745232
2197.5 1.8948348443642813
2198.0 1.6319467012818833
2198.5 0.5168399878514172
2199.0 2.2312024575328246
2199.5 1.5746976185375687
2200.0 0.5050018763250501
2200.5 1.8633700140559855
2201.0 2.146621479900963
2201.5 2.0426642439130642
2202.0 1.5500324300364365
2202.5 1.2997396946062387
2203.0 2.2152192958371133
2203.5 3.541547638315781
2204.0 0.6523354853220789
2204.5 2.457822107473715
2205.0 1.0673991685956232
2205.5 1.2020113034320348
2206.0 1.880272335710596
2206.5 1.0002791684237322
2207.0 1.2704590817791135
2207.5 1.0755964072362476
2208.0 1.122018326907577
2208.5 1.1495119881836593
2209.0 1.0956443389338624
2209.5 0.7055493966212746
2210.0 0.8188901680702977
2210.5 0.7471572976453948
2211.0 0.9960304722513931
2211.5 0.8805157066187401
2212.0 1.4368456861068961
2212.5 0.8461362713308003
2213.0 1.0957644325552272
2213.5 1.3004957320004316
2214.0 1.054097024703812
2214.5 1.478174126285037
2215.0 0.8850106944138916
2215.5 1.1889050231020668
2216.0 1.5482976238489132
2216.5 1.1937188035147983
2217.0 0.9266387658975035
2217.5 1.2284249142700827
2218.0 1.221078736486506
2218.5 0.8446115176657033
2219.0 1.2790778438157273
2219.5 1.1740093903991715
2220.0 1.1861289502835615
2220.5 1.2888930556255755
2221.0 0.9275734351803024
2221.5 1.4794234840085683
2222.0 2.5046171760894835
2222.5 1.9600310061140116
2223.0 1.4586599204244175
2223.5 2.274436387844365
2224.0 1.894007962401103
2224.5 1.9543872382213234
2225.0 1.852123787910116
2225.5 2.1585508720508395
2226.0 1.7969873990287548
2226.5 1.2038759908056835
2227.0 0.5314562140239125
2227.5 1.3474633278177404
2228.0 0.7141454339742737
2228.5 1.6292345379554543
2229.0 0.8602224361927694
2229.5 1.0033053810944468
2230.0 1.7239833814327763
2230.5 1.4256761548375798
2231.0 1.0879609193705617
2231.5 1.0991493013284186
2232.0 1.510280181522651
2232.5 1.5324064137576143
2233.0 1.9656793019723688
2233.5 0.9273336233135464
2234.0 1.819091037844064
2234.5 0.47531768266785335
2235.0 0.9239616984494204
2235.5 1.2126153942374633
2236.0 1.402964896864789
2236.5 1.4396758545159638
2237.0 0.39568796307322407
2237.5 1.1243534373015422
2238.0 1.4577307092984326
2238.5 1.22460738330828
2239.0 0.739002681380392
2239.5 0.8909331592472106
2240.0 1.7597587547977867
2240.5 0.619847273912996
2241.0 1.5549875685509809
2241.5 2.0412912831095786
2242.0 1.0866610342954877
2242.5 0.8913209340771258
2243.0 1.4100498436985842
2243.5 1.305838704017733
2244.0 2.2162046526936647
2244.5 1.891362811470908
2245.0 0.6538456799220116
2245.5 1.032426435057713
2246.0 1.059419081912731
2246.5 1.3858512395415605
2247.0 2.037232712881472
2247.5 2.6099047314265107
2248.0 1.6404700480838803
2248.5 1.2872390171553125
2249.0 0.6080058829285864
2249.5 1.80729900008323
2250.0 0.9562150441917844
2250.5 1.031521920405178
2251.0 0.9290845321527627
2251.5 0.8445169212605772
2252.0 0.79056081877528
2252.5 0.9478095691520857
2253.0 2.052764187918104
2253.5 0.969411134223259
2254.0 2.590877732886911
2254.5 1.9306574454084622
2255.0 1.1024436612780244
2255.5 2.3483843596724885
2256.0 1.049267059385061
2256.5 0.6910283439395266
2257.0 0.6630667561459105
2257.5 0.7723393012296234
2258.0 0.7119657788919918
2258.5 0.5801886371288097
2259.0 0.7117764254877181
2259.5 0.645182090966874
2260.0 0.635943076724961
2260.5 0.2
2261.0 2.654086297778905
2261.5 1.7283433923853715
2262.0 1.3416754308943508
2262.5 1.779053798202849
2263.0 1.9098491635212422
2263.5 2.4376311704370615
2264.0 1.4351858879246129
2264.5 1.9110846921076443
2265.0 0.7318480881885747
2265.5 1.9179138405964375
2266.0 1.3569861909964467
2266.5 1.4123536250913826
2267.0 0.2
2267.5 1.6822603317401825
2268.0 1.8577407130976473
2268.5 2.6624528863390564
2269.0 0.9315105057135291
2269.5 1.7348346145178692
2270.0 2.151449596112757
2270.5 1.1014232996376516
2271.0 0.9651495826193881
2271.5 1.1603636547979068
2272.0 1.029683449021555
2272.5 0.6512629290947637
2273.0 0.6919577826052693
2273.5 0.7270199904411576
2274.0 0.607673622950045
2274.5 0.6446342493114661
2275.0 0.6459788517215245
2275.5 0.557638664722937
2276.0 0.6289972668438486
2276.5 0.9756434258850971
2277.0 2.0365779268488393
2277.5 2.5336854227620034
2278.0 2.9024008009624587
2278.5 2.3450512159617967
2279.0 1.7919529801414122
2279.5 2.7055931503728035
2280.0 3.751236610526561
2280.5 2.662727005477481
2281.0 2.727182776096897
2281.5 3.8735592831787566
2282.0 0.9752495022880063
2282.5 2.2089229075358205
2283.0 2.5585198593944045
2283.5 1.6438567818975702
2284.0 3.097045367054635
2284.5 3.4375004339363215
2285.0 2.6208256455774537
2285.5 3.3096235762129957
2286.0 2.2644295667092984
2286.5 3.395623925966376
2287.0 3.395963087855762
2287.5 3.2417561844635108
2288.0 1.138988535150189
2288.5 3.2321110985940624
2289.0 3.34479206848958
2289.5 3.354439944728705
2290.0 2.022966782057981
2290.5 0.5397556351892061
2291.0 2.5853012385136394
2291.5 3.061879425955617
2292.0 2.4903841804524802
2292.5 5.025715676786919
2293.0 3.1009406873879017
2293.5 1.6383513259768874
2294.0 2.4777671941878183
2294.5 3.381213324593788
2295.0 1.884311910528408
2295.5 2.358139847132545
2296.0 2.759822147831346
2296.5 1.5299149553443376
2297.0 2.86280350790833
2297.5 1.8186898249370493
2298.0 2.053232759797851
2298.5 3.235732728036327
2299.0 3.4844580993964254
2299.5 1.678300572037358
2300.0 1.7013338520424464
2300.5 2.906746940197256
2301.0 2.3022943262968343
2301.5 2.226543337290122
2302.0 1.6016539944605936
2302.5 2.007900882692094
2303.0 1.6159564719198525
2303.5 1.2531779367250944
2304.0 1.9003924972748636
2304.5 1.2506862533072667
2305.0 1.7025401424705595
2305.5 2.0974545229937345
2306.0 0.9051861735645932
2306.5 1.4348169327098892
2307.0 1.7208723940100255
2307.5 1.6347228180975102
2308.0 3.399868313518005
2308.5 0.42081209888801774
2309.0 1.8685459022321478
2309.5 2.142301388495626
2310.0 1.465089233724171
2310.5 2.542563917525941
2311.0 1.0248612183522976
2311.5 2.1168169290213434
2312.0 5.218474951655091
2312.5 1.313400030623732
2313.0 3.6194925216722442
2313.5 0.9835368062806902
2314.0 4.115743982177016
2314.5 2.461359598125926
2315.0 2.9300255835668025
2315.5 0.607286582751916
2316.0 1.1662519739177686
2316.5 1.9139040662590046
2317.0 2.772392546370355
2317.5 4.409393766766007
2318.0 3.930497474689086
2318.5 1.7963619496889383
2319.0 3.1247554210291035
2319.5 3.457063803745462
2320.0 0.9723811277350951
2320.5 4.654294223045006
2321.0 1.961386051897759
2321.5 1.0679640365053706
2322.0 1.1570586142578467
2322.5 1.125596647667709
2323.0 2.4630047380000173
2323.5 1.6483398557291613
2324.0 2.111118221603896
2324.5 3.223305706036119
2325.0 1.3884769049906889
2325.5 2.5449891573073637
2326.0 3.0310986864552847
2326.5 1.6957254082792135
2327.0 2.798535646574387
2327.5 3.6165070616978734
2328.0 1.703712667661084
2328.5 2.01194510196616
2329.0 3.4326495036006386
2329.5 2.5071360055464913
2330.0 1.555812782430856
2330.5 3.1870961320655016
2331.0 2.5998183732349807
2331.5 0.2
2332.0 2.1936886178468153
2332.5 1.4744210113889662
2333.0 1.4535605457910539
2333.5 3.2494277861041247
2334.0 2.787264644132777
2334.5 1.1898645446226004
2335.0 2.779901992259737
2335.5 2.396224217088361
2336.0 1.8316173169234533
2336.5 2.033683073660143
2337.0 1.7764400231913013
2337.5 1.618741825002866
2338.0 1.2443208260236005
2338.5 2.322188901889279
2339.0 1.3808002864597753
2339.5 0.8864460341317237
2340.0 1.854651962588962
2340.5 2.142776767835334
2341.0 2.7347405617655305
2341.5 1.861459597640217
2342.0 2.38861911452938
2342.5 2.701331572960163
2343.0 1.2352291656694212
2343.5 1.4750142294847768
2344.0 3.2409565176074837
2344.5 1.5741667746617123
2345.0 3.8158120831877453
2345.5 3.362303884627183
2346.0 2.5233948039672445
2346.5 2.2735790440934123
2347.0 1.2981376335840438
2347.5 3.4615710789402847
2348.0 1.6757382581241624
2348.5 2.3447874640783812
2349.0 0.7378294044868488
2349.5 1.0102942193297135
2350.0 1.0487231123589884
2350.5 1.0259521151788362
2351.0 0.7595991090863468
2351.5 0.5204644921052135
2352.0 1.5645892036686946
2352.5 0.9719358661509718
2353.0 1.5314880989916584
2353.5 2.6432153496221393
2354.0 2.685364947887503
2354.5 1.1674117267057318
2355.0 1.8470698765233162
2355.5 1.5557275921862783
2356.0 1.0249394158737128
2356.5 0.3047833102235944
2357.0 3.3449881313012435
2357.5 2.0108192641417992
2358.0 0.6084709257466958
2358.5 2.5316470005481695
2359.0 3.5973414441242353
2359.5 2.569040882356668
2360.0 2.8163724777445553
2360.5 2.901426460717441
2361.0 1.4976240658574507
2361.5 1.2764534349967427
2362.0 1.4726642799283551
2362.5 1.5432867607892793
2363.0 1.6598892625077342
2363.5 1.25278140672934
2364.0 1.0760089617348851
2364.5 2.116666340898359
2365.0 1.1550573299835918
2365.5 0.6851109154732395
2366.0 1.3642960991293238
2366.5 1.0606263598582286
2367.0 1.7333587070756769
2367.5 1.5028635096041345
2368.0 0.5770214794208931
2368.5 1.2872876796965758
2369.0 1.7908987104131853
2369.5 1.8340033112859633
2370.0 1.6143389644286277
2370.5 1.927610214515798
2371.0 2.0144019795115087
2371.5 1.2359721247738649
2372.0 1.979175254954501
2372.5 1.6996210826306277
2373.0 1.2025813301353956
2373.5 1.4147451447505324
2374.0 1.507119661742394
2374.5 1.3869340291830197
2375.0 1.3006287214923107
2375.5 1.3309850856078604
2376.0 1.0524701706596202
2376.5 1.9260499068552608
2377.0 1.1935408528048543
2377.5 2.0786723232489024
2378.0 0.998247268032566
2378.5 1.3620465273867595
2379.0 1.2638057009612886
2379.5 0.29470072481491716
2380.0 0.8473288259345455
2380.5 1.3634313111005518
2381.0 1.6423030474150677
2381.5 1.6820320379928226
2382.0 3.0798909480996026
2382.5 0.9192160605345885
2383.0 3.17745992988115
2383.5 2.2255149000960306
2384.0 2.9945610496341217
2384.5 2.2167325283900725
2385.0 1.8050007295899446
2385.5 1.8818702145268675
2386.0 2.8894622847913185
2386.5 2.1472641138107256
2387.0 2.948508724246519
2387.5 1.8570019850747568
2388.0 1.8282513910278468
2388.5 2.6547414981312203
2389.0 1.7050511044987138
2389.5 1.7415281101842945
2390.0 1.8603072875240294
2390.5 1.7694497793712016
2391.0 0.7429830166497282
2391.5 1.245388064322413
2392.0 1.2554424155553514
2392.5 1.763724140304118
2393.0 2.8947710779955678
2393.5 0.6546781636278567
2394.0 1.0616970484325434
2394.5 0.9620757233220014
2395.0 1.35376961672624
2395.5 1.064015750665927
2396.0 1.1970972153800328
2396.5 0.6567312649965558
2397.0 0.6570623326636928
2397.5 0.6302493197147896
2398.0 0.8340660183873192
2398.5 0.7652863928840037
2399.0 0.7423576381494739
2399.5 0.6823330298150323