300.0 0.7142095772526982
300.5 1.8880625028948703
301.0 1.7011201781215006
301.5 2.6666682802040667
302.0 1.7275424108178354
302.5 2.0804204964317163
303.0 2.6204832368548567
303.5 1.758230612854945
304.0 0.8993020307150487
304.5 1.4464457835641138
305.0 1.7871712006494065
305.5 1.6328311937456363
306.0 1.2821080647016851
306.5 1.5883550057334164
307.0 1.7041134348439035
307.5 1.4850930504616975
308.0 2.301563680590893
308.5 1.33446780494299
309.0 1.8306094594852864
309.5 0.2
310.0 1.4192319669962101
310.5 1.2296287993520618
311.0 1.1096277053114334
311.5 0.9145059228065563
312.0 1.3698619065907969
312.5 1.4718026037329661
313.0 1.9367600093803894
313.5 1.32204986198433
314.0 0.7450327273667525
314.5 1.6307290114139619
315.0 2.111484451838374
315.5 1.9661125626256484
316.0 1.872187203885603
316.5 0.7857534717417429
317.0 1.619488020051497
317.5 1.348880467315935
318.0 1.134505777917396
318.5 0.32425447893596826
319.0 0.406108623800411
319.5 1.1260059248339358
320.0 3.183329582706632
320.5 2.0095982548161535
321.0 2.4931895121668948
321.5 0.827896750688742
322.0 0.5233765853033723
322.5 2.399905044762995
323.0 2.6362394692070374
323.5 2.7074099143703063
324.0 3.5691509591552517
324.5 2.3069991801731558
325.0 3.2242415046861446
325.5 3.350669021031819
326.0 1.5435513896986945
326.5 3.847948437125195
327.0 1.3120312752844423
327.5 1.5449942699485346
328.0 2.7181404159760714
328.5 1.611669496879394
329.0 1.463369533725174
329.5 0.9838964532667163
330.0 1.8131660575718473
330.5 1.700139467118016
331.0 2.339738684565429
331.5 1.5965629660582086
332.0 0.42942793508180377
332.5 1.218449905453923
333.0 1.1676685033482932
333.5 3.9631261275724317
334.0 2.9706529039136256
334.5 2.236196204102604
335.0 3.229380561511099
335.5 1.815392071245224
336.0 1.9562070021220814
336.5 3.696911482965602
337.0 3.980054534178746
337.5 3.696390711923578
338.0 3.2683100582360556
338.5 0.8764997983182344
339.0 0.8997720837619886
339.5 0.5494341069492308
340.0 1.1791238354833422
340.5 0.4239091426195622
341.0 0.8453998533547467
341.5 1.0591595986981348
342.0 1.0136936504030447
342.5 0.7024870108724273
343.0 0.7719956354325441
343.5 0.5733625942983888
344.0 0.938040496091252
344.5 0.9547788574479846
345.0 1.0079876322424917
345.5 2.202876768130452
346.0 0.7327785648115803
346.5 0.9952920288983683
347.0 1.19775277262135
347.5 2.039858152788689
348.0 1.9064928829198196
348.5 1.898390152193393
349.0 1.4830511955161458
349.5 1.5215896901201398
350.0 3.0620037744734248
350.5 3.7473875315939367
351.0 3.777790616772693
351.5 1.9111199945071262
352.0 1.0909337702827515
352.5 1.9962011750375368
353.0 1.3567638334481598
353.5 1.9536295344354266
354.0 2.8515908401480745
354.5 2.0432249046258866
355.0 1.5159754645014776
355.5 2.834352109827032
356.0 1.6426874075488211
356.5 2.127756989155696
357.0 1.103186185580991
357.5 2.4548685161148502
358.0 1.8605905993670193
358.5 2.2684883759008105
359.0 2.928959512348123
359.5 2.2298091340218873
360.0 2.7485932550736343
360.5 3.4267629463181533
361.0 0.9738398170554436
361.5 1.7432850578517385
362.0 0.531480338912909
362.5 1.683771731645924
363.0 2.008715631069348
363.5 2.876677764111279
364.0 2.295451022873427
364.5 1.4383130563390587
365.0 3.408740093530414
365.5 0.7001903533370932
366.0 1.3609970123295516
366.5 1.337444528042361
367.0 1.2665423295401146
367.5 2.7353405483891646
368.0 3.3227003779146966
368.5 2.45302732522602
369.0 4.708839857873068
369.5 2.648451520426271
370.0 2.4106781992578146
370.5 2.0627562389515517
371.0 2.3742411013799676
371.5 1.0299190741565611
372.0 2.093928521875365
372.5 4.169047786866436
373.0 2.724135683180851
373.5 1.5518223624288794
374.0 1.8399606822736692
374.5 2.180352185612985
375.0 1.6984129134626578
375.5 0.7156211182930988
376.0 1.3096615447227915
376.5 0.6132990704642387
377.0 1.191368536817973
377.5 1.0786729296738558
378.0 1.0882909441559998
378.5 1.1388856668297205
379.0 1.3677687140671106
379.5 1.420849452721189
380.0 1.3283193770917123
380.5 1.0497224085925256
381.0 1.0227118183042587
381.5 1.1682379514359549
382.0 1.132459719406564
382.5 3.4252695516034897
383.0 2.231668780637995
383.5 2.25611813645461
384.0 0.9409857400629389
384.5 3.002948735237945
385.0 0.8673820090352482
385.5 0.5872419156788873
386.0 0.8052451471419373
386.5 0.9417028392263587
387.0 1.0505495067045603
387.5 0.8724364708171922
388.0 0.9935289984901804
388.5 0.9656480215485844
389.0 1.3643823825421697
389.5 0.7658420349039256
390.0 0.8976938292847662
390.5 1.1515433260827308
391.0 1.1170541492518673
391.5 1.088119171355959
392.0 2.040406162393382
392.5 1.7885586412788672
393.0 2.3236756861678423
393.5 2.5629966242040916
394.0 1.1588008945055475
394.5 0.5017801929966212
395.0 2.6625738943315556
395.5 2.906070280214741
396.0 1.3120629011046472
396.5 3.6431510480754543
397.0 1.6727216148875552
397.5 1.4695897338237227
398.0 3.843349647932821
398.5 3.5603687156326247
399.0 2.764352384162412
399.5 2.5694305026464583
400.0 3.518239616406575
400.5 3.4245416229904304
401.0 2.7573795365824494
401.5 1.9768976549543673
402.0 1.6441948264948014
402.5 0.6953179382243238
403.0 1.6967220988767804
403.5 1.4637502395412334
404.0 0.8932570472521437
404.5 1.1967911329767393
405.0 2.04671908616723
405.5 1.872179346161455
406.0 0.9514340747703001
406.5 1.9523566385727646
407.0 2.023903276645286
407.5 1.3403713544377744
408.0 0.9594925725906438
408.5 1.1056312629795506
409.0 1.0307403418717518
409.5 1.8775759150710618
410.0 0.89650346714674
410.5 1.348500371334925
411.0 1.5331325112329446
411.5 1.3142271337499627
412.0 1.665204586238246
412.5 1.6219220375678547
413.0 1.223679614207713
413.5 2.2359493835247353
414.0 1.338527480920909
414.5 2.0435244799814436
415.0 1.1850104495832596
415.5 1.95226673906752
416.0 1.696189243625155
416.5 1.21309262400318
417.0 2.0710363806180005
417.5 0.8641342468720977
418.0 1.32021249264615
418.5 1.4164263244691422
419.0 1.0986797632068348
419.5 0.8264989033991099
420.0 1.0526427098271653
420.5 0.7442591307107235
421.0 1.3761835134038332
421.5 0.8303629150494827
422.0 0.754363523520328
422.5 0.9460733910837856
423.0 0.700804131979497
423.5 1.2415206825092364
424.0 3.128033799682208
424.5 4.426313668812624
425.0 0.7708390658709712
425.5 1.1275594559908932
426.0 1.6889762751322697
426.5 1.0677767934220654
427.0 2.6125594225281015
427.5 2.849736744510317
428.0 1.6333157314945113
428.5 1.5971782967456263
429.0 2.7629537124385006
429.5 1.8065210723314216
430.0 1.336044727530743
430.5 3.0623575675725645
431.0 2.572914378296523
431.5 1.7705546778624357
432.0 2.0102811434033137
432.5 2.610719184413884
433.0 1.6671884845514473
433.5 1.2074194173732342
434.0 1.4480804943684975
434.5 1.5048181161258571
435.0 1.536867821580298
435.5 1.6193089161486844
436.0 1.8171626796333347
436.5 1.7182654800274162
437.0 1.847574833462529
437.5 1.9014650979732277
438.0 3.1524453245785753
438.5 1.6055032458832446
439.0 1.926063109302529
439.5 2.605961482064707
440.0 1.7148583140588485
440.5 2.8576886062182734
441.0 1.6758512536716836
441.5 1.8548760144131562
442.0 2.2288842712801156
442.5 2.457661027604842
443.0 1.512504424726228
443.5 2.9068609852077194
444.0 1.1737735761651937
444.5 2.694999502833925
445.0 2.0333414900769036
445.5 3.951708277701403
446.0 1.73168672703418
446.5 0.6617449552228882
447.0 2.502412445540977
447.5 1.8361949159564692
448.0 3.1647723727351273
448.5 0.6663819788374377
449.0 0.7009335401568312
449.5 2.1386879087167654
450.0 1.9457944764792432
450.5 2.0759325669851223
451.0 1.6352968092895623
451.5 2.4011648410976494
452.0 1.2997086808721394
452.5 1.675846254469032
453.0 1.1172126227618586
453.5 1.4623586806147442
454.0 1.166512563278121
454.5 0.7303385352330745
455.0 1.2543870160300397
455.5 1.2496329296846538
456.0 1.0307191815140515
456.5 1.0607832342323067
457.0 0.9874730330284262
457.5 1.8666465517515347
458.0 0.8387939727689482
458.5 1.0955835806028238
459.0 1.475739317282582
459.5 0.794915392793671
460.0 0.9245822869514183
460.5 1.1368053160113676
461.0 1.4648569794541515
461.5 1.0322958538447464
462.0 0.7818380300161994
462.5 1.4403711819451392
463.0 1.134998514862345
463.5 0.9118427917453188
464.0 1.3371576555505944
464.5 1.3109657891206143
465.0 0.790894432808148
465.5 1.0045726504677899
466.0 0.7119161115552008
466.5 1.2459868482679273
467.0 0.971401813528014
467.5 1.237764543921839
468.0 0.49653415679021284
468.5 0.727158732207601
469.0 0.8258027226818038
469.5 1.277606493229833
470.0 1.258319102647972
470.5 1.362150029123918
471.0 1.3362116511150712
471.5 1.2065842274842333
472.0 0.742968778320992
472.5 1.379290396377684
473.0 0.9041627860671487
473.5 1.2319133244822869
474.0 1.7216037076850432
474.5 0.38563378334556564
475.0 1.3779843225695183
475.5 1.4135496635928109
476.0 1.1901653862000017
476.5 1.5464866887953046
477.0 1.1214926852698142
477.5 1.0373710024204914
478.0 1.4983539867059277
478.5 0.9606943873089894
479.0 0.9010435749102024
479.5 1.0755550170495922
480.0 1.2582900389711038
480.5 1.6267844697274363
481.0 1.0353804962927622
481.5 2.6145580730037095
482.0 1.9044698245298757
482.5 1.9718566407007474
483.0 1.7314993588278103
483.5 2.6263321537121973
484.0 1.8545426315038358
484.5 1.3377330939530947
485.0 2.5551552321622784
485.5 2.519466342321952
486.0 2.991131006356974
486.5 3.0077335936305154
487.0 2.2768932910161777
487.5 1.6945967806609972
488.0 0.6797912340158421
488.5 1.0393669725759287
489.0 0.6916383466045081
489.5 1.0703052450971904
490.0 1.5440208911967535
490.5 1.950750968881135
491.0 0.8974146198453259
491.5 3.219189983960389
492.0 2.182932692405669
492.5 1.8482770088583067
493.0 1.755395579717478
493.5 2.154893311982369
494.0 1.5288423888265044
494.5 1.2053910326585933
495.0 1.0604559404211593
495.5 1.1257578945536473
496.0 1.3045226352806052
496.5 1.2905155613199961
497.0 1.3184787044048971
497.5 1.0636167516879427
498.0 0.7595632452415302
498.5 1.010167544622893
499.0 1.397501479123525
499.5 1.3210510536920328
500.0 1.4227828597111105
500.5 0.9730470117668183
501.0 1.550032368683746
501.5 0.751609146691815
502.0 2.6805248193643543
502.5 2.097822768540963
503.0 2.4864036480013194
503.5 2.8318247320687995
504.0 2.1823224715224843
504.5 2.5125757887471734
505.0 2.198302413016288
505.5 2.666304897974184
506.0 2.1253861026350362
506.5 2.95212301378863
507.0 2.9835390009674754
507.5 1.5740789985540888
508.0 1.165822489902496
508.5 2.231107190165508
509.0 1.0335787226675899
509.5 2.5958716487844233
510.0 1.481165672298541
510.5 3.0147011629820777
511.0 2.906463667861012
511.5 2.817845081182506
512.0 3.5780082659678287
512.5 1.4285833605257354
513.0 2.0012613072024106
513.5 2.3578652214194493
514.0 1.4891702168270642
514.5 2.911414708755233
515.0 3.170554414630937
515.5 2.4470074213380424
516.0 0.6072773794352622
516.5 1.4406495957835035
517.0 0.2
517.5 2.04755121317368
518.0 1.5190683495008703
518.5 3.2908514298275726
519.0 2.5930103176757155
519.5 1.92741292217837
520.0 2.458994455333164
520.5 3.547865158248852
521.0 4.500078283395331
521.5 0.814073274362179
522.0 3.763476459220088
522.5 3.3800966582610377
523.0 2.0116812116944303
523.5 1.882524275407785
524.0 2.5642556674398387
524.5 1.9889814539565749
525.0 1.4823882546721159
525.5 1.8414497534896772
526.0 1.8992836696164126
526.5 1.7518719952805353
527.0 1.8881840911165064
527.5 2.396747215190171
528.0 1.4009450711440938
528.5 1.696268065057462
529.0 1.0075619921729164
529.5 1.8025802281291763
530.0 1.0576897513694243
530.5 2.0400176432046964
531.0 2.1548253381256854
531.5 3.167928625509863
532.0 3.3784377768191467
532.5 1.4839024456125023
533.0 1.5211336461535803
533.5 0.5782660708518021
534.0 1.3063384265927165
534.5 0.6474168578657283
535.0 1.7830166846705755
535.5 1.5025505778160373
536.0 1.2144867671270665
536.5 3.0794764938625603
537.0 1.500082917843949
537.5 2.0153602468585072
538.0 3.2228376481111773
538.5 2.5910133049294535
539.0 1.9671921512878954
539.5 1.5923861436269007
540.0 3.195010612693002
540.5 3.274662231543127
541.0 1.555491042778295
541.5 1.9018002295020608
542.0 2.1165284731945273
542.5 2.3184518432649064
543.0 2.477629654903102
543.5 2.5460762768075806
544.0 1.5664774623372897
544.5 2.3460715083072765
545.0 2.6371570158411863
545.5 3.426440384103163
546.0 1.4511569028395017
546.5 2.4903032776243568
547.0 2.51649807932573
547.5 2.58664529341838
548.0 1.8848949084704287
548.5 2.6778788823676756
549.0 2.1755478737666785
549.5 1.5290504660813056
550.0 2.1110187563398304
550.5 3.1213224211608566
551.0 1.9738448563257989
551.5 1.5884135817021587
552.0 2.6184606526428453
552.5 0.9051478650509956
553.0 1.0130580168103873
553.5 1.0482007383654803
554.0 0.711732741179459
554.5 1.129692052612135
555.0 1.272223559062157
555.5 1.3183371879680799
556.0 1.3340931947331889
556.5 1.2537730959247593
557.0 1.41264528307603
557.5 1.2158270078117766
558.0 0.5176305498863998
558.5 1.1522140676351658
559.0 1.2614734348518546
559.5 1.5697701612207644
560.0 1.3819159806534564
560.5 1.3349994191800314
561.0 2.0207518369584263
561.5 1.8091647018718313
562.0 2.2242301009323304
562.5 1.2422648055066858
563.0 1.8555495194870268
563.5 1.1210297433787666
564.0 1.790728603991754
564.5 1.4043431507761177
565.0 2.4196281614353854
565.5 1.2688801925555793
566.0 1.679527213245707
566.5 1.2362018783934756
567.0 1.4482738968291466
567.5 1.6642971381907288
568.0 1.6473939522300622
568.5 0.8646080984688945
569.0 2.3971139014570344
569.5 2.4811461790402722
570.0 2.677239625788575
570.5 0.9625250317441526
571.0 0.9613395495177733
571.5 1.2015379202007688
572.0 0.6400639917690893
572.5 1.6150234093985025
573.0 1.6568407266244292
573.5 2.415982161652323
574.0 1.7991905315962589
574.5 1.5419809087383496
575.0 1.1352307779724427
575.5 1.3652665267992836
576.0 1.0625241774001077
576.5 1.8757220609417695
577.0 1.6175558441917823
577.5 1.6338993255377674
578.0 1.6501949241782707
578.5 1.4291112574371476
579.0 2.6835387708170626
579.5 1.2729051774141666
580.0 2.637790581016469
580.5 1.0519630116943484
581.0 0.3607303119017029
581.5 1.7504933524331199
582.0 1.6055505459894348
582.5 1.7423348178843263
583.0 1.3979337426695726
583.5 1.5048667559881117
584.0 2.073184673556603
584.5 1.243089215443558
585.0 1.52920248863207
585.5 1.7258189347394242
586.0 1.9862207908638487
586.5 2.1167622178003604
587.0 0.9310378163304663
587.5 1.17295674891613
588.0 1.0678784608365952
588.5 1.181382032829355
589.0 0.3089546963841452
589.5 1.8613687184775731
590.0 1.8440189469685342
590.5 1.6136213049202388
591.0 1.4165903739203005
591.5 2.2982971454020884
592.0 1.078166636406079
592.5 2.215787390479802
593.0 0.8176843229661134
593.5 1.3244836641990736
594.0 2.0972295932481226
594.5 1.6559549991911107
595.0 1.746770488140021
595.5 1.0884414171800298
596.0 1.228164833228873
596.5 1.6701998743304185
597.0 2.187131300450456
597.5 1.7153793123569825
598.0 2.381724888936021
598.5 1.0687364696100294
599.0 2.442071041079589
599.5 1.6856607566421244