1800.0 0.6020297090497899
1800.5 0.5445792068070521
1801.0 0.7466995409265289
1801.5 0.5769953242123169
1802.0 0.5422831741559142
1802.5 0.6461096715496046
1803.0 0.7139048277696005
1803.5 0.8168148257734338
1804.0 0.7099330191578888
1804.5 0.7464802579933651
1805.0 0.7286111814633802
1805.5 0.6695737930026395
1806.0 3.2277158523161082
1806.5 3.2048289357378765
1807.0 1.8163365229960928
1807.5 2.0856763932894253
1808.0 1.7791977129465586
1808.5 3.2454491883470493
1809.0 2.4024949032424643
1809.5 2.2430783345097405
1810.0 1.659015119828231
1810.5 1.021930486405317
1811.0 2.0386714144325753
1811.5 2.1270648123761307
1812.0 1.4530107484236656
1812.5 0.30405011008607974
1813.0 2.4573741541597487
1813.5 4.1213179058975555
1814.0 2.8469523926131264
1814.5 0.6726248494448424
1815.0 3.536538353448622
1815.5 2.8814326309788085
1816.0 2.1567444609024293
1816.5 2.5120803440314763
1817.0 0.8542600305643686
1817.5 2.8869291707662383
1818.0 2.6965659198571545
1818.5 1.6045642206171187
1819.0 1.6619478349024543
1819.5 1.7959308993795955
1820.0 2.337723274602685
1820.5 1.5844719330558885
1821.0 1.7464979690167666
1821.5 1.815896932477877
1822.0 1.7558286587864984
1822.5 1.5027002830229537
1823.0 1.9066616577349191
1823.5 0.7227182484982388
1824.0 1.6657491017054185
1824.5 3.197197735633326
1825.0 1.940180843501575
1825.5 2.3202178665651734
1826.0 2.285708550934535
1826.5 2.1563908123468676
1827.0 0.4335654976409302
1827.5 1.4255332714995554
1828.0 0.6706373329784436
1828.5 1.2685594167604985
1829.0 0.6471324122079729
1829.5 0.6618235394453145
1830.0 0.8462594200058215
1830.5 0.6062238624823624
1831.0 0.7003618801721243
1831.5 0.6385196802266442
1832.0 0.6437615399074937
1832.5 0.5813396769733943
1833.0 2.417340274030845
1833.5 2.2229725138603644
1834.0 2.8975200465348214
1834.5 1.0976074792843624
1835.0 2.4584443435620447
1835.5 2.314201398637361
1836.0 2.021895535285432
1836.5 2.062818251864726
1837.0 1.3449938834835276
1837.5 3.7396645030344633
1838.0 1.6946112170996375
1838.5 1.2675572942056674
1839.0 2.1375548509603846
1839.5 1.7651888479190199
1840.0 0.8885545268994046
1840.5 1.019896270069824
1841.0 1.2379418117416092
1841.5 0.9031006396406802
1842.0 0.7697653468556381
1842.5 1.450592452203163
1843.0 1.4297924450911235
1843.5 1.645963226069615
1844.0 1.0815128173216098
1844.5 1.5736135543410519
1845.0 1.3994243722188602
1845.5 0.7090066551742435
1846.0 0.6640501217968726
1846.5 1.3061643268678211
1847.0 1.3623775426474976
1847.5 1.6263911336964645
1848.0 1.5283215485947639
1848.5 1.188518423904464
1849.0 1.4878996190573557
1849.5 1.1880655575186685
1850.0 2.732855003830837
1850.5 3.12619572141673
1851.0 3.502035679394555
1851.5 3.251207559305556
1852.0 2.56538732884684
1852.5 3.2675408036459626
1853.0 1.918254364644203
1853.5 2.263320561446161
1854.0 2.5709195060301226
1854.5 1.003696070848492
1855.0 1.982423887137295
1855.5 1.6393064595869191
1856.0 2.5712084718935984
1856.5 3.6175582587005746
1857.0 2.956532256068485
1857.5 1.3555465745798467
1858.0 2.3188062528456728
1858.5 1.806601325440334
1859.0 1.9490043006782531
1859.5 2.2390885538967593
1860.0 1.957062101381235
1860.5 1.5807673490163259
1861.0 0.9322149251296732
1861.5 1.2718808710572271
1862.0 0.6596577899527697
1862.5 2.1538815839462977
1863.0 0.9326122246749141
1863.5 1.6168685854922356
1864.0 1.2645539813340398
1864.5 2.3524413725032334
1865.0 2.013335290504994
1865.5 2.2999868435980906
1866.0 2.7711170897899904
1866.5 1.9298229546005654
1867.0 1.633276424273838
1867.5 2.448282368105805
1868.0 1.8019816087257658
1868.5 0.5393222771314481
1869.0 1.9703884539953198
1869.5 1.772085240027003
1870.0 1.1083203807845292
1870.5 2.078126127702914
1871.0 1.7651438019444554
1871.5 1.3252526785262515
1872.0 1.0404255811641931
1872.5 1.340852080929573
1873.0 1.0016363752458006
1873.5 2.282263242802161
1874.0 2.0771885018497915
1874.5 2.021810544104926
1875.0 1.8448827198761273
1875.5 1.5076520432898535
1876.0 1.5774154667720013
1876.5 1.76950753674425
1877.0 3.28381061943203
1877.5 2.25911158847952
1878.0 2.1715657571189158
1878.5 3.484534820522762
1879.0 1.638884254441757
1879.5 1.0817181071860373
1880.0 1.0447882392676955
1880.5 0.8877851699995366
1881.0 1.0678887540525537
1881.5 1.4351189995886917
1882.0 0.708922894287831
1882.5 0.8504427489302446
1883.0 1.321384779783447
1883.5 1.0030581928523319
1884.0 1.7326306507700022
1884.5 2.139710883640384
1885.0 1.9577905630559798
1885.5 1.7007667349793842
1886.0 1.0276082813613865
1886.5 2.5705882213271414
1887.0 1.6216957912851477
1887.5 3.6331871877691135
1888.0 0.35961146475895545
1888.5 0.9571418195059194
1889.0 1.699165457354153
1889.5 0.99594746431928
1890.0 2.414044568586421
1890.5 1.6086815305871738
1891.0 1.2152245780026407
1891.5 2.1444260610375734
1892.0 1.2875100000183075
1892.5 1.5633767254615163
1893.0 1.3892881420600964
1893.5 2.3092615720885066
1894.0 0.346922154524109
1894.5 1.630302530704395
1895.0 1.4380887843990657
1895.5 1.6677103639495878
1896.0 1.7481887968065786
1896.5 1.4551468464023969
1897.0 2.2255908742649693
1897.5 1.6577172171285488
1898.0 0.9804156184068191
1898.5 1.7945750538307195
1899.0 2.156217941630241
1899.5 0.4061056281983835
1900.0 1.7573017038803833
1900.5 0.4292557727911652
1901.0 1.4851889126755662
1901.5 0.8711448317809019
1902.0 1.6172621497528907
1902.5 2.489577012742484
1903.0 1.8233047684060832
1903.5 1.3095588318157954
1904.0 3.268827684972547
1904.5 1.5446340130598988
1905.0 3.0583620563162706
1905.5 3.189699004452387
1906.0 1.94061997695931
1906.5 3.347612116994227
1907.0 2.427394250672337
1907.5 2.5248460688158167
1908.0 2.1354306898818023
1908.5 1.4704205779306807
1909.0 1.7911384159757102
1909.5 1.8003160654779005
1910.0 1.9623493812571076
1910.5 0.9744651962113405
1911.0 1.0783380598189463
1911.5 0.6493802373097746
1912.0 0.9997858083395004
1912.5 0.5457342597783085
1913.0 0.5042751993722787
1913.5 0.8806641135748243
1914.0 0.7445525902068401
1914.5 1.011001202837373
1915.0 0.5102104367223976
1915.5 0.7149206170300475
1916.0 0.8221661640250875
1916.5 0.9880849252112246
1917.0 1.0206172434313405
1917.5 0.5490026490505425
1918.0 0.9760539343993911
1918.5 1.0003496583844806
1919.0 0.9347203432337148
1919.5 0.8272835312238878
1920.0 1.032932848019009
1920.5 0.8308959814141742
1921.0 1.0361976206780343
1921.5 0.7235916646743837
1922.0 0.948589286909019
1922.5 0.8387233047531806
1923.0 0.7600378785354033
1923.5 1.4211088122202193
1924.0 0.8770709455035861
1924.5 0.5974304191174037
1925.0 0.7112454019658979
1925.5 0.7059769286917674
1926.0 0.9345994786740607
1926.5 0.6906201626964308
1927.0 1.1243924430448773
1927.5 1.1087227953486805
1928.0 0.9580771892343046
1928.5 2.0325142940132586
1929.0 2.510312089579598
1929.5 2.0099600560862982
1930.0 1.4975077154881875
1930.5 0.9675635425334281
1931.0 2.110137268416048
1931.5 1.1413702334078462
1932.0 0.9308934732895215
1932.5 2.9232764261041257
1933.0 2.2411118193048862
1933.5 0.9345256218634295
1934.0 1.9626236440343718
1934.5 2.7752088446918526
1935.0 1.2028527059674277
1935.5 1.514221188072542
1936.0 0.9704756305925777
1936.5 3.0514121043940907
1937.0 0.2
1937.5 1.9364609703217164
1938.0 2.069755461197323
1938.5 1.4956064952374462
1939.0 2.165801675291058
1939.5 1.288864732769384
1940.0 2.2951590155291495
1940.5 2.401231390796393
1941.0 1.4508004970820325
1941.5 1.860468234314207
1942.0 1.2786904082384682
1942.5 1.410790988922022
1943.0 1.6439044164019045
1943.5 1.4218581236900825
1944.0 0.8050695909794756
1944.5 1.229534447904183
1945.0 0.9093091308413048
1945.5 1.406601309102191
1946.0 1.3598844926736986
1946.5 0.591317442193608
1947.0 1.3347893197339615
1947.5 1.189172993336601
1948.0 1.5920153730591915
1948.5 1.737289621507609
1949.0 1.4511287906348325
1949.5 2.2341490048792476
1950.0 0.4799081569436623
1950.5 1.3344481559780463
1951.0 0.8566497464107866
1951.5 1.077763445227534
1952.0 1.7474214162908142
1952.5 1.214728302882902
1953.0 1.403379223654125
1953.5 1.522052619380372
1954.0 1.4358579435129522
1954.5 1.5335260783345652
1955.0 0.7954291809500701
1955.5 0.9753228829384168
1956.0 0.6627864465603027
1956.5 1.1205277895298402
1957.0 2.6917162604692404
1957.5 1.7609864556606731
1958.0 1.9447296157362863
1958.5 1.4382069978984557
1959.0 2.00141870975226
1959.5 1.0357497388263712
1960.0 1.8771021498474718
1960.5 1.17723876374539
1961.0 0.5989858627061908
1961.5 1.3126301722972809
1962.0 0.8897979593089875
1962.5 1.0637973746651632
1963.0 0.8130695965769046
1963.5 0.9096179687535504
1964.0 1.7198362811828942
1964.5 1.5458708925892939
1965.0 0.5533054135853377
1965.5 1.1878528927296141
1966.0 0.6979552805124789
1966.5 0.6660846992182614
1967.0 0.5864611711396799
1967.5 1.075621475075226
1968.0 1.3554058665377329
1968.5 1.0123164782458522
1969.0 1.5322034693565596
1969.5 0.8594235747718644
1970.0 0.8750509349332709
1970.5 0.8859000464192773
1971.0 1.1581430686748986
1971.5 0.508014038132966
1972.0 0.6571037066449995
1972.5 1.7421008101025706
1973.0 1.2511339060266384
1973.5 1.3236474282049262
1974.0 1.0393936233189898
1974.5 1.0059522215455097
1975.0 1.1386919757616079
1975.5 1.5258424403907576
1976.0 0.9618858333279655
1976.5 1.1558967148218038
1977.0 1.1168901713594463
1977.5 0.9514490552622009
1978.0 1.0005336541754486
1978.5 1.237406981821436
1979.0 0.9609049906599354
1979.5 1.1715899604090039
1980.0 1.0742947897080442
1980.5 1.1585116208291728
1981.0 0.7054984511935734
1981.5 1.492373095680979
1982.0 1.935433534360849
1982.5 1.5087477664453335
1983.0 2.5319497764802685
1983.5 0.2
1984.0 2.7419389462269472
1984.5 0.7449623853303647
1985.0 0.9663895733464067
1985.5 1.8625646863001875
1986.0 1.2732048876306612
1986.5 0.9350067869691147
1987.0 0.9115417225846523
1987.5 0.8999152113784121
1988.0 1.3349697318942901
1988.5 0.621037203770224
1989.0 1.6182097568072022
1989.5 1.1872366157064063
1990.0 1.181101133594812
1990.5 0.6046270354333304
1991.0 1.0005296672336528
1991.5 1.0643676404776325
1992.0 1.1249755227123512
1992.5 0.5766996804595075
1993.0 1.3455849459824747
1993.5 1.1509243373256055
1994.0 1.9940390350215575
1994.5 3.300290803900589
1995.0 2.0737167050804
1995.5 2.9998273900113706
1996.0 1.8105615630417713
1996.5 0.949962867465473
1997.0 1.2556820730121463
1997.5 0.8555431079745965
1998.0 0.8419360445803903
1998.5 1.0001322146485703
1999.0 1.8997084243531734
1999.5 1.1934197414132766
2000.0 0.8870912815371481
2000.5 0.73659708742997
2001.0 1.7507044896602966
2001.5 1.7982311271811733
2002.0 3.17602133198003
2002.5 1.876195454420487
2003.0 2.5646249964564123
2003.5 2.5783265629754295
2004.0 3.8950520904888872
2004.5 1.8612172075181104
2005.0 2.4874999643046154
2005.5 3.4080599407137964
2006.0 1.9144344545643541
2006.5 0.9273384182092943
2007.0 2.7312507538052064
2007.5 3.7651634475164375
2008.0 1.6271092480346812
2008.5 3.3445879231125804
2009.0 2.909292034069101
2009.5 0.8060234790135343
2010.0 0.7009222143977858
2010.5 0.9874774335650013
2011.0 1.0310758829698297
2011.5 0.531667324199925
2012.0 0.8421030015865628
2012.5 1.7198377893625192
2013.0 1.4207450478287371
2013.5 0.5432036865429781
2014.0 1.8291263974455576
2014.5 2.43212622658515
2015.0 1.9205381256382228
2015.5 2.4548647258004537
2016.0 1.601472258375639
2016.5 1.2040048034899455
2017.0 1.1608563201094846
2017.5 0.8924372469745541
2018.0 1.8310331823288852
2018.5 1.4069699308157408
2019.0 1.141676831715855
2019.5 0.7461140381272582
2020.0 1.5321714329398177
2020.5 1.2583334874581786
2021.0 1.4727033931842586
2021.5 1.417668766282878
2022.0 0.5805871557419854
2022.5 0.8998708124695011
2023.0 0.28747350381112025
2023.5 2.2754656470344585
2024.0 2.287495405727847
2024.5 1.556856886208542
2025.0 1.285823172688257
2025.5 1.449825070061115
2026.0 0.9332407474962885
2026.5 0.6608241120139993
2027.0 1.630648154867337
2027.5 2.515946869931144
2028.0 1.4719025621635484
2028.5 1.3074210732248983
2029.0 1.3602834641911246
2029.5 1.7896828749117393
2030.0 1.3944803028738835
2030.5 1.334821688118424
2031.0 1.8040885672302687
2031.5 0.712028539795476
2032.0 1.9639888227236866
2032.5 0.7481492292462772
2033.0 0.6635730818373897
2033.5 2.511885278529807
2034.0 3.0387114738263765
2034.5 2.8801583203798033
2035.0 2.47077459982361
2035.5 2.632073200176694
2036.0 2.865240913990322
2036.5 0.671389709030789
2037.0 1.0578290031814286
2037.5 1.2012105068408125
2038.0 1.6518277439457756
2038.5 2.0544195286060973
2039.0 1.0642168760494073
2039.5 0.5624870299465945
2040.0 1.5408097395665605
2040.5 1.649516015857886
2041.0 1.658931984942917
2041.5 1.5168409848313709
2042.0 2.209343494060172
2042.5 1.819197380322049
2043.0 0.2
2043.5 0.9836458312274932
2044.0 1.2612188541283387
2044.5 0.9666319688566063
2045.0 1.0871599267751741
2045.5 0.8872090229368359
2046.0 1.5024025415473072
2046.5 1.3176951043619125
2047.0 1.095009085782433
2047.5 1.2185678146102155
2048.0 0.788872304894882
2048.5 0.5042652006447752
2049.0 1.878220722963997
2049.5 0.8924009636791526
2050.0 1.3859395046053673
2050.5 0.48951787332378527
2051.0 1.4063182090296835
2051.5 1.4050039096024003
2052.0 1.5178279706471873
2052.5 1.4356406886481088
2053.0 0.4940272867872376
2053.5 1.0414077871399856
2054.0 1.0631722122299654
2054.5 0.871665529925397
2055.0 1.3276667625358636
2055.5 1.3053513127063456
2056.0 0.784049073155815
2056.5 1.2240397923388255
2057.0 1.8639228375124963
2057.5 1.434185704533625
2058.0 1.302049397728847
2058.5 1.4044145833625878
2059.0 0.8239834508678417
2059.5 0.7405510488117608
2060.0 1.29671007538027
2060.5 1.9880571462345216
2061.0 1.9180322941992047
2061.5 1.8460134880314634
2062.0 0.7524589058524593
2062.5 1.3209292251739253
2063.0 1.9783361528671575
2063.5 3.5312100727141917
2064.0 0.8911385011063306
2064.5 1.0198684385614247
2065.0 1.1863410729311932
2065.5 0.9879978534674865
2066.0 0.9043877445475218
2066.5 1.0796605882728336
2067.0 1.0575389002689985
2067.5 1.037385181404551
2068.0 0.7584028145963734
2068.5 0.7799947916115564
2069.0 0.8092844774774555
2069.5 1.0414132759574564
2070.0 0.7713938723090815
2070.5 0.5685491245439457
2071.0 1.1224142353258242
2071.5 0.866135664347518
2072.0 1.0170668755826497
2072.5 0.93689056144098
2073.0 0.9228097248674332
2073.5 0.7266657700743182
2074.0 1.0742676223734808
2074.5 0.8566707296617366
2075.0 1.862655449417511
2075.5 1.1759344475481952
2076.0 1.5225965446646375
2076.5 2.6524596097343816
2077.0 1.5665239605099628
2077.5 0.6348777018563243
2078.0 1.1118232210895944
2078.5 1.3866246352667067
2079.0 0.8503947248809149
2079.5 1.75223355367977
2080.0 2.411010629403749
2080.5 1.4500320601969974
2081.0 3.172612583024633
2081.5 2.1066113712106054
2082.0 2.5082167826793453
2082.5 2.3651351137245897
2083.0 1.8648426951187782
2083.5 2.850494389655858
2084.0 1.443284320711003
2084.5 0.938795353317079
2085.0 1.8949264746622387
2085.5 2.5581315874324244
2086.0 0.686375027560115
2086.5 0.9148033175462413
2087.0 1.103927165929703
2087.5 0.9029107152494198
2088.0 1.0729304004156686
2088.5 0.5255638221677881
2089.0 1.3473203029329865
2089.5 0.939275439849331
2090.0 1.4362411202556415
2090.5 1.4091092074949512
2091.0 1.0766713470111862
2091.5 1.8441857288449715
2092.0 0.972983770124426
2092.5 1.566563672710047
2093.0 1.6119761233848053
2093.5 0.9204605773795055
2094.0 1.9469296324570637
2094.5 0.9684598640010491
2095.0 1.1015533220671223
2095.5 1.3945688036435846
2096.0 1.0768436583216832
2096.5 1.4994460145280195
2097.0 1.1108621200061992
2097.5 1.6969561840062408
2098.0 0.8203084836700971
2098.5 1.367264582654043
2099.0 1.4596243914813525
2099.5 0.5871192642768238