1500.0 0.9511906895228471
1500.5 0.579944660644742
1501.0 1.1876519353663646
1501.5 0.36209562820104757
1502.0 1.0496642794781834
1502.5 1.1317130752364641
1503.0 1.6858831927239741
1503.5 1.8934725415504514
1504.0 1.8223049890219163
1504.5 2.402952162145885
1505.0 1.5360346631157635
1505.5 2.0371537954635093
1506.0 1.5466219009079145
1506.5 0.9852711714737762
1507.0 1.9335405931900498
1507.5 0.7858093966435772
1508.0 2.119334503371668
1508.5 1.8799375236418958
1509.0 1.7716355727869892
1509.5 1.4277377554229844
1510.0 1.8888492892113666
1510.5 2.1172794474672747
1511.0 0.8835728444535256
1511.5 0.8350118234705611
1512.0 1.0224162557550334
1512.5 1.164459146592454
1513.0 0.8029349833275863
1513.5 1.1792664390578167
1514.0 0.7979669047423753
1514.5 1.002995156904555
1515.0 1.0871188559748508
1515.5 1.0234810050356336
1516.0 1.10229064982811
1516.5 0.9334993621658847
1517.0 0.5414578749581802
1517.5 0.7679663914092911
1518.0 0.7701856881894749
1518.5 0.9081269799465773
1519.0 0.7093498604493904
1519.5 1.0827569801699584
1520.0 1.22105313810042
1520.5 0.8640863571804293
1521.0 0.7887923227423291
1521.5 0.6542369041558141
1522.0 0.8010849311581478
1522.5 1.3305263876475748
1523.0 0.9989711460211682
1523.5 1.2605434556848953
1524.0 1.3533651085605047
1524.5 0.9340504040792987
1525.0 0.979749889926514
1525.5 0.949085662927256
1526.0 1.2756050826243663
1526.5 0.8946742760400923
1527.0 0.32485493695658896
1527.5 1.2677360706101324
1528.0 1.1371662098643798
1528.5 1.5936602095501318
1529.0 2.546011243695167
1529.5 2.8507444157615605
1530.0 2.3547769312252664
1530.5 1.332057753902436
1531.0 2.3375221254834364
1531.5 3.728995250648056
1532.0 1.8016051710091086
1532.5 2.42748483064049
1533.0 1.8453754779077087
1533.5 1.8940083943175707
1534.0 0.2
1534.5 2.0714171099716268
1535.0 2.367934795182804
1535.5 1.5964673636077196
1536.0 1.3052709709366461
1536.5 2.433937136178449
1537.0 0.9564846324667584
1537.5 2.658042951154833
1538.0 1.9284230520643288
1538.5 1.2490513048268341
1539.0 0.8594137304974422
1539.5 0.9113168176673486
1540.0 1.0440859224510604
1540.5 0.8261416109413295
1541.0 1.3207731762068335
1541.5 1.3217741845957116
1542.0 1.2016502311583277
1542.5 1.7940921185676912
1543.0 1.0172490699161796
1543.5 1.9295883301169199
1544.0 1.9914971453006243
1544.5 1.7256716691396503
1545.0 2.3817439460606895
1545.5 0.2
1546.0 3.096155221978983
1546.5 2.6308890671806386
1547.0 3.746014050894124
1547.5 2.04007424102401
1548.0 0.2
1548.5 1.3549641481652077
1549.0 2.724374488735471
1549.5 1.1758763356325048
1550.0 2.305483548875073
1550.5 0.2
1551.0 0.8456309042482364
1551.5 0.6662315002191436
1552.0 1.0278683850999695
1552.5 0.9567926510577983
1553.0 3.1478554547999718
1553.5 1.6508783632862767
1554.0 1.966837358891205
1554.5 1.4429692251516348
1555.0 1.365676613673867
1555.5 1.4183546759931605
1556.0 2.0025500730985497
1556.5 0.6959114121265603
1557.0 0.6334522213799163
1557.5 1.2170756050603568
1558.0 0.792876602139793
1558.5 1.1766490430933274
1559.0 1.6668635580082842
1559.5 1.7811869605009376
1560.0 0.33927657726258764
1560.5 0.8490859646261033
1561.0 1.3374479270444015
1561.5 2.0966665382098144
1562.0 1.8716920499349508
1562.5 0.2355229418203284
1563.0 1.8954387289392045
1563.5 2.4858312329803773
1564.0 2.166350669886038
1564.5 3.142785841863697
1565.0 2.8919133604198057
1565.5 2.628552671207159
1566.0 2.7373254414085215
1566.5 2.292518522815425
1567.0 1.2129287374721252
1567.5 0.9213645453395782
1568.0 1.506008472454032
1568.5 1.3827180271148027
1569.0 1.7074673919678678
1569.5 1.7367924211631196
1570.0 0.8077739452140544
1570.5 1.0143939383583922
1571.0 1.1377878712185527
1571.5 1.6209211709071794
1572.0 1.8440045861512069
1572.5 0.6739594191077052
1573.0 0.9852895613937437
1573.5 1.758315388278056
1574.0 1.057204396137498
1574.5 1.1920350379013693
1575.0 1.3159705211709083
1575.5 2.2592561118358505
1576.0 2.716304632042645
1576.5 2.983329719168114
1577.0 1.6957868640313758
1577.5 1.6342590495469023
1578.0 2.177717856461139
1578.5 2.509354244704401
1579.0 1.1178406550352031
1579.5 1.8582006893089897
1580.0 2.609036463810977
1580.5 0.878127939414901
1581.0 2.502546705417079
1581.5 1.4122494292684329
1582.0 1.4753893414018764
1582.5 1.5221873451940966
1583.0 1.7553774092594354
1583.5 1.9794761966682608
1584.0 1.8438822265233503
1584.5 2.2343397035839563
1585.0 1.196765540620619
1585.5 1.5022728082699683
1586.0 1.5891078457937646
1586.5 0.8232122531351482
1587.0 2.1183469984260306
1587.5 1.9860400916917258
1588.0 1.7979312433041663
1588.5 1.7057840069011974
1589.0 1.5286090564615002
1589.5 1.7389522880576096
1590.0 2.3121661851295876
1590.5 0.6044465973856994
1591.0 0.7734725093149424
1591.5 1.6373747005106407
1592.0 1.1164752019465514
1592.5 2.211907624349017
1593.0 2.203779657162775
1593.5 0.2543959151531201
1594.0 2.180570795037318
1594.5 2.2578435757471853
1595.0 0.9123588426367114
1595.5 0.2764958543257756
1596.0 2.7431363384085143
1596.5 1.7295220829908056
1597.0 2.2185203286255772
1597.5 1.3189691375374732
1598.0 1.4682145713368782
1598.5 0.8164917447129266
1599.0 1.235551978005138
1599.5 0.3261052641033324
1600.0 1.0671737912665136
1600.5 0.9467700460215662
1601.0 0.9292815183112838
1601.5 1.44054781168777
1602.0 0.7455330633256594
1602.5 1.1345196052128608
1603.0 2.411416549510716
1603.5 1.061816731517955
1604.0 0.9172273319063872
1604.5 1.0628622363553617
1605.0 0.6320412305466439
1605.5 2.0134389245431583
1606.0 0.8014709194176091
1606.5 0.9667323085862052
1607.0 1.3989551792276755
1607.5 1.3947103450337925
1608.0 0.8386377103008371
1608.5 1.2384177095073619
1609.0 0.8851696178123756
1609.5 1.2317722143925058
1610.0 1.0907832942429143
1610.5 0.8553287176238804
1611.0 0.9286761523044534
1611.5 0.8201816633439267
1612.0 0.7837641376297287
1612.5 0.8929010254720013
1613.0 0.7792974101355001
1613.5 0.8622411415777375
1614.0 0.9133419531092646
1614.5 0.6320227965961486
1615.0 0.9529546882062505
1615.5 1.0112601309684899
1616.0 0.9032156263107818
1616.5 1.8065653992446429
1617.0 1.3301548470472242
1617.5 1.5899972021279578
1618.0 1.418196563332518
1618.5 1.5978883206442651
1619.0 1.5155423772622985
1619.5 1.8283742820876356
1620.0 1.2175947041893036
1620.5 0.673921725037128
1621.0 1.4504180520823016
1621.5 1.7204011762727
1622.0 1.4349104852925236
1622.5 1.1324439364372922
1623.0 1.4224771572064272
1623.5 1.8993922393809275
1624.0 0.8430049807678089
1624.5 1.7056829713732067
1625.0 1.0463230648529407
1625.5 1.7510539558289298
1626.0 1.525852066213126
1626.5 1.8126542789013231
1627.0 0.38863633128378994
1627.5 1.688036297190517
1628.0 1.4685996433037576
1628.5 0.7089279185302774
1629.0 1.3693558006068898
1629.5 1.879718163826621
1630.0 1.4547458626065228
1630.5 1.309061606467182
1631.0 1.956900324507683
1631.5 0.6086389485077001
1632.0 0.9303146341809999
1632.5 2.3129346155203336
1633.0 1.9418945478313487
1633.5 1.5663905486087328
1634.0 2.0064998879323745
1634.5 0.5263581139777194
1635.0 1.1748188161777096
1635.5 1.0681836966484408
1636.0 1.047639887387753
1636.5 1.297021625720384
1637.0 1.6006914962128187
1637.5 1.102881848118886
1638.0 1.4291230993916137
1638.5 1.7142782164913684
1639.0 1.0640466537724347
1639.5 2.1905530147253023
1640.0 2.2956802560386866
1640.5 1.8474513499520928
1641.0 2.163777224011196
1641.5 2.188413496454027
1642.0 1.686568903130876
1642.5 1.8222128265292845
1643.0 0.9341454036181036
1643.5 1.3652168755108367
1644.0 1.3480560765542746
1644.5 0.8454502732449161
1645.0 0.9934096737173734
1645.5 1.4889984217488823
1646.0 1.1883362552216372
1646.5 1.0205560795559068
1647.0 1.6588045380940792
1647.5 1.8369152809209461
1648.0 1.8537216260015268
1648.5 2.1593243493784993
1649.0 2.040730094698209
1649.5 2.4058800761225907
1650.0 2.7936702181145527
1650.5 2.4455431457069343
1651.0 3.2423539197178024
1651.5 3.1331802631366785
1652.0 2.1523039562882738
1652.5 1.850657330485972
1653.0 2.9766893631295304
1653.5 1.722534505069869
1654.0 2.1357320379988205
1654.5 4.150474481529803
1655.0 2.119844921618522
1655.5 3.1891277794958808
1656.0 0.6540751666012301
1656.5 3.0107218388779367
1657.0 0.6791958598970251
1657.5 2.5598773815221083
1658.0 3.241835518311519
1658.5 0.7198697327421317
1659.0 1.7128387484428869
1659.5 0.9731020981970602
1660.0 1.361177356591646
1660.5 1.3953141493679473
1661.0 1.3738305615320847
1661.5 0.9437706498136645
1662.0 3.2574339507855274
1662.5 1.568030635248129
1663.0 1.5831559006373666
1663.5 2.4028606863992006
1664.0 2.3058628552879146
1664.5 1.7916710167628342
1665.0 1.491286783759908
1665.5 1.3215786993712915
1666.0 1.1463723952966518
1666.5 0.9943255317968565
1667.0 1.5761754533200516
1667.5 1.6356408157162323
1668.0 1.6830314113531055
1668.5 1.9916460074842723
1669.0 0.42512874258009625
1669.5 1.0982853964948711
1670.0 1.0759385596637365
1670.5 2.004381799432312
1671.0 2.018359761357393
1671.5 2.522856419778541
1672.0 1.2710960388175327
1672.5 1.7573491597977209
1673.0 1.9281968150611433
1673.5 2.1544727948005047
1674.0 1.8395744021646139
1674.5 2.889957428274694
1675.0 2.5573392608664607
1675.5 1.9460863435176772
1676.0 2.349287419693211
1676.5 1.7055686704507131
1677.0 0.5810915221757549
1677.5 0.9546545023813792
1678.0 1.74008564751682
1678.5 1.1635136661487437
1679.0 1.1078328230956584
1679.5 1.130709385761216
1680.0 1.8501394785618475
1680.5 1.895695139257911
1681.0 1.6183932240040448
1681.5 1.046021847544632
1682.0 1.5188718931732355
1682.5 0.9261858209501035
1683.0 1.0579252518529376
1683.5 1.0716746671386252
1684.0 1.0536641501419786
1684.5 2.823557975296862
1685.0 3.1148128246733133
1685.5 3.8716142772990794
1686.0 2.0932650032384528
1686.5 1.5320442853808083
1687.0 1.4577454379332317
1687.5 1.2929012204995234
1688.0 1.444818436862094
1688.5 1.0110188258607973
1689.0 2.0941755889409897
1689.5 1.7476327436182217
1690.0 2.3274820522888024
1690.5 1.1191546794527572
1691.0 0.6632758603065187
1691.5 1.1268725693957786
1692.0 0.6004982208967717
1692.5 0.8933008751930975
1693.0 0.8033830866112115
1693.5 0.9207082235878993
1694.0 1.3852157982568303
1694.5 0.9547158190551888
1695.0 2.680623774504785
1695.5 1.8850635810618552
1696.0 0.925824525931546
1696.5 1.2771842870689818
1697.0 0.7644679395917023
1697.5 1.3013990377241136
1698.0 1.8331040925754845
1698.5 1.1039662583985128
1699.0 1.342539569099348
1699.5 1.4003935168181136
1700.0 1.203897377912862
1700.5 1.9276474978591098
1701.0 1.8543163115632697
1701.5 1.1505086012203756
1702.0 0.8145680106308446
1702.5 0.7996838158008341
1703.0 0.3200158856859783
1703.5 3.0958545105197555
1704.0 1.6120287246239573
1704.5 2.298013120700328
1705.0 1.7729640609869892
1705.5 1.7189382277524814
1706.0 1.0854987738084922
1706.5 1.4932630198912653
1707.0 3.165239823001147
1707.5 2.2980266958444817
1708.0 1.6152786961994048
1708.5 2.0056093290323207
1709.0 3.1918594928078807
1709.5 2.0541359151198852
1710.0 1.065028841808255
1710.5 1.901275820257361
1711.0 1.0371010328109675
1711.5 1.3471574779450575
1712.0 2.256975320553932
1712.5 2.043094312662616
1713.0 3.907683994532302
1713.5 2.0109588754943166
1714.0 2.3237931200215307
1714.5 0.9418325480306194
1715.0 2.053324776304018
1715.5 1.8234961421851077
1716.0 2.6192180525526148
1716.5 2.3535920990929355
1717.0 1.505601053179539
1717.5 1.1822262403002268
1718.0 3.483688025009082
1718.5 0.44875038934879563
1719.0 0.8538670326430227
1719.5 2.123162556868569
1720.0 2.3365520385753107
1720.5 3.382657196041035
1721.0 3.6929604655522086
1721.5 2.2050314910451614
1722.0 1.6581001412627367
1722.5 2.532752554129819
1723.0 0.6412847543349314
1723.5 1.1456923014790457
1724.0 1.2256253206574423
1724.5 1.438622625353718
1725.0 1.0719550656891166
1725.5 0.816482205213737
1726.0 1.5412248169981209
1726.5 1.0065528164131912
1727.0 1.3396290255448697
1727.5 2.0096432302889835
1728.0 1.2297095071715867
1728.5 0.7345859520537406
1729.0 1.4331265250791045
1729.5 1.088445304919179
1730.0 0.8444188951937679
1730.5 1.9409683257029415
1731.0 2.7676007561236404
1731.5 1.8892562906183192
1732.0 0.9689219617387553
1732.5 1.4378423576999693
1733.0 1.4325754422724892
1733.5 1.7762655732282222
1734.0 2.0494926589113254
1734.5 1.05230734187339
1735.0 1.0096032957314862
1735.5 1.4304945902211923
1736.0 1.4378594328195942
1736.5 1.5028515843403842
1737.0 1.7884940454556424
1737.5 1.952875392843194
1738.0 1.1899743155238316
1738.5 1.2454949666117399
1739.0 0.9592042707287409
1739.5 1.8400015367901068
1740.0 1.7991113403394758
1740.5 1.734574180283471
1741.0 1.7601691051674806
1741.5 2.139203995448123
1742.0 1.9861734395321486
1742.5 1.2131337024275308
1743.0 1.5135873086973421
1743.5 0.8939992248584757
1744.0 2.1422709153906343
1744.5 2.1549402984388157
1745.0 1.2348145807135535
1745.5 1.3161295467056733
1746.0 1.1396325965299627
1746.5 1.128485371596002
1747.0 1.398341846451685
1747.5 1.4643802308514717
1748.0 1.640793264853473
1748.5 1.1991323245792704
1749.0 1.0062903885297545
1749.5 1.8680852170467792
1750.0 1.2320478005286866
1750.5 2.0409955587338353
1751.0 0.6496765709228609
1751.5 1.1711933410202136
1752.0 1.098618014921177
1752.5 1.1252889311403425
1753.0 1.7114290196287776
1753.5 1.4758512459186113
1754.0 1.6800883946108816
1754.5 1.86205676575447
1755.0 1.7316559479467428
1755.5 0.51616292346336
1756.0 1.0513287047263982
1756.5 1.1411181066344818
1757.0 0.8144970222616337
1757.5 1.1116837304257097
1758.0 0.9943769019542104
1758.5 1.3125340457747976
1759.0 0.9207871748464029
1759.5 1.145113577965163
1760.0 0.5681626603754419
1760.5 1.205619286145331
1761.0 0.7909773725432074
1761.5 0.8706280505994151
1762.0 0.6589830413208492
1762.5 0.8916410350910853
1763.0 1.0248155916473194
1763.5 1.2956872440191038
1764.0 0.9067502171431671
1764.5 0.9235945678785538
1765.0 0.9210357479769773
1765.5 1.3297146379022102
1766.0 1.0822492791896767
1766.5 1.184344040880165
1767.0 1.8189269226883313
1767.5 1.3830637288160812
1768.0 0.9615291138286819
1768.5 0.7720151342927148
1769.0 1.1535720779445788
1769.5 1.269266948088087
1770.0 1.4819243466146697
1770.5 1.9790203496195227
1771.0 1.1077157658607408
1771.5 1.001940128544412
1772.0 0.9306249145583971
1772.5 1.4760073332585064
1773.0 1.1561991206817037
1773.5 1.4092231558766384
1774.0 1.0743461013275817
1774.5 1.5591807332554888
1775.0 0.6408405933686427
1775.5 1.8269615130691317
1776.0 1.7671124587860372
1776.5 1.0740131003109767
1777.0 0.8567703739349408
1777.5 2.2237914732456687
1778.0 2.686392171612159
1778.5 0.9257665320542734
1779.0 3.067914707607761
1779.5 2.769502297954176
1780.0 3.72892322827359
1780.5 2.944090225438384
1781.0 2.8655971144372225
1781.5 1.9815252276069293
1782.0 1.9317685721968159
1782.5 0.8782576614993196
1783.0 1.7525622651593031
1783.5 1.8113416134208684
1784.0 0.9460948231672777
1784.5 1.3921393208247663
1785.0 1.114515869114583
1785.5 0.9279161273767638
1786.0 1.5073780734251785
1786.5 2.2564935888893176
1787.0 1.9935705567290667
1787.5 1.3391601166552327
1788.0 1.301814460613544
1788.5 1.0876588343490643
1789.0 1.17886337283179
1789.5 1.520045254607622
1790.0 1.745316721661974
1790.5 0.5503514432503854
1791.0 0.48761183267077735
1791.5 1.440612626061519
1792.0 0.9946053623174147
1792.5 0.7106413606949256
1793.0 1.9048527359145337
1793.5 1.2390315257270517
1794.0 1.2135347581618052
1794.5 1.6989051831408946
1795.0 2.2262047156635507
1795.5 3.1222875596728734
1796.0 2.7001209387520575
1796.5 0.9531838283827703
1797.0 1.945520118408669
1797.5 2.5582371290222934
1798.0 0.7920191467331608
1798.5 1.6187848108656773
1799.0 1.1651592127345194
1799.5 1.6299777341548536