1500.0 2.0642459954521195
1500.5 2.86842864174519
1501.0 3.3937852533320436
1501.5 2.0666982509463865
1502.0 0.5600796732536185
1502.5 1.4149612346334215
1503.0 1.4608541591814135
1503.5 2.236868956827432
1504.0 0.5343219829149047
1504.5 1.1975169869862459
1505.0 1.2583549178149416
1505.5 1.0241557124917664
1506.0 1.5254347415951606
1506.5 1.4127786554785096
1507.0 0.8616497916026739
1507.5 2.2850256386854446
1508.0 1.4728673402651593
1508.5 1.5356351714765202
1509.0 1.8684106758259553
1509.5 1.7792145795257366
1510.0 1.1060149076866146
1510.5 1.647254414066218
1511.0 1.9624505681085977
1511.5 1.2649639406098268
1512.0 1.4389545751593524
1512.5 0.998681328402209
1513.0 1.347004314448475
1513.5 1.1869749936226517
1514.0 0.739573614392554
1514.5 1.6286140956667152
1515.0 1.9503183787829546
1515.5 1.4407564398368407
1516.0 1.599590541238653
1516.5 0.8845513108461023
1517.0 0.890308262745195
1517.5 1.243494603862567
1518.0 2.7897002138340516
1518.5 2.2932696690918073
1519.0 2.175090502809586
1519.5 0.7560615655241113
1520.0 0.3672571792327979
1520.5 2.969763314434767
1521.0 1.6022695137351957
1521.5 1.429073826522195
1522.0 0.7108145974368991
1522.5 1.5681239462093632
1523.0 1.2975453113521742
1523.5 1.418968100510242
1524.0 1.357582066836493
1524.5 0.4743028473688329
1525.0 1.1868122269033674
1525.5 1.18538624518388
1526.0 1.1682419737629024
1526.5 1.0037154349611126
1527.0 1.2304465542716547
1527.5 2.771430535902515
1528.0 3.263771242330178
1528.5 2.405161667189581
1529.0 1.906075620787867
1529.5 2.76526061953654
1530.0 1.5950090215467772
1530.5 2.369144890602761
1531.0 3.578653195281465
1531.5 1.5703236815508868
1532.0 1.4070478045918282
1532.5 3.341702236329578
1533.0 2.477959079430668
1533.5 2.3915730541503044
1534.0 1.4347491481159327
1534.5 2.0751734709269574
1535.0 1.6603973861597376
1535.5 1.964276046304642
1536.0 1.360800040224162
1536.5 2.3466561360823706
1537.0 2.0262238573736178
1537.5 1.2226469735010352
1538.0 2.28446758028168
1538.5 1.2939142443858298
1539.0 0.9416576843727955
1539.5 2.367037940141332
1540.0 2.497747923085628
1540.5 0.9831609095094346
1541.0 1.5527613175164658
1541.5 1.3198486112454835
1542.0 1.4011192153524945
1542.5 0.7458143462223696
1543.0 0.6121521301129778
1543.5 0.9153206985630116
1544.0 0.7677017430803241
1544.5 1.942468786239764
1545.0 2.3773520407496767
1545.5 1.3975730748330797
1546.0 2.4608729876252204
1546.5 2.595145745551236
1547.0 1.644122326999625
1547.5 1.7739975504558907
1548.0 0.5392263212726844
1548.5 4.141394853228468
1549.0 3.6283676809312797
1549.5 2.995207258326671
1550.0 1.9779369811739866
1550.5 2.796606588820386
1551.0 1.5167379790884694
1551.5 1.3596467738792728
1552.0 0.8987171432237274
1552.5 1.5032560896113127
1553.0 0.774317249452464
1553.5 1.1891957103479236
1554.0 2.0148365164721542
1554.5 1.3679123142001086
1555.0 0.861070080785142
1555.5 2.368188196804192
1556.0 2.743347578127711
1556.5 0.7200673635505732
1557.0 0.9502580331563417
1557.5 2.266169256067506
1558.0 2.7331172793948166
1558.5 2.335486447158753
1559.0 1.3389234049032614
1559.5 1.435322788881252
1560.0 2.868152734405432
1560.5 2.6496117262398
1561.0 1.8577232810602604
1561.5 3.308744172449984
1562.0 2.449792007809728
1562.5 1.8395165330687255
1563.0 2.509010395885162
1563.5 2.929870466572397
1564.0 3.3788094504729735
1564.5 2.539760347925982
1565.0 0.750728865430888
1565.5 0.8058826820985139
1566.0 0.7375299141123959
1566.5 0.844361210960688
1567.0 1.4073064860309112
1567.5 1.0414498164375505
1568.0 0.6975869923144449
1568.5 2.3551509252992995
1569.0 0.7343898050974659
1569.5 0.7009822087913333
1570.0 3.051436845004525
1570.5 1.762264273578572
1571.0 1.4020872050457522
1571.5 2.369233634443839
1572.0 2.023866850192319
1572.5 2.084973902837217
1573.0 1.505145443838362
1573.5 1.9067221950419555
1574.0 2.3571505891592253
1574.5 2.454820701541899
1575.0 0.6219647263982822
1575.5 1.89329998968465
1576.0 1.5561137652716965
1576.5 0.9666092213980391
1577.0 2.347153705206109
1577.5 1.8459816996385532
1578.0 1.6497304263587529
1578.5 3.0039224554704838
1579.0 1.8183748865332316
1579.5 3.291922940042646
1580.0 2.361857504141801
1580.5 0.7177765171677879
1581.0 3.1195026510121693
1581.5 1.05027801856731
1582.0 0.8274276370927006
1582.5 1.4392352907140262
1583.0 0.8187874637819746
1583.5 0.9340500376370395
1584.0 1.0239895238631402
1584.5 0.5829907853425493
1585.0 0.8017242806116869
1585.5 1.1064532824901878
1586.0 0.7414557126315298
1586.5 1.0943077639058538
1587.0 0.7177791033592877
1587.5 1.1209650069361081
1588.0 1.1556224779516124
1588.5 0.9763696438683103
1589.0 1.0501099121000719
1589.5 0.8581452274633082
1590.0 1.2029477629648428
1590.5 1.2038574766557817
1591.0 1.1339702013466781
1591.5 2.005484214416274
1592.0 2.5357396873282507
1592.5 2.9902459633716663
1593.0 1.7945584940724264
1593.5 2.331521581301976
1594.0 1.4487623371362346
1594.5 2.300397678925948
1595.0 0.4230668494183216
1595.5 1.696466200744511
1596.0 1.5363224059091594
1596.5 2.3558818299120734
1597.0 2.3890840447975643
1597.5 1.169534747893866
1598.0 1.0831149376022637
1598.5 1.0014283908619164
1599.0 1.1604465360991099
1599.5 0.37909944650547245
1600.0 1.2144072434163675
1600.5 1.881770284767735
1601.0 2.107237682577177
1601.5 0.7549295315655686
1602.0 1.2811673876988297
1602.5 1.2289543680103487
1603.0 1.138973715235636
1603.5 1.0533288794740034
1604.0 1.0268291874428919
1604.5 1.475002660568943
1605.0 1.0951887682213535
1605.5 1.085607354230667
1606.0 1.0717996340159868
1606.5 1.664202463232903
1607.0 1.3928677039581465
1607.5 1.500289692132944
1608.0 1.7015857264003869
1608.5 1.3444936038668676
1609.0 1.3340336243870752
1609.5 1.5219928148933755
1610.0 1.5334270921413862
1610.5 0.9025076667816685
1611.0 1.4710373309948128
1611.5 1.7025918625860188
1612.0 1.502202690080932
1612.5 2.897169426140766
1613.0 2.224588867152661
1613.5 2.1020427516402336
1614.0 1.374922327839962
1614.5 1.9119361108230537
1615.0 1.3312038969916342
1615.5 2.388867269271024
1616.0 0.7220253828747778
1616.5 2.479910043791573
1617.0 1.9385883518242388
1617.5 0.93525222528883
1618.0 0.8066574661923661
1618.5 2.3228503073661404
1619.0 2.120078662232654
1619.5 1.548552112999283
1620.0 0.3893229395291413
1620.5 1.5894215906815383
1621.0 1.731873051065615
1621.5 1.6186109723947026
1622.0 0.5296639843758215
1622.5 1.3020909925977147
1623.0 1.5518774916968734
1623.5 2.080017172975784
1624.0 2.6499316018207413
1624.5 1.7827105146553859
1625.0 2.13273678003634
1625.5 0.6128747667291194
1626.0 2.471830955728529
1626.5 2.026429226551098
1627.0 2.367796952803581
1627.5 1.6610893986494901
1628.0 2.1304986381736777
1628.5 2.2327059330176473
1629.0 1.753082462873973
1629.5 1.216228970397643
1630.0 1.7867013051938578
1630.5 2.79758577407153
1631.0 1.4447894709625357
1631.5 2.4439946256915213
1632.0 3.414581658272116
1632.5 1.7625845538898488
1633.0 3.1033170653159825
1633.5 1.9298395595392217
1634.0 2.3193526760356407
1634.5 2.145622359582701
1635.0 2.8297658718743746
1635.5 1.077162007391207
1636.0 1.5043212923306064
1636.5 0.7596074388832099
1637.0 2.4963134461404453
1637.5 2.1693779471421815
1638.0 0.9681483506123215
1638.5 1.490412874296041
1639.0 3.295177935900962
1639.5 1.944844577364384
1640.0 1.4283151844840267
1640.5 2.051967635728769
1641.0 1.6806886008967448
1641.5 2.0487091114877933
1642.0 3.1602662417859255
1642.5 2.179831601459026
1643.0 1.3889543288043327
1643.5 1.1173069106543232
1644.0 0.9909344295866902
1644.5 2.4041136437121775
1645.0 1.5879363624621163
1645.5 2.4442762807536003
1646.0 2.6693700730931553
1646.5 2.4074139526474307
1647.0 2.150431631834474
1647.5 2.7879268963199753
1648.0 1.063043100356508
1648.5 1.8403452698919927
1649.0 2.188186724784718
1649.5 2.0255293249469366
1650.0 3.182886055311394
1650.5 2.1144944176331046
1651.0 1.116335022157331
1651.5 1.831949849070417
1652.0 1.221970394859685
1652.5 1.8778328695684186
1653.0 1.3768484512543469
1653.5 2.5429559768725563
1654.0 2.1785904002061662
1654.5 1.5406844087343459
1655.0 0.5470273547555653
1655.5 2.7367825484738213
1656.0 1.675695996006425
1656.5 1.6945818190496014
1657.0 2.3873905977487886
1657.5 2.698995103816072
1658.0 1.3142278591251901
1658.5 1.8083086277563891
1659.0 1.9449791542048176
1659.5 2.5241720687202807
1660.0 2.486342083208267
1660.5 1.139036255793389
1661.0 0.5182769033276953
1661.5 1.5447577262621632
1662.0 1.4303000443244023
1662.5 1.7061556547158587
1663.0 1.0212224421434632
1663.5 1.473304609400074
1664.0 1.256705453172929
1664.5 1.1787972407952245
1665.0 0.524699492270505
1665.5 1.0025614906988651
1666.0 2.0037187937850613
1666.5 2.354018805441897
1667.0 1.2869412245533023
1667.5 1.4055419904767437
1668.0 0.21709808922978513
1668.5 1.1806684748721248
1669.0 0.844719882435357
1669.5 1.8060893036338772
1670.0 2.1705827336398276
1670.5 1.2505827464512431
1671.0 1.0282633974890307
1671.5 2.1291694210146144
1672.0 1.8712077651053671
1672.5 1.7320130146219141
1673.0 1.4285089596581186
1673.5 0.9304109390717188
1674.0 1.5794644052915798
1674.5 1.5424560791573625
1675.0 1.4502553610764584
1675.5 1.176739009546401
1676.0 1.1487330033123233
1676.5 2.3435441150027705
1677.0 1.2634461420983323
1677.5 1.7863469012252278
1678.0 2.2753583578130683
1678.5 2.4119729491138395
1679.0 1.8371401041433733
1679.5 1.2199816882776298
1680.0 0.4510713916321081
1680.5 0.8234636446743331
1681.0 1.1580042065602916
1681.5 1.058334692222319
1682.0 1.198572433812148
1682.5 0.5044664154595959
1683.0 0.9081643911877496
1683.5 0.7485061083756475
1684.0 0.6365785406025625
1684.5 0.8881719596626881
1685.0 1.0643359279596425
1685.5 1.1969981561984686
1686.0 0.6647570961563003
1686.5 0.6806722533899432
1687.0 1.5258861475946837
1687.5 1.116379543275021
1688.0 1.9570802335876913
1688.5 2.7126844288434353
1689.0 1.086932442219514
1689.5 2.682072073659357
1690.0 0.4994753205401099
1690.5 2.399874934579767
1691.0 2.2281771440534017
1691.5 1.6802573114984072
1692.0 3.3077840980869677
1692.5 1.483769609358398
1693.0 2.9376865501644693
1693.5 2.714173957913456
1694.0 1.7952594990296733
1694.5 2.615514849606897
1695.0 3.317720407940699
1695.5 1.3984971457126496
1696.0 2.2336714676238607
1696.5 2.0997173455276306
1697.0 1.2754255178687801
1697.5 1.4948627691929524
1698.0 3.7790472052218727
1698.5 1.2217985640407778
1699.0 2.186251651228954
1699.5 2.959462210973817
1700.0 2.8530396735488224
1700.5 2.000531563188136
1701.0 3.9136319321585007
1701.5 1.5934561040427595
1702.0 2.947874178640854
1702.5 3.759182017771144
1703.0 1.333983418851639
1703.5 1.6988828021539364
1704.0 2.125547131184634
1704.5 0.8301164872483584
1705.0 3.7510160054010133
1705.5 2.307823931489057
1706.0 2.939204208588335
1706.5 2.3632867497448613
1707.0 2.765063080147265
1707.5 3.196271490067645
1708.0 3.0382186983839286
1708.5 2.681053998687402
1709.0 2.379530487066135
1709.5 3.1754049745622037
1710.0 1.4859441539353968
1710.5 4.248295717421824
1711.0 1.9789582486278998
1711.5 1.1265692673393635
1712.0 2.288536897225793
1712.5 0.26050234348517165
1713.0 1.0632447212193636
1713.5 1.6175576663378672
1714.0 0.985355100107043
1714.5 0.5347310868027618
1715.0 1.8351685462658305
1715.5 1.086474159132654
1716.0 1.0995600522584517
1716.5 1.310586272719717
1717.0 1.873471997769074
1717.5 1.7192225894115003
1718.0 1.1326545862170807
1718.5 1.57244404714999
1719.0 2.4240063695258294
1719.5 2.17277704249802
1720.0 1.7849032849923332
1720.5 1.1527398307971137
1721.0 1.3256901732274777
1721.5 1.3154484243833378
1722.0 1.084262279712067
1722.5 1.2659650902382218
1723.0 1.1378172502736579
1723.5 0.71666412666835
1724.0 1.7145048917734165
1724.5 1.3050630888961847
1725.0 1.6400945460327738
1725.5 1.007776534179889
1726.0 1.677105325792994
1726.5 1.4863034434325804
1727.0 1.5690304472769632
1727.5 2.013180284958771
1728.0 1.8886885409991887
1728.5 1.9477805167159732
1729.0 3.155513188432062
1729.5 0.8927598009039496
1730.0 1.5873144418579477
1730.5 1.959435120999412
1731.0 1.384545304306326
1731.5 2.2046407553063037
1732.0 1.1438518870618641
1732.5 1.6093779263622054
1733.0 0.9520847520449617
1733.5 1.4244321780364233
1734.0 1.8073723606087364
1734.5 1.7464382143630246
1735.0 1.0884736863457374
1735.5 0.8705008821533446
1736.0 0.7634502311999489
1736.5 0.922882846585675
1737.0 1.035194885641479
1737.5 1.1694370473337772
1738.0 0.9505907983156276
1738.5 0.6449094064533316
1739.0 0.8746818314485719
1739.5 0.8905010546592403
1740.0 1.7400069927130355
1740.5 1.1220109297737764
1741.0 1.9923533604637103
1741.5 3.8857220292344445
1742.0 1.8088133100904542
1742.5 2.4806885934658762
1743.0 2.0661097769140753
1743.5 1.5962448489875953
1744.0 2.2074662612607256
1744.5 2.497798497376366
1745.0 2.775875374318247
1745.5 1.4092229209683245
1746.0 2.347670164399073
1746.5 2.4359326134395385
1747.0 2.433645694897729
1747.5 1.3153016164869717
1748.0 1.1990404982470422
1748.5 1.201985421019999
1749.0 2.552814370381656
1749.5 1.3327230653757582
1750.0 2.8798362550253898
1750.5 1.5036354891130053
1751.0 3.1800907820258164
1751.5 3.0837527238960396
1752.0 2.304823373400394
1752.5 3.2340252169836283
1753.0 1.9501243767559941
1753.5 1.4710737156304785
1754.0 2.1151709908696796
1754.5 1.9871042638658993
1755.0 1.9671956275545144
1755.5 0.7678141476337772
1756.0 2.767216405675187
1756.5 1.7952682638055841
1757.0 2.6731068191835514
1757.5 2.5530800877584086
1758.0 1.4719337361401412
1758.5 1.9334260584677052
1759.0 1.5585781912969559
1759.5 0.6273208449865728
1760.0 1.9932694105836224
1760.5 1.3880653621563597
1761.0 0.8928695674254605
1761.5 1.2201389515770589
1762.0 1.485497348739821
1762.5 1.9820428245231063
1763.0 1.8367831094934406
1763.5 1.988523879673362
1764.0 1.5148614050527485
1764.5 1.3255623554815996
1765.0 2.079553686868353
1765.5 1.3127099799398565
1766.0 1.3863641598667593
1766.5 2.076934702564761
1767.0 1.440990849970925
1767.5 0.46161113043708624
1768.0 1.4514671096918217
1768.5 0.5319540280425736
1769.0 0.610714905314234
1769.5 0.5696860641458341
1770.0 1.7094855757737697
1770.5 0.9485901475532084
1771.0 0.317846656484727
1771.5 1.1287602801023577
1772.0 1.2004170871515698
1772.5 1.4553202949471693
1773.0 0.7881098223387131
1773.5 1.2249757398597279
1774.0 0.7872960434230161
1774.5 1.1732055828806356
1775.0 1.3676436990634546
1775.5 0.946000383630986
1776.0 0.8315844379302886
1776.5 1.180771509347574
1777.0 1.102820488809928
1777.5 0.9051449805323905
1778.0 1.2834287074766246
1778.5 0.9775052427317339
1779.0 0.7281993520937355
1779.5 0.888480244385428
1780.0 0.9364202155829695
1780.5 0.7666449094754606
1781.0 1.0165585892895321
1781.5 0.637654499616762
1782.0 0.48551296371010266
1782.5 0.8058105510067799
1783.0 0.9615323054589157
1783.5 0.8703927824756275
1784.0 1.115386809730348
1784.5 0.7169319818237025
1785.0 1.144247879072927
1785.5 0.9258552116654897
1786.0 0.8347665768598458
1786.5 0.7836387290286921
1787.0 1.0364388238737439
1787.5 1.1676763116248536
1788.0 1.0181198390574107
1788.5 0.7847053544773426
1789.0 1.0497026852123883
1789.5 0.550238895682851
1790.0 1.4097721354016979
1790.5 1.3164875307319366
1791.0 1.8017815191041127
1791.5 2.1650892824926595
1792.0 2.241186352975898
1792.5 1.4434206378564738
1793.0 2.4306633472275534
1793.5 1.1921276126315548
1794.0 0.898028294720057
1794.5 0.2069369641393779
1795.0 0.7289825104322885
1795.5 1.862145399835215
1796.0 0.48411334056222644
1796.5 0.9981409151380117
1797.0 1.6094546822102185
1797.5 2.1327339856254697
1798.0 3.566233829679243
1798.5 0.9618929238217684
1799.0 2.338161964194769
1799.5 1.6929348069605812