600.0 0.9501221341407242
600.5 3.6971368669649243
601.0 3.352321508381996
601.5 4.906074138364787
602.0 2.1007552385806516
602.5 1.307417719493212
603.0 1.3900283641294777
603.5 1.1423565666054796
604.0 0.9605155077467911
604.5 1.6320236240802795
605.0 1.2163469785722785
605.5 0.7015711555788229
606.0 1.0553671648952745
606.5 1.009529201557851
607.0 1.4748090837290417
607.5 1.6782702223346417
608.0 2.340802258470265
608.5 1.8420040781088087
609.0 0.72683785591519
609.5 0.7555703329530592
610.0 0.7284976066396851
610.5 0.740355150831103
611.0 1.5076426016763642
611.5 1.8475027119110523
612.0 1.172468169815459
612.5 2.3730212388596765
613.0 1.7007372161454892
613.5 1.033036610901282
614.0 2.0594357662174683
614.5 1.4520303102399903
615.0 0.6532887734568491
615.5 1.5490599524716373
616.0 1.2616974565803691
616.5 2.625545400227396
617.0 2.2042757576296275
617.5 1.5948774275613846
618.0 1.9184411103836896
618.5 1.9965658183537909
619.0 1.960130380409458
619.5 1.5001801390375327
620.0 1.8505449366900595
620.5 1.6212830454039704
621.0 1.377272442250477
621.5 0.31797410330692366
622.0 4.333496067292841
622.5 1.2941578210420512
623.0 2.992966926148968
623.5 2.4383018826913148
624.0 2.098967443634183
624.5 3.8076408597102924
625.0 4.351957153834023
625.5 1.209581762911849
626.0 3.049839313272331
626.5 3.3701496246482225
627.0 3.4049402330933605
627.5 3.275537298449961
628.0 2.785350525821025
628.5 1.4234576371077508
629.0 2.1444055222966316
629.5 1.6651216611824513
630.0 0.2657049461708467
630.5 0.982682323183553
631.0 1.7631240283857377
631.5 1.8221298019420142
632.0 1.2258437253624315
632.5 2.1155885689827696
633.0 1.0868822752990548
633.5 1.1166488258193747
634.0 1.4076228489945344
634.5 1.497913960852654
635.0 1.6457099254176304
635.5 1.2077520665373076
636.0 3.0672217247964264
636.5 2.2754820640141085
637.0 2.311081639745417
637.5 1.7173826227711664
638.0 2.654553636616492
638.5 1.5880011728319543
639.0 1.7319463093807905
639.5 3.140152851781055
640.0 1.630509350890133
640.5 2.1203875972991986
641.0 1.6938093327466652
641.5 2.5240715503121
642.0 2.9154956662771
642.5 0.21648666089940538
643.0 2.9877475081273293
643.5 0.8577137168394555
644.0 3.2045020622191442
644.5 2.0163516521912057
645.0 1.6968976378657021
645.5 2.0297941997924407
646.0 1.5439759611847068
646.5 1.0903434456719625
647.0 0.890490036816884
647.5 1.828546496852144
648.0 1.4615246305588092
648.5 0.9744638687728377
649.0 1.2102650684102894
649.5 1.9599137752319915
650.0 2.196783500756304
650.5 2.0239672353189757
651.0 0.936340012644665
651.5 1.4608217255971687
652.0 0.354027971019669
652.5 1.8961829276471764
653.0 0.8725663545300039
653.5 2.2521194824207216
654.0 1.8529079626206673
654.5 1.491189357045172
655.0 1.2812405341152224
655.5 1.9848110376434123
656.0 0.7131531332645871
656.5 0.9057619120773388
657.0 1.3681052723366902
657.5 1.203818839336856
658.0 1.5167224296277662
658.5 1.349662143945023
659.0 1.4060282650211187
659.5 1.5614698966532439
660.0 1.0873603997240575
660.5 0.9890878586930326
661.0 0.8706216942474476
661.5 0.7272486739454973
662.0 0.5823103784167865
662.5 0.5910450090663828
663.0 0.8149138266022029
663.5 0.6660535156931306
664.0 0.5296601919072783
664.5 0.5764644166323365
665.0 0.673598360402654
665.5 0.7021529356926206
666.0 0.5401438511020518
666.5 0.9063333880717801
667.0 2.63488977736445
667.5 2.248449300717437
668.0 1.0958320173123712
668.5 1.8912041149024044
669.0 1.7385004548979694
669.5 0.6280346333158922
670.0 1.170621012272644
670.5 2.2618464508147933
671.0 2.3682165538722257
671.5 2.703616151776308
672.0 1.8066583050131113
672.5 0.9043139869342592
673.0 1.2844850150633333
673.5 1.5122784230238235
674.0 3.305498393403524
674.5 1.2448343883181856
675.0 2.3790323088863037
675.5 2.1853208699651248
676.0 1.7528871889442383
676.5 1.4427173567888247
677.0 2.267657041836226
677.5 1.2555732577001772
678.0 1.5376675928763186
678.5 1.9780444947058995
679.0 1.2300693980881037
679.5 1.7630037324081598
680.0 1.101343972645156
680.5 0.7589039369542773
681.0 1.5955286985121198
681.5 1.031433492357721
682.0 1.5249617947586698
682.5 1.328406485209649
683.0 0.6677957540845814
683.5 0.7950989716782255
684.0 0.8130034507243473
684.5 0.7059155818351943
685.0 0.665040966566725
685.5 0.9450742902653146
686.0 1.0071033678959687
686.5 0.7905268334231115
687.0 0.7233737024770257
687.5 0.5563077917489152
688.0 0.8780319093426163
688.5 0.7837319703941628
689.0 0.6340423371097518
689.5 0.6049213745575788
690.0 0.823136232178858
690.5 0.659449421209356
691.0 0.7516799427493479
691.5 0.7827977702655737
692.0 0.7529478435079695
692.5 0.7552360996909175
693.0 2.6361250738329582
693.5 1.6575727512629843
694.0 1.458246903522854
694.5 1.4276461123020037
695.0 2.067300639325724
695.5 0.8587384864725629
696.0 1.2218241541388197
696.5 2.1466239442813384
697.0 1.9742157293676874
697.5 1.6298156081657498
698.0 2.425101294527877
698.5 2.0523332836886734
699.0 1.2248123628709164
699.5 1.2016931527351435
700.0 2.3376953099121813
700.5 2.562570160455131
701.0 1.8643901668511609
701.5 1.2629526813530845
702.0 1.4849056358984432
702.5 2.3102900545701486
703.0 2.45843960495683
703.5 0.5920940534323247
704.0 2.128907935276609
704.5 2.422610325419354
705.0 1.4999182464728518
705.5 2.038851989041883
706.0 1.4166378095312935
706.5 1.2695640661900192
707.0 2.3064079887022126
707.5 2.7531743382245586
708.0 3.2714404569070252
708.5 2.332221210961259
709.0 2.3632375927950253
709.5 2.082371393578344
710.0 1.1269779024489526
710.5 1.6415246095925005
711.0 0.651022417981765
711.5 0.6596452245734099
712.0 1.3903229204613416
712.5 0.7724298260871142
713.0 1.5698092994329051
713.5 2.064478148882225
714.0 1.0303880436589163
714.5 1.8130296910660841
715.0 1.1355546670085745
715.5 1.625142692028719
716.0 1.434213930004407
716.5 1.4131192628381832
717.0 1.0424012509932432
717.5 1.7975305032471944
718.0 2.131081663588261
718.5 1.3121100388000464
719.0 1.6209731654105788
719.5 1.2535423950983657
720.0 1.3317693554574372
720.5 2.1407738340376055
721.0 2.1358917385469303
721.5 2.29355381419421
722.0 2.4585052999102786
722.5 1.8598995731234955
723.0 2.8779961331039443
723.5 2.2407895665160105
724.0 1.8849273681855683
724.5 1.8406071458055826
725.0 0.8039203954192875
725.5 1.8171180624803907
726.0 1.683999093418897
726.5 1.176907028596293
727.0 3.0331785636455617
727.5 1.652656434551127
728.0 2.45900781593227
728.5 0.2915898619223032
729.0 2.913354347510155
729.5 0.3108463359081213
730.0 2.759467946433622
730.5 0.9677421494390661
731.0 1.0030505164607524
731.5 2.510837538811848
732.0 1.4905599413843755
732.5 3.4128559444059903
733.0 1.7069466034023808
733.5 2.316631744434776
734.0 3.9663687673073724
734.5 2.0478097132242223
735.0 2.711363645347978
735.5 2.7543770110083257
736.0 3.07935385659212
736.5 2.2855054521008555
737.0 1.3773519121530051
737.5 3.557811875662728
738.0 2.1318819044918733
738.5 2.356622875113236
739.0 1.0930587627607367
739.5 1.4311624562902048
740.0 2.003269628007674
740.5 0.7291375990298932
741.0 0.9329854430532982
741.5 2.580879460315841
742.0 1.2513211334689567
742.5 2.436979723311272
743.0 2.045648828778549
743.5 1.7556420235268049
744.0 2.344467512541386
744.5 1.6083378485599287
745.0 1.488064687288244
745.5 2.324313686184006
746.0 1.4819798010188143
746.5 1.772238990508648
747.0 0.9248709708003278
747.5 2.368962111440952
748.0 2.6247556028606134
748.5 3.872231077960331
749.0 2.2179853823892515
749.5 1.4477321878058849
750.0 2.5757616643479673
750.5 2.5428271029067884
751.0 1.6875185742325431
751.5 1.495772379796604
752.0 1.7387027566196973
752.5 2.073519701158636
753.0 2.7137795078817186
753.5 1.6078039156781911
754.0 2.842085397697887
754.5 1.7028773803132273
755.0 3.092189877046402
755.5 3.0409834408671097
756.0 3.494398713669966
756.5 2.9538584127606606
757.0 2.713365055030789
757.5 3.085535590411774
758.0 1.6949618281026384
758.5 1.8036078780963136
759.0 3.262236699452317
759.5 2.122757599169049
760.0 2.2728386688513753
760.5 2.7615459138777316
761.0 2.9210304605806288
761.5 1.5855304895698978
762.0 1.8383542167569151
762.5 3.3171312646816666
763.0 3.0673543423984944
763.5 2.9747012874112544
764.0 1.613018220514237
764.5 1.9685858668902352
765.0 0.8278070714901355
765.5 2.014743759488481
766.0 2.1484510333411584
766.5 2.5772055268559884
767.0 2.8082429394220965
767.5 1.4785208083211963
768.0 2.5688119455420484
768.5 2.491330652561711
769.0 2.2547354242213813
769.5 2.075960941542059
770.0 1.7630395983057023
770.5 1.3501302837692957
771.0 2.61087246797846
771.5 2.6678152052133166
772.0 2.376367792240837
772.5 2.290778885018745
773.0 2.4773363301042757
773.5 2.352966659315257
774.0 3.004845721114272
774.5 2.235517205020726
775.0 1.4525557252597179
775.5 2.7976440503876296
776.0 2.644504006658754
776.5 2.2478230991498
777.0 1.9399633487013503
777.5 2.918291309106464
778.0 1.6627820445450117
778.5 1.9725014473073628
779.0 2.7431416644027005
779.5 0.8503236505711959
780.0 0.9671661889538339
780.5 1.6467165246546906
781.0 2.5946749070657207
781.5 2.019202136628964
782.0 1.1212428952568676
782.5 1.7978649191197356
783.0 1.9729073785967466
783.5 1.47637711287449
784.0 1.1401295565174845
784.5 1.9483556198914913
785.0 0.8517659248372632
785.5 1.3190452562007446
786.0 1.0621431143866618
786.5 1.102655286262281
787.0 1.073963084652402
787.5 0.7633946121029977
788.0 0.8845448364146059
788.5 0.7988830529923079
789.0 0.4643036359407815
789.5 0.5923555298904319
790.0 1.1773228852750828
790.5 0.7486936213001743
791.0 0.7077317552257398
791.5 1.1100424830577689
792.0 1.2271597673567796
792.5 0.7074859094670858
793.0 1.1543741903159748
793.5 1.2173924617859742
794.0 0.8131245083255754
794.5 0.7033442611911
795.0 1.166621885989154
795.5 1.2147774356986991
796.0 1.3481629907161254
796.5 1.234458299150956
797.0 1.4526520245863905
797.5 1.2329236598718876
798.0 1.1071050081350413
798.5 0.9815255730601369
799.0 1.1049185466897085
799.5 1.2286926962317206
800.0 1.4297057213455702
800.5 1.143590379140227
801.0 0.715610527716646
801.5 1.4128219434629905
802.0 0.9510822296630821
802.5 1.3729415491991335
803.0 0.959650704565192
803.5 1.3623644381839903
804.0 1.4294909864727172
804.5 1.2189119260875267
805.0 1.3355719461283466
805.5 0.802886397606623
806.0 0.3299346687245771
806.5 0.8106037375050756
807.0 1.4124472656990523
807.5 0.8865112036774174
808.0 0.9352597155091087
808.5 0.8855170879085199
809.0 1.059944632758893
809.5 1.116232850532821
810.0 1.2506074588587532
810.5 1.946571770889064
811.0 1.5684567215171754
811.5 1.0430500272550844
812.0 1.2971138545853367
812.5 1.8983750428050887
813.0 1.1354441345940136
813.5 1.2634227093914245
814.0 1.122512496471042
814.5 1.6225794236404163
815.0 1.9350150974876086
815.5 0.824913450737824
816.0 0.9934749831568591
816.5 1.260849413943562
817.0 1.8580732225951782
817.5 2.14376685405297
818.0 1.1608924334741721
818.5 1.62889519315981
819.0 1.4359376878402297
819.5 2.237746503856696
820.0 1.250411188595939
820.5 1.554019151815253
821.0 1.4682603366850933
821.5 2.1322497509977927
822.0 1.7495149202926994
822.5 0.7924243534960205
823.0 0.2
823.5 0.5407423463845981
824.0 2.1418859338538856
824.5 2.0210882728640027
825.0 1.6199549977705887
825.5 1.1501118225487486
826.0 0.848792910169225
826.5 1.6200542072587139
827.0 0.5420451272475144
827.5 1.4960725121274878
828.0 1.0441645755899438
828.5 1.4404555368244243
829.0 0.9137220318837651
829.5 1.9918119719919913
830.0 1.2305579297029805
830.5 1.6790064872117982
831.0 1.2396986880376641
831.5 1.4778150197603837
832.0 1.6386341885358033
832.5 1.870576168050404
833.0 1.0526523160713952
833.5 1.8099599420384802
834.0 1.6455650775669033
834.5 1.5355945839347127
835.0 1.2982162250888882
835.5 1.465315504394911
836.0 1.5380828608689707
836.5 1.6121925602046727
837.0 0.8584192270991351
837.5 0.7664471883965627
838.0 0.6806054971496893
838.5 0.7095013154531207
839.0 0.7065102644871795
839.5 0.6343957272908618
840.0 0.727048679343897
840.5 2.5948964930177585
841.0 1.7461593211532003
841.5 1.7818749330503096
842.0 1.0001505005906517
842.5 1.1905887709011744
843.0 2.0402333721005093
843.5 1.0359897028946963
844.0 0.621513512562376
844.5 1.245520462449667
845.0 0.4070767895602492
845.5 1.5097164178053417
846.0 1.8009255434128557
846.5 0.6760999231466283
847.0 1.3263887627309212
847.5 0.8679102489144954
848.0 1.290616916793516
848.5 3.036718827030322
849.0 1.4673326173429424
849.5 1.1534175123510984
850.0 2.4738957331853197
850.5 0.9731735330391462
851.0 0.2452858567347429
851.5 2.5832452090750424
852.0 1.4707283950641301
852.5 1.8349920179524286
853.0 1.9261150694154408
853.5 1.2331359309974887
854.0 1.1352516189641824
854.5 2.2405153511705835
855.0 1.9301875429468138
855.5 2.854096350458825
856.0 2.6721541082595044
856.5 2.750165579609516
857.0 0.8745781069330189
857.5 2.2366433158753924
858.0 1.302289209792781
858.5 1.0227617262179869
859.0 1.4333761508414236
859.5 3.805627615294628
860.0 2.2346885603521276
860.5 3.1064159450073525
861.0 1.9301345557095333
861.5 1.625140044035386
862.0 2.3165888399953483
862.5 2.105905777694458
863.0 2.6032296939818966
863.5 1.5800975846357699
864.0 2.012471085824321
864.5 2.3095602876315238
865.0 1.354133307640965
865.5 2.8548174996418783
866.0 1.4067148984675073
866.5 2.377817107025275
867.0 2.0285011070103494
867.5 1.6697334373083805
868.0 2.4952911456222022
868.5 1.8394626370803604
869.0 1.1137052393081877
869.5 1.8813828749045465
870.0 0.9089010848680844
870.5 2.078386459340737
871.0 1.7749549641385813
871.5 2.498787729100279
872.0 0.8738489245932737
872.5 1.8873528670285031
873.0 1.7597228171517099
873.5 1.2691331427161006
874.0 1.681047958939621
874.5 1.7742589094371515
875.0 1.526763599261788
875.5 2.082952223087233
876.0 1.2743287289490834
876.5 0.7077106130635518
877.0 1.6197781967181824
877.5 1.7964235955195138
878.0 1.6588647049206657
878.5 1.3416251521897444
879.0 1.783264251512923
879.5 1.6338433643942354
880.0 1.581449002893932
880.5 1.1094944283739911
881.0 1.2323354878210584
881.5 0.5877946597465632
882.0 1.3723529965519845
882.5 1.1551575699335923
883.0 1.1227759717919303
883.5 1.196573849489297
884.0 0.8793226900282844
884.5 0.9903479048259765
885.0 1.349991772010182
885.5 0.8566644413075009
886.0 1.4974231867519188
886.5 1.1058716282062395
887.0 0.9289334266116043
887.5 1.4737924162874843
888.0 0.7451874549270414
888.5 0.6552718129071866
889.0 0.9054632865695253
889.5 0.6788448360572124
890.0 0.7839519866604483
890.5 0.8381322642027607
891.0 0.42630987401353193
891.5 0.6549950756922329
892.0 0.8863721917671998
892.5 0.5520017530752239
893.0 1.501433011362796
893.5 3.2682224085950975
894.0 2.0806673826895397
894.5 2.500318974700602
895.0 1.9925445702870672
895.5 3.153452777931321
896.0 2.9985706647216634
896.5 2.9480638744708187
897.0 0.33661422996381907
897.5 2.025514194426618
898.0 1.5100079215389617
898.5 0.6647215934697857
899.0 2.2067472409915956
899.5 3.945048623053543