2400.0 1.66389882343206
2400.5 1.9861361881438715
2401.0 1.4703758372177038
2401.5 1.452984042962819
2402.0 1.7462689102704787
2402.5 1.8432797251440365
2403.0 2.336593081487893
2403.5 2.0389902325068383
2404.0 1.1542862710500295
2404.5 1.3649151242951463
2405.0 2.4752768778364986
2405.5 2.7623014014412695
2406.0 3.1768585081932614
2406.5 1.8873194524927752
2407.0 1.6888316770895626
2407.5 0.6846613902858321
2408.0 2.289499958419582
2408.5 2.2326060918488686
2409.0 1.093049749449593
2409.5 3.773110291286822
2410.0 1.814701277562361
2410.5 1.9622811397459612
2411.0 2.0617711233580573
2411.5 0.4351026082618421
2412.0 1.115002852534974
2412.5 3.077047409506384
2413.0 0.9641296426218762
2413.5 1.3074681298911042
2414.0 1.0023604601874991
2414.5 1.213372130798334
2415.0 1.536107751342123
2415.5 1.0488767856446208
2416.0 2.2830736921312704
2416.5 2.2099847004414395
2417.0 0.9601917050201696
2417.5 2.215788025158903
2418.0 0.3106694875552438
2418.5 1.3741186279493285
2419.0 2.122418251017692
2419.5 1.3536154151342563
2420.0 2.347320235478378
2420.5 2.2215396822867
2421.0 1.3723892798111113
2421.5 1.2700198262569427
2422.0 1.188052623087478
2422.5 2.126651588683995
2423.0 2.0433497805559298
2423.5 2.0690515770542928
2424.0 0.7515023878799665
2424.5 0.8279442241103805
2425.0 1.67842924558428
2425.5 1.29689829234407
2426.0 1.440806590226777
2426.5 2.6996275082170147
2427.0 1.363033369687881
2427.5 1.4294153102795562
2428.0 1.736202647109993
2428.5 2.357895036621435
2429.0 2.8268806066120242
2429.5 1.5072636872083216
2430.0 2.232561215837619
2430.5 0.7492078156077657
2431.0 1.6635125012116925
2431.5 2.1289384374980767
2432.0 1.8270126093229744
2432.5 1.3365842316038612
2433.0 2.5815443546839028
2433.5 2.520906063124947
2434.0 3.4260109952998303
2434.5 2.744153382509565
2435.0 1.0055556777784314
2435.5 1.870154736676311
2436.0 2.279855092131958
2436.5 2.211408026315019
2437.0 0.7312520315124669
2437.5 1.5254359886466575
2438.0 2.095053574324586
2438.5 0.31921332149416126
2439.0 2.4121731391560455
2439.5 1.0697089582879906
2440.0 1.272330059206313
2440.5 0.2
2441.0 0.43195870130057323
2441.5 2.6948562120097908
2442.0 2.3877621967660443
2442.5 1.5925444173250312
2443.0 1.6114486414870453
2443.5 1.7898481859079074
2444.0 0.7628368360130999
2444.5 1.6840603244564964
2445.0 0.9464969543634049
2445.5 0.2
2446.0 0.9377437915564275
2446.5 1.9633766547853826
2447.0 1.007376382557198
2447.5 0.9212033226837231
2448.0 1.3709905898595798
2448.5 1.6459114087367912
2449.0 2.6991263088075073
2449.5 2.584768048863908
2450.0 1.0299960186224517
2450.5 0.9552567947629876
2451.0 0.3594121470651013
2451.5 1.2519874253560146
2452.0 1.3176529241532444
2452.5 1.709707503043293
2453.0 2.1726202130441252
2453.5 2.9522593578531935
2454.0 0.2
2454.5 1.3624912489184224
2455.0 2.0624826508546166
2455.5 2.6784708791499057
2456.0 3.014324366259271
2456.5 3.261322535476627
2457.0 2.792857912704968
2457.5 2.3191196165115264
2458.0 3.901454905049281
2458.5 3.557295164351231
2459.0 2.449255192474788
2459.5 3.2212217372742193
2460.0 2.3967711760089974
2460.5 3.508122370012198
2461.0 2.2192756260855284
2461.5 2.7558544161961698
2462.0 1.219558671786533
2462.5 2.5903218313991188
2463.0 1.699611786107639
2463.5 0.9855639862649681
2464.0 0.8448640270344745
2464.5 2.548613036185098
2465.0 2.8872595487464707
2465.5 2.4003443448836217
2466.0 1.3113287550635682
2466.5 1.8389740020258973
2467.0 2.8495880465344077
2467.5 3.038145297798852
2468.0 2.5677238748269704
2468.5 2.822433213531352
2469.0 3.703983366078714
2469.5 3.0557387944047654
2470.0 1.5739768012321083
2470.5 3.8278117667063234
2471.0 2.7304791291483905
2471.5 2.449436924471288
2472.0 3.175959751634852
2472.5 3.0299364065858234
2473.0 1.9065243368033733
2473.5 1.4928922568763887
2474.0 2.572137435156348
2474.5 2.0368007649199495
2475.0 1.7858095784953036
2475.5 1.9938493227197016
2476.0 2.956783655924323
2476.5 0.2
2477.0 2.376607362951855
2477.5 2.1969055162987203
2478.0 2.0913770755881216
2478.5 2.303941385720832
2479.0 1.3821504489522294
2479.5 2.822231612920186
2480.0 0.6369284886362292
2480.5 1.6713020781555752
2481.0 1.25028602052997
2481.5 5.528584845299968
2482.0 0.6795272627094444
2482.5 2.6007636614452556
2483.0 3.193376192256022
2483.5 0.6587608281528132
2484.0 3.8445458464978555
2484.5 2.8216328899944054
2485.0 1.4110966334839914
2485.5 0.5731931629396317
2486.0 1.2804200564557304
2486.5 0.9428739782069314
2487.0 1.1162229314185899
2487.5 0.6317170262135544
2488.0 1.041324952604836
2488.5 1.0002809675211946
2489.0 0.8435073501614165
2489.5 0.9345180855514718
2490.0 1.3550820988159056
2490.5 2.577161395990873
2491.0 2.840276413355359
2491.5 2.3202090385316905
2492.0 1.8919004397617427
2492.5 1.6900225511584654
2493.0 2.7604184683212454
2493.5 2.9486829963751253
2494.0 1.6240186583800396
2494.5 1.4212453848892914
2495.0 0.9552983111879849
2495.5 2.3472806810824682
2496.0 3.6064231556653574
2496.5 3.5538206299694504
2497.0 2.151665403407749
2497.5 0.9653630192979954
2498.0 3.1266006043884964
2498.5 1.3801986926296723
2499.0 0.8627367963129016
2499.5 2.0885167929829906
2500.0 1.4006747946574813
2500.5 2.2075032967262005
2501.0 1.3957492721023446
2501.5 1.1028539169166849
2502.0 1.2365383900549871
2502.5 2.7611380748077434
2503.0 1.266522830629922
2503.5 1.1088507221288995
2504.0 1.9251464685378572
2504.5 2.9187319836894323
2505.0 0.796847931512197
2505.5 1.199425703286235
2506.0 0.9523913075614945
2506.5 0.6182080327914503
2507.0 0.9271134073916732
2507.5 1.1544719863811905
2508.0 0.9465251412024596
2508.5 1.1993012503120641
2509.0 0.9990982130000786
2509.5 0.8133545868510009
2510.0 0.8548896861218601
2510.5 0.8050842794255751
2511.0 0.5151327337160215
2511.5 1.0042647605211223
2512.0 0.8475985769971701
2512.5 2.8730029040880254
2513.0 3.194796856402335
2513.5 1.757299241117932
2514.0 3.633035998713395
2514.5 1.8216295323552565
2515.0 2.002114695986041
2515.5 0.7968929783503169
2516.0 2.03603398995076
2516.5 1.4588011830561682
2517.0 1.680082155537079
2517.5 1.0203603151209495
2518.0 1.9469441968715215
2518.5 1.1048655889620906
2519.0 2.196906481466174
2519.5 0.5492161614119213
2520.0 2.1992621120014344
2520.5 2.0565317178844515
2521.0 0.950598856960361
2521.5 2.4240029550132602
2522.0 1.0784316172676265
2522.5 1.902363280941327
2523.0 0.9013841831880833
2523.5 2.4383261786610415
2524.0 1.3854182165371678
2524.5 1.3829736459160267
2525.0 0.8464427935699026
2525.5 1.6770873042177947
2526.0 0.980668568074321
2526.5 1.5320243908418534
2527.0 1.2041507512281444
2527.5 1.4658017987941943
2528.0 1.092348349468575
2528.5 1.3832762231296476
2529.0 1.3419031783309137
2529.5 1.3853424388372182
2530.0 1.7315455558200785
2530.5 1.2259285089029064
2531.0 2.0798720823255086
2531.5 1.2837368984125996
2532.0 1.2094112239497699
2532.5 0.8271313347830109
2533.0 1.9179240426469477
2533.5 1.1730862076985704
2534.0 2.1599814504056694
2534.5 1.3405541681746431
2535.0 1.583854074016246
2535.5 1.6770124785985434
2536.0 1.6449192196016733
2536.5 0.7675421992939859
2537.0 2.094867257166129
2537.5 1.516705385045471
2538.0 1.4397099172441827
2538.5 1.6255316539830287
2539.0 0.6229000851053135
2539.5 0.8725019401159951
2540.0 2.053349292943305
2540.5 2.0702056955519517
2541.0 1.3602680055308662
2541.5 1.5885475769257733
2542.0 1.9835083460409249
2542.5 1.55055941183908
2543.0 1.3732029716532317
2543.5 1.0019720217955026
2544.0 1.3137638541616241
2544.5 0.9523585254554037
2545.0 1.7665985195756908
2545.5 1.341346968479318
2546.0 1.355263226905048
2546.5 1.3721462292855522
2547.0 1.364550981659655
2547.5 1.5162985332702408
2548.0 1.1981343475918966
2548.5 2.1561282836757525
2549.0 3.4612785128005665
2549.5 2.6584247510463053
2550.0 2.1605766872387147
2550.5 2.258793672745469
2551.0 1.0552778854549156
2551.5 2.065014578774864
2552.0 2.7328954186529746
2552.5 3.456455546360884
2553.0 0.728632866645039
2553.5 1.5197965294465041
2554.0 0.6080346051069978
2554.5 0.6592612436278986
2555.0 0.9183374557932484
2555.5 0.706479421052528
2556.0 1.0484405857969037
2556.5 2.6829463338071977
2557.0 1.9452452074747395
2557.5 2.1488885006711205
2558.0 1.4797755685356506
2558.5 1.9069480200298685
2559.0 1.111945091684766
2559.5 1.1482956335412147
2560.0 2.579198324737087
2560.5 1.5950687549355589
2561.0 1.6098877229673603
2561.5 2.5459713091388556
2562.0 1.267634111995913
2562.5 1.292930269045506
2563.0 1.3484990008166027
2563.5 2.578368659134851
2564.0 0.8423258058096749
2564.5 2.033723463783172
2565.0 1.2264827059805086
2565.5 1.942597223070645
2566.0 0.8193071104353367
2566.5 0.8910101883303344
2567.0 1.6825097757896563
2567.5 1.2432096792867082
2568.0 1.8336206165239122
2568.5 1.7042793375243794
2569.0 2.4508001245102733
2569.5 1.6024086597097023
2570.0 1.629378729375412
2570.5 3.060910490947095
2571.0 2.1739132457203634
2571.5 2.686892209872929
2572.0 0.9729711685163868
2572.5 0.8051035779840241
2573.0 0.8850228342181828
2573.5 0.9381358321103687
2574.0 0.7649462224993575
2574.5 1.2836333310781904
2575.0 0.7218204067495212
2575.5 1.6261221904066896
2576.0 1.4461800092151578
2576.5 1.7032713515044513
2577.0 1.3259893609318674
2577.5 1.595441255439755
2578.0 0.2408984228189397
2578.5 2.9312910679426194
2579.0 1.543486390413194
2579.5 3.392305183224272
2580.0 1.6226287625448852
2580.5 0.8835480760401111
2581.0 2.4527371922739913
2581.5 1.1314524672723674
2582.0 2.7528098314950027
2582.5 3.5652915469617126
2583.0 1.4538935234200556
2583.5 2.9975441229011546
2584.0 0.7001642638570398
2584.5 2.356603917445305
2585.0 0.8098286564593796
2585.5 0.9516883668480335
2586.0 0.8229971259602721
2586.5 1.129122177545133
2587.0 1.104064390057062
2587.5 0.6750480999406632
2588.0 2.3136471649753583
2588.5 1.3177493268528093
2589.0 1.6573328410519759
2589.5 3.480447403259986
2590.0 2.201637586297137
2590.5 2.8162665135583786
2591.0 2.1752979554849863
2591.5 0.2
2592.0 0.8612496460711632
2592.5 0.7637870828022023
2593.0 1.6524981522772553
2593.5 0.9277323655046449
2594.0 1.5432105572758017
2594.5 1.8490289625229475
2595.0 2.492972281852593
2595.5 1.9505331502197596
2596.0 1.8431918020766993
2596.5 1.8019886296349608
2597.0 1.28076440023201
2597.5 1.603151354142142
2598.0 1.1557389430791287
2598.5 0.3831975003967023
2599.0 1.1832930654515228
2599.5 1.5423693631761148
2600.0 1.685123359341023
2600.5 1.9523873968075405
2601.0 0.8963819077176851
2601.5 1.3717963652136127
2602.0 0.8402593574460339
2602.5 1.324369135153726
2603.0 1.6955289763985428
2603.5 1.7146065598597215
2604.0 1.6786317059888045
2604.5 1.1216156230709702
2605.0 1.225478048939091
2605.5 1.6637833754540106
2606.0 1.1482189442615356
2606.5 0.9857123192911306
2607.0 1.4457992911969728
2607.5 1.3343824170037517
2608.0 1.754578595434977
2608.5 3.108787968325011
2609.0 2.847946139495471
2609.5 2.774926260074293
2610.0 3.1175405419801505
2610.5 4.1344759883960815
2611.0 2.7843331077819258
2611.5 2.160538783056931
2612.0 2.9369795983456175
2612.5 1.035022696866905
2613.0 2.491990538256272
2613.5 2.9889687822899407
2614.0 3.076039622342881
2614.5 0.9926006572886026
2615.0 1.8789919150517553
2615.5 0.8837909895944401
2616.0 0.9880562671465686
2616.5 1.0818964090327348
2617.0 0.829978535092642
2617.5 0.9357313682433247
2618.0 1.1569711126386637
2618.5 3.0195996211388687
2619.0 2.4145976674829757
2619.5 3.080202550413196
2620.0 1.1870274660609947
2620.5 0.6455116561245249
2621.0 2.9473038858904017
2621.5 2.4428653494643933
2622.0 0.734847577703293
2622.5 1.5273754781068676
2623.0 1.5811666322442761
2623.5 0.8743916919676804
2624.0 1.7265349377765657
2624.5 1.2017969700343243
2625.0 1.5314938392246775
2625.5 1.8059236983592586
2626.0 2.198309206348431
2626.5 2.726908677246837
2627.0 2.3840431629083882
2627.5 1.0436960638645838
2628.0 2.855340074413465
2628.5 3.172188142398194
2629.0 3.381947721734532
2629.5 2.1049907428822996
2630.0 2.2831629219473117
2630.5 4.636152265743034
2631.0 3.011456328868159
2631.5 1.1195155833747799
2632.0 0.43864293753059047
2632.5 2.3425047101014873
2633.0 1.9062176963041109
2633.5 2.2327331961255616
2634.0 1.4306554253899952
2634.5 3.3979500424153115
2635.0 4.268514063288438
2635.5 2.1922836182452348
2636.0 2.6542806412278015
2636.5 1.13994942106285
2637.0 0.5327611786487374
2637.5 3.2888225276260283
2638.0 2.177027437275464
2638.5 0.7049644571065864
2639.0 1.2815588382486638
2639.5 1.7911887688863835
2640.0 1.3515300184558903
2640.5 1.1982054301565042
2641.0 1.0865020758146036
2641.5 1.4311972496495446
2642.0 0.6919019391973905
2642.5 0.809866285807626
2643.0 0.6382162402654366
2643.5 0.6399088105383288
2644.0 0.7746463448712344
2644.5 0.7336703343372919
2645.0 0.7019691923316744
2645.5 0.24355952840674666
2646.0 0.8856169498219657
2646.5 1.3060528132419842
2647.0 1.1573018527323669
2647.5 1.4702038348739432
2648.0 1.3159457297402786
2648.5 1.402718708498453
2649.0 1.2798607896585419
2649.5 1.5124008027324
2650.0 1.4738109133791881
2650.5 1.2285780713797663
2651.0 1.1141029813813783
2651.5 1.4236867238474744
2652.0 1.5877391050911531
2652.5 1.0424037495468415
2653.0 1.4433777858890053
2653.5 0.7116119116992076
2654.0 2.072916801185836
2654.5 0.8880787275701425
2655.0 1.1412929873477
2655.5 0.9196436562462915
2656.0 1.8155470439519312
2656.5 0.9434499745772511
2657.0 0.8106634070708207
2657.5 0.6294493053000028
2658.0 1.530196208651604
2658.5 2.143819954348828
2659.0 1.2295939674428034
2659.5 1.143779243070008
2660.0 2.4541449148877335
2660.5 1.1630530932897885
2661.0 1.6467286251510243
2661.5 1.610361038153337
2662.0 1.7462121519463891
2662.5 2.6032675297081784
2663.0 2.391849172543294
2663.5 1.9010767526949448
2664.0 2.2157779721889934
2664.5 2.3107015010770127
2665.0 2.010438318459941
2665.5 1.8615814326094422
2666.0 0.5664682334056339
2666.5 0.9647301607525004
2667.0 1.0828146306453377
2667.5 1.2981434831688135
2668.0 0.8955689703300729
2668.5 0.8430357245624691
2669.0 1.074133730830682
2669.5 0.9291439467891239
2670.0 1.0716386932941362
2670.5 3.6188040090694757
2671.0 1.5065974992624043
2671.5 1.9001929011793444
2672.0 3.4953064195335632
2672.5 0.5402174777893813
2673.0 1.1487378252206117
2673.5 2.7275303089550977
2674.0 2.1233306901806657
2674.5 3.2850573596453496
2675.0 2.701620580819448
2675.5 4.083197033304389
2676.0 1.7529089380035692
2676.5 0.31722694729685275
2677.0 2.313137290413018
2677.5 2.6946522693726855
2678.0 1.811412076769987
2678.5 0.5121180644248602
2679.0 1.5483177522739164
2679.5 0.6922741387256031
2680.0 1.1373920062480496
2680.5 1.7445180349818856
2681.0 1.0194081845586085
2681.5 1.0130931833263856
2682.0 1.8903024511463418
2682.5 1.2012276220572842
2683.0 2.5878925774776933
2683.5 1.2403142615646128
2684.0 2.06062343632035
2684.5 1.5606306655975941
2685.0 2.301036966604581
2685.5 2.1203236647743866
2686.0 0.9990427920097459
2686.5 2.359220060851634
2687.0 1.5804484364638658
2687.5 1.9079881824635607
2688.0 1.237148238532447
2688.5 1.709446591921731
2689.0 0.9849357397134607
2689.5 0.7807485283925026
2690.0 1.4876970076143416
2690.5 1.3077850785366958
2691.0 1.8408423187574885
2691.5 2.1104050423042007
2692.0 2.538595644658037
2692.5 1.4958272004227982
2693.0 2.6140075864056094
2693.5 1.1381153859989164
2694.0 2.2263908464697786
2694.5 2.177242930698304
2695.0 1.173573438963096
2695.5 1.729106084613607
2696.0 2.91155879963675
2696.5 2.464151171754872
2697.0 3.4017927236414267
2697.5 0.6104918279223006
2698.0 1.5481107728310595
2698.5 1.3304258285887351
2699.0 1.2670167186229393
2699.5 2.341671276964714