1200.0 2.9753694495190537
1200.5 4.2271134526248195
1201.0 2.8855153606113673
1201.5 1.3234305557608075
1202.0 1.6015277963374541
1202.5 2.850287292939626
1203.0 1.5937483865952038
1203.5 1.333609790345815
1204.0 2.776929847106299
1204.5 2.2220155853523114
1205.0 2.4695113437155918
1205.5 2.627184162134248
1206.0 3.53844749728699
1206.5 4.1138442838020985
1207.0 1.8634398762913347
1207.5 0.2
1208.0 3.237222858049987
1208.5 0.2
1209.0 3.3638428369204614
1209.5 0.8687781970207011
1210.0 1.1660422935469472
1210.5 1.38646719216915
1211.0 1.6206146956623826
1211.5 0.8774041488562804
1212.0 1.2620313286895883
1212.5 1.97649275689866
1213.0 1.7687749193980462
1213.5 2.4857839221629385
1214.0 1.791339138778312
1214.5 3.1799529336126637
1215.0 1.1044818779353283
1215.5 1.706296025238837
1216.0 3.763301621507356
1216.5 2.3260509158670173
1217.0 3.7141652248887476
1217.5 2.0758968697998315
1218.0 4.649727045109168
1218.5 1.8342726849567361
1219.0 3.0637474211988573
1219.5 0.821606210666308
1220.0 0.2
1220.5 1.3726809623314495
1221.0 2.3410442245060974
1221.5 2.2495506160326046
1222.0 3.192383742935963
1222.5 1.7569261080406826
1223.0 3.5388012189229974
1223.5 3.4168342061310266
1224.0 1.4535750716127407
1224.5 1.5382333347360528
1225.0 0.5813533457016691
1225.5 2.3578324000364033
1226.0 0.8996260665208116
1226.5 1.6418393885540485
1227.0 1.1179306971151686
1227.5 1.2299397677360628
1228.0 1.1738934453429757
1228.5 1.7808785198825428
1229.0 1.470977416397889
1229.5 1.1586804129613493
1230.0 0.9707789672601781
1230.5 1.732018896961632
1231.0 0.7988471223359934
1231.5 1.0594958789066293
1232.0 1.1366574872055522
1232.5 0.954369104010818
1233.0 1.3271550677403645
1233.5 1.511201172502831
1234.0 1.0366212927818186
1234.5 1.4321966264749855
1235.0 1.6076068250648534
1235.5 1.235212318309116
1236.0 1.8874182474901307
1236.5 1.7617693370903962
1237.0 1.8061515418682637
1237.5 1.0148759269326675
1238.0 1.3863458683611185
1238.5 0.2
1239.0 1.659708374386853
1239.5 1.8042170288395278
1240.0 1.2407936175838552
1240.5 1.5435622582320563
1241.0 1.694675810835222
1241.5 1.6413876367225302
1242.0 2.4487168129886614
1242.5 2.6059065751291035
1243.0 4.4180059774994715
1243.5 2.891889295355418
1244.0 1.2221412207486853
1244.5 3.69947377043533
1245.0 1.7987831349213288
1245.5 4.478069341539953
1246.0 1.6035594271239844
1246.5 1.04485622650527
1247.0 2.0328785633205007
1247.5 2.782015341147578
1248.0 2.5790000322531395
1248.5 2.251546240891634
1249.0 1.338018779087541
1249.5 1.903875983027668
1250.0 1.6474659471492372
1250.5 1.5334301226989435
1251.0 1.959846973295645
1251.5 1.191314169917456
1252.0 1.3195436559136384
1252.5 2.069078200395135
1253.0 1.7591265439244075
1253.5 1.9853995690772308
1254.0 2.3961769730721683
1254.5 2.224491117691362
1255.0 2.3550250581576018
1255.5 2.465436484568687
1256.0 0.9869031390412767
1256.5 2.5114350325660055
1257.0 1.556150069468786
1257.5 1.5979572832721376
1258.0 0.849841007200377
1258.5 1.8036247354298935
1259.0 0.7031524173691248
1259.5 1.6313330566724888
1260.0 2.2100889996205644
1260.5 0.8303611411427854
1261.0 3.09210156983176
1261.5 0.8280357261749595
1262.0 0.6870850501937347
1262.5 0.9922291348677332
1263.0 0.6651739376057342
1263.5 1.1536057195327722
1264.0 0.7378454669083931
1264.5 0.9639291781539554
1265.0 0.9642547799402027
1265.5 0.49575620305743795
1266.0 2.2320490342548904
1266.5 1.6481139178112425
1267.0 2.2051194848588924
1267.5 1.9345142147583096
1268.0 0.5560336345729053
1268.5 0.8814644461402756
1269.0 1.648895234804338
1269.5 1.7370051767384171
1270.0 1.0981466364533612
1270.5 0.7644048451456821
1271.0 0.9280365191503028
1271.5 0.8083257289969641
1272.0 0.6403636555513748
1272.5 1.0645056344984345
1273.0 0.9621491536331095
1273.5 0.87420220655166
1274.0 1.3078120524996257
1274.5 1.2254661409071144
1275.0 1.583018406171771
1275.5 1.0386048745581993
1276.0 0.576039871407086
1276.5 0.7216714536919573
1277.0 0.6068412382004538
1277.5 0.6101231415994003
1278.0 0.7349461720139443
1278.5 0.6723480309045075
1279.0 0.7514042284329907
1279.5 0.5268795476582249
1280.0 0.5555213960623908
1280.5 0.7135176172381157
1281.0 0.8561853140811055
1281.5 0.7114177379051008
1282.0 0.7423173763492299
1282.5 0.7574613211947059
1283.0 0.5970780564657245
1283.5 0.7663904814191538
1284.0 0.6970756225149917
1284.5 0.6796198411639274
1285.0 0.7142580959923859
1285.5 0.7270791508220869
1286.0 0.6390473863438315
1286.5 0.7391889642157061
1287.0 0.556635803297058
1287.5 0.6588319575110873
1288.0 0.7403083654395948
1288.5 0.6363778268571172
1289.0 3.2618609569805628
1289.5 2.09084846671745
1290.0 3.5336276645563753
1290.5 2.460793868332651
1291.0 2.783697117588904
1291.5 2.5854358265193564
1292.0 2.277497174307561
1292.5 1.6578877576541537
1293.0 2.723442111304721
1293.5 1.6288388444666124
1294.0 3.2005200295597684
1294.5 0.9163120469652735
1295.0 2.827456457097781
1295.5 2.4427400248878692
1296.0 1.6241257552281587
1296.5 2.661296655126545
1297.0 3.1683126174697622
1297.5 3.2323460062692755
1298.0 1.4895379065762429
1298.5 1.2671934489692955
1299.0 1.361276648365168
1299.5 1.2174483087401797
1300.0 4.036940615154351
1300.5 2.779315233444759
1301.0 0.9833524187219618
1301.5 2.170240486637773
1302.0 1.4077919892384998
1302.5 0.2
1303.0 2.029968652921683
1303.5 1.916443145687102
1304.0 1.3833908827414978
1304.5 2.2113400554264255
1305.0 0.2800752877240602
1305.5 2.8001350133913885
1306.0 1.6233830824696747
1306.5 2.3399358198078573
1307.0 1.7602715305920218
1307.5 1.697218885499658
1308.0 2.1119938223961
1308.5 0.6238100369899666
1309.0 0.5041105043852008
1309.5 2.2318878361092493
1310.0 1.3510179150842472
1310.5 0.7429918670103373
1311.0 1.8590837135720528
1311.5 1.6338121105818513
1312.0 1.2259364866710776
1312.5 2.4189002642783337
1313.0 0.2
1313.5 1.9516685609490332
1314.0 1.8154352268277272
1314.5 2.089916600742043
1315.0 2.8693745310081207
1315.5 2.525378708944099
1316.0 3.3513349008709756
1316.5 1.684430250230426
1317.0 1.5313663184121942
1317.5 1.50368602988934
1318.0 1.8503965180994155
1318.5 1.2288788465140983
1319.0 1.0387677682959127
1319.5 1.3327070933666287
1320.0 1.6886373389087637
1320.5 0.6459337263284932
1321.0 0.9140191177332346
1321.5 1.1077748059288397
1322.0 0.596321723047304
1322.5 1.3823034018643456
1323.0 0.473710346460688
1323.5 1.103763798282574
1324.0 1.5977197860242267
1324.5 1.1164390046923867
1325.0 1.239583129204766
1325.5 1.9361119391046802
1326.0 1.145084935570805
1326.5 0.5774392643257549
1327.0 0.8957409576297868
1327.5 1.2597797301165419
1328.0 0.7914425896533485
1328.5 1.4211277461418517
1329.0 0.7063339608817158
1329.5 0.6317998542222402
1330.0 0.7311855539500429
1330.5 0.7560524370625727
1331.0 0.6869524764282631
1331.5 0.6692337294094641
1332.0 0.7953000100646881
1332.5 0.5616989536707435
1333.0 0.7467776697187347
1333.5 0.731221533957489
1334.0 0.6678177825701446
1334.5 0.7829550213485983
1335.0 0.6557044436661319
1335.5 0.6681783493885827
1336.0 0.6841039684343219
1336.5 0.7477629706330522
1337.0 0.7794695429397811
1337.5 0.7372162939482276
1338.0 0.9047466715258388
1338.5 1.5481570313772703
1339.0 0.908308159590334
1339.5 1.3347645368174754
1340.0 2.333099806080277
1340.5 1.4852688429258554
1341.0 2.4001211325950065
1341.5 4.4987646788157605
1342.0 2.367936351622187
1342.5 1.0359058699991566
1343.0 0.30970681946228606
1343.5 2.982135435394008
1344.0 2.4387823504725428
1344.5 1.5603108978098126
1345.0 0.2
1345.5 1.3953965864412652
1346.0 1.598676804357081
1346.5 2.9689046115616584
1347.0 0.2
1347.5 2.116484077129456
1348.0 2.1497333449819203
1348.5 1.849544607420821
1349.0 2.182440565552883
1349.5 1.260551786406232
1350.0 3.306684302276949
1350.5 1.3653021390200135
1351.0 2.4572384725570644
1351.5 2.2908424931163207
1352.0 1.6234524896476898
1352.5 1.9243611523721755
1353.0 2.5252105195055248
1353.5 2.914897917503395
1354.0 2.5947865337355074
1354.5 2.32564345285869
1355.0 0.7763639440395691
1355.5 1.8408644368087659
1356.0 1.7658455777642819
1356.5 0.48033892378773535
1357.0 3.2506984011632225
1357.5 1.976969985137468
1358.0 1.4332762417181115
1358.5 2.828119296729782
1359.0 0.9438372682842842
1359.5 3.151925841687902
1360.0 3.585912533782475
1360.5 1.3327400276366212
1361.0 1.7241998504406715
1361.5 2.9701199586355864
1362.0 0.8724924517469554
1362.5 0.9767513568151597
1363.0 0.7304513070227525
1363.5 0.6921496970104646
1364.0 1.5939219448791366
1364.5 1.2857306130240598
1365.0 0.691186258055835
1365.5 0.5463314828504761
1366.0 0.9576940916522245
1366.5 0.7569082270251444
1367.0 0.9836514881918846
1367.5 0.494680592700493
1368.0 0.6811229540725847
1368.5 0.8918456667077701
1369.0 0.627722756102967
1369.5 0.9636634177602846
1370.0 0.940259473774808
1370.5 1.1153637261836518
1371.0 0.8883178135457912
1371.5 0.6001142179620256
1372.0 1.2307645809208405
1372.5 1.7666821225015406
1373.0 2.5427287890295545
1373.5 0.738628523170006
1374.0 2.561950341643973
1374.5 1.7088185150105273
1375.0 0.9471188896288958
1375.5 1.7961161195820743
1376.0 0.5888253922298265
1376.5 2.466402069563209
1377.0 1.9444313874492407
1377.5 2.2061405668559155
1378.0 2.3758058437386707
1378.5 1.7494876019910404
1379.0 1.3024284170818057
1379.5 1.3860490949727118
1380.0 0.864889979419735
1380.5 1.3295813986670642
1381.0 1.3175858208164342
1381.5 1.0601160686094913
1382.0 1.1917748974551352
1382.5 1.5120991844466365
1383.0 0.7614892716349115
1383.5 1.3420686822699843
1384.0 0.9289421239030463
1384.5 1.574080297298678
1385.0 4.7746891960741
1385.5 2.8493334016097016
1386.0 1.4896018083888527
1386.5 1.901354236372436
1387.0 2.6123374079391555
1387.5 1.662057758427729
1388.0 2.035881913650079
1388.5 2.0507731218502396
1389.0 2.644954299503022
1389.5 3.3151187337435184
1390.0 1.1001018001645992
1390.5 1.4455899037198177
1391.0 1.718540876519836
1391.5 1.9271019365281992
1392.0 1.9897425890800107
1392.5 1.7469268239347475
1393.0 1.772146170123349
1393.5 1.1862103353581923
1394.0 1.9476021624600794
1394.5 1.320680046212793
1395.0 1.5120104053185643
1395.5 2.3451039280474526
1396.0 1.7147733737292528
1396.5 1.2402724123402014
1397.0 1.1688518581519212
1397.5 0.9050731863706323
1398.0 0.897792344702496
1398.5 1.27857920659708
1399.0 0.9179866527378283
1399.5 0.9915713185281428
1400.0 0.8637695325339257
1400.5 0.9075763112700748
1401.0 1.3534298406876024
1401.5 0.9420659264332469
1402.0 1.259489256791706
1402.5 1.1641794552525546
1403.0 1.1503756494737272
1403.5 1.3685260964442132
1404.0 1.002389277207498
1404.5 1.0285270408872147
1405.0 0.7665162799759699
1405.5 1.638866861670546
1406.0 0.7322553726981034
1406.5 1.182155720758977
1407.0 1.5896047134595455
1407.5 1.6924393910153444
1408.0 2.1222171572587083
1408.5 3.151017319075204
1409.0 1.7392184930437682
1409.5 1.7863254121157177
1410.0 0.8262892667729125
1410.5 3.1996897095799817
1411.0 1.3996888636195628
1411.5 0.9656435579703443
1412.0 1.3598156518208304
1412.5 1.4660472545521706
1413.0 1.7982184186120684
1413.5 0.2
1414.0 2.4650535579961974
1414.5 1.8051403989534913
1415.0 1.2175802430023093
1415.5 3.704561047503378
1416.0 1.943512280221773
1416.5 1.7708573462541455
1417.0 3.4848985380139856
1417.5 0.44427274830979546
1418.0 3.5282283870393014
1418.5 3.662388831421374
1419.0 2.851873119311696
1419.5 4.22745447343263
1420.0 1.5660122432934234
1420.5 2.94019184188162
1421.0 1.2890322168760575
1421.5 1.776907597989523
1422.0 1.016535942392772
1422.5 2.096572945832248
1423.0 1.2113363233106442
1423.5 1.5005259034852354
1424.0 2.203092206991938
1424.5 1.6453119538297927
1425.0 1.414469922145759
1425.5 1.7431135349516436
1426.0 2.064587032534483
1426.5 2.899331300484029
1427.0 1.689326413073818
1427.5 1.1310348283190426
1428.0 2.050693587072635
1428.5 1.6221764686771507
1429.0 1.5453722992626897
1429.5 0.743253357790338
1430.0 1.740087229540015
1430.5 2.133681671330671
1431.0 3.09270339956336
1431.5 3.150467532377549
1432.0 0.8266139708727264
1432.5 2.676026780927802
1433.0 2.688951330488713
1433.5 2.825944506703762
1434.0 2.34759913628432
1434.5 1.1862103923245888
1435.0 2.354742424313855
1435.5 2.4263030846383784
1436.0 2.396004990738267
1436.5 1.9586010810720142
1437.0 1.3914070810591777
1437.5 1.3858607246753842
1438.0 0.8317298236689867
1438.5 0.6969621278779983
1439.0 1.3079495941222044
1439.5 0.8534228520174157
1440.0 1.185565155335532
1440.5 0.7848560507573975
1441.0 1.1293937497982105
1441.5 0.7639960851246927
1442.0 1.0823944554604874
1442.5 1.224469385291486
1443.0 1.000749210945962
1443.5 1.0399130742297709
1444.0 1.2529695362037185
1444.5 1.0232156557690977
1445.0 0.7972573628787759
1445.5 1.1235965058085784
1446.0 1.1610264831323858
1446.5 0.9546281020008149
1447.0 0.8189090181402223
1447.5 1.2130073882196002
1448.0 0.9164099187746296
1448.5 0.6673835750230167
1449.0 1.0798492264083195
1449.5 0.9752445801224462
1450.0 1.039495882578044
1450.5 0.6487916870752295
1451.0 0.9239870942687464
1451.5 0.7064894998983641
1452.0 1.6492296738154162
1452.5 1.726344015929882
1453.0 2.6884494134709587
1453.5 1.118489632856501
1454.0 0.9815509101148578
1454.5 1.4915603594498412
1455.0 1.16905494610106
1455.5 1.9187739097178458
1456.0 0.8278289148536179
1456.5 0.3588312182952389
1457.0 1.8648576644458803
1457.5 1.4494368166265093
1458.0 1.6309165670716301
1458.5 1.9968083520742788
1459.0 1.8820897142253157
1459.5 2.062022433308263
1460.0 1.6058579541959415
1460.5 0.9342475836031492
1461.0 0.9085252867819839
1461.5 1.5729118173443983
1462.0 1.692807036569899
1462.5 0.7927266697061325
1463.0 1.5466952437627834
1463.5 1.5539052218264928
1464.0 1.6358603399750362
1464.5 0.85267279720886
1465.0 1.8774982364582353
1465.5 1.7857386106566666
1466.0 1.491260923052943
1466.5 0.7223485416330755
1467.0 2.3407323012519425
1467.5 2.240260169516395
1468.0 0.8737481753008991
1468.5 1.99329665100709
1469.0 1.4743929398607598
1469.5 1.9158927168864062
1470.0 2.064192629429437
1470.5 1.1980300311098229
1471.0 0.6668440341119265
1471.5 1.1798525360780525
1472.0 0.8935865368103961
1472.5 0.9976094378602223
1473.0 0.9204153143546285
1473.5 1.25387696917237
1474.0 1.1783481716726762
1474.5 1.0958731272390425
1475.0 0.9291544691808052
1475.5 1.0480944977287925
1476.0 0.6409098007141099
1476.5 1.0603634208634645
1477.0 0.9853685597872968
1477.5 1.1904532425588321
1478.0 0.45175974356895365
1478.5 1.308123323435375
1479.0 1.0245371163481913
1479.5 0.932674464104275
1480.0 0.9940884166492537
1480.5 0.7841568781059369
1481.0 0.7568149002821449
1481.5 0.8510415688168097
1482.0 0.7299445086069347
1482.5 1.0177224425543183
1483.0 0.5458720079652721
1483.5 1.0225947880478152
1484.0 1.4701991500685776
1484.5 0.831418776141805
1485.0 0.7268514596596625
1485.5 0.7083168716885165
1486.0 1.3065982864506385
1486.5 0.7425405504421475
1487.0 1.0168296151249487
1487.5 0.987241054524869
1488.0 0.8677832852937037
1488.5 0.8913040959191516
1489.0 1.234805550625918
1489.5 0.46191037339738905
1490.0 0.7928472596539191
1490.5 0.9263010275136554
1491.0 0.6587375215916466
1491.5 1.2192060364785076
1492.0 1.0511445251897609
1492.5 0.6269238078265859
1493.0 0.6780424451086153
1493.5 0.7727901683928569
1494.0 1.052020458047195
1494.5 0.8546030478798733
1495.0 0.6591241108864053
1495.5 0.6205867503217002
1496.0 0.964074439703964
1496.5 0.9075803758208452
1497.0 0.41720636597110283
1497.5 1.1914973076250162
1498.0 0.679639050847113
1498.5 0.9175043027980457
1499.0 0.9299446559769183
1499.5 1.0854088819224346