1800.0 1.613289523672797
1800.5 2.7014525223058503
1801.0 1.5485998320832963
1801.5 0.4868971067907708
1802.0 1.7737863370304368
1802.5 1.9234671304437554
1803.0 1.4758634101903287
1803.5 3.46238111450711
1804.0 1.9961273644513802
1804.5 2.4576234523863003
1805.0 2.701205994905674
1805.5 1.0091669143562938
1806.0 1.8461246520109265
1806.5 1.5951826829131956
1807.0 2.9572431163035358
1807.5 1.3773523430651
1808.0 2.10270466897328
1808.5 2.8576950811280657
1809.0 1.5576159531246407
1809.5 1.0039021477633068
1810.0 1.289510811146862
1810.5 0.8492709546919919
1811.0 0.7411252208509704
1811.5 0.5743961755174627
1812.0 0.5686869279695639
1812.5 1.4770933691344028
1813.0 1.7475650291635176
1813.5 1.6321762028815319
1814.0 1.2254045213375897
1814.5 2.732336771406996
1815.0 2.5412768302139304
1815.5 2.6130142822511573
1816.0 0.6706089988923278
1816.5 2.219878417786849
1817.0 1.5972625435389276
1817.5 2.621395419222508
1818.0 1.8197512207576858
1818.5 4.065002419731245
1819.0 2.7134415614258556
1819.5 2.584738447538495
1820.0 2.8152481338947855
1820.5 2.3206542490222866
1821.0 2.5446416843596884
1821.5 2.860783459458549
1822.0 1.895414928604
1822.5 1.1741502044264376
1823.0 1.153622220713911
1823.5 1.2721502319087878
1824.0 1.6901661622706994
1824.5 1.3402825190034031
1825.0 2.0037606348886747
1825.5 0.6846903855125783
1826.0 0.7234571766320042
1826.5 0.6151210830794542
1827.0 0.5443368159855242
1827.5 0.42450842283405493
1828.0 0.7888575417524477
1828.5 0.7261312084760603
1829.0 1.7814977501918436
1829.5 1.408531988138384
1830.0 1.2693488343615589
1830.5 2.6988007370166516
1831.0 1.6029094459185758
1831.5 1.2934473275120246
1832.0 0.6786190507348369
1832.5 1.1710125729225824
1833.0 0.9338345680159927
1833.5 2.5566591287905993
1834.0 1.4428442064370115
1834.5 0.8695666816617813
1835.0 3.624203896875361
1835.5 3.4642449823663344
1836.0 1.8401373619037034
1836.5 1.7873037161374796
1837.0 2.9849626055509404
1837.5 2.4480937183372853
1838.0 3.2161184005096195
1838.5 2.749742987750664
1839.0 0.5590366897089496
1839.5 1.8270822150956527
1840.0 2.674454141028745
1840.5 2.130599945209857
1841.0 2.764622877437268
1841.5 3.2652805339891895
1842.0 3.1143398160941955
1842.5 2.465262709077228
1843.0 2.389887640337232
1843.5 0.8179990000900443
1844.0 0.753602378448199
1844.5 0.9545926145781579
1845.0 2.0390332181826736
1845.5 1.4701635242728492
1846.0 1.3853775586713897
1846.5 1.5713997758456935
1847.0 1.7502845766574886
1847.5 1.558419943258264
1848.0 1.2944084377944052
1848.5 1.465225283981989
1849.0 1.8002263312512663
1849.5 2.7639302372280383
1850.0 1.167660666881024
1850.5 2.869345159541547
1851.0 3.339728278939086
1851.5 2.615173566776122
1852.0 0.4815657213104456
1852.5 3.715313265623567
1853.0 3.644357193993563
1853.5 2.701562783141243
1854.0 2.8393518524876935
1854.5 2.674515832172003
1855.0 0.812416176020563
1855.5 1.7561961284215386
1856.0 0.5148909027459656
1856.5 1.410522457977077
1857.0 1.8045002882443577
1857.5 0.2
1858.0 1.4267942266187532
1858.5 0.2837513112945893
1859.0 2.563105024794546
1859.5 1.5376507938909318
1860.0 1.4197084206828987
1860.5 1.0015808455238386
1861.0 1.3354333612739064
1861.5 1.3507496462497584
1862.0 1.9630518034602025
1862.5 1.0786793858879173
1863.0 1.8824414910023544
1863.5 3.4499530521478454
1864.0 0.2
1864.5 0.2
1865.0 3.89957625591736
1865.5 3.6432739959191833
1866.0 1.4608509399117997
1866.5 0.7390385432087965
1867.0 1.4871492755516502
1867.5 0.9165195113158433
1868.0 2.713656975925785
1868.5 0.8753892194361195
1869.0 1.642382635672719
1869.5 2.96771024419845
1870.0 1.2780129257601147
1870.5 0.5884351726112235
1871.0 1.6290959830237726
1871.5 0.7255153504344998
1872.0 0.833767674065155
1872.5 0.7073522865571495
1873.0 0.6650981786550493
1873.5 0.705307616479961
1874.0 0.6345079167476211
1874.5 0.6501557200463084
1875.0 0.7009194133530179
1875.5 0.7090086870689261
1876.0 0.7209455068030728
1876.5 0.23692516166557787
1877.0 2.31394149258726
1877.5 0.9287169435069101
1878.0 0.23636157876908848
1878.5 1.559651979954353
1879.0 2.2808669824063705
1879.5 3.1447776694447525
1880.0 1.9345793443201258
1880.5 1.3676672555364655
1881.0 2.356888456915442
1881.5 1.7522608324404993
1882.0 1.3873204072533671
1882.5 3.2363253023037806
1883.0 1.6109262244443492
1883.5 2.1774579536172007
1884.0 1.9518748562287422
1884.5 1.288580562924671
1885.0 0.8221688880578476
1885.5 0.6616190114660719
1886.0 0.2
1886.5 1.287931738245832
1887.0 1.959063911897293
1887.5 2.1286329622553497
1888.0 1.1072788761143242
1888.5 2.0791271311908073
1889.0 1.460141455231562
1889.5 1.094383419307266
1890.0 0.6172969282688754
1890.5 1.1826073263868353
1891.0 1.4988513132236247
1891.5 1.3497417673141916
1892.0 1.9663772501771417
1892.5 2.6767890672222396
1893.0 0.4589250474953297
1893.5 2.087718972073885
1894.0 0.6222048851814996
1894.5 1.4822087394057097
1895.0 2.399158736545024
1895.5 1.3066511417864681
1896.0 1.136654381511927
1896.5 2.0758121107157463
1897.0 2.2459847344981183
1897.5 2.0552516982899007
1898.0 2.2093055261741945
1898.5 1.7956068445461983
1899.0 2.1551772160278357
1899.5 1.511264992212169
1900.0 1.5503028387991913
1900.5 3.25693723353936
1901.0 3.6865744553425124
1901.5 1.052312852016573
1902.0 3.6676123355637515
1902.5 2.5636983921638032
1903.0 2.404019251582217
1903.5 2.5363875228218427
1904.0 1.820168631554811
1904.5 1.7033564848853846
1905.0 1.4826330080371506
1905.5 1.3271941747728229
1906.0 1.1076027068201815
1906.5 1.2407594485483409
1907.0 1.7577987456551816
1907.5 1.2495540711764948
1908.0 1.7862072524260726
1908.5 1.4592540625893198
1909.0 1.1814343485431313
1909.5 1.5774359511689178
1910.0 1.7934191926902647
1910.5 1.6275456011765441
1911.0 0.5421703603715761
1911.5 2.017266328040317
1912.0 2.2170104505350303
1912.5 2.318777293262725
1913.0 1.0224912184336072
1913.5 1.595738304430426
1914.0 1.7455373008968884
1914.5 1.0767288380878322
1915.0 1.183784177399562
1915.5 1.6658977962555594
1916.0 1.4293165189223078
1916.5 2.4350235652718006
1917.0 1.5049316753242228
1917.5 1.9730164120402491
1918.0 1.4777158445980598
1918.5 2.000363868305608
1919.0 1.1908030732891974
1919.5 0.897326377383822
1920.0 1.0212481499817083
1920.5 1.8538063074346371
1921.0 0.9294699312796837
1921.5 1.31643067272799
1922.0 1.9680332185605098
1922.5 1.8037978412345979
1923.0 1.4193717809262107
1923.5 0.9979790074229045
1924.0 1.9675489451419867
1924.5 1.491307394244809
1925.0 1.389516125986455
1925.5 1.4989079937557082
1926.0 1.8594123376823715
1926.5 1.7178778860458706
1927.0 1.275679586397697
1927.5 1.34692106465655
1928.0 1.6773541419743663
1928.5 2.0091749659110927
1929.0 2.4618540243126747
1929.5 1.2154277489721825
1930.0 1.8779455753582117
1930.5 2.3835069285358856
1931.0 2.073700494678355
1931.5 2.3006964365483342
1932.0 2.3078970746020278
1932.5 1.4906807048045714
1933.0 1.788418404354769
1933.5 1.2209212316350277
1934.0 0.984639161093185
1934.5 1.778950239234026
1935.0 1.3765587920204987
1935.5 1.773102894097232
1936.0 1.977485347329071
1936.5 1.332259629261745
1937.0 1.2834116430018654
1937.5 4.032312650677539
1938.0 0.9812739514309179
1938.5 1.4684744606061055
1939.0 2.7216373720489706
1939.5 1.8782572235887782
1940.0 1.8979886450581465
1940.5 1.727305585781474
1941.0 1.970676558334365
1941.5 2.5788297336734844
1942.0 1.9182700224921654
1942.5 2.009539973953705
1943.0 2.8394327135893285
1943.5 2.5091595775262414
1944.0 0.4083213433295678
1944.5 1.6301848153251832
1945.0 2.0664816527717678
1945.5 1.7410539769132636
1946.0 2.462771013060648
1946.5 2.502258925970982
1947.0 1.3939839104565168
1947.5 1.2251062463391316
1948.0 0.8464733313922658
1948.5 0.9923782461439025
1949.0 0.7523348629626931
1949.5 0.6484589340994349
1950.0 0.7166700803127186
1950.5 0.6795632097733058
1951.0 0.7236882478768274
1951.5 0.4554947880102252
1952.0 0.5902969345442395
1952.5 0.750670960642511
1953.0 0.6058687598276689
1953.5 0.8215464650667947
1954.0 0.7108417438858756
1954.5 0.8784338070695719
1955.0 0.6712822480271063
1955.5 0.7209454679805565
1956.0 0.7850592055909289
1956.5 0.7020885370199055
1957.0 0.6784658586778071
1957.5 0.808311274329613
1958.0 0.6384869476186832
1958.5 0.8953063372569545
1959.0 0.6523165169668869
1959.5 0.716801336146148
1960.0 1.2994260834927842
1960.5 0.9678304682879141
1961.0 0.8318050539353837
1961.5 0.7312898098001571
1962.0 1.0069766932735682
1962.5 0.4923905667399161
1963.0 0.7960516708075747
1963.5 1.1312311621048776
1964.0 1.0771435675403986
1964.5 0.8196374793028648
1965.0 0.8879399960290011
1965.5 0.38279813197205415
1966.0 0.8882051713173587
1966.5 0.7334398814062014
1967.0 0.8330290102226359
1967.5 1.1190248116708152
1968.0 0.6650462557799713
1968.5 1.082240956638131
1969.0 1.2410651703584334
1969.5 1.0688084032630476
1970.0 0.857102284248011
1970.5 0.9434392129762644
1971.0 0.8709971070617735
1971.5 1.2477993871315536
1972.0 0.6368778175522681
1972.5 1.0112449792413203
1973.0 1.0163685981650827
1973.5 1.441131534756182
1974.0 0.900915209071941
1974.5 2.3102954544177967
1975.0 1.319715940439633
1975.5 0.23509071822042982
1976.0 1.6625967415233631
1976.5 1.4556839930784808
1977.0 3.016703303894739
1977.5 2.1802925061644056
1978.0 1.8053755181326538
1978.5 1.393291926330461
1979.0 1.917035786257808
1979.5 1.5188094695689875
1980.0 2.4283686639493363
1980.5 2.0858413910378664
1981.0 1.2220236556677713
1981.5 1.9357687924932325
1982.0 3.5666406452975807
1982.5 2.713814167618746
1983.0 2.546010111719598
1983.5 1.188520861918645
1984.0 2.330862589688468
1984.5 2.2384153764407912
1985.0 1.5904895307489655
1985.5 0.9374624819334424
1986.0 1.1944284052578333
1986.5 2.026836142938067
1987.0 2.0654582193100186
1987.5 1.713829131099438
1988.0 1.2412383618947809
1988.5 1.8211117518409967
1989.0 1.300692894223207
1989.5 1.0249815520760484
1990.0 1.2716988188854836
1990.5 1.5927181353792452
1991.0 1.7786469092913453
1991.5 1.6385448419906083
1992.0 2.2700581607653505
1992.5 0.7889356081690468
1993.0 1.5599573852528081
1993.5 0.9370694498289943
1994.0 1.622350956506561
1994.5 0.7660265338196078
1995.0 1.4509634634052782
1995.5 2.328821705267572
1996.0 1.6067893174238996
1996.5 1.6372799915245
1997.0 1.3575421689701848
1997.5 0.685834758893962
1998.0 0.5951605645083771
1998.5 1.0103319029185895
1999.0 1.8040544817426145
1999.5 1.1541151794276792
2000.0 1.289909443111513
2000.5 1.3182606674870005
2001.0 2.165054988521346
2001.5 2.118975881967031
2002.0 1.852713604093146
2002.5 1.2347557292441462
2003.0 1.8854843206228273
2003.5 1.2848357310819074
2004.0 1.562294292350086
2004.5 2.0914732183961364
2005.0 1.7605559994476325
2005.5 1.8707211965985562
2006.0 1.0774205235172885
2006.5 1.7123989101168164
2007.0 1.1568195333812983
2007.5 1.59407062317988
2008.0 0.9324566637253808
2008.5 1.734647112497585
2009.0 0.8446990010890274
2009.5 1.3075606743712211
2010.0 1.404248585976772
2010.5 0.7603807364219664
2011.0 2.7536514987871437
2011.5 2.7666492998763914
2012.0 2.7737863825966285
2012.5 1.6891204132536934
2013.0 2.40248446579472
2013.5 0.6466286640075296
2014.0 1.3743586536619175
2014.5 1.350701045941273
2015.0 2.5025366675936525
2015.5 2.1785999214566596
2016.0 3.063728012814518
2016.5 2.0030450202187953
2017.0 1.820452733537553
2017.5 3.293525181313834
2018.0 2.424424433141059
2018.5 1.8904023984415153
2019.0 3.266099355479981
2019.5 0.7559565344828687
2020.0 2.0088748005904087
2020.5 2.570781886121613
2021.0 1.2890311491587232
2021.5 3.8518952487855573
2022.0 0.9492624552234648
2022.5 2.126279320791803
2023.0 2.3850757740802813
2023.5 1.9120469663465451
2024.0 0.7806844662216872
2024.5 2.758622813004574
2025.0 2.3993943484982916
2025.5 1.5128244426900979
2026.0 1.8478577563623542
2026.5 2.4884451311336124
2027.0 1.917539424587877
2027.5 1.7226005761990801
2028.0 3.0949384221123917
2028.5 1.7997070573005263
2029.0 2.771692469049216
2029.5 2.739567599599973
2030.0 1.6688718292327642
2030.5 2.382637078961608
2031.0 2.8851488113177375
2031.5 1.9741623638416232
2032.0 2.0250059522844346
2032.5 1.8372158190187888
2033.0 0.8524179695418408
2033.5 2.897040943882039
2034.0 2.054391189737958
2034.5 1.8054244419150696
2035.0 2.7086007797978158
2035.5 3.419018192102339
2036.0 1.6707552398796746
2036.5 3.7243447162512773
2037.0 2.0615763663245197
2037.5 2.45901861440856
2038.0 2.9939791886958433
2038.5 1.688722920687176
2039.0 2.9617313797759435
2039.5 2.9604749763916294
2040.0 2.2690071751156737
2040.5 2.184716850120026
2041.0 1.6094701794712856
2041.5 1.2711281404395378
2042.0 1.7528960911699685
2042.5 3.0999511904157506
2043.0 2.3870518261488716
2043.5 2.1707060242846654
2044.0 2.082243734769639
2044.5 1.970616224723798
2045.0 1.4391084930089888
2045.5 2.13040917338412
2046.0 1.774982725953238
2046.5 2.017148413072846
2047.0 2.580280865169946
2047.5 1.5163285401643942
2048.0 1.5417674132076844
2048.5 1.5370985085873945
2049.0 2.385259005559701
2049.5 1.8770004272570093
2050.0 1.9383944266922946
2050.5 3.2100309280297825
2051.0 0.7162435303804033
2051.5 0.5135693618196598
2052.0 1.0158907178185546
2052.5 0.947243622895986
2053.0 0.8489453844157866
2053.5 1.2722176317431522
2054.0 1.1394948480197713
2054.5 1.4625891292794568
2055.0 0.7194662263877691
2055.5 1.0734581524761793
2056.0 1.2704750096244766
2056.5 0.7668925091306704
2057.0 2.804475489578727
2057.5 1.6670625887257247
2058.0 3.0784863828324682
2058.5 2.429227262404753
2059.0 3.25798048151227
2059.5 1.4689795937123615
2060.0 2.4907267068948933
2060.5 3.5870636250304537
2061.0 1.2022856334860812
2061.5 2.522336114890993
2062.0 3.851991280344053
2062.5 3.09425126210785
2063.0 0.31699482036067117
2063.5 3.3420057587260334
2064.0 3.233529353351863
2064.5 3.876100746563089
2065.0 3.3038822928856364
2065.5 0.6135138711495278
2066.0 3.960259842324755
2066.5 2.7956197257697957
2067.0 3.4567930473933473
2067.5 3.2176273773950843
2068.0 3.3765852819975564
2068.5 2.2464882757394995
2069.0 0.9230932487167451
2069.5 1.2509786041227104
2070.0 1.1397087094830867
2070.5 2.539999071720898
2071.0 1.3153282247821205
2071.5 1.2008427386187848
2072.0 1.3450529487257348
2072.5 0.9951900629861312
2073.0 1.1086010032307034
2073.5 1.0149062705960958
2074.0 1.4308781277658984
2074.5 0.9306636467270587
2075.0 0.49140132145823234
2075.5 1.5243403123479966
2076.0 1.48149786870873
2076.5 0.7061812470863491
2077.0 0.737700566755287
2077.5 0.526581907610199
2078.0 0.5504766216554025
2078.5 0.7941796878908027
2079.0 0.6256599157648726
2079.5 0.5820454578605572
2080.0 0.6403489149804689
2080.5 0.7912331064744089
2081.0 0.7667557348933027
2081.5 0.7085389143676089
2082.0 0.6075608086688913
2082.5 0.7134691061323264
2083.0 0.5205004802705373
2083.5 0.5560300753235545
2084.0 0.8749685790143804
2084.5 0.6957488136815702
2085.0 0.7828712328667384
2085.5 0.383160542722102
2086.0 0.7124532660600686
2086.5 2.3552944133385103
2087.0 1.3120882831648437
2087.5 1.5963366243195034
2088.0 0.9020815213100704
2088.5 1.5019453270207284
2089.0 1.1022946664952797
2089.5 1.1905427893282865
2090.0 3.030938167018708
2090.5 3.6966882581259446
2091.0 1.9207350329456925
2091.5 3.076998127344068
2092.0 3.3295045523693396
2092.5 1.805962089589639
2093.0 2.511424497275178
2093.5 2.1240418937478225
2094.0 2.7659176869069815
2094.5 3.13663646298462
2095.0 3.113746077076361
2095.5 3.297238316276856
2096.0 3.193562886058322
2096.5 2.8889841356208232
2097.0 3.531612062294548
2097.5 1.419238593780541
2098.0 1.8913322954372147
2098.5 0.912752059347767
2099.0 1.8312628890374933
2099.5 1.6064922512375992