2400.0 1.227336156845483
2400.5 1.9575035436312485
2401.0 1.0943894223619681
2401.5 0.6126889510209501
2402.0 1.633782009556154
2402.5 1.7280567753803784
2403.0 0.8257588052886917
2403.5 0.7307823458375226
2404.0 0.8770023537016407
2404.5 0.6707053651706444
2405.0 1.1992080271706234
2405.5 1.6995466670370938
2406.0 1.4215523331418263
2406.5 1.4059980679338115
2407.0 1.4692476506280219
2407.5 0.5066529986422719
2408.0 1.5632315565678747
2408.5 1.553642695400825
2409.0 0.619974517394792
2409.5 0.8465177312894565
2410.0 1.5268366959183726
2410.5 1.3883525484813042
2411.0 2.2570578205385523
2411.5 1.9221857230388624
2412.0 1.3070352876439277
2412.5 1.8326303243568698
2413.0 1.4377129314687545
2413.5 1.3375201755801949
2414.0 1.144058447426202
2414.5 1.2988397632306186
2415.0 1.9606448569660744
2415.5 0.9453333635791854
2416.0 0.9913971862908837
2416.5 1.62212318993907
2417.0 1.4031277694448598
2417.5 1.4279646224042524
2418.0 1.1832339411542305
2418.5 1.5014636361815836
2419.0 0.629365725203552
2419.5 1.519730718425687
2420.0 0.8064695434171636
2420.5 0.9287932593995962
2421.0 1.8219498595367647
2421.5 2.2036867353695153
2422.0 1.4769751572719862
2422.5 2.601379471721942
2423.0 2.125205997762146
2423.5 2.4149254127250024
2424.0 2.1401816686955732
2424.5 1.9413810793426194
2425.0 1.0772434239785826
2425.5 1.6681614942621976
2426.0 2.3299967188719726
2426.5 1.8151595001681935
2427.0 2.8978295937428173
2427.5 1.498286253482299
2428.0 2.5714736327741603
2428.5 3.276840788132632
2429.0 3.5321349835007796
2429.5 3.0550746018993404
2430.0 2.397359330110839
2430.5 0.5932528639949324
2431.0 2.427657117406584
2431.5 2.8298692582581246
2432.0 1.6402906920680187
2432.5 2.4357570295817714
2433.0 0.9029292129031783
2433.5 1.8046317705791832
2434.0 2.2285672300540775
2434.5 1.928082927693245
2435.0 1.6993986325519763
2435.5 2.2023669854609706
2436.0 1.6324039509446204
2436.5 2.6635817772191324
2437.0 2.0528171060496576
2437.5 1.6983147327232002
2438.0 2.386710258505077
2438.5 3.20867843608226
2439.0 1.4280937429601654
2439.5 3.607501510755875
2440.0 3.388336760386953
2440.5 2.67665867198727
2441.0 2.147119539151478
2441.5 1.9282640937398607
2442.0 1.9225218591152864
2442.5 0.5909333587876937
2443.0 1.1708741037367718
2443.5 1.272605203674802
2444.0 1.2259545556124651
2444.5 1.6664078031687755
2445.0 0.7514613405133204
2445.5 0.7366723959687036
2446.0 1.1111042657841876
2446.5 0.9691007070539153
2447.0 1.4971939516192843
2447.5 0.7724023531746673
2448.0 1.2116063525240763
2448.5 1.1927702598525969
2449.0 0.9828611124723461
2449.5 1.460825398199547
2450.0 0.6745484762697531
2450.5 1.315217703596082
2451.0 0.6845820949031975
2451.5 0.9930614648276248
2452.0 1.0087526622923595
2452.5 1.2012658973279022
2453.0 1.146137239695314
2453.5 1.174747828471403
2454.0 1.1180695231169873
2454.5 2.30227953674103
2455.0 2.494974378975259
2455.5 1.8196159302602042
2456.0 1.2209266808033958
2456.5 2.241675218380334
2457.0 1.4700890059715284
2457.5 1.808666368387253
2458.0 3.2458141898082524
2458.5 2.2460930330958186
2459.0 2.079707155881147
2459.5 2.6495619319976007
2460.0 0.9732336086463574
2460.5 2.6062450794576835
2461.0 1.2912184201767354
2461.5 1.8762855043044881
2462.0 1.5420807931142806
2462.5 2.7957528276555172
2463.0 1.8852250907293835
2463.5 3.0800591913434694
2464.0 1.0659093034904346
2464.5 0.9756238245035967
2465.0 1.9838837102194586
2465.5 2.307394117072471
2466.0 1.9179740138699057
2466.5 1.9940305868172616
2467.0 2.1158815053316866
2467.5 3.157754737286396
2468.0 1.1056804397828441
2468.5 3.3772539162814477
2469.0 1.6706779725894723
2469.5 1.9548716960474495
2470.0 1.44418967827965
2470.5 1.3724649429359692
2471.0 1.6019295400786822
2471.5 0.8806603941659223
2472.0 0.699756213236826
2472.5 1.302057918564933
2473.0 1.1813413135653987
2473.5 1.4245294601962828
2474.0 1.7043565288471432
2474.5 1.6221719773668029
2475.0 0.9199779666686169
2475.5 1.1083700259085947
2476.0 1.6296552133265028
2476.5 2.0852264530027447
2477.0 1.2188648781248215
2477.5 1.1929446119995388
2478.0 1.5870714250380802
2478.5 1.1158376644669745
2479.0 1.5934374833321323
2479.5 2.118746606577103
2480.0 1.3001320061063595
2480.5 1.7342336199746105
2481.0 1.1667532930286517
2481.5 1.45864221643887
2482.0 1.56537339767935
2482.5 1.560039827285974
2483.0 1.0709924687818995
2483.5 3.061963326358624
2484.0 2.7374037736480856
2484.5 1.4913077051977248
2485.0 3.7333984112009087
2485.5 1.656295643923423
2486.0 2.577886782607685
2486.5 2.690564536759238
2487.0 0.8393332843777368
2487.5 0.8045786658579932
2488.0 2.6450135082621644
2488.5 2.137014429056989
2489.0 1.519194821677912
2489.5 2.6641999156645486
2490.0 0.8508938895853704
2490.5 1.7740150030467619
2491.0 1.0154417400464686
2491.5 1.033443088260897
2492.0 0.9496913189170093
2492.5 0.8090994329429317
2493.0 0.4802965631128948
2493.5 1.6396483406339781
2494.0 1.183013338544992
2494.5 1.0418865905265267
2495.0 1.5877692497163176
2495.5 0.5969704325196941
2496.0 1.5055381760294708
2496.5 1.2435932661899138
2497.0 0.543831996304255
2497.5 1.049218829836178
2498.0 0.9710480242243885
2498.5 0.2
2499.0 0.9894835261953283
2499.5 1.0648300337963008
2500.0 1.4902967449666715
2500.5 0.8426451240212062
2501.0 2.104344793331812
2501.5 1.5214102703370358
2502.0 1.1726492965587143
2502.5 1.3176032395552675
2503.0 2.6225563799410914
2503.5 0.43017047729445945
2504.0 3.2458363378586483
2504.5 1.1875320275724333
2505.0 1.316166707246472
2505.5 1.911703629893043
2506.0 1.9667042513628967
2506.5 1.11173758183592
2507.0 1.1664476926308418
2507.5 1.741116620576733
2508.0 1.0325361507459534
2508.5 1.9957138974719786
2509.0 1.303853158180832
2509.5 2.034635908563286
2510.0 1.6384834181714805
2510.5 2.379814960400682
2511.0 3.105217105294032
2511.5 0.2
2512.0 1.3086941094174764
2512.5 1.4359087689455703
2513.0 2.8587993308963267
2513.5 1.718590875520736
2514.0 0.4301874561788188
2514.5 0.935968850939936
2515.0 2.2179144645080573
2515.5 2.229645090239307
2516.0 2.1822089170260965
2516.5 1.9579257273468833
2517.0 0.8488629502228002
2517.5 2.652103405373265
2518.0 3.1729035859585526
2518.5 2.2141963381706926
2519.0 0.9995095803342444
2519.5 3.987811565575643
2520.0 3.473509546090498
2520.5 2.0161730663605013
2521.0 2.451231979123196
2521.5 2.4833993561732153
2522.0 1.6230092214611676
2522.5 2.5438085027764954
2523.0 2.9931192749509403
2523.5 3.1557210815545913
2524.0 1.8871676023068407
2524.5 1.2080632583400996
2525.0 2.176457263840806
2525.5 3.6199786491138166
2526.0 1.4654358805321956
2526.5 2.8406072660772765
2527.0 3.1388479396225346
2527.5 0.7590436205221842
2528.0 2.3496947935059893
2528.5 0.35524313126022644
2529.0 1.7811833222987474
2529.5 3.3590934341390426
2530.0 1.534774581497636
2530.5 1.151338745862712
2531.0 3.2948634895860542
2531.5 1.847652816450783
2532.0 2.5083337907162337
2532.5 1.632322023662787
2533.0 1.5158861826543613
2533.5 0.9701447904502014
2534.0 1.3327413609432366
2534.5 2.7439121725766284
2535.0 2.4703189532071277
2535.5 1.5221435904212712
2536.0 0.6053365973829704
2536.5 0.8719528068371462
2537.0 1.4631731473426413
2537.5 1.1812471151631145
2538.0 1.4255899410707769
2538.5 1.51538459479438
2539.0 0.329282322797833
2539.5 1.9951519787359118
2540.0 1.2304140042705216
2540.5 1.6140933997613258
2541.0 1.5039144147808492
2541.5 1.1408848279283628
2542.0 1.1663004642036259
2542.5 1.2892362351760864
2543.0 2.079796424859972
2543.5 0.6997899405648993
2544.0 1.9177286822493838
2544.5 0.9142858409781386
2545.0 1.7872052043005588
2545.5 1.348983907341164
2546.0 0.6770972653367684
2546.5 0.588070962412512
2547.0 0.6712959713923967
2547.5 0.72217073589976
2548.0 0.7870365256742973
2548.5 0.6292308090212066
2549.0 0.6920796884141065
2549.5 0.5839878850634024
2550.0 0.6508452881324966
2550.5 0.5801947783205771
2551.0 0.7095806044499882
2551.5 0.8627042989002491
2552.0 0.6766278181857788
2552.5 0.6184801718983814
2553.0 0.6447889654896568
2553.5 0.6561765364382073
2554.0 0.7375070931858341
2554.5 0.7742075059041467
2555.0 0.5692653605611213
2555.5 0.8436217738409322
2556.0 0.5453085303525702
2556.5 0.844598135103545
2557.0 0.613140067554335
2557.5 1.4641704638975517
2558.0 0.9850388160296187
2558.5 1.2356837865760883
2559.0 1.285716505013034
2559.5 1.1322570536694245
2560.0 0.9626533140555681
2560.5 0.9270483416004585
2561.0 0.5638027820835394
2561.5 1.4025694219900036
2562.0 1.1133205314250114
2562.5 2.025710808433594
2563.0 0.7350377887869336
2563.5 0.9846079191919049
2564.0 0.8970727610918074
2564.5 1.7790164202675673
2565.0 1.5580480775792918
2565.5 2.0055702433743794
2566.0 2.48631201117316
2566.5 1.020803570965321
2567.0 1.1082807944393183
2567.5 2.131598816835778
2568.0 0.9441341470953748
2568.5 1.583825419112119
2569.0 3.988710914671243
2569.5 2.771467926022143
2570.0 2.4531990409391673
2570.5 1.3548492153071572
2571.0 2.5238615436709
2571.5 2.862047120912785
2572.0 1.3225120105571972
2572.5 1.8953734983201487
2573.0 0.22624978469530066
2573.5 2.6852276577480243
2574.0 1.9610674349426516
2574.5 1.980529676426281
2575.0 0.47197831803585544
2575.5 0.7675209758191093
2576.0 1.8541077400078254
2576.5 2.080465871498425
2577.0 0.2
2577.5 1.1010421124311822
2578.0 2.8793445720020765
2578.5 0.35315501629362034
2579.0 1.9921540909946096
2579.5 0.48513415442412544
2580.0 1.0206421776446308
2580.5 2.856136228731958
2581.0 1.3012001840990224
2581.5 0.4838078122688814
2582.0 0.9916590945832093
2582.5 0.8002288502745769
2583.0 0.6437187919715717
2583.5 0.7941446196200452
2584.0 0.6881083908370712
2584.5 0.8383332022308407
2585.0 0.99546527180887
2585.5 0.9146220485153599
2586.0 1.0758812134861313
2586.5 3.133149013518639
2587.0 1.532854054816596
2587.5 1.0670921861673612
2588.0 0.5711142029622588
2588.5 0.5722499109346808
2589.0 1.2810833708427833
2589.5 1.2527441737231961
2590.0 1.1158325401089544
2590.5 1.4146160765093692
2591.0 1.5013779420967244
2591.5 1.1982610310379478
2592.0 1.4894307742063957
2592.5 0.35450866758901545
2593.0 1.4464454644393885
2593.5 0.9458514580585211
2594.0 1.2784412952570259
2594.5 1.802248597641045
2595.0 1.5591923650067407
2595.5 1.1401555583050116
2596.0 2.186019315983554
2596.5 1.3322989162207186
2597.0 1.7618403897292643
2597.5 1.440746076699527
2598.0 2.874161424765246
2598.5 1.2731380187895447
2599.0 2.689331073365016
2599.5 1.548263366339127
2600.0 1.3533198247608327
2600.5 1.4569416649530305
2601.0 2.3360207310832557
2601.5 2.9099872337318278
2602.0 2.1204298240585437
2602.5 2.554701193545866
2603.0 1.6062775534935596
2603.5 2.31934234801954
2604.0 1.619443639404473
2604.5 2.135792383614013
2605.0 2.1032856296988593
2605.5 1.5315166866777825
2606.0 1.8648432234585153
2606.5 1.9689117912164895
2607.0 2.40594376296762
2607.5 1.4336834560986578
2608.0 2.643381775590556
2608.5 2.959008521373037
2609.0 1.9353379311452372
2609.5 1.2934683284438555
2610.0 1.84583512496751
2610.5 2.2779945444716976
2611.0 1.3579951626918085
2611.5 1.9742862824059615
2612.0 2.5924962668579123
2612.5 1.8152870822305014
2613.0 0.8152238816541425
2613.5 0.8179422122474088
2614.0 0.8068239736609216
2614.5 0.8822716043442229
2615.0 0.9649438719124175
2615.5 0.9282220582531471
2616.0 0.737565194615808
2616.5 0.7858699012971592
2617.0 1.1309877313663403
2617.5 0.8490424220817244
2618.0 1.0270405728709924
2618.5 0.896044284603718
2619.0 0.7459209794850802
2619.5 0.9126614417659894
2620.0 0.8818266008041651
2620.5 0.874834972825847
2621.0 1.084076876475958
2621.5 0.8251999508015255
2622.0 0.9209974518152059
2622.5 0.5520682276753188
2623.0 0.937844994757044
2623.5 2.1589910265153294
2624.0 1.851797549923924
2624.5 2.204751790843626
2625.0 2.074745087084458
2625.5 2.104192129420835
2626.0 2.481322770672708
2626.5 1.2520928155788487
2627.0 2.5037325755911315
2627.5 1.4435929890788421
2628.0 1.4591062571274933
2628.5 2.832693508542447
2629.0 0.7129200536149718
2629.5 1.718188845103175
2630.0 1.674388992757935
2630.5 0.9167651950936035
2631.0 1.6386924031204562
2631.5 2.5423356180445786
2632.0 1.1835176959942664
2632.5 2.8739389892537766
2633.0 0.567256151166005
2633.5 1.756342964852835
2634.0 2.144314698835174
2634.5 2.201345275699281
2635.0 1.1945472951813212
2635.5 2.3709018341764496
2636.0 2.6452347985087057
2636.5 1.150681251237205
2637.0 3.058152923105819
2637.5 2.153079378542493
2638.0 0.9880871776645375
2638.5 2.395553555206342
2639.0 2.841571095524327
2639.5 1.9757386939521513
2640.0 1.8393955316182333
2640.5 2.7145179749981203
2641.0 2.636344961879031
2641.5 0.454177832023702
2642.0 0.2702717950858826
2642.5 1.9432661022588318
2643.0 3.848402263595153
2643.5 2.3917634603487428
2644.0 2.090112520968036
2644.5 2.5125118946225635
2645.0 0.9508080373470373
2645.5 3.354246479524917
2646.0 0.641267465014284
2646.5 3.0273107734373292
2647.0 3.1323702755905827
2647.5 2.8036015511077754
2648.0 3.649075257468388
2648.5 1.1915741551868984
2649.0 2.876371166993864
2649.5 0.9053373337463262
2650.0 1.084126670662359
2650.5 1.0158140844563133
2651.0 1.0844007378364338
2651.5 1.2684686873536606
2652.0 0.4528694624210017
2652.5 0.7720634423055542
2653.0 2.045047375872636
2653.5 1.8438493141359507
2654.0 2.1364520503937485
2654.5 1.3397080898644167
2655.0 1.5316896306443604
2655.5 2.4577967717939497
2656.0 1.951801315710715
2656.5 1.7191543946848982
2657.0 2.3556530487081844
2657.5 1.4734711134257799
2658.0 1.4896479085825667
2658.5 1.4446197461133607
2659.0 1.242580252883245
2659.5 0.3894518500004791
2660.0 2.546603072657647
2660.5 0.8386116786171021
2661.0 1.4453343957329148
2661.5 1.220371081413877
2662.0 1.919084550316334
2662.5 1.6650191709867088
2663.0 0.9706427876575169
2663.5 1.1739676736109108
2664.0 0.9448792815295406
2664.5 1.78769960482601
2665.0 1.933879946924257
2665.5 1.6133866043829146
2666.0 2.155451731389747
2666.5 2.493117821095656
2667.0 1.7585543330790538
2667.5 1.9754226864499935
2668.0 1.6183455494001648
2668.5 1.3508807960013645
2669.0 1.0790993723209188
2669.5 0.2
2670.0 3.7739524720814686
2670.5 1.4892627642546787
2671.0 1.300838803139869
2671.5 2.215083707095199
2672.0 3.301618899525537
2672.5 1.422822322658833
2673.0 3.1022031494037208
2673.5 2.8873902792117807
2674.0 1.4527970356741031
2674.5 3.7443366944456713
2675.0 3.4390165528738983
2675.5 1.180042802863913
2676.0 2.4921616160054247
2676.5 2.3730654017765698
2677.0 3.2770593338073453
2677.5 1.696737584192355
2678.0 4.215440428311045
2678.5 1.4418395983966243
2679.0 1.281047531822051
2679.5 1.7485628455957563
2680.0 1.929084300857693
2680.5 1.1078700475410344
2681.0 1.2642309479081393
2681.5 1.382064475081696
2682.0 1.0903705377311623
2682.5 0.9423701300407689
2683.0 1.314366571561112
2683.5 0.2626230176429758
2684.0 1.0407859802663657
2684.5 1.616337395237972
2685.0 0.9775568144546745
2685.5 2.4127073890659787
2686.0 2.0454535709122634
2686.5 1.0891126099400972
2687.0 1.8609370458885068
2687.5 1.767571390935435
2688.0 3.0789611910930224
2688.5 1.5765879564058838
2689.0 2.2458926523853178
2689.5 2.914928353594004
2690.0 1.0828295388216205
2690.5 0.5823820738103378
2691.0 2.360144677125639
2691.5 2.33308835986145
2692.0 1.4941399056240416
2692.5 4.0126660125968225
2693.0 2.394943631873496
2693.5 1.6447099999104036
2694.0 2.298554425405767
2694.5 0.5090738609316812
2695.0 2.7182930585271454
2695.5 1.7433581918322307
2696.0 3.424433043372858
2696.5 3.359533046990589
2697.0 2.053820628268653
2697.5 1.066941783129725
2698.0 1.7444109185443486
2698.5 2.330434627290356
2699.0 2.1124359871833285
2699.5 1.2590061407496045