1200.0 0.5018630399620039
1200.5 1.18060764724637
1201.0 0.9505577623064815
1201.5 0.7317507578361389
1202.0 0.8378431755223246
1202.5 0.6320149823711634
1203.0 0.9342163162382333
1203.5 0.7065405044363106
1204.0 0.9569537005923072
1204.5 0.7880349772075863
1205.0 0.9778417680512411
1205.5 0.4641665679583637
1206.0 0.8096953112150101
1206.5 2.6371839240063286
1207.0 1.7024523716937765
1207.5 1.8542892268137714
1208.0 1.2623090388861957
1208.5 1.4608234228272456
1209.0 1.5284428699356685
1209.5 1.2362861810924721
1210.0 1.2643760722332917
1210.5 2.005155543246717
1211.0 1.199582015865485
1211.5 2.2063421249250723
1212.0 0.9022381744769501
1212.5 0.6190360532453085
1213.0 1.5533597455882935
1213.5 1.6600290055031823
1214.0 1.6267711435723275
1214.5 1.9778711867775838
1215.0 2.315824869997246
1215.5 1.2483517118628067
1216.0 1.7426460686037148
1216.5 0.8814998503709597
1217.0 1.171460796255252
1217.5 0.9738062876714282
1218.0 1.2417697475356544
1218.5 1.30942873460015
1219.0 1.3047195284348476
1219.5 1.2171680811948544
1220.0 1.9453188464107578
1220.5 1.850194910208124
1221.0 2.1295968847068716
1221.5 0.7610853613623595
1222.0 2.23838576392805
1222.5 1.9135260790218027
1223.0 0.8595582553733894
1223.5 1.4068908766084065
1224.0 1.7271770452322859
1224.5 1.1939357390466872
1225.0 0.9451090845036442
1225.5 1.5620623156810693
1226.0 1.4667045625386335
1226.5 1.867399198131573
1227.0 1.8308838197337525
1227.5 1.4129459439139822
1228.0 1.9184830658517666
1228.5 1.9011938648879423
1229.0 1.9617683242595017
1229.5 1.6802714601138597
1230.0 1.6560701156904867
1230.5 1.5069798496966036
1231.0 1.6659194029401412
1231.5 1.1650888165140816
1232.0 2.2036657285478336
1232.5 2.7962066680286997
1233.0 0.9837920260040888
1233.5 2.2759124073952024
1234.0 2.360057200391866
1234.5 0.34171029527637087
1235.0 2.7804187629394637
1235.5 2.0177922073799293
1236.0 2.0481963153821923
1236.5 1.8522940635837633
1237.0 2.364763527420655
1237.5 2.642960549535924
1238.0 2.3383586463058235
1238.5 1.0658829411341935
1239.0 2.2865002599025868
1239.5 2.9869544432869413
1240.0 2.7775477214487942
1240.5 2.1563409552691892
1241.0 4.069681571919207
1241.5 0.4646563890201514
1242.0 1.2847794766658545
1242.5 1.7790798990030092
1243.0 1.6696419811451086
1243.5 0.6172561858755683
1244.0 1.4841159599084197
1244.5 2.658543108475093
1245.0 2.0701325325096205
1245.5 1.8936052980245224
1246.0 0.7461518510862482
1246.5 1.517966252201914
1247.0 1.6463342737200652
1247.5 2.756949899666342
1248.0 1.7355108055632453
1248.5 1.4870758251148193
1249.0 1.5708852623072833
1249.5 0.2
1250.0 4.457856295350838
1250.5 3.51400969472137
1251.0 1.243266035952011
1251.5 3.550532023147792
1252.0 1.3319188896618948
1252.5 2.658646821206725
1253.0 3.5761201763761354
1253.5 0.42951463204086293
1254.0 3.260664351317903
1254.5 0.9252193994059896
1255.0 2.029221647653525
1255.5 2.0696368057433494
1256.0 3.1280085390014296
1256.5 2.2397906670750087
1257.0 2.38726579919003
1257.5 1.1386872142913473
1258.0 3.5557627907911975
1258.5 1.9211163268574274
1259.0 1.551331626651849
1259.5 3.247287303364881
1260.0 1.1060454335049879
1260.5 1.5344315124397183
1261.0 2.840640337090405
1261.5 2.987115771407087
1262.0 2.695700020038532
1262.5 3.66570314862748
1263.0 0.8515054676325033
1263.5 3.0493640917333535
1264.0 3.8907408517559494
1264.5 0.9736398953143517
1265.0 3.2367422209060632
1265.5 1.7592288783707863
1266.0 2.9927341576409496
1266.5 1.2557392247758539
1267.0 1.2298950912839575
1267.5 0.5546153515959844
1268.0 0.978830502786137
1268.5 1.6952441040326014
1269.0 1.6183626636319248
1269.5 1.5583019454404003
1270.0 1.430850343280372
1270.5 2.0904549250327054
1271.0 1.9087738944556634
1271.5 2.202065903672854
1272.0 1.7200955606439332
1272.5 1.9285540412802413
1273.0 1.3180309132475034
1273.5 1.5871573090102715
1274.0 1.3402201919606906
1274.5 1.249478596409383
1275.0 0.6864592228816317
1275.5 0.9820116237538058
1276.0 1.030425450619553
1276.5 0.9295443426500978
1277.0 0.5970972956224102
1277.5 1.010977571735382
1278.0 0.9279477489116464
1278.5 1.1578498295315236
1279.0 0.737230922113469
1279.5 0.577027298943581
1280.0 0.804575167067412
1280.5 1.7238262531627737
1281.0 1.7069008660248004
1281.5 1.7880732959850816
1282.0 1.3014465125386199
1282.5 0.8065683915817625
1283.0 1.538032130743622
1283.5 2.3145628862167795
1284.0 1.7516296721985354
1284.5 1.2705612419705057
1285.0 0.9323226407794379
1285.5 1.1156260110130838
1286.0 0.8974936979230524
1286.5 0.6928609514793491
1287.0 1.5282892620641135
1287.5 0.6500869692728577
1288.0 1.1644054216446955
1288.5 1.6723346391233815
1289.0 1.0737776876697689
1289.5 1.128334856188288
1290.0 1.6819036357637165
1290.5 0.9249746517608964
1291.0 0.8821851735469759
1291.5 1.1008817176483925
1292.0 0.9727917163379235
1292.5 0.8245349726193103
1293.0 1.3932448537028734
1293.5 1.1332619675256685
1294.0 0.6746266752104582
1294.5 0.4693095314148438
1295.0 1.0160119672591859
1295.5 0.6529186239280584
1296.0 0.6583447837822973
1296.5 0.6426677832822614
1297.0 0.6966315176049269
1297.5 0.7269042936982246
1298.0 0.6879846974922839
1298.5 2.9145701020851327
1299.0 3.2690244269878725
1299.5 1.9598807444829267
1300.0 2.187577294314734
1300.5 2.5875906716481945
1301.0 3.1271982097152264
1301.5 2.153898558680279
1302.0 2.015382988285085
1302.5 3.3269663285415563
1303.0 2.595682235531633
1303.5 2.5315745374704575
1304.0 1.2589548703085098
1304.5 2.35505374369766
1305.0 2.2987329292896628
1305.5 1.001087777767708
1306.0 1.1525120347228333
1306.5 0.875166490222065
1307.0 0.3533192142346382
1307.5 1.1610683034321998
1308.0 0.7761409523134573
1308.5 0.8947747727178059
1309.0 0.948370493344302
1309.5 0.8140297944442778
1310.0 0.5603162377656548
1310.5 0.9092811305418765
1311.0 0.8456933610460039
1311.5 1.3047857612575955
1312.0 0.42132430421311073
1312.5 1.0562903252254816
1313.0 0.9509793440221177
1313.5 1.531072262525472
1314.0 2.0046871021316504
1314.5 1.6599532704816071
1315.0 1.6774943247789365
1315.5 0.9514957920433297
1316.0 1.0936423674051603
1316.5 1.1229476084991328
1317.0 0.667816968916922
1317.5 1.0627656054847132
1318.0 0.8010703966216868
1318.5 0.797463715641693
1319.0 0.9693766505631992
1319.5 1.0473883828713428
1320.0 0.39879808194907673
1320.5 1.1862359942187126
1321.0 1.2985065440969543
1321.5 0.7490785606301916
1322.0 0.907862350919857
1322.5 1.1828480805921355
1323.0 0.7146004320661526
1323.5 1.6608648370695513
1324.0 1.1201831001063558
1324.5 1.0473774865397991
1325.0 0.6961907590439633
1325.5 0.8359943128770686
1326.0 0.6954501333031053
1326.5 0.6586560608646429
1327.0 1.0217994619086332
1327.5 0.9140584771691214
1328.0 0.7403078028341654
1328.5 1.1680738711069476
1329.0 0.8446148928687702
1329.5 0.9440177194875884
1330.0 0.8408255425079207
1330.5 1.7954793185249278
1331.0 0.8923075233492739
1331.5 0.9681607076616846
1332.0 0.9040926887960211
1332.5 1.6988615458963963
1333.0 1.2143543670397192
1333.5 2.3625213807772143
1334.0 0.2
1334.5 1.0130273286480689
1335.0 1.6447970645531356
1335.5 1.566844592039314
1336.0 2.0521424914992137
1336.5 1.9403316615837984
1337.0 1.9845174945780366
1337.5 1.8689637071043748
1338.0 3.4090040795983807
1338.5 0.6025001794601164
1339.0 1.6235754996272467
1339.5 2.4512333510058193
1340.0 2.204210587436756
1340.5 1.5430265528218292
1341.0 1.5209314729354508
1341.5 2.5949196857423376
1342.0 1.3905271662625895
1342.5 1.4203889016683386
1343.0 1.2601567971180874
1343.5 2.1341726898900446
1344.0 3.4850653523936757
1344.5 2.518760508081244
1345.0 1.5628681759582683
1345.5 0.2
1346.0 2.038489639865704
1346.5 2.137519091317685
1347.0 2.4680551048518553
1347.5 1.1784084968213586
1348.0 3.2545635824421657
1348.5 1.865876652731191
1349.0 1.7942751533332748
1349.5 1.1066591101783323
1350.0 2.7822371030079616
1350.5 3.316425390685385
1351.0 2.5024370945609644
1351.5 2.103725814488927
1352.0 3.0067694524885242
1352.5 2.5084785158617926
1353.0 3.3414334221917636
1353.5 0.6015293505233399
1354.0 2.429800817000756
1354.5 3.028545378673328
1355.0 2.3049117957120373
1355.5 3.069236403256758
1356.0 3.2883880808784047
1356.5 3.043027469718432
1357.0 2.4024944681462403
1357.5 1.4849306378536347
1358.0 1.862511497325581
1358.5 2.626839574490953
1359.0 1.1373430562005606
1359.5 2.474536507628319
1360.0 1.3165360675514675
1360.5 2.206809899925031
1361.0 1.6746773681570128
1361.5 1.9061539652244848
1362.0 0.8524928080336786
1362.5 1.2389801888680692
1363.0 2.019943274503694
1363.5 1.7102217304910234
1364.0 2.1620133181153416
1364.5 1.5774752610828788
1365.0 1.3667868057271328
1365.5 1.9181340990911437
1366.0 1.3277663665806694
1366.5 1.2735046491461801
1367.0 1.0298411575599944
1367.5 1.3462058180374088
1368.0 1.3250724185461313
1368.5 1.3284575956045395
1369.0 1.89509921927204
1369.5 1.5186761207767248
1370.0 1.252047571159262
1370.5 1.71212431020163
1371.0 1.7667444563783745
1371.5 1.4307848438891653
1372.0 1.3245600444538956
1372.5 1.4981056294571709
1373.0 1.1468986855282404
1373.5 3.9402916256855365
1374.0 3.2781386512860444
1374.5 2.8978530819570003
1375.0 2.576408819532599
1375.5 1.6217244603237195
1376.0 2.243313010057365
1376.5 1.8345980873678416
1377.0 2.383647332020134
1377.5 1.397189548131449
1378.0 1.8914696131159505
1378.5 2.403087292113571
1379.0 2.159308479728207
1379.5 2.2093013430234127
1380.0 2.3461788463582685
1380.5 2.258119603914996
1381.0 0.9775250587070954
1381.5 1.8611122740050372
1382.0 1.898265001609055
1382.5 2.5195057042690863
1383.0 2.527873591581158
1383.5 1.5314565767948427
1384.0 2.7694528787852675
1384.5 0.6805371586547784
1385.0 1.5109875188449864
1385.5 1.8661074839140128
1386.0 0.8011469742949716
1386.5 0.6893556230354492
1387.0 2.334814991965599
1387.5 0.9185590644908953
1388.0 1.2564444973495983
1388.5 1.433386459718553
1389.0 0.9297550156667671
1389.5 2.2168206008585107
1390.0 0.6975281875935582
1390.5 1.36756537780184
1391.0 2.8864814450114555
1391.5 2.049906045527112
1392.0 1.8000780320504655
1392.5 1.7984748019655514
1393.0 2.8274371300083097
1393.5 2.04830591233031
1394.0 1.5010653676174757
1394.5 2.1331113567145117
1395.0 1.6127680836037932
1395.5 2.1479048445297577
1396.0 2.1619928975206166
1396.5 1.9190393040819866
1397.0 0.7872717431750733
1397.5 2.9905053951608953
1398.0 2.4330872717075476
1398.5 1.6584753449478091
1399.0 0.9673199451253491
1399.5 1.473810393792777
1400.0 1.084981799380195
1400.5 1.2287980368929814
1401.0 1.238232557178612
1401.5 0.7984245974790896
1402.0 1.6628168114172261
1402.5 1.4764143981050177
1403.0 1.5376455350000908
1403.5 1.7378372002784008
1404.0 1.438750897418504
1404.5 0.9150396956616249
1405.0 1.0655532307854159
1405.5 1.5515799458006039
1406.0 1.5728623954129182
1406.5 1.320161832928554
1407.0 1.043022848934432
1407.5 1.0743485168320324
1408.0 1.4322685880706065
1408.5 1.1105489964085704
1409.0 1.3121658632340507
1409.5 1.3456383206699787
1410.0 1.632990411981733
1410.5 1.4155931192894078
1411.0 0.6303164706290555
1411.5 1.1218789129715987
1412.0 1.2845327380283533
1412.5 1.2178806862537601
1413.0 1.5314449047852943
1413.5 1.2741365690704225
1414.0 0.7716395355782077
1414.5 1.210371694174671
1415.0 0.8456277690351592
1415.5 1.8601786787024124
1416.0 2.0664971457552612
1416.5 1.3986736906978852
1417.0 1.4722674128280775
1417.5 1.1110445227067327
1418.0 2.089603980263683
1418.5 1.4547913333876958
1419.0 1.5214303610744528
1419.5 1.0744547417242543
1420.0 0.999951768914366
1420.5 0.8690410036764638
1421.0 1.041656845411659
1421.5 1.6284296830089857
1422.0 1.1474744824671945
1422.5 0.803272276116481
1423.0 0.5003963999164909
1423.5 0.7665382361066988
1424.0 0.691486834753561
1424.5 0.7419266470194223
1425.0 0.67086625542778
1425.5 0.5881224139518977
1426.0 0.8153628951586693
1426.5 0.6345639149150667
1427.0 0.7752454448678994
1427.5 0.7815796550046537
1428.0 0.8484204316720301
1428.5 1.052790909815156
1429.0 1.3081815621787505
1429.5 0.7631504672363464
1430.0 1.2135693668131537
1430.5 1.9043743877750405
1431.0 1.1026532672604001
1431.5 1.2381712284430426
1432.0 1.2387946176605515
1432.5 1.7828765739614165
1433.0 2.485162598732205
1433.5 3.058113887409613
1434.0 1.810135853921551
1434.5 1.349016413171428
1435.0 1.043753400946958
1435.5 3.230340378016634
1436.0 2.2713616448880956
1436.5 1.911206714353109
1437.0 2.8829824861469415
1437.5 1.4434526060165649
1438.0 3.2715160229165887
1438.5 3.563707261663271
1439.0 3.2518303977680594
1439.5 0.2
1440.0 1.7496456949689088
1440.5 2.1383008407684434
1441.0 2.3981578357404816
1441.5 1.0810724896799742
1442.0 1.0387995269748083
1442.5 1.0160544237373812
1443.0 2.4019892695526366
1443.5 1.5419736074409136
1444.0 1.3266272092840985
1444.5 2.309003343738249
1445.0 0.9557934065881583
1445.5 1.5203111062112653
1446.0 1.919596914025546
1446.5 0.4133313252227475
1447.0 2.4211245745148204
1447.5 1.3122744508793383
1448.0 1.5440857455260657
1448.5 1.362284274033545
1449.0 1.3807516157296509
1449.5 0.688256140927624
1450.0 0.8914745631620891
1450.5 0.6653967523277418
1451.0 0.7693396189866024
1451.5 0.701658612110905
1452.0 0.7416617965139505
1452.5 0.9118328987465445
1453.0 3.337513439527066
1453.5 1.929669531124564
1454.0 2.8941479666982675
1454.5 1.9910499554756056
1455.0 2.331880300220222
1455.5 2.7014094690460113
1456.0 1.5052503428545154
1456.5 2.806523398771589
1457.0 1.2030864608831924
1457.5 1.4758544269283862
1458.0 1.3191406901981362
1458.5 1.684179492704128
1459.0 2.451596995933642
1459.5 1.5352568910503175
1460.0 1.9128678189199413
1460.5 1.8615962083574065
1461.0 0.9958792806849063
1461.5 1.2813346983924385
1462.0 0.7097627966885784
1462.5 0.9403357603463014
1463.0 1.8559111692268409
1463.5 1.19294739058734
1464.0 1.2264805149994542
1464.5 0.7451355536406866
1465.0 0.29629647879423293
1465.5 0.8628106845513899
1466.0 1.1325915304538752
1466.5 1.3807752854712996
1467.0 1.1548480367789984
1467.5 1.5420974425114857
1468.0 1.2046924928278595
1468.5 1.5029586929251244
1469.0 1.0597428980648846
1469.5 0.7231793866253806
1470.0 0.9959419003799619
1470.5 1.564703999369764
1471.0 0.8594240900682976
1471.5 1.9787242921440047
1472.0 2.420861512975544
1472.5 2.2624443048694127
1473.0 2.5003929034856798
1473.5 2.6941906972562872
1474.0 0.2
1474.5 1.8345680277576497
1475.0 1.7018076475551194
1475.5 1.3568100911364245
1476.0 1.7072583485853243
1476.5 1.8853772728238274
1477.0 1.364887961895216
1477.5 0.9477051697365897
1478.0 1.5459128781854323
1478.5 1.6492040848905543
1479.0 1.2375642673070884
1479.5 1.6064199690383425
1480.0 1.0631761887193636
1480.5 0.9561868131018526
1481.0 0.45170534829236075
1481.5 1.3787746404367383
1482.0 1.3449153231773248
1482.5 2.0242542508588186
1483.0 1.2948627865981828
1483.5 2.1681805339024107
1484.0 1.8454923515692907
1484.5 1.0620691487995302
1485.0 1.9749999410904695
1485.5 1.4652601245727714
1486.0 2.026655365612483
1486.5 1.269150997402266
1487.0 1.1805651667147483
1487.5 0.4811456073241107
1488.0 1.4673053440224244
1488.5 1.125646544301941
1489.0 1.6060537205797716
1489.5 1.792765960472409
1490.0 1.064006324536725
1490.5 0.8367717108225121
1491.0 0.8602994259031864
1491.5 0.7711304246661652
1492.0 0.7949416016788196
1492.5 1.4517162898907676
1493.0 1.1543012119396383
1493.5 2.0467636406043788
1494.0 1.912415582819195
1494.5 0.8342129386897685
1495.0 2.3085849177560114
1495.5 1.166847263353944
1496.0 0.9993161218109504
1496.5 1.4658603215444372
1497.0 1.3864830713395588
1497.5 0.7381310793064345
1498.0 1.0189005463940837
1498.5 0.6472557777193364
1499.0 1.0899040913512177
1499.5 0.9905723512661605