1799.5 0.7375003060672372
1800.0 1.6235481503324085
1800.5 0.8757370445273485
1801.0 0.9481879489644076
1801.5 0.6657754805281746
1802.0 1.0109514464618643
1802.5 1.7237669260411237
1803.0 1.7037733326958309
1803.5 1.4215473128094414
1804.0 0.9910376808469905
1804.5 1.4507905332974738
1805.0 1.3536524955647953
1805.5 2.052595031247235
1806.0 1.7892247703079553
1806.5 1.4748043599256904
1807.0 1.2815640118256
1807.5 0.9515179400783174
1808.0 0.47039304910986546
1808.5 0.8736347277210218
1809.0 0.9900141384786252
1809.5 1.5793052553007785
1810.0 0.873721465050139
1810.5 1.1334996853488555
1811.0 1.1325952297423956
1811.5 1.51455280102007
1812.0 1.7897597480908933
1812.5 2.0708551972364644
1813.0 1.0752039651915979
1813.5 2.398946401755629
1814.0 2.6838751885523298
1814.5 2.4610229664402343
1815.0 1.4892412080550232
1815.5 0.7684246712615316
1816.0 0.8909969347823038
1816.5 2.1946471376537033
1817.0 2.318219680417001
1817.5 1.9490164017398357
1818.0 0.9849059561889253
1818.5 1.7769925120969017
1819.0 1.794978656170094
1819.5 2.4517866949440394
1820.0 1.229739787221022
1820.5 1.6094997061317344
1821.0 1.1039945836771423
1821.5 1.2333718008404555
1822.0 1.719584581369364
1822.5 1.8561629781204414
1823.0 2.0471366154865542
1823.5 2.5151764663001464
1824.0 1.619763941809241
1824.5 1.9020263000536453
1825.0 1.886699008714836
1825.5 1.3997297606181487
1826.0 1.5609750127118773
1826.5 2.0127435081398635
1827.0 1.8703893619956615
1827.5 2.0712590581017203
1828.0 0.4163455677304011
1828.5 2.0171588701815306
1829.0 0.2
1829.5 2.0900065919343933
1830.0 1.714653861235791
1830.5 1.6726077367632641
1831.0 2.340383059531325
1831.5 2.6208698934847288
1832.0 1.7464863470841132
1832.5 1.9847703103702758
1833.0 1.9911578663209866
1833.5 1.5422466368285064
1834.0 1.2515077215316044
1834.5 0.9773760997669995
1835.0 2.3619882689435077
1835.5 1.3220061196854622
1836.0 0.5480836429863045
1836.5 1.560887439541848
1837.0 2.25142778841834
1837.5 1.6961810518848626
1838.0 0.7759988376191336
1838.5 1.1735142386807356
1839.0 1.2938312799141487
1839.5 1.1035455292998884
1840.0 1.663233396655057
1840.5 1.2886075028897541
1841.0 1.611242848501882
1841.5 1.9524194996082114
1842.0 2.0713498094303273
1842.5 2.2125592352352426
1843.0 2.0187208641478027
1843.5 1.5118781832281418
1844.0 0.9668309165143274
1844.5 1.1749289829181013
1845.0 1.0969120653824218
1845.5 2.456917133840007
1846.0 1.7817084932946057
1846.5 2.3101164314374794
1847.0 1.3874350119731322
1847.5 1.4691963184622798
1848.0 1.9783495004838274
1848.5 2.399790402805859
1849.0 1.337064981394445
1849.5 1.0108546673943863
1850.0 2.4227802102060787
1850.5 1.79638555183345
1851.0 1.5678989173276914
1851.5 2.928562992852316
1852.0 2.3974105135925754
1852.5 1.1248988275675864
1853.0 2.118687369334353
1853.5 1.6973329452456678
1854.0 1.1610811442952085
1854.5 1.3185050073268192
1855.0 2.3569063208203316
1855.5 1.993769337779227
1856.0 1.7357470400753958
1856.5 0.41348146699770005
1857.0 1.4566057310666827
1857.5 1.9949601200622167
1858.0 1.5528242055876642
1858.5 1.0047295845312145
1859.0 2.7714803045257597
1859.5 1.8402294516313775
1860.0 1.6636351538319842
1860.5 1.5892630800163112
1861.0 1.4340580952823774
1861.5 1.1876110830146671
1862.0 0.826719337739342
1862.5 1.923035472418962
1863.0 1.1639663190857485
1863.5 2.00625379263044
1864.0 2.0143799203356285
1864.5 1.7325003350531274
1865.0 1.8661615059721506
1865.5 2.930839280287995
1866.0 1.6755328901274062
1866.5 0.8582531343453093
1867.0 2.5001417861845496
1867.5 2.118740495223851
1868.0 2.2913306586220648
1868.5 1.212763293964795
1869.0 0.2
1869.5 1.437900178101902
1870.0 2.497180735890859
1870.5 1.569516606043234
1871.0 0.6954731525144806
1871.5 2.06789739200533
1872.0 0.911103017869218
1872.5 1.044836184149985
1873.0 1.8194726174015234
1873.5 3.2572120939038562
1874.0 3.0069671496343684
1874.5 2.234846734842077
1875.0 2.8561780919023523
1875.5 0.569513587567259
1876.0 1.14423476419974
1876.5 2.096889785014633
1877.0 1.5004914219653287
1877.5 0.6388225811600943
1878.0 1.3857654478306516
1878.5 1.4772336749460862
1879.0 2.6063403664496843
1879.5 1.5028714574888984
1880.0 1.6441193275979682
1880.5 2.727370993148411
1881.0 2.537586413726725
1881.5 2.1690061011243515
1882.0 1.6420732128747866
1882.5 1.1603800193121119
1883.0 0.9080618917575138
1883.5 1.3525294618382215
1884.0 1.166246978517627
1884.5 0.8994292924935039
1885.0 1.2055794794614458
1885.5 1.3953074769494807
1886.0 1.213626860498127
1886.5 0.631975868588689
1887.0 1.4044664636572781
1887.5 1.2346535019175935
1888.0 1.6790359366377186
1888.5 0.744303574684299
1889.0 0.7346462606646833
1889.5 0.6908170757557317
1890.0 0.5943397840924105
1890.5 0.6534476788675039
1891.0 0.7590402058373975
1891.5 0.5924801799084685
1892.0 2.6775554682863043
1892.5 2.0813943646373976
1893.0 2.79105027134175
1893.5 1.491256875209374
1894.0 2.50353890700816
1894.5 2.5455173865677656
1895.0 3.0834681248905715
1895.5 0.23539760362304873
1896.0 1.9596581263144963
1896.5 2.9874095846711475
1897.0 1.519672893580549
1897.5 1.8729719731989252
1898.0 1.2292284940371683
1898.5 1.155626075716024
1899.0 1.4202442780242932
1899.5 1.3984915149964632
1900.0 0.7826520222580934
1900.5 1.0269011303334104
1901.0 1.4136843175278777
1901.5 1.0795803148033585
1902.0 0.6622575071519867
1902.5 1.6061361077412555
1903.0 1.5001232430689229
1903.5 1.8263951335929465
1904.0 1.5739921112632254
1904.5 0.9239074022601141
1905.0 1.0332748131836011
1905.5 0.8022515167524782
1906.0 1.080746907734758
1906.5 1.2482471401664377
1907.0 1.0344907912164816
1907.5 1.7178014063809885
1908.0 1.2888461805918525
1908.5 1.1210417971873512
1909.0 1.236421929057131
1909.5 0.6342109281185802
1910.0 1.7593111254202616
1910.5 1.7976581082190874
1911.0 1.363960791458609
1911.5 1.4243645042897692
1912.0 0.6646799645446104
1912.5 0.9607247910334701
1913.0 1.168786484031401
1913.5 0.9042689068642591
1914.0 1.0706327224390566
1914.5 0.6107520595585758
1915.0 0.9131538604659605
1915.5 1.4096332451073301
1916.0 0.7406652449675069
1916.5 1.2550973307092443
1917.0 0.4437377518087341
1917.5 1.0716702753600775
1918.0 0.819260206259928
1918.5 0.9461027099603082
1919.0 1.425384916653839
1919.5 3.5575207123504375
1920.0 1.4000941822612
1920.5 1.7503337854526815
1921.0 1.1758174943789572
1921.5 1.1788130743668979
1922.0 0.8742726453368757
1922.5 0.5837610555669873
1923.0 1.1360652176646373
1923.5 1.136855772477173
1924.0 0.8522707458454986
1924.5 2.1925942006021377
1925.0 2.1821544399509594
1925.5 2.4222185679031405
1926.0 0.2
1926.5 1.2058844878490493
1927.0 1.5959061006010882
1927.5 1.672647043442546
1928.0 1.706287746078866
1928.5 1.5763154221184383
1929.0 2.03155873036262
1929.5 1.6992213826767022
1930.0 2.201445889782061
1930.5 0.8713501292214716
1931.0 1.381662777409978
1931.5 0.8930675032704767
1932.0 2.283914307739744
1932.5 1.9353284538696374
1933.0 2.088942736154464
1933.5 2.8861323889707613
1934.0 2.695272262246463
1934.5 1.9410145450789265
1935.0 1.9092286217940884
1935.5 2.024526609262698
1936.0 2.3018119065975116
1936.5 2.46565681416636
1937.0 1.9931867279001318
1937.5 2.0333169848687405
1938.0 0.933550998649756
1938.5 1.8102946240271192
1939.0 1.83450668010903
1939.5 1.4218403620131432
1940.0 1.0871638373383745
1940.5 1.7485817354931916
1941.0 2.028007288429153
1941.5 1.3130642062393663
1942.0 2.2539449743663154
1942.5 1.5056748774135045
1943.0 1.024669862287864
1943.5 1.5852472179467332
1944.0 1.8507124106693915
1944.5 1.100698710139976
1945.0 1.6668456119620765
1945.5 2.3419593557387612
1946.0 1.2283916206136898
1946.5 1.7490309142998268
1947.0 1.3559793816438521
1947.5 1.607134756449182
1948.0 2.031437874203525
1948.5 1.6180569943855665
1949.0 0.5141258385829888
1949.5 1.7156274340662712
1950.0 1.6434329532837852
1950.5 1.2217890349874017
1951.0 2.8467097107661354
1951.5 1.006350293067215
1952.0 1.3596160361492453
1952.5 1.8910480434199355
1953.0 1.1413988228290495
1953.5 2.4388067446971133
1954.0 2.1074478547100557
1954.5 2.1270531536241783
1955.0 3.574208643002387
1955.5 1.125309686149492
1956.0 1.4162230520348817
1956.5 2.5164386799522704
1957.0 1.5027096546133754
1957.5 1.7689485473058775
1958.0 1.844003107194645
1958.5 0.9667843104994986
1959.0 2.2420871395575643
1959.5 1.820156501946149
1960.0 1.9283961987533635
1960.5 1.8553378489405368
1961.0 1.4963935954972734
1961.5 1.6403521030680452
1962.0 1.7292768323909709
1962.5 1.5863301500529654
1963.0 1.7320396104111273
1963.5 2.285153345039644
1964.0 0.6011404346214142
1964.5 0.9729717127264786
1965.0 1.9555550012693186
1965.5 0.27531831324107436
1966.0 1.9802495741833204
1966.5 1.047681453281073
1967.0 1.4904755223634587
1967.5 2.8205192140349578
1968.0 1.5837300919669164
1968.5 0.781830703764491
1969.0 2.1057302829510443
1969.5 1.9299916561685206
1970.0 2.5038690004232604
1970.5 0.9833154440944647
1971.0 1.5440991728764044
1971.5 1.725214469698583
1972.0 2.0055515955288925
1972.5 1.8316350987630017
1973.0 1.086353421604891
1973.5 0.7778580677888209
1974.0 1.2466871825332262
1974.5 0.7912445778164288
1975.0 0.9658630968496384
1975.5 0.539414235178154
1976.0 1.356858365087472
1976.5 0.517206325889923
1977.0 1.1656897210196309
1977.5 1.4273211281845164
1978.0 1.332808653829367
1978.5 1.3095918756891765
1979.0 0.6911562677466225
1979.5 1.148060114822855
1980.0 1.4542424285698279
1980.5 1.195096041939797
1981.0 1.0913708167804583
1981.5 2.07780154318891
1982.0 2.0521182546435126
1982.5 2.472838439326371
1983.0 1.6219160462317586
1983.5 3.1316874930453293
1984.0 1.25394769811055
1984.5 1.031765948251372
1985.0 2.3582050072554055
1985.5 0.9186949613822436
1986.0 0.9045785828477323
1986.5 1.8942614592260028
1987.0 1.0794104163612537
1987.5 1.24478408366287
1988.0 1.0830832216540534
1988.5 2.140523401941867
1989.0 1.489102860155394
1989.5 1.4839329173068918
1990.0 0.6456327267843697
1990.5 1.2756082033018652
1991.0 2.064240286724734
1991.5 1.6212006967843329
1992.0 0.766501741838186
1992.5 0.9722744409669043
1993.0 0.8864861545386568
1993.5 0.8788993044440199
1994.0 0.2
1994.5 1.181482153687786
1995.0 1.083366034709568
1995.5 1.5373049297281831
1996.0 1.2890784331445997
1996.5 1.015706723446524
1997.0 1.0058182570128211
1997.5 1.0687888172985245
1998.0 0.8777474879830641
1998.5 0.9447868371731118
1999.0 0.7179540327652911
1999.5 0.7718740820124816
2000.0 1.0663777411006714
2000.5 0.8406861660994327
2001.0 1.148903827399478
2001.5 0.9864263137460213
2002.0 1.0034843420579453
2002.5 1.0256150781695474
2003.0 0.8179513574510365
2003.5 1.1518257819338165
2004.0 0.9390453865251595
2004.5 1.095144447629265
2005.0 0.6757176636650297
2005.5 0.7975802658859792
2006.0 0.8145324675460418
2006.5 0.767825476995746
2007.0 1.6720281856770565
2007.5 1.1588232737317226
2008.0 0.8612710546266277
2008.5 1.326906159100265
2009.0 1.8329836886706368
2009.5 0.7531346450644774
2010.0 0.7841214525193853
2010.5 0.4966206521136183
2011.0 0.864385062411965
2011.5 1.1831358669596947
2012.0 1.474457870031721
2012.5 1.656666673170098
2013.0 1.4259408928564512
2013.5 1.127530573345489
2014.0 1.1814879608885676
2014.5 1.9507431007103242
2015.0 1.8620489807305873
2015.5 1.2790680718234602
2016.0 1.3656716324756815
2016.5 0.8335572256001569
2017.0 1.2674566076439697
2017.5 1.4710185186513853
2018.0 1.9719898616604363
2018.5 1.7220568393643372
2019.0 1.1649772353678238
2019.5 1.5263478068161436
2020.0 0.9098679882321967
2020.5 1.1823760249218622
2021.0 1.1545200686187826
2021.5 0.4027607021279055
2022.0 1.4899528694237771
2022.5 1.1652758616635195
2023.0 1.7699868675001005
2023.5 0.9486839433219374
2024.0 2.212606430667945
2024.5 1.026556288246352
2025.0 1.5406609962347038
2025.5 1.60211823974835
2026.0 1.3266499534629403
2026.5 1.373920249181842
2027.0 0.7192322435635209
2027.5 1.228056899660282
2028.0 1.587746590248508
2028.5 0.9555797692989237
2029.0 1.686064316306838
2029.5 1.2187308463401771
2030.0 0.919146250754753
2030.5 0.9382618826092819
2031.0 0.9399948333379824
2031.5 0.5955739713195101
2032.0 1.3781721371943636
2032.5 0.7808343898030046
2033.0 0.5850021181944032
2033.5 0.7832832011529721
2034.0 0.8502566678109509
2034.5 0.949352620637514
2035.0 0.7842921961148492
2035.5 1.4803311752014077
2036.0 0.79071506838
2036.5 0.7105847666105833
2037.0 0.6477484146325692
2037.5 0.8693723066508725
2038.0 0.8675393191655425
2038.5 0.9826525316742849
2039.0 0.6064100407543365
2039.5 0.795167448536087
2040.0 0.941309505113696
2040.5 0.987953044348004
2041.0 0.6831654120135687
2041.5 0.8524450222586588
2042.0 0.895252116234385
2042.5 0.791154998242996
2043.0 0.8340746330466062
2043.5 0.7750831602402936
2044.0 0.9656034254447535
2044.5 0.7389475547876461
2045.0 0.9938535810560784
2045.5 0.5648254352398547
2046.0 1.0684159442928471
2046.5 0.896693399201524
2047.0 0.9407021787870239
2047.5 1.0362363261636023
2048.0 0.6729971196593864
2048.5 0.7864349481756538
2049.0 1.0649497856965733
2049.5 0.7730602178177723
2050.0 0.7999534376778794
2050.5 0.8521878803828771
2051.0 1.3511440845416556
2051.5 1.147260548611416
2052.0 1.0545798657395193
2052.5 1.271194802086148
2053.0 0.9323217025856406
2053.5 0.7929908654430673
2054.0 1.3425628578774098
2054.5 0.8830776110726302
2055.0 0.6922802761860958
2055.5 1.3992055112001565
2056.0 0.9938068748210998
2056.5 1.3453140202295681
2057.0 1.6150429268940376
2057.5 1.1110904155000154
2058.0 0.8714230681200549
2058.5 0.7310236130914861
2059.0 1.1135049253713856
2059.5 0.8122714675605837
2060.0 0.908846347648675
2060.5 0.7770337198208253
2061.0 0.6289503482017955
2061.5 0.594957339031327
2062.0 0.6993191511098482
2062.5 0.7370623463671406
2063.0 0.7033792417535472
2063.5 0.834442268214453
2064.0 0.709286468689516
2064.5 0.7758107725457994
2065.0 0.7053947954845012
2065.5 0.5687651868449135
2066.0 0.7025582107473716
2066.5 0.9085782972758862
2067.0 2.0088779605753935
2067.5 1.0200593333394745
2068.0 1.400259668050174
2068.5 1.3833149711992982
2069.0 0.9729876526489948
2069.5 1.1912086746712072
2070.0 2.613061529125636
2070.5 1.2342604672142365
2071.0 2.10435514991529
2071.5 1.8388322779724735
2072.0 1.0419836324476441
2072.5 1.7544687424326222
2073.0 2.1172756217838558
2073.5 1.6244747881048802
2074.0 2.8750330353137237
2074.5 0.9712780483822303
2075.0 1.093599933363542
2075.5 1.4770931617224257
2076.0 1.1435704494514822
2076.5 0.7897101395743003
2077.0 1.6334868951206107
2077.5 1.1454523289037497
2078.0 2.0633324935239505
2078.5 1.4879032376119836
2079.0 1.6264617330541282
2079.5 0.2
2080.0 2.479309785806791
2080.5 2.675639738289666
2081.0 1.229979331683526
2081.5 1.4677085205912588
2082.0 2.902043817320943
2082.5 1.1712157824851743
2083.0 1.7367972746983176
2083.5 0.935813540243056
2084.0 1.4695745653816417
2084.5 1.1077840364380278
2085.0 2.9692783198250643
2085.5 2.3237746414400364
2086.0 1.4026008869358018
2086.5 2.0842319208745494
2087.0 1.7806110301901263
2087.5 2.5168772528144263
2088.0 1.87389925899187
2088.5 3.0828100338822333
2089.0 0.9095663332706452
2089.5 2.8338177511375333
2090.0 2.7395837875349462
2090.5 2.772872699946259
2091.0 2.056015364661553
2091.5 1.48395021084169
2092.0 0.6150770280950226
2092.5 2.1640297064402985
2093.0 0.6331549916369337
2093.5 1.5620143583849804
2094.0 0.8351365702665514
2094.5 3.806275561738799
2095.0 3.3138555374913983
2095.5 1.0798705527836974
2096.0 1.8466425188529558
2096.5 2.342087192947192
2097.0 1.7969281356508044
2097.5 3.310536618668471
2098.0 1.1838818431483495
2098.5 2.444968029309646
2099.0 2.3652452423881285