0 1.4883976570749682
0.5 0.971613480222719
1.0 1.3471223340993488
1.5 1.9405531008927541
2.0 2.0920486283344064
2.5 2.0277183123030396
3.0 2.253033290778281
3.5 3.0948967313567692
4.0 3.1670236504304987
4.5 2.5486467145304452
5.0 2.5045367542677752
5.5 2.301120991469041
6.0 4.133019814408257
6.5 2.711834676636368
7.0 3.4253119435219825
7.5 1.43177708124086
8.0 0.2
8.5 3.4590587720881643
9.0 3.1525118276772233
9.5 1.6830230107338955
10.0 2.2598549960023693
10.5 1.0134204821111972
11.0 1.1878269378943134
11.5 2.362312968080839
12.0 1.3617602763744676
12.5 1.6284072068844586
13.0 1.3661555688419122
13.5 1.7624308526078278
14.0 1.2244299322338963
14.5 1.3376947512007789
15.0 1.0679277965745937
15.5 1.3727409655676175
16.0 2.167754696842113
16.5 2.3410515684017623
17.0 3.527181197910534
17.5 0.7272090988387974
18.0 1.413536488227503
18.5 3.380639973280341
19.0 1.1583847852284532
19.5 2.063732048778364
20.0 1.7663281788186689
20.5 1.2606986885461575
21.0 1.0891303404653376
21.5 1.983298373900226
22.0 1.8703563862587622
22.5 2.5847313820078766
23.0 1.5909418276039708
23.5 1.1536763715551492
24.0 1.1278624105820232
24.5 1.2444846317998794
25.0 1.2692547887846715
25.5 0.8621979431336817
26.0 0.49920859054846756
26.5 1.6971682370249885
27.0 1.9996002048795818
27.5 1.589719326611728
28.0 1.787771149754215
28.5 2.8810836707104848
29.0 2.961336830997519
29.5 1.6039695011771111
30.0 1.9468847345948712
30.5 2.734023493072443
31.0 1.7557962982875934
31.5 1.5504129098339487
32.0 0.2
32.5 1.22858346038651
33.0 1.6529964945567275
33.5 2.228396897283698
34.0 0.8255042024682661
34.5 1.9734300396115811
35.0 0.7669498430711192
35.5 0.2230888526773187
36.0 0.6793551750679786
36.5 1.237468918115249
37.0 1.3051421619169967
37.5 1.9410762746325274
38.0 1.5437166961354434
38.5 1.0712492601096537
39.0 0.778896875783532
39.5 0.9545727153995432
40.0 1.0178820691624781
40.5 2.239164332414897
41.0 1.059832564743922
41.5 1.6042001928777734
42.0 1.0384988623839364
42.5 2.0109602981519084
43.0 1.9424405274443908
43.5 1.310227511996556
44.0 1.7083080822479562
44.5 2.8168753693069464
45.0 1.616427852448311
45.5 1.8935559751127566
46.0 0.7675601882484125
46.5 1.0070399709018596
47.0 1.343108014478969
47.5 1.0715377974991434
48.0 1.2030326512648526
48.5 2.5297562882494447
49.0 1.2890353862527368
49.5 2.2866471691966215
50.0 0.4264792852066819
50.5 2.1338780692544637
51.0 1.2539404597324062
51.5 2.184338471607164
52.0 0.4989671332523522
52.5 1.4721031349814548
53.0 1.8883866311260877
53.5 1.0631117238162986
54.0 0.24908178856462193
54.5 1.269261072128211
55.0 1.1661013452011306
55.5 1.2240313076382574
56.0 0.8108196292815463
56.5 0.6563139648746722
57.0 0.7680531779259769
57.5 0.9243060315964731
58.0 0.7308303314992435
58.5 0.6456661705576436
59.0 0.7618194868553358
59.5 0.6103741628500765
60.0 1.387657836239689
60.5 1.0210326846785118
61.0 0.6950153543452026
61.5 1.5105068365833834
62.0 0.8585745229567108
62.5 0.8706728800613437
63.0 0.6937424152943472
63.5 0.5968266562980429
64.0 0.59759039576496
64.5 0.6642812405239238
65.0 0.6541596873511253
65.5 0.7359525859764617
66.0 0.596076279570092
66.5 0.8732130121681736
67.0 0.7104554599671502
67.5 0.6736317881066975
68.0 0.6716846594711328
68.5 0.5741243509217524
69.0 0.7051360621851916
69.5 0.8173201335377176
70.0 0.7498347718861071
70.5 0.6591331754185159
71.0 0.6009797867059528
71.5 0.4241507575460145
72.0 0.6868458412368295
72.5 0.5984659077165475
73.0 0.8871763674524606
73.5 0.9103017441777161
74.0 0.5473641050523028
74.5 0.6952133159165519
75.0 0.7445467859993218
75.5 0.8639372786123054
76.0 0.8027930134184833
76.5 0.7129025482705857
77.0 0.6281309796889746
77.5 0.7493600994951573
78.0 0.8295968928009192
78.5 0.7024656480092524
79.0 0.7427993545938265
79.5 0.7850518520953
80.0 0.7598212013855192
80.5 0.7277759878209775
81.0 0.7552840552256983
81.5 0.6637092097892916
82.0 0.5741938889662697
82.5 0.6846052671410554
83.0 0.8470036801828602
83.5 0.7238100332113695
84.0 0.7047042637534162
84.5 0.6762673945821173
85.0 0.6494423468807765
85.5 0.9849424575023109
86.0 0.7131389537660306
86.5 0.8161971635017939
87.0 0.6623008241972472
87.5 0.6542090226995506
88.0 0.8264792052874279
88.5 0.7153093266588282
89.0 0.6678451586473892
89.5 0.707177339802856
90.0 0.8398764058974666
90.5 0.6586114294513761
91.0 0.72099106889287
91.5 0.7082134933240993
92.0 0.7943113956217212
92.5 0.9277847955999239
93.0 0.7126053788776232
93.5 0.7443561743582947
94.0 0.8445370311014673
94.5 0.816059623791419
95.0 0.802205293539908
95.5 2.073398440957081
96.0 2.6849239894587873
96.5 1.3338178005860657
97.0 3.4846553861200595
97.5 4.303976569537258
98.0 1.3603571001676515
98.5 2.9665947371924704
99.0 1.5514382677350316
99.5 2.8163327615910685
100.0 1.0044520491838649
100.5 2.732224486199983
101.0 2.626487044594337
101.5 2.266081157162371
102.0 1.4709139514124727
102.5 1.2520237215075873
103.0 0.6586137685964334
103.5 0.2
104.0 1.0844304173314523
104.5 1.0222215123297318
105.0 1.475552421078568
105.5 0.8184172613246634
106.0 0.8031695380181825
106.5 0.6032122243598614
107.0 0.7745485202191149
107.5 0.7583764013917413
108.0 1.1446648618326032
108.5 1.0778017361565673
109.0 1.3486156714276998
109.5 0.7137213606395125
110.0 0.9824206971209257
110.5 0.8673790886743546
111.0 1.015496875942921
111.5 0.6184561128750874
112.0 0.931183271759936
112.5 0.9582818006446326
113.0 1.8455571423499464
113.5 0.9531019807895064
114.0 1.4121481633422872
114.5 1.5428297618167526
115.0 1.6262916382490566
115.5 1.7298252941853223
116.0 2.9404452367435887
116.5 1.2487519903139561
117.0 1.7365977498794145
117.5 0.6724353722238567
118.0 2.3225798858830498
118.5 0.7885068951382938
119.0 1.1945414835641774
119.5 2.7838070696634016
120.0 2.7430645057063905
120.5 1.3294168739990941
121.0 1.5995079708925746
121.5 2.7786109908517744
122.0 1.9503739887210965
122.5 2.6288424275275815
123.0 1.1235913566999143
123.5 2.4751166344564046
124.0 2.9192950361624086
124.5 1.8128927231724892
125.0 2.2411999358409984
125.5 2.3279669175241486
126.0 3.0581921354876003
126.5 2.153323045565064
127.0 4.116251865733526
127.5 2.991640445710147
128.0 1.589639677078417
128.5 2.304176568974214
129.0 1.4814185238664035
129.5 0.32472230118721
130.0 3.041913489316843
130.5 2.6589771136674845
131.0 1.7656371974894942
131.5 2.3132250274683397
132.0 1.4784876329914065
132.5 1.3064864465848132
133.0 1.2593288378873109
133.5 2.5777923230899056
134.0 1.2245107395960848
134.5 1.713766598554812
135.0 2.410076956118627
135.5 2.4940880615461367
136.0 1.9571132320262505
136.5 1.0404655472532292
137.0 1.9368704647638066
137.5 1.0680135038114564
138.0 1.2549152220626278
138.5 2.684407044289645
139.0 2.7345505617908583
139.5 0.9032061259323929
140.0 0.4204921801805903
140.5 1.0001185701497262
141.0 1.7596057643817984
141.5 0.7986815578677666
142.0 1.507253002579533
142.5 2.2255252186615326
143.0 1.0617862662701243
143.5 2.466579972983263
144.0 1.2293288327030165
144.5 0.2
145.0 1.4141814294699673
145.5 2.989382635570285
146.0 2.380983938665865
146.5 1.4172535298213198
147.0 2.465518887782313
147.5 1.1843450915934888
148.0 1.6338233102571547
148.5 1.8735161520897243
149.0 0.7417969886499932
149.5 2.8131914079766798
150.0 0.8598839964144989
150.5 1.1226381832041987
151.0 2.23697796888748
151.5 0.9310894451214289
152.0 3.42285643566718
152.5 1.9997156313104312
153.0 1.2855243576048374
153.5 2.148091467085424
154.0 1.3278973265262675
154.5 4.3142725066942775
155.0 2.381981958925701
155.5 4.196498892258108
156.0 2.165700247560023
156.5 1.0772674680558154
157.0 1.1980022631342604
157.5 2.241543868208762
158.0 1.575366093543055
158.5 1.5641322404393745
159.0 3.394100949604087
159.5 1.55460540105608
160.0 1.5227768689630863
160.5 3.6673625484164023
161.0 1.2842584422197252
161.5 2.5512842106277516
162.0 1.9693906699068409
162.5 1.7266703923766893
163.0 3.7389973850214124
163.5 3.272946310768685
164.0 4.195266496751653
164.5 2.1281742401487556
165.0 2.080914435304772
165.5 3.1478207341298643
166.0 1.5300235777075168
166.5 2.02588305687203
167.0 1.6028729409340006
167.5 1.3322876793788503
168.0 3.7190769960981402
168.5 2.5432597174290144
169.0 2.9135917541468084
169.5 1.7180289998864757
170.0 1.1701258848905054
170.5 2.123385842045716
171.0 1.7745541655693227
171.5 3.378918263488831
172.0 1.0357106540990013
172.5 1.8336359434455018
173.0 1.5541701894990019
173.5 0.900557936364258
174.0 1.3292430859126547
174.5 1.806429720309789
175.0 1.9513785353667943
175.5 0.9675778020838125
176.0 1.1592264480646919
176.5 1.0686217567436258
177.0 0.9853422629068614
177.5 1.2558519045662009
178.0 0.7332645751760751
178.5 0.6869505056926781
179.0 0.8761495645338432
179.5 1.0155394013266212
180.0 0.7157400059069607
180.5 0.9367869971971573
181.0 0.73056029933345
181.5 0.8465693787487114
182.0 0.7254894161014036
182.5 0.5162319636206414
183.0 2.612757212627063
183.5 1.7762173225481046
184.0 2.0439049080534257
184.5 1.3603412700208715
185.0 1.5152523562904352
185.5 1.7318431690315794
186.0 2.368973388812047
186.5 1.2344895991625329
187.0 1.571011298352917
187.5 2.222697586718159
188.0 2.68763774188029
188.5 2.0151993100535925
189.0 0.7397256417132869
189.5 1.2539720499157243
190.0 1.9109315113252947
190.5 1.3745844304065802
191.0 0.872082253413674
191.5 1.3439480807596498
192.0 1.3923642352446066
192.5 1.6967599726734708
193.0 1.5288756527006322
193.5 1.9866786560232406
194.0 1.1940684390460978
194.5 1.8034352888484158
195.0 0.8576342212826478
195.5 0.9013484054284192
196.0 0.6166376408853012
196.5 0.8633976352458546
197.0 0.7460673727124889
197.5 1.5178503859943662
198.0 1.4268308629010635
198.5 0.8360084247582485
199.0 1.5242829462614254
199.5 0.938282537446327
200.0 0.28323788364024205
200.5 0.8418019205693925
201.0 1.3471433109205635
201.5 1.2923105241748616
202.0 0.9580680975994095
202.5 0.7465895062382033
203.0 0.5354275262002924
203.5 1.3256345013928952
204.0 1.0589552346367177
204.5 0.7888412469575176
205.0 0.9773178595195996
205.5 0.8742046470892355
206.0 1.206188214931427
206.5 0.9641924718063357
207.0 1.289150737620695
207.5 0.9852390422195852
208.0 0.5361816055322959
208.5 0.8590850661458795
209.0 1.35798944129054
209.5 0.8056159743171527
210.0 2.590178230174796
210.5 2.0943378648939253
211.0 1.2376325106827104
211.5 2.2490275141029152
212.0 3.629722619427949
212.5 3.2775885290730016
213.0 1.5760288288488455
213.5 1.6175413294046357
214.0 2.7963279828728815
214.5 2.005641479783908
215.0 1.8502808399376445
215.5 1.2939548086235466
216.0 2.1262061820328473
216.5 3.040237566818311
217.0 1.3843419736485953
217.5 2.616708168219009
218.0 1.9544206465002705
218.5 2.705268218178372
219.0 0.6281455735346659
219.5 1.1789335222442092
220.0 2.58064950895553
220.5 1.4927228346593797
221.0 3.8116845454913335
221.5 4.241788438946298
222.0 1.0444613454597171
222.5 3.4432161660860787
223.0 2.8951009745684826
223.5 2.4454092804180605
224.0 2.0611423002525626
224.5 1.6225380886346032
225.0 1.2978163402532437
225.5 3.2794971940363506
226.0 3.6725455634524558
226.5 1.83767063815977
227.0 1.2961765071231208
227.5 3.431024572078168
228.0 0.9899020324674819
228.5 1.1043350837376564
229.0 0.8008026288583763
229.5 1.1119311779695737
230.0 1.6431424053157717
230.5 1.4736966198132093
231.0 1.3642629243858182
231.5 1.5415255942452082
232.0 1.9169754233227672
232.5 1.277384737059422
233.0 1.7731175865474296
233.5 2.3022418699301648
234.0 1.9315678414294275
234.5 1.7308487506931525
235.0 1.8421561311941037
235.5 1.2175749755362426
236.0 1.5634596867371937
236.5 0.5920601983694216
237.0 1.7550002727070428
237.5 1.8273785527968687
238.0 3.0427444376508603
238.5 2.8913808492713233
239.0 0.9834338004319232
239.5 2.1418096952868977
240.0 2.42653028793037
240.5 3.8425230479913446
241.0 2.1195745721040384
241.5 3.563632733949472
242.0 0.2
242.5 3.168600797204401
243.0 1.6608015080160579
243.5 1.0421688232934352
244.0 1.9154492987509388
244.5 1.3706650058355927
245.0 2.7998117246513745
245.5 1.6723868253933198
246.0 0.670109012073087
246.5 1.0628733233464438
247.0 1.0857902549915939
247.5 1.3446203014930367
248.0 0.7661278518962962
248.5 0.8387964415984632
249.0 0.6314048378731487
249.5 0.7583352990549539
250.0 1.0798496761419505
250.5 0.7620808193448518
251.0 0.7564431128663514
251.5 0.7637927669133777
252.0 0.6040474193013012
252.5 0.8512042613906754
253.0 0.8671132722019452
253.5 0.7206523740188873
254.0 0.770732177292569
254.5 0.7445693839679854
255.0 0.6542604201551427
255.5 0.7369036644644391
256.0 0.7000220483936819
256.5 1.5655290499949113
257.0 1.0008501487276433
257.5 0.9628432143118552
258.0 0.7351638125712974
258.5 1.0192984378786014
259.0 0.8141813444985417
259.5 0.9601565401702605
260.0 0.934337773878303
260.5 0.9194134881151264
261.0 0.9577979958932309
261.5 2.6931735436246647
262.0 3.124948645707038
262.5 1.4269112403552513
263.0 1.7277411084251382
263.5 3.2403432776076597
264.0 1.5710082329308244
264.5 1.857932814444621
265.0 1.9436375855022656
265.5 3.689349606678601
266.0 1.5822042500006641
266.5 2.5983050355819737
267.0 3.2574671484822026
267.5 2.5433338113241946
268.0 2.5178694801839194
268.5 2.9109852355504566
269.0 1.6896682027219687
269.5 1.980561067828698
270.0 4.101649363050399
270.5 1.6216796435948928
271.0 1.993558519647097
271.5 3.416528086520855
272.0 2.439760348409551
272.5 2.524264486235376
273.0 2.3954200496892435
273.5 1.874756551344725
274.0 4.144852028597619
274.5 1.7667209074328052
275.0 2.758175317467415
275.5 1.272529163695592
276.0 1.2865479802301238
276.5 1.0980630890751144
277.0 1.4672700197395643
277.5 0.696690708555972
278.0 1.1567330702001881
278.5 1.0051629904686896
279.0 1.5806208891919957
279.5 0.8104926824287175
280.0 0.9953132809045876
280.5 0.7390621819193774
281.0 1.2190595480805988
281.5 0.2891331396634924
282.0 1.7391520275382426
282.5 1.3564620451658884
283.0 1.9597171857580453
283.5 3.1994756672760793
284.0 1.9031489444036793
284.5 0.6876298285344085
285.0 2.130271262871222
285.5 2.5555101199286216
286.0 3.222938437825804
286.5 2.5409314155793705
287.0 2.194032258279904
287.5 3.192833646250106
288.0 2.286100706603548
288.5 2.0811120587970264
289.0 3.58953229513994
289.5 1.5164567097981152
290.0 2.7486994813721415
290.5 2.4993828511867813
291.0 2.7268055254488415
291.5 2.9666613243859223
292.0 2.6591039397556844
292.5 1.6430297084410235
293.0 1.0479700329663149
293.5 2.630487229171834
294.0 3.85613731424818
294.5 4.115060369842569
295.0 3.3332643148461334
295.5 2.0686036727639285
296.0 2.9224092067803293
296.5 3.2279950078474586
297.0 3.3951361507396447
297.5 1.1983696239107409
298.0 1.1784472758698303
298.5 1.5998370606597216
299.0 0.9771510061161652
299.5 0.9920721746836259