600.0 1.722354063368079
600.5 0.5090316735443394
601.0 1.0376771324466172
601.5 2.1362035159701684
602.0 1.8862080985724414
602.5 1.8328209644437548
603.0 1.5607655926245272
603.5 1.6796017689892582
604.0 1.0543411678211396
604.5 0.9330572245278175
605.0 0.95732816412704
605.5 0.9751905413935585
606.0 1.2357605735261197
606.5 0.9113992653105562
607.0 0.8614520086090117
607.5 0.8976804712585371
608.0 0.9398833162394374
608.5 0.9800182683617393
609.0 1.22010770330099
609.5 0.9653639216354075
610.0 0.6121401524483698
610.5 0.7887335646478788
611.0 1.2843263769924613
611.5 0.8898776024767286
612.0 1.1757886220126084
612.5 0.9064667001716809
613.0 1.9116184302956722
613.5 2.5801010191944362
614.0 1.3251938736153375
614.5 2.964459354370941
615.0 1.772109091711794
615.5 1.5802938521087269
616.0 1.470773674448314
616.5 2.1833452412962555
617.0 2.4997746761490998
617.5 1.7445408724473515
618.0 1.4697546934912307
618.5 2.1971790415497856
619.0 2.232166135168793
619.5 1.2189082155127298
620.0 1.390761130126907
620.5 2.2043956235545585
621.0 2.968961824366119
621.5 1.8468247252195322
622.0 0.2
622.5 1.7277123202060278
623.0 1.3178277177875026
623.5 1.2548399471079816
624.0 1.267711904985363
624.5 1.4261955605662608
625.0 2.1777092528015745
625.5 1.32717875999674
626.0 1.8091641513261427
626.5 0.9880957657283104
627.0 1.6738683226561704
627.5 1.7241837870036145
628.0 2.318803950146694
628.5 2.1142452702469545
629.0 0.4288921389109275
629.5 1.357804666572093
630.0 1.3887718300882879
630.5 1.5475842786866942
631.0 0.37669457187429334
631.5 2.4991830609896524
632.0 1.802168505836902
632.5 0.5252738370064122
633.0 0.8775810750231757
633.5 0.8144553005683992
634.0 1.2905050166342693
634.5 0.9242582113765596
635.0 3.3470294018997686
635.5 1.3169892961332708
636.0 2.100705296348238
636.5 0.667605606443985
637.0 1.4812816530226662
637.5 2.9822356517063158
638.0 2.19089064443064
638.5 1.190422284533027
639.0 1.7474608482807248
639.5 1.6347540220170185
640.0 2.136842285460699
640.5 1.8339490385155477
641.0 2.8793774427617826
641.5 2.145378634567047
642.0 1.5950933572535826
642.5 0.8784508673011142
643.0 2.6266036215315007
643.5 1.5130642950691908
644.0 1.3324987635307748
644.5 2.5826815980479276
645.0 1.3733812273414108
645.5 3.0106097027239533
646.0 3.3336637540153253
646.5 2.6090466574771765
647.0 4.61193628934463
647.5 1.166304865808677
648.0 1.6793599053705028
648.5 1.8247003731596794
649.0 0.9642827095453032
649.5 1.2727171797208996
650.0 1.0188734033126723
650.5 1.5303745290592259
651.0 3.0009549383438383
651.5 0.9285310248476487
652.0 1.1385519942748554
652.5 1.136856597267015
653.0 0.8991974940490502
653.5 1.5401175505429603
654.0 1.6054373251304646
654.5 1.9337342412723515
655.0 2.724716334979404
655.5 0.6848137289952527
656.0 2.6225035840052326
656.5 2.4877450872138342
657.0 3.8581280792773285
657.5 1.5575901596611887
658.0 1.5454996894039943
658.5 2.753400281824885
659.0 1.6946233154947237
659.5 1.0292962855885412
660.0 1.5785880078077823
660.5 1.3428333909992123
661.0 1.454269206273854
661.5 0.8189610710523126
662.0 2.067864854118652
662.5 1.6628111202625364
663.0 0.554818104234168
663.5 0.549242851623583
664.0 1.1511040833739883
664.5 0.765899715266394
665.0 0.9556110473106463
665.5 0.7609822935282741
666.0 0.7516774751954459
666.5 1.031541007451138
667.0 0.8053468419431686
667.5 0.8764299665426074
668.0 1.1799539695054562
668.5 1.3654475943350315
669.0 1.178451743225295
669.5 0.8993312969223289
670.0 0.9889632403112204
670.5 0.9269402309627983
671.0 2.104960899883923
671.5 2.2528949715021023
672.0 2.9019540732913067
672.5 0.8986458765313838
673.0 1.889265743105553
673.5 3.2839567693588956
674.0 1.1381922732197631
674.5 2.0967803052582807
675.0 1.336107059885526
675.5 3.6077204041659785
676.0 2.4173593332707792
676.5 1.4285069258587648
677.0 2.858143074878453
677.5 1.4094614399061567
678.0 2.7327294962396995
678.5 2.9206231542197854
679.0 1.797411230805463
679.5 3.026980794008608
680.0 3.6539033430560304
680.5 2.925403539002367
681.0 3.030473220132105
681.5 1.4089918712085243
682.0 1.7939432891390887
682.5 2.22026116020612
683.0 0.8924219947474166
683.5 2.475340447889794
684.0 1.2881423478347962
684.5 2.0001320359287966
685.0 1.2945282789016488
685.5 2.2006032198150898
686.0 2.008672098444692
686.5 0.4500029351502275
687.0 0.7120259228337058
687.5 0.900440586223153
688.0 0.9885700553842048
688.5 1.1073181339182807
689.0 0.9900819850083664
689.5 0.8070018056426325
690.0 0.8874793525502475
690.5 0.8109299581929339
691.0 1.1670279254899794
691.5 0.6558794334223412
692.0 0.5736389070835295
692.5 0.8600019327298307
693.0 0.8926270670779959
693.5 2.049765040380004
694.0 2.768730494994962
694.5 0.9225228724615937
695.0 2.0240506215535827
695.5 1.788388784180828
696.0 1.4565339248038307
696.5 1.67296632252184
697.0 2.034700630340333
697.5 1.2936763773078357
698.0 1.6748746693538417
698.5 2.2332939497137994
699.0 2.3026774231527094
699.5 1.731768291677676
700.0 0.2
700.5 1.9606129615874257
701.0 0.6903008708229412
701.5 1.8414839528682907
702.0 0.6694744350136936
702.5 1.5249933428165137
703.0 1.5285394401373642
703.5 2.3282128294163664
704.0 0.7616082007783376
704.5 1.2656780408912767
705.0 1.6205421489531913
705.5 1.490532750361475
706.0 2.724010195348015
706.5 1.3319808101317334
707.0 1.0375926311491868
707.5 0.6113141623955423
708.0 1.6570289176035575
708.5 1.3856362338458457
709.0 2.400896968267645
709.5 1.5575603254738228
710.0 1.384389478341333
710.5 2.499021253487716
711.0 2.0092521108629673
711.5 1.8119981423873226
712.0 0.5844417822871184
712.5 3.0579918313875116
713.0 0.7382429891025942
713.5 0.635653027831115
714.0 1.9796335694410918
714.5 1.5132742939220947
715.0 1.9721752367074958
715.5 0.9632492414633027
716.0 3.1083301871267244
716.5 0.7863131691231768
717.0 0.9063933941974395
717.5 0.6836835992161749
718.0 0.9730587356004721
718.5 0.8601187620064787
719.0 1.5724259110311363
719.5 1.9829954837792205
720.0 1.3879580593712597
720.5 0.8936190334146186
721.0 1.8788708631438549
721.5 0.953904000247338
722.0 1.3003977673679985
722.5 0.3126465835417238
723.0 1.99278913301989
723.5 1.8544707126362292
724.0 1.5399104560413888
724.5 2.021229295344021
725.0 1.1887190297175074
725.5 1.2579932445806166
726.0 1.405770485324651
726.5 0.9765104824969149
727.0 0.98957697207262
727.5 1.2170349555711866
728.0 0.8112844429513361
728.5 0.966835133160404
729.0 1.1894092568095287
729.5 0.8432744396011553
730.0 0.8798958006553396
730.5 1.0791265924828553
731.0 1.1350479585704973
731.5 1.4090913946860637
732.0 1.379892576622769
732.5 1.0428745919912208
733.0 1.1296929037551298
733.5 0.9755971626148845
734.0 0.7411464336388558
734.5 1.3855465156442504
735.0 1.0330788663541002
735.5 1.1349285904192694
736.0 0.8314281405336379
736.5 1.073490123384658
737.0 1.388157645381069
737.5 0.6482987419532158
738.0 1.2031542782632636
738.5 0.6542073621751828
739.0 2.4716433502898356
739.5 1.120787129145723
740.0 1.8518192776766418
740.5 2.8242307246374097
741.0 2.8931252119029947
741.5 1.7414428154542763
742.0 1.234867615181832
742.5 1.770312171777603
743.0 2.132538518216905
743.5 2.302003588661568
744.0 1.370072266841333
744.5 1.8613523785923727
745.0 2.374470572005507
745.5 3.1227114022612867
746.0 2.3523013382608298
746.5 1.1638518886955702
747.0 3.02278579726245
747.5 2.1600739861044715
748.0 0.5681317120765164
748.5 1.1971295146800456
749.0 2.0669946948244147
749.5 0.4019085788733854
750.0 1.092363189160383
750.5 1.3441448228778508
751.0 1.2291050124731142
751.5 1.5815569564265013
752.0 1.173397118058263
752.5 0.6503257063766213
753.0 0.90112517700508
753.5 1.2977162802699462
754.0 1.6748596219357947
754.5 1.31438518968142
755.0 0.6929416943106306
755.5 1.0947496419421059
756.0 1.2671409511020932
756.5 1.2259025454848946
757.0 1.318579926975322
757.5 0.7409256881161609
758.0 1.7406708712343453
758.5 0.9013601826132631
759.0 1.7750752760492057
759.5 0.9011434395493931
760.0 1.690117463039948
760.5 0.5132718534433945
761.0 1.2358242282491236
761.5 1.2019905321946402
762.0 1.005644670604085
762.5 1.2738999863340639
763.0 1.0236947230397
763.5 1.2828162685593165
764.0 1.1073405922801172
764.5 1.11895745042094
765.0 1.1321777514946525
765.5 1.1173506396628141
766.0 1.624957761033742
766.5 1.1194652595211891
767.0 3.058851522176233
767.5 2.5402318526212593
768.0 2.422424368915897
768.5 1.7595827787034133
769.0 1.3773218946572516
769.5 1.7485904022590435
770.0 2.009883241076857
770.5 2.0481474594277134
771.0 2.4351028025406
771.5 2.239130869066153
772.0 2.67197181792075
772.5 3.0492962352004818
773.0 3.305703683439967
773.5 3.6343804227214207
774.0 1.2799997047545066
774.5 3.614225391013038
775.0 0.6849838774900743
775.5 0.8744256508157418
776.0 0.5536299137211994
776.5 0.8676378884779246
777.0 1.0998540423564966
777.5 1.0537083944494396
778.0 0.8827744366319783
778.5 1.0039429379505767
779.0 0.8384743911208468
779.5 0.7639893084289192
780.0 0.777828494049304
780.5 0.9780309963260271
781.0 0.7996524268838323
781.5 0.7706146333839001
782.0 0.6386142463611397
782.5 0.9213433522409488
783.0 0.8551722876585437
783.5 0.9867790725535519
784.0 0.7310416012336132
784.5 0.6205980329547062
785.0 0.602364351758768
785.5 1.0423871371903835
786.0 1.1586754642621457
786.5 2.8172695731806177
787.0 1.9041422394416314
787.5 1.1735366072697435
788.0 1.5285881570899786
788.5 1.6051754763845465
789.0 1.642935766645661
789.5 1.1079651982370966
790.0 1.8882136442658748
790.5 1.512679948458806
791.0 1.4809689197782014
791.5 3.466013834301831
792.0 3.289602249438584
792.5 2.0294204946740306
793.0 2.244426019951926
793.5 1.9125424919251612
794.0 1.104890878849854
794.5 2.5300135642158756
795.0 2.1116643475308274
795.5 1.366131976198735
796.0 1.3251040363474949
796.5 2.1130649149421172
797.0 2.9860086172670552
797.5 1.8594918511392509
798.0 1.9873654716699511
798.5 2.4740196729710897
799.0 2.625579606186742
799.5 2.0207685675533016
800.0 0.7751702030320049
800.5 3.088540321825282
801.0 1.5055371202270205
801.5 1.6756511416112385
802.0 0.6829402684491026
802.5 3.7968533960864024
803.0 2.6366447763183216
803.5 2.649006189511577
804.0 2.3260326224771015
804.5 3.087494535830359
805.0 2.45342999974908
805.5 1.8085019227480001
806.0 2.355636893723988
806.5 2.806997941184675
807.0 1.9229280191466407
807.5 3.043694249482753
808.0 1.7722613947866925
808.5 3.6458382632609663
809.0 0.34134336806322385
809.5 3.592309090081132
810.0 0.8599723229206255
810.5 3.007921037565054
811.0 2.229025152912031
811.5 1.1814290425985885
812.0 1.71230245017524
812.5 2.6864570918238346
813.0 1.8635777653626096
813.5 3.5189381274050193
814.0 0.7433488100642169
814.5 1.9425383530584792
815.0 2.004671899894745
815.5 1.0962171737609996
816.0 0.9767525710104935
816.5 2.104088021545931
817.0 2.0141008086941072
817.5 2.075961152531563
818.0 2.152068040697222
818.5 1.851067105284402
819.0 1.0242551058625198
819.5 1.5708586641514464
820.0 0.6505003396233393
820.5 0.6124953730862153
821.0 0.26092880879961666
821.5 1.3454506567210127
822.0 1.7681422454915423
822.5 1.8575582314490782
823.0 1.9379231374511603
823.5 1.630366433970258
824.0 2.1221480494932763
824.5 1.9070254722335769
825.0 1.0407246780481976
825.5 0.6664929389295748
826.0 0.8111028993953213
826.5 0.7325890843131821
827.0 1.0571556631666228
827.5 0.8118398250240959
828.0 0.847583381688771
828.5 1.133474715309613
829.0 1.1036726780431585
829.5 1.3745209697424832
830.0 0.8126542644999007
830.5 1.581682296062026
831.0 1.353746565351037
831.5 2.773533090745116
832.0 2.43760339516756
832.5 0.7058315289167547
833.0 1.7302951042198242
833.5 2.0331517609755703
834.0 1.557589358081649
834.5 1.7507515905409363
835.0 1.758354723349258
835.5 1.3517149769620451
836.0 1.1168272195546507
836.5 1.5030797253108208
837.0 1.614279062834223
837.5 2.3854906131118323
838.0 1.379581522822944
838.5 0.7061513938211077
839.0 1.4977919487507498
839.5 1.061222031091528
840.0 1.0096826012680442
840.5 3.223896149501034
841.0 1.8392467245865414
841.5 1.3564316979557698
842.0 1.96584019784818
842.5 2.438222829585805
843.0 2.671524340769314
843.5 3.3077766607923955
844.0 0.2
844.5 2.271432455587395
845.0 3.206045530432883
845.5 1.8518665201342803
846.0 0.9500348708103461
846.5 2.56205023105355
847.0 1.3757011688822636
847.5 2.0419690602882787
848.0 2.986573460128608
848.5 0.8428322617680895
849.0 3.1865125797207057
849.5 2.3350789780073153
850.0 3.7647381951140515
850.5 1.3358513922991468
851.0 3.1378121810924844
851.5 2.2157057489848997
852.0 2.751354838707581
852.5 1.9361713016117035
853.0 2.7684434358258967
853.5 1.714234158742177
854.0 1.2436018937534763
854.5 1.440235102568794
855.0 3.3731677985585855
855.5 2.161259944962251
856.0 0.8106975683672857
856.5 3.7154424765848812
857.0 2.754070472060457
857.5 1.9204502742371714
858.0 0.7526018025458163
858.5 0.7234396239763433
859.0 1.0164165816259985
859.5 0.9955374323675504
860.0 1.2394856122818423
860.5 1.2065954834851538
861.0 0.974054759350177
861.5 0.6429761440057461
862.0 0.8448879982716999
862.5 0.4962886338711902
863.0 1.0591323418855114
863.5 0.972204488947585
864.0 0.7751702261448024
864.5 0.8555899657143484
865.0 0.6713339298154366
865.5 0.739828597839087
866.0 0.8651048467721821
866.5 0.8532630269376587
867.0 1.2948824020643568
867.5 0.7464161710003747
868.0 0.8788121468279342
868.5 1.3479631048899814
869.0 2.770341326921793
869.5 3.396134424740497
870.0 1.3776583840133
870.5 1.093873747097799
871.0 0.5273780126037915
871.5 1.7201527514629813
872.0 2.0784999351339506
872.5 2.030152146700692
873.0 2.1916252752724104
873.5 1.5381478080310893
874.0 2.1617860104376665
874.5 1.6279611211110951
875.0 1.3977660038550208
875.5 1.9685300653512814
876.0 1.0852741773464216
876.5 1.5518101369995776
877.0 1.6588587906838297
877.5 1.7714027109471104
878.0 1.8330811271079368
878.5 1.5777574825618856
879.0 2.4408219750329945
879.5 1.1510350456437268
880.0 2.1634358514732996
880.5 0.6284523475299517
881.0 0.83643545414367
881.5 0.6539364400793952
882.0 1.051070234459759
882.5 1.3118138021942898
883.0 2.455628169393397
883.5 2.4515809742405974
884.0 1.4793568354545565
884.5 1.8638910128104356
885.0 0.9550333769573157
885.5 1.7574316332437054
886.0 1.6371965936780941
886.5 1.4523748085047627
887.0 1.625772440607924
887.5 1.8776319116579618
888.0 2.042343537131372
888.5 0.7803369608555499
889.0 2.6424067057499685
889.5 2.0701790623243763
890.0 1.1636896735263307
890.5 2.011742749468016
891.0 2.548666995861901
891.5 0.2
892.0 1.7245065613355763
892.5 2.8169292934842627
893.0 0.9583705153063315
893.5 1.664022746001688
894.0 1.970275673523598
894.5 1.9263177357555146
895.0 2.173358673361404
895.5 1.6693321026580985
896.0 2.5390124605604614
896.5 3.0474288397678606
897.0 1.071545986368989
897.5 1.3308867365642874
898.0 1.8914203414049742
898.5 2.0329031157341544
899.0 1.0936496323573297
899.5 3.7247452916483317