1800.0 0.9432810452965485
1800.5 1.303457975989233
1801.0 0.9231027792996671
1801.5 2.075899459464167
1802.0 0.9517670814612438
1802.5 0.9523003069338526
1803.0 0.589023327418992
1803.5 0.8502563648385333
1804.0 1.1019145679661557
1804.5 1.0030168849919183
1805.0 0.6498559530220869
1805.5 1.3359914260061148
1806.0 0.7045389220852624
1806.5 0.8103437208704032
1807.0 0.5842546058197545
1807.5 0.9899049058133986
1808.0 1.6863432332127748
1808.5 2.061072958391707
1809.0 0.4107122719548446
1809.5 1.6796968608231289
1810.0 1.7741468333785129
1810.5 1.831802305271556
1811.0 0.5734549871010117
1811.5 0.8676471857635106
1812.0 0.9737664048310042
1812.5 2.480164400622361
1813.0 3.6837681307303534
1813.5 2.217881055760448
1814.0 2.034716486242073
1814.5 1.9630093473962207
1815.0 2.232639244616031
1815.5 2.7337203922706994
1816.0 1.9839930487184523
1816.5 3.4730256732896745
1817.0 0.9786289215830772
1817.5 2.52606531554408
1818.0 2.2965347858416862
1818.5 1.9656022425543407
1819.0 1.449098773893954
1819.5 1.1094068331627263
1820.0 1.7953514082282636
1820.5 1.8094056150141553
1821.0 2.439873677593288
1821.5 1.6930704091320337
1822.0 1.1932249956505276
1822.5 1.5410039392598618
1823.0 1.514177315523329
1823.5 1.2655714654231185
1824.0 2.1754335052722795
1824.5 1.3044820984602516
1825.0 1.5804093996231783
1825.5 1.3444066771318934
1826.0 1.663818853870545
1826.5 0.2
1827.0 1.6979314348038024
1827.5 1.730082083020953
1828.0 1.3600280064196495
1828.5 1.1566844182719738
1829.0 1.0415087212439937
1829.5 0.8832171441362853
1830.0 1.0014371144884704
1830.5 1.0663964699461865
1831.0 0.8773052095017759
1831.5 1.937493189814274
1832.0 2.4395462053338823
1832.5 2.064277207689725
1833.0 2.583784228139125
1833.5 1.5604130191585996
1834.0 2.114017721787817
1834.5 0.20294643165256954
1835.0 0.6820239424897596
1835.5 1.1715146570450155
1836.0 1.723733726102834
1836.5 1.3042593340827804
1837.0 0.9367235049715302
1837.5 2.1155302944791683
1838.0 0.9022803843304665
1838.5 2.814985643938125
1839.0 3.204149261603801
1839.5 0.5425674500364522
1840.0 1.1539423045834831
1840.5 1.5938390999763956
1841.0 1.3604904328135554
1841.5 1.212661238365818
1842.0 1.1511748861584365
1842.5 1.7963623477354016
1843.0 0.7265260017444011
1843.5 1.1243150000191493
1844.0 0.8450270385776408
1844.5 1.0711871105275743
1845.0 1.0506246810107456
1845.5 1.4271012188907215
1846.0 0.9244994499305764
1846.5 1.4180224701942858
1847.0 0.885542549104997
1847.5 0.8071830157012607
1848.0 1.3644015062416468
1848.5 1.0066911924291644
1849.0 1.282453939906179
1849.5 1.4322433124834166
1850.0 1.3321562410055505
1850.5 0.8784534309862118
1851.0 1.0236109921943741
1851.5 1.2025899961532414
1852.0 1.1462839128002682
1852.5 1.0201635194441399
1853.0 1.0114191683284939
1853.5 1.1888821063480568
1854.0 1.1362958672514614
1854.5 1.1862424737224304
1855.0 0.40493490492814455
1855.5 1.2824249753117198
1856.0 1.3707773631625777
1856.5 0.8725600854291795
1857.0 0.7818996017735256
1857.5 0.7122819725853462
1858.0 1.0306953135169383
1858.5 0.85111721088619
1859.0 1.5224861446427778
1859.5 0.4559082200490291
1860.0 1.5194792801563377
1860.5 1.5602797915341853
1861.0 0.3500333618664513
1861.5 2.2287008674746924
1862.0 2.6975612035699132
1862.5 1.2505149927045807
1863.0 2.992544536525328
1863.5 0.8797053942207163
1864.0 1.2012969454642946
1864.5 1.32625083328097
1865.0 1.0469090381863135
1865.5 1.467991480292414
1866.0 0.5607785882022331
1866.5 0.9223495628833237
1867.0 0.8856807441108199
1867.5 0.7300699468575926
1868.0 1.4022295116859649
1868.5 1.3383194925616095
1869.0 1.0777103918665094
1869.5 1.0658569353440988
1870.0 1.2743775748571537
1870.5 1.4911601227896427
1871.0 0.5801521032193084
1871.5 1.02830113210554
1872.0 1.6877124276767241
1872.5 1.052939453388819
1873.0 1.1499976254710615
1873.5 0.5437585709329266
1874.0 0.4425824580363833
1874.5 1.2743686334503943
1875.0 1.066361081344042
1875.5 1.9984653256003828
1876.0 0.8969836482085268
1876.5 0.9930289531288453
1877.0 1.2333710773533024
1877.5 0.8335977442695559
1878.0 1.0149769980830357
1878.5 0.6165706884084419
1879.0 1.0099035371555272
1879.5 0.9626207041694435
1880.0 0.8699135061102417
1880.5 1.013895009327007
1881.0 0.638715938461805
1881.5 0.9825283468408625
1882.0 1.0223691206506391
1882.5 0.8799384573362491
1883.0 0.5603874809042924
1883.5 1.1213203169639498
1884.0 0.760334371827837
1884.5 1.0160745940156912
1885.0 1.0935067341376516
1885.5 1.0776871883562351
1886.0 2.3969615677496963
1886.5 1.730102775688152
1887.0 1.6833806844101682
1887.5 0.9732709156834111
1888.0 2.1516778052248933
1888.5 1.8697096531028634
1889.0 2.1030986236341263
1889.5 1.506255097497164
1890.0 1.9494493670308866
1890.5 2.527533505030564
1891.0 1.6583684795333498
1891.5 1.2519019488504433
1892.0 1.6712956344342327
1892.5 1.30372328950782
1893.0 1.3698896456758283
1893.5 2.1776264198370843
1894.0 3.0170605185702652
1894.5 1.0765352858242958
1895.0 2.3584604381875387
1895.5 1.4658382044615361
1896.0 2.2434062698357113
1896.5 0.8775622915783002
1897.0 1.385186694628118
1897.5 1.7605300765633474
1898.0 1.5087631417772036
1898.5 0.7577350788438826
1899.0 1.5778488615421535
1899.5 1.6030743098043658
1900.0 1.4288004546361985
1900.5 1.6433586766957693
1901.0 0.7956513003196137
1901.5 0.7506331403498934
1902.0 1.5401404937567091
1902.5 0.9859081653383276
1903.0 1.5254499501907728
1903.5 1.043108415749047
1904.0 0.8215118290160436
1904.5 1.2285924814620643
1905.0 1.8884546797719546
1905.5 0.9332404040940159
1906.0 1.4737432160162869
1906.5 1.7950879569138287
1907.0 0.613770009968131
1907.5 1.4266371807061535
1908.0 1.9137156908480435
1908.5 0.8139269333118647
1909.0 0.8621224329540156
1909.5 1.6433148368498194
1910.0 1.3030008802092736
1910.5 1.5822603167456657
1911.0 2.202398558422268
1911.5 1.8960437154336878
1912.0 0.6730416690324236
1912.5 1.7762568145893933
1913.0 0.8680500424750004
1913.5 1.2205978016997627
1914.0 2.004782650314801
1914.5 1.779084499350187
1915.0 1.3134884444448558
1915.5 0.3686727892535968
1916.0 1.569028501179927
1916.5 0.842623925403783
1917.0 1.7626276083751007
1917.5 1.7746694398625822
1918.0 1.557973342714928
1918.5 0.4143608995356376
1919.0 1.4478494482074749
1919.5 1.3647916266858369
1920.0 0.6150654715451738
1920.5 2.286155858317599
1921.0 3.6237094222731145
1921.5 4.275054260763937
1922.0 3.5896230564682043
1922.5 2.3521930651246885
1923.0 3.200386678357365
1923.5 1.7544104502368025
1924.0 1.8788766084485022
1924.5 1.7679397134637318
1925.0 1.3686419808915125
1925.5 4.15321104358414
1926.0 3.6642926819952213
1926.5 4.158497851952863
1927.0 3.555268789424547
1927.5 0.9712630021339423
1928.0 1.3739193514192871
1928.5 1.9962695987836057
1929.0 2.2415561122797314
1929.5 3.509320922560695
1930.0 1.303861769658358
1930.5 2.250659743181166
1931.0 1.7698811126195493
1931.5 2.9527906361467693
1932.0 1.3411469869756312
1932.5 3.100061479122794
1933.0 1.8984069459494373
1933.5 2.08119766805699
1934.0 2.201649724607333
1934.5 1.7937032669128818
1935.0 2.734172756450034
1935.5 3.5862256254902207
1936.0 1.476706034102131
1936.5 1.4111972187117419
1937.0 2.955311805655421
1937.5 1.9605401058561553
1938.0 2.262126149114687
1938.5 1.0486870886487982
1939.0 2.1613881316672012
1939.5 2.3057158571826406
1940.0 2.515652823653607
1940.5 1.8574046347823838
1941.0 2.5483212808017734
1941.5 1.7499409436287103
1942.0 1.7934695391083346
1942.5 0.48322023315088014
1943.0 1.9654179814076251
1943.5 1.3574282734767866
1944.0 1.5182638538391595
1944.5 1.7260808190777865
1945.0 1.718269090952623
1945.5 0.2
1946.0 2.3825820549380046
1946.5 2.0992274650152694
1947.0 1.219042933852373
1947.5 1.2599073983595335
1948.0 1.5718237855856876
1948.5 0.6992092176599916
1949.0 0.6440841411790407
1949.5 1.6753769645995384
1950.0 1.2521428527031295
1950.5 1.3079795943329422
1951.0 0.5996294924565074
1951.5 0.8298315934712215
1952.0 0.6492749042013654
1952.5 0.7492965893782451
1953.0 0.6604642727780861
1953.5 0.6886366406182747
1954.0 0.8049543289155032
1954.5 0.6573590753334846
1955.0 0.8271076800618589
1955.5 0.6759497389974356
1956.0 0.5091685804741097
1956.5 0.9130731865875017
1957.0 0.7119165620765524
1957.5 0.753127037894241
1958.0 0.8220091137858703
1958.5 0.53468967947626
1959.0 0.773799334990094
1959.5 0.5637993004525361
1960.0 0.5713302168122646
1960.5 0.6277791447763588
1961.0 0.7642128395619041
1961.5 0.7959824551779711
1962.0 0.7318739720394325
1962.5 0.7259685706083905
1963.0 0.6872226699911594
1963.5 0.7101974816132779
1964.0 0.5981390751851761
1964.5 0.6800106342750563
1965.0 0.7046937670526756
1965.5 0.7003930034604413
1966.0 0.6744114171497957
1966.5 0.6932161299465442
1967.0 0.6404053955573339
1967.5 0.8089031037088033
1968.0 0.7674832907818563
1968.5 0.7392821921312804
1969.0 0.7098292213931883
1969.5 0.8089339961990503
1970.0 0.733330082678165
1970.5 0.605124130357027
1971.0 0.7621086837021882
1971.5 0.8052802312821592
1972.0 0.6485276227664033
1972.5 0.7457676858829732
1973.0 0.7301512110526485
1973.5 0.6491425182391202
1974.0 0.7180571775094804
1974.5 0.7035351194240738
1975.0 0.7352287150867982
1975.5 0.5208821906569345
1976.0 0.7138140922847644
1976.5 0.6962808046779391
1977.0 1.9268518274092543
1977.5 1.6287675458319844
1978.0 1.2009823026458473
1978.5 0.9033358283447985
1979.0 1.0224568354083212
1979.5 1.0944404898449869
1980.0 1.345763917183764
1980.5 1.7161773611754696
1981.0 0.9601372738404232
1981.5 1.3616326625676205
1982.0 0.9986225996983047
1982.5 1.2717245094361282
1983.0 1.0211884144870016
1983.5 1.2910930790194282
1984.0 1.1531108419315126
1984.5 1.4226487418647458
1985.0 1.3319481854023452
1985.5 1.2556957808470122
1986.0 1.4997521139494254
1986.5 1.3370700231337969
1987.0 1.7160611691303853
1987.5 1.0762520328673304
1988.0 1.5243859093146055
1988.5 1.4741117918799778
1989.0 0.79449231200578
1989.5 1.5098579624825046
1990.0 1.3557113045509346
1990.5 1.8235231504413074
1991.0 1.6948019999454744
1991.5 2.8411125117632396
1992.0 1.6721037715448668
1992.5 2.6178581744192204
1993.0 1.2818908625272716
1993.5 2.796077169731685
1994.0 2.521702899984116
1994.5 2.9709251029966977
1995.0 2.0384226808866277
1995.5 0.9022058573006826
1996.0 1.9982284239104307
1996.5 2.8923512666582543
1997.0 2.333209628178077
1997.5 1.3020444166232374
1998.0 2.027489364772444
1998.5 0.875081613412891
1999.0 1.1780815909761895
1999.5 1.4578205923228085
2000.0 1.4340906336754324
2000.5 1.0813459720062635
2001.0 1.2392231228298773
2001.5 1.1234394346065526
2002.0 1.0373951748273744
2002.5 0.8545036781089843
2003.0 1.5380701137333952
2003.5 1.5793567717655466
2004.0 1.1419260739823667
2004.5 1.3036870540927357
2005.0 1.1018655731048663
2005.5 1.8894367336055546
2006.0 1.6793668528232808
2006.5 1.691651439653199
2007.0 1.4807519030540754
2007.5 1.3478490992969292
2008.0 1.6887137529113396
2008.5 1.5460510593881667
2009.0 0.7405134973387876
2009.5 1.4214824861854312
2010.0 1.4385617512268798
2010.5 1.255512687158988
2011.0 1.3041586497796873
2011.5 1.1796466302148159
2012.0 0.6787454703569761
2012.5 1.6958292636465107
2013.0 1.4172218752282661
2013.5 1.6497011441437075
2014.0 1.9362190962931378
2014.5 1.8145243620555682
2015.0 2.17332302727292
2015.5 2.0618556928631513
2016.0 3.225640011653619
2016.5 1.1912785944649713
2017.0 1.9999662509718767
2017.5 1.2510739405069908
2018.0 0.5395426413212367
2018.5 2.540550245971164
2019.0 0.9078039700135472
2019.5 1.5522818995002097
2020.0 1.516876428978156
2020.5 2.025362147980184
2021.0 1.4611112038635559
2021.5 1.2452010061456154
2022.0 2.0684920290276123
2022.5 1.7148369662554446
2023.0 1.6333330687255887
2023.5 1.6902443908105016
2024.0 1.48586060906381
2024.5 1.0827719202310937
2025.0 1.6962773867071526
2025.5 2.547508191824408
2026.0 2.8709308628415378
2026.5 2.074204743504544
2027.0 2.1703150673509226
2027.5 2.8907190306501813
2028.0 1.3865386869359568
2028.5 1.5678057993960408
2029.0 1.8974757192102305
2029.5 1.232826115302915
2030.0 1.4995016502647576
2030.5 2.2778742493324367
2031.0 3.697067816075897
2031.5 3.1250948262032465
2032.0 1.9382288652415538
2032.5 1.3596369085534397
2033.0 1.2199245583654217
2033.5 1.3772448765161014
2034.0 1.0497290084986004
2034.5 2.378024518422702
2035.0 0.5639024730238671
2035.5 1.5628662269132791
2036.0 2.5816969783829826
2036.5 0.3634865394694091
2037.0 1.9050742605802187
2037.5 1.5903814416729436
2038.0 2.610362985483431
2038.5 1.6942319558865058
2039.0 1.4136372599419036
2039.5 0.6063193501795394
2040.0 0.780857326983329
2040.5 0.416030118815075
2041.0 0.7415789695885067
2041.5 0.6486521336299307
2042.0 0.7713059559724782
2042.5 0.6897258054856519
2043.0 0.7189399306764936
2043.5 2.2250984133780056
2044.0 3.366956567661803
2044.5 1.8744405119861143
2045.0 1.1093458962643756
2045.5 2.2522018282888965
2046.0 1.012220302846572
2046.5 1.1563887687760248
2047.0 1.1218328062645395
2047.5 1.5046410193873205
2048.0 1.1287642704958982
2048.5 0.8460162044347543
2049.0 2.22016333695397
2049.5 2.911620019757682
2050.0 1.5991054090780727
2050.5 2.2746756717246712
2051.0 2.1168500504934276
2051.5 2.035600724299442
2052.0 2.3240201700596343
2052.5 2.2507651465864855
2053.0 2.6133950508111807
2053.5 1.7093218426124024
2054.0 2.038695287558717
2054.5 1.912230904151438
2055.0 2.662654401824369
2055.5 0.5432367069342299
2056.0 1.2096536612663584
2056.5 0.6409035588492759
2057.0 0.8400395867427027
2057.5 1.0721482646728941
2058.0 0.6767971921070841
2058.5 1.308551880081195
2059.0 0.7337129200833579
2059.5 1.0877380167737907
2060.0 0.806899298954382
2060.5 1.1041353253014492
2061.0 1.1692151040893664
2061.5 1.1981743886528649
2062.0 0.9048036880603891
2062.5 0.9690262439417122
2063.0 1.4777141117410557
2063.5 1.2301337744865988
2064.0 1.2985149098152295
2064.5 1.312050641003185
2065.0 1.4176506867160348
2065.5 1.791617531171054
2066.0 1.1515532668691393
2066.5 1.6358671367650728
2067.0 1.6465037566100469
2067.5 4.1331824801252335
2068.0 3.260840546978744
2068.5 1.9738613852078832
2069.0 1.5171748069580586
2069.5 1.383897103006059
2070.0 1.92923050744694
2070.5 3.0962131782457476
2071.0 3.458063573642111
2071.5 1.0963569005073228
2072.0 2.333382581856627
2072.5 2.799872600146835
2073.0 2.1600784524123293
2073.5 2.6851825846542514
2074.0 1.9989636750097606
2074.5 1.7885247327412315
2075.0 2.02813004285721
2075.5 2.2335902276177553
2076.0 1.6495546540402135
2076.5 1.574288076653129
2077.0 1.5684761902693183
2077.5 1.3441512569271787
2078.0 1.4281971298808696
2078.5 1.21131201196977
2079.0 0.694674007422404
2079.5 0.7622216449568014
2080.0 1.6274515945158963
2080.5 1.1508418670332055
2081.0 1.0872873221821124
2081.5 0.9944554896191463
2082.0 1.0250066696662516
2082.5 0.9027328376150847
2083.0 1.5627548604157198
2083.5 1.4002486518556618
2084.0 1.181501794042088
2084.5 3.607561225217884
2085.0 3.6660248531919533
2085.5 2.9057046896905
2086.0 0.5053537231569771
2086.5 3.4372834706816526
2087.0 1.1765999737105088
2087.5 3.3594880460222174
2088.0 1.82055033570002
2088.5 1.2980566472614448
2089.0 4.2360487977685395
2089.5 1.2141920858831958
2090.0 2.585208838389435
2090.5 1.0891025086935273
2091.0 2.065381866520725
2091.5 3.0334788721383292
2092.0 3.327201129456209
2092.5 2.836316738990509
2093.0 1.1703118281412255
2093.5 1.1109363751161587
2094.0 0.9194453974872214
2094.5 2.67831882969151
2095.0 2.604837541274371
2095.5 1.6460649883065828
2096.0 2.3098066480905173
2096.5 2.4910108827800777
2097.0 2.4599717477443606
2097.5 1.6112404000000486
2098.0 1.6380667076949713
2098.5 3.0827582229668433
2099.0 1.7740729922842784
2099.5 3.0748419729870573