300.0 0.8797798651591322
300.5 0.7411016673307995
301.0 1.2641474746555303
301.5 1.2429241693969204
302.0 1.3554081731943437
302.5 1.1867187982316816
303.0 1.465615159034556
303.5 0.9200454642446241
304.0 1.2093328691576029
304.5 1.0843147451077055
305.0 0.8942433985028495
305.5 1.2067100505196122
306.0 0.91608100234253
306.5 0.9582545896047487
307.0 1.155055372345165
307.5 1.2236782701446232
308.0 1.0583928079910896
308.5 0.4080438720219104
309.0 0.6368152478188597
309.5 1.3372867391866814
310.0 1.8660035078232555
310.5 1.0901508125852222
311.0 1.1088480044136748
311.5 1.096989486688948
312.0 1.0541083966718352
312.5 1.2965777172109596
313.0 0.6654245870505233
313.5 1.24936537226915
314.0 1.35891068017525
314.5 1.2560439024170371
315.0 1.2562903026626422
315.5 1.2391989840745152
316.0 1.6859291928063285
316.5 1.0986247565005265
317.0 2.139479792680481
317.5 2.7373075038535672
318.0 1.9033977410634801
318.5 2.327744682100654
319.0 2.8784973387736197
319.5 2.505996654902975
320.0 2.0084597595510685
320.5 1.8738545491700538
321.0 2.8120169255264638
321.5 2.633671651617334
322.0 1.8263187369333391
322.5 2.597674759935945
323.0 1.860067452532846
323.5 1.7650872458335005
324.0 0.3029828506834964
324.5 0.7695397962648752
325.0 0.963695121837692
325.5 1.171518085345636
326.0 0.5821807289263146
326.5 1.1221629799943182
327.0 0.7221844211242859
327.5 1.0527714541111886
328.0 0.81001937518386
328.5 0.9458493974715578
329.0 0.8328971854951117
329.5 0.8214541688634198
330.0 1.0665804875469584
330.5 0.9367436578719218
331.0 0.5021547191873548
331.5 0.5691781480818224
332.0 0.8373468500634256
332.5 1.0238688713143282
333.0 1.0092900358797054
333.5 0.8471193807942199
334.0 0.9461243504032616
334.5 1.121468951993811
335.0 0.7932270879121793
335.5 0.7647605140524885
336.0 0.9762990122531898
336.5 1.000607011469183
337.0 0.9959958109926914
337.5 0.7768011202255845
338.0 0.7644239046583069
338.5 0.5782365895824746
339.0 0.9205576831220885
339.5 0.8452155065732094
340.0 1.0752795175613419
340.5 0.8807490770298338
341.0 2.5772628080719047
341.5 3.7970270971626534
342.0 1.9374535329743654
342.5 1.8183807606161628
343.0 1.7534721258360841
343.5 2.624911425308625
344.0 2.3689865103211067
344.5 2.5563567955831186
345.0 2.7699224531897215
345.5 3.2964532798120336
346.0 2.0849674027815794
346.5 1.5902338747110571
347.0 3.2719286770223075
347.5 3.215452394320309
348.0 2.6789424486691633
348.5 1.5104872700206227
349.0 1.8066294942848056
349.5 2.3601192327901153
350.0 1.5146716914158396
350.5 2.5284577716527994
351.0 3.6548577476124535
351.5 2.3826902098746423
352.0 3.344973579093213
352.5 0.7886408260040978
353.0 2.00430115891657
353.5 2.573189229984621
354.0 2.5373227672485745
354.5 2.468892627240564
355.0 4.029562276622183
355.5 0.2
356.0 3.4519456684891896
356.5 2.1128482202850085
357.0 2.2947585058582525
357.5 1.6088565319870507
358.0 0.9723986588436768
358.5 1.7054827096675973
359.0 1.30080925249736
359.5 1.528495809125242
360.0 0.6844929145603775
360.5 1.7555976000452338
361.0 1.4316302833133383
361.5 0.5673218780659965
362.0 1.2971618786692052
362.5 1.58886046292216
363.0 1.5376977772211156
363.5 0.48023604985006124
364.0 0.34498450384616164
364.5 0.8053527655996329
365.0 0.7621004090835257
365.5 0.8911249371316481
366.0 0.5801402329472021
366.5 0.666907571726183
367.0 0.9376377092561997
367.5 0.5597891939271076
368.0 0.8152338015392085
368.5 1.0489239479593415
369.0 2.1029906563965755
369.5 2.987172648221504
370.0 1.8733267454122966
370.5 1.4678030777398519
371.0 1.3801052297555012
371.5 1.013891706076257
372.0 2.1451784944575567
372.5 0.4783409711316853
373.0 0.612694275860477
373.5 2.6176639934995154
374.0 0.8117560893008242
374.5 2.379448131934761
375.0 2.227202654596419
375.5 2.265801406990578
376.0 1.9124422497001834
376.5 1.801293073691883
377.0 1.6919963438259245
377.5 2.4066229127076095
378.0 2.7789348274803243
378.5 1.3174967489869356
379.0 1.116423655533822
379.5 2.1450498723061475
380.0 1.5872275593393808
380.5 0.896565381728807
381.0 0.8580881300815656
381.5 0.40397942859023095
382.0 1.375271470850533
382.5 0.9151638868134461
383.0 1.724349267933273
383.5 1.8057823476382306
384.0 2.512218059892839
384.5 0.9133876112682985
385.0 1.3917390031534915
385.5 1.5043764683687488
386.0 0.5533903876516924
386.5 1.922352021954935
387.0 0.7889719262699316
387.5 1.321502812755731
388.0 1.1241077647600157
388.5 1.4661698157686887
389.0 1.4961488825366147
389.5 1.1784846839820369
390.0 1.633228422249437
390.5 1.2104468074307384
391.0 1.5740982354563688
391.5 1.1001584648715808
392.0 0.6522560219362163
392.5 0.40141497412255256
393.0 1.5788478926763085
393.5 1.3111003514174895
394.0 1.1262067623298457
394.5 1.852198724556494
395.0 0.7933127706088299
395.5 0.9847083972191405
396.0 0.5075284765296447
396.5 1.3318725673152492
397.0 0.7686573139437526
397.5 0.5177609313018394
398.0 0.8325236802990312
398.5 1.3082233842128244
399.0 1.1815448752459146
399.5 1.346456092959816
400.0 1.1189653192676945
400.5 1.441820210117544
401.0 1.2278179223741734
401.5 1.3616807989277833
402.0 1.3070318442169997
402.5 1.4921772727522815
403.0 1.1148500726595874
403.5 1.625219157147361
404.0 1.6374687270428312
404.5 2.0105235946176285
405.0 2.3594825540707918
405.5 2.713990788864602
406.0 1.5528469820548245
406.5 0.5011460513242032
407.0 1.0801603011531697
407.5 2.1259360290800737
408.0 1.459702411997351
408.5 1.82492739567767
409.0 1.2262080222388998
409.5 0.6816040341153671
410.0 2.1368389714217124
410.5 1.9722705227899326
411.0 2.0933642960708085
411.5 0.2879043747501895
412.0 2.1690480457791343
412.5 2.5633059666246565
413.0 0.7605212840935756
413.5 2.052320153275537
414.0 2.0044362283315222
414.5 1.4955367872445655
415.0 0.7756151086368238
415.5 2.071454381983159
416.0 1.1612465786436696
416.5 1.7345743445774826
417.0 1.9014783724721604
417.5 0.6740132123008493
418.0 1.4962827735647428
418.5 1.5093403953191418
419.0 0.7179116826214949
419.5 0.8490081565709677
420.0 2.0493068639033503
420.5 1.084851213041648
421.0 1.5535600778369694
421.5 1.4426819164564626
422.0 1.6227155524147694
422.5 1.2848728755442052
423.0 1.2638891925483913
423.5 1.040401843326981
424.0 2.909949620608754
424.5 3.6512553253104176
425.0 2.7736881425651463
425.5 2.016909605035726
426.0 1.5281599607219492
426.5 1.0803428663596435
427.0 4.12244670123712
427.5 1.4402435221444023
428.0 2.615330735935874
428.5 2.6856936666484366
429.0 2.321297749045387
429.5 1.150065348312578
430.0 1.7050777430833102
430.5 2.056279247173024
431.0 0.6656635080215025
431.5 2.1423810720176357
432.0 1.2236016162703824
432.5 1.4507721721052675
433.0 0.6907702304030849
433.5 2.409859585783858
434.0 1.5284936352065575
434.5 0.45416489870004106
435.0 1.901184521263048
435.5 0.7857339415924864
436.0 0.9293627148977736
436.5 0.9846585325198379
437.0 0.7049249294926687
437.5 0.9158728479692291
438.0 0.8744540034880584
438.5 0.8962246505317911
439.0 0.7883443635704166
439.5 0.9705640719044433
440.0 1.219016726198943
440.5 0.9543654594433273
441.0 0.9911656491765634
441.5 0.997449584328135
442.0 1.1909774187596844
442.5 0.5253661344652305
443.0 0.7642205917968734
443.5 2.7198431237862586
444.0 2.5897608294523184
444.5 0.9525718365484183
445.0 2.1267249331183242
445.5 1.3903847899984862
446.0 1.4912879654394178
446.5 0.6450782302931841
447.0 1.3250143871466586
447.5 1.1983025675372452
448.0 1.934282158916783
448.5 1.5326987927874822
449.0 1.90453971596996
449.5 2.2533134349475903
450.0 3.379437750440155
450.5 1.246045226772531
451.0 1.0565156956637023
451.5 2.1471724172205464
452.0 1.8249039607112918
452.5 3.8517203341907114
453.0 1.4550509622981593
453.5 1.924533284126376
454.0 0.9024607376001099
454.5 1.8940521876461878
455.0 0.2933335026046531
455.5 1.675655228109989
456.0 1.2805817496170175
456.5 0.504593283449436
457.0 2.3041639190413195
457.5 1.5278376753666902
458.0 1.7594993241499908
458.5 2.6462546136809504
459.0 1.0597553671288975
459.5 1.425149098183973
460.0 1.6666196492773455
460.5 0.6773073584446392
461.0 1.605363499935508
461.5 2.1477385557728956
462.0 2.5160540468344035
462.5 2.3111135113501318
463.0 1.222219140709478
463.5 0.2
464.0 2.124990648718528
464.5 1.579264067819611
465.0 1.4487351830691573
465.5 1.1694904572433766
466.0 1.5217747379546038
466.5 2.201416638974852
467.0 1.570056318633529
467.5 0.5493504723663127
468.0 1.6256603193202832
468.5 1.5440085887441912
469.0 2.536996798227271
469.5 1.9645098582424647
470.0 2.6164905068046203
470.5 0.8627885584626612
471.0 1.201227115448698
471.5 1.60464377708055
472.0 1.5409647288973862
472.5 0.7047416848515434
473.0 1.4873431177163392
473.5 1.1217103288035997
474.0 1.4584299865080512
474.5 1.0137046480831093
475.0 0.7032887339671661
475.5 0.7390075019185198
476.0 0.9160890228264817
476.5 0.7133441126868449
477.0 0.6589255430295757
477.5 0.7707836821481944
478.0 0.9225024504040253
478.5 0.6827280490985148
479.0 0.6907740069842062
479.5 0.658370209818367
480.0 0.5827089776227862
480.5 0.6913946545543579
481.0 0.7545974773627511
481.5 0.8596107855667414
482.0 0.685569568530688
482.5 0.6629264086128265
483.0 0.8625309368459766
483.5 0.6507796350344295
484.0 0.7912665791860518
484.5 0.5827364457364324
485.0 0.6040321144716458
485.5 0.7380934515699697
486.0 0.730550529588716
486.5 0.8399179007743685
487.0 0.6165355986816679
487.5 0.6694124668680292
488.0 0.6913037666543269
488.5 0.7429510292336834
489.0 0.6602656693217206
489.5 0.7674696922196633
490.0 1.3443897406178433
490.5 0.980538793644961
491.0 0.5502441532786779
491.5 0.833258597818257
492.0 0.6397046287871485
492.5 1.17261551925583
493.0 1.2388036578075445
493.5 0.8181247580236624
494.0 1.1119307766575814
494.5 1.949189388772108
495.0 1.6080841373706063
495.5 2.7026241784749407
496.0 0.7026983569140917
496.5 1.369566736630365
497.0 2.1955562689586676
497.5 2.5437594278089004
498.0 1.8732413137131483
498.5 2.473247152196045
499.0 2.0538595851404673
499.5 2.144780212649987
500.0 0.8894987317299863
500.5 2.5947810700552845
501.0 1.2484653713085616
501.5 0.6877258282648133
502.0 2.1859895997724603
502.5 3.3610329780243617
503.0 3.2920839408346305
503.5 1.8761206971461686
504.0 1.6851914996028752
504.5 1.7987192754120636
505.0 1.9265337571761143
505.5 1.049919715334464
506.0 1.9076455292588712
506.5 1.6124304590098097
507.0 1.468708114776728
507.5 2.194418374644371
508.0 1.7334617883031536
508.5 1.1236277252826017
509.0 2.330303706567907
509.5 2.7218490162159568
510.0 1.3437686219121645
510.5 1.969730205973558
511.0 1.874637878042646
511.5 1.5671093413834054
512.0 1.0284190400175577
512.5 1.2001681401345767
513.0 1.6804348706213772
513.5 0.9603662914809384
514.0 1.0558527349568907
514.5 2.037581804715038
515.0 1.1726595102277704
515.5 1.3064724936186245
516.0 1.036621073305374
516.5 0.9274192027033652
517.0 1.9873548682438067
517.5 1.111676847416144
518.0 0.6544168695738579
518.5 1.1066050653674246
519.0 1.546124571645129
519.5 1.0390508498625581
520.0 1.022611013570625
520.5 0.8857734896916442
521.0 1.4214428081968493
521.5 1.0682543632460157
522.0 1.0591382658370216
522.5 0.7871064298196077
523.0 1.3733885448696088
523.5 1.7827759573918054
524.0 1.615377966591364
524.5 1.9203237723785993
525.0 1.1951998609152081
525.5 1.0174758281202751
526.0 1.2163232909337272
526.5 1.0872907252028847
527.0 0.7800010360133011
527.5 1.5798759577080919
528.0 0.6531024648108652
528.5 1.670201490973755
529.0 1.214573091705347
529.5 1.3844411749910992
530.0 1.7514296731295944
530.5 1.1360237230324834
531.0 1.334289353234843
531.5 1.9225472073802696
532.0 1.1448479958756512
532.5 1.6278764667975767
533.0 2.872349610539221
533.5 3.51303581063408
534.0 1.5626089306055582
534.5 3.1524846326032856
535.0 2.350423894503857
535.5 1.5728155596171924
536.0 2.087217399773041
536.5 1.989240571370094
537.0 1.8851659743001912
537.5 1.4987283962157059
538.0 1.092067864489945
538.5 0.9249235901880222
539.0 1.2626008482084878
539.5 1.248751072023873
540.0 1.493545715970891
540.5 1.215853460346759
541.0 1.1133151759437248
541.5 1.1226787265605
542.0 1.4526490147314486
542.5 1.3199523262423971
543.0 1.8393203103455564
543.5 1.5330672880992617
544.0 1.009383470950193
544.5 1.47678756026763
545.0 1.4446728375874702
545.5 1.1202471113455208
546.0 1.2569072996226707
546.5 0.8719851223833335
547.0 1.474640411850785
547.5 0.47182951098225456
548.0 1.8011574336064349
548.5 1.1231201368786907
549.0 0.9637535800476746
549.5 1.1911945971739712
550.0 2.1818301020175617
550.5 0.8556763764667317
551.0 1.9599685694866327
551.5 0.5469107644884719
552.0 1.3990969728862472
552.5 1.4811261064885315
553.0 0.7548690228440785
553.5 1.3173064636810285
554.0 2.1721799094827063
554.5 1.7765201734720844
555.0 1.746733427046321
555.5 1.7142425731687523
556.0 1.433479912321199
556.5 0.37883840209236563
557.0 3.1618010506003595
557.5 2.2653171290029395
558.0 2.703897169281354
558.5 2.2969680935323646
559.0 0.2
559.5 1.9381917269903235
560.0 2.0182339871722363
560.5 1.497572542867717
561.0 2.9972563017434064
561.5 2.315369486241062
562.0 2.5550044113400423
562.5 2.4516432156112655
563.0 0.7587821911173906
563.5 2.938378412727922
564.0 1.1138577153333213
564.5 2.729344807847979
565.0 1.6855898635300457
565.5 3.1081141218703117
566.0 2.5328868079852844
566.5 2.605201590356275
567.0 1.652040181489396
567.5 0.8213046823107002
568.0 3.250376149920491
568.5 2.053905002143229
569.0 2.3315962154436347
569.5 2.2408343981525527
570.0 1.4114443257438318
570.5 1.762984748269571
571.0 2.472186147615934
571.5 1.2376526932193277
572.0 2.930841108140328
572.5 2.752532973325244
573.0 2.4066690725059887
573.5 3.354652830071152
574.0 2.569379648123406
574.5 3.0124404402761336
575.0 1.921724795739378
575.5 3.4885923976334094
576.0 1.1582418055719104
576.5 0.8053976094262087
577.0 2.626552241924573
577.5 2.0651112569690486
578.0 3.316631785345984
578.5 2.354776018674028
579.0 2.1142524798062072
579.5 2.924201461837581
580.0 1.944550996342761
580.5 2.6781231476548113
581.0 2.788015211779336
581.5 3.152464938244151
582.0 2.9419023684910712
582.5 2.4980673666687205
583.0 3.732794775930894
583.5 1.742537614552818
584.0 0.6635632583855389
584.5 3.035146594996259
585.0 3.0888663366579463
585.5 2.159819663881093
586.0 2.897501601842201
586.5 1.9470575821218197
587.0 2.479662529022128
587.5 2.3043847869827783
588.0 1.7836568875439598
588.5 1.5038955768497835
589.0 0.4451080508035663
589.5 2.6775287912412518
590.0 1.7444751690936091
590.5 2.351909955664219
591.0 2.1999154967096564
591.5 4.231460079306343
592.0 1.9380077372603521
592.5 3.8746899371940806
593.0 1.4721936536590348
593.5 1.0583621367172975
594.0 0.22427929119746715
594.5 2.3470006381915436
595.0 1.6245502003072765
595.5 2.0264239411396234
596.0 2.041607994580791
596.5 1.7904600657231422
597.0 0.8532621248702237
597.5 0.8069586549006226
598.0 1.19776350867057
598.5 0.9819391262524146
599.0 1.0734934838374959
599.5 1.8363406966519744