2100.0 1.9929532183619132
2100.5 1.2074132729124352
2101.0 1.7470756944106949
2101.5 1.9624762210639766
2102.0 2.3304774307174183
2102.5 2.9204498574198032
2103.0 1.416782530761279
2103.5 1.5198502574464567
2104.0 2.878172371255576
2104.5 3.540909655672902
2105.0 2.7508836801745353
2105.5 1.2710440956232878
2106.0 3.3122754715679132
2106.5 1.7988617371705609
2107.0 1.7081260057948955
2107.5 2.3231298066476005
2108.0 3.146872073792613
2108.5 0.6826798346977535
2109.0 0.6906272487065986
2109.5 0.6837527160820068
2110.0 0.357146003753536
2110.5 0.6614438575724291
2111.0 0.9237150392896195
2111.5 0.6939463251196238
2112.0 1.0450859515126
2112.5 0.8610319026116882
2113.0 0.8930791985442591
2113.5 0.9146951461622725
2114.0 0.8156639345878445
2114.5 0.7489020895803201
2115.0 0.8850559749093252
2115.5 0.8929988802341964
2116.0 1.0199160666725202
2116.5 1.0250129780832273
2117.0 1.081354090673036
2117.5 0.737023372842706
2118.0 0.9480606757909783
2118.5 1.3100290216134223
2119.0 2.830285374726349
2119.5 2.7958003272622136
2120.0 3.242739145822333
2120.5 1.312161298324137
2121.0 3.2880983417497625
2121.5 3.6515059028054946
2122.0 1.500569135972612
2122.5 2.0929092894087225
2123.0 1.0551855955260407
2123.5 2.184707267946142
2124.0 2.892328797275792
2124.5 2.731329898095426
2125.0 0.4178170684338198
2125.5 0.4171521024120741
2126.0 4.321476970972271
2126.5 5.1706579221027855
2127.0 3.85399027740657
2127.5 1.22162185488824
2128.0 1.1287780247715204
2128.5 0.6430470214587963
2129.0 1.615688386947146
2129.5 1.8754804957199707
2130.0 1.6096026104089547
2130.5 1.303129175072153
2131.0 1.3090287007548147
2131.5 1.5997893792793372
2132.0 1.1531564755379184
2132.5 1.2900042840478858
2133.0 1.1849676822470938
2133.5 0.766152947800465
2134.0 0.534154446820499
2134.5 1.6340725128447642
2135.0 1.3321785091458436
2135.5 1.1331162002718045
2136.0 1.2882392701927325
2136.5 1.310719081317141
2137.0 1.4358540657093077
2137.5 1.1089062679334134
2138.0 1.8841740178839086
2138.5 1.5857624832453143
2139.0 2.107011101047493
2139.5 1.3568067605968375
2140.0 1.687553016354107
2140.5 1.7132280425403439
2141.0 1.6640011792571554
2141.5 1.6596046140918972
2142.0 2.0200263676435
2142.5 0.913992633605338
2143.0 2.4071665324090974
2143.5 2.1230053162196874
2144.0 1.3502187813827515
2144.5 1.2095648620358312
2145.0 3.2455818040243614
2145.5 0.5487875371461561
2146.0 3.0056070776478143
2146.5 2.5917037249908716
2147.0 1.2602466493967488
2147.5 2.459441453856381
2148.0 2.0544843539564854
2148.5 0.7667808277540026
2149.0 2.0949875946101053
2149.5 1.9710158118413579
2150.0 1.7806763927786293
2150.5 1.7775361592251375
2151.0 1.9283164976212481
2151.5 1.992201962037413
2152.0 1.6778519477189795
2152.5 1.6351763890016775
2153.0 1.5396178163311849
2153.5 1.4148466245451201
2154.0 1.067817284568689
2154.5 3.7045194380319266
2155.0 2.1015346235004237
2155.5 3.417928261712219
2156.0 2.4133878614207314
2156.5 1.8029234464387776
2157.0 2.448443793712102
2157.5 3.234295225727159
2158.0 1.7671045336099422
2158.5 2.564934011270584
2159.0 0.9274279347349113
2159.5 1.008908722398035
2160.0 0.9978475395912011
2160.5 2.8238645472207478
2161.0 0.7407338836578414
2161.5 0.5935045168830602
2162.0 0.8182907132026933
2162.5 1.0491605690525292
2163.0 0.5306117487014325
2163.5 1.2872564904522492
2164.0 1.0592606026767846
2164.5 0.9952352626912365
2165.0 0.800281540865069
2165.5 0.9263004263014376
2166.0 1.2070304074874878
2166.5 1.2276759181524848
2167.0 0.9502597458948125
2167.5 1.1101162205571102
2168.0 1.0939538898178343
2168.5 0.8988478662396877
2169.0 0.698869939223847
2169.5 1.334620572517873
2170.0 0.8490954591630269
2170.5 0.7998053972880568
2171.0 0.8730866921486223
2171.5 0.5020833683918697
2172.0 1.0226351250733803
2172.5 0.6226783938347986
2173.0 1.4123251775187917
2173.5 2.4808947041489793
2174.0 2.417743448404159
2174.5 3.1603766183478674
2175.0 0.6853212463690441
2175.5 1.8362957526289614
2176.0 1.6028061883040625
2176.5 1.9809892039679933
2177.0 2.371012978855857
2177.5 1.5295064345299214
2178.0 2.1712620348692457
2178.5 1.8460856575268767
2179.0 2.0726569393254493
2179.5 0.6443745435959976
2180.0 2.3211302353045595
2180.5 2.403289737350738
2181.0 1.6461893247175208
2181.5 1.1540612163632162
2182.0 2.38502493385588
2182.5 1.9626941817945995
2183.0 1.7272949163109734
2183.5 0.8647712829600692
2184.0 1.2691688494649984
2184.5 0.8370281064106431
2185.0 0.5743393577435106
2185.5 1.3991916215503613
2186.0 1.6244130526163114
2186.5 1.4974901314651785
2187.0 3.0908030470059726
2187.5 2.2368576415344466
2188.0 1.3857213444084269
2188.5 1.2813283402814932
2189.0 1.2807246113531603
2189.5 1.0938137085628084
2190.0 1.0496570184240965
2190.5 1.3917569000037266
2191.0 1.1698972266758765
2191.5 1.358329667386403
2192.0 1.0903085266276729
2192.5 1.0369581489486583
2193.0 1.3227048705352507
2193.5 0.7908151165033173
2194.0 0.4725525095932763
2194.5 0.6719329620641339
2195.0 0.6007530926395452
2195.5 0.7853660685647355
2196.0 0.48892793363545234
2196.5 0.5934145558785922
2197.0 0.6455768671666403
2197.5 0.6433010852312868
2198.0 1.129440445411121
2198.5 1.313716472341207
2199.0 1.0392789508976803
2199.5 0.5872036367495467
2200.0 1.069670381899038
2200.5 2.799265644867943
2201.0 2.0968372317321533
2201.5 2.7466971127428863
2202.0 1.4597381628434782
2202.5 1.3503067852616522
2203.0 1.9829178773421612
2203.5 1.4108702348099555
2204.0 0.8272412489954957
2204.5 2.2661046009886294
2205.0 1.2736141253282565
2205.5 1.3760780736512759
2206.0 1.9060574312919032
2206.5 1.1800587417965944
2207.0 0.7466774380983605
2207.5 1.2185601230082095
2208.0 1.9939651000748575
2208.5 1.034307752822591
2209.0 1.7940330518482057
2209.5 3.032807811936097
2210.0 2.6639064661226746
2210.5 2.803538210168054
2211.0 1.8609943658808263
2211.5 3.566092921698713
2212.0 1.5076467749989182
2212.5 0.6370289416449715
2213.0 1.1417967381587357
2213.5 1.0868893030485487
2214.0 0.9390287716463892
2214.5 1.6325671915996398
2215.0 2.2118262581904498
2215.5 2.695621141274385
2216.0 1.6259857184435023
2216.5 3.608552788796321
2217.0 1.4785708215422497
2217.5 1.999543212932989
2218.0 2.335943291423118
2218.5 2.2911596409734445
2219.0 2.7621237623394594
2219.5 2.1781197576142803
2220.0 3.3821326972676946
2220.5 2.9615698612793055
2221.0 3.4136048534988808
2221.5 2.126601653023742
2222.0 2.1399962772714893
2222.5 1.1870638256875536
2223.0 1.3499936971415385
2223.5 1.1880087796997771
2224.0 2.0636300681903643
2224.5 3.0261918780876327
2225.0 2.765122738130027
2225.5 1.865768770955418
2226.0 3.690186786962231
2226.5 1.485881356702515
2227.0 1.3845696344566654
2227.5 4.626756673540891
2228.0 2.9076838439226087
2228.5 1.4515621343765865
2229.0 2.0111669345063077
2229.5 0.2
2230.0 2.2621966979961723
2230.5 2.818131811048266
2231.0 0.9812492320258253
2231.5 2.765241683819293
2232.0 2.1286451745193533
2232.5 0.2
2233.0 2.5434832818879753
2233.5 3.629857995058863
2234.0 3.223851556747344
2234.5 2.5186157800990294
2235.0 3.175033069844763
2235.5 1.9558526792681867
2236.0 2.284980693105851
2236.5 1.6067851961565411
2237.0 1.0639316756357036
2237.5 1.5205807985094963
2238.0 2.93670294519654
2238.5 3.343635160420936
2239.0 0.33883993657193856
2239.5 3.3769972018611627
2240.0 2.4047081235851584
2240.5 0.565264133180625
2241.0 2.291521762608564
2241.5 2.850837678455747
2242.0 1.063969847672783
2242.5 2.2288418027006696
2243.0 1.0641603427980701
2243.5 0.7942172180255556
2244.0 2.8382809119037766
2244.5 1.9859211062830662
2245.0 0.8654196533003347
2245.5 2.3589338204779002
2246.0 1.4622620657408032
2246.5 3.2325606523768107
2247.0 2.826367787422711
2247.5 1.8171096252048236
2248.0 1.075868688927775
2248.5 2.0618256971862152
2249.0 1.876904671583878
2249.5 1.4758175969305074
2250.0 3.106471979080197
2250.5 1.3622825076781266
2251.0 2.13730598412611
2251.5 2.548854799316179
2252.0 2.357437717472672
2252.5 2.2441824969679987
2253.0 1.5838461220366236
2253.5 2.615461204768385
2254.0 1.1524612461077677
2254.5 1.9921941992017187
2255.0 2.747832008609766
2255.5 1.6983113023233614
2256.0 1.2101257323972374
2256.5 2.6034792930629607
2257.0 3.069245460950344
2257.5 2.3941613398759714
2258.0 2.2598583490712967
2258.5 1.6937550982783693
2259.0 1.45430947408277
2259.5 1.6523340005041742
2260.0 1.0038794624459328
2260.5 1.1066420085025828
2261.0 1.1088105738871719
2261.5 1.8022556996320174
2262.0 1.196141272992326
2262.5 0.6371726831980564
2263.0 0.7283471992514945
2263.5 1.0975155959431742
2264.0 0.5806270003052021
2264.5 0.9069270556792413
2265.0 0.8372555177454254
2265.5 1.212406653753817
2266.0 1.2836507423965182
2266.5 0.8203748520998282
2267.0 1.0378799858557288
2267.5 0.4869309669356884
2268.0 1.1123981486727854
2268.5 1.1461683570787153
2269.0 0.7686860340646182
2269.5 3.281822029659827
2270.0 2.0857713517363097
2270.5 3.312842336248041
2271.0 1.9981000417803267
2271.5 1.6892161744287708
2272.0 1.8677944578988432
2272.5 1.207531022733915
2273.0 1.3243442392346667
2273.5 1.7259511439054305
2274.0 1.520913832943394
2274.5 2.7030300795812336
2275.0 1.8205126046389901
2275.5 3.462575753549329
2276.0 2.798685417788551
2276.5 1.8555517454568509
2277.0 2.215838132955565
2277.5 2.475109034582516
2278.0 3.888786263453131
2278.5 1.8987472641903886
2279.0 3.0474059065457157
2279.5 2.9228767782032765
2280.0 2.3292013231286495
2280.5 2.12230892725405
2281.0 1.8258057948847997
2281.5 2.676163149823786
2282.0 1.1629321780283346
2282.5 1.470927035841008
2283.0 1.8796364908371848
2283.5 0.9839310851090302
2284.0 0.8139898124826273
2284.5 3.2392230736239256
2285.0 1.9989728932090158
2285.5 1.3554565263816527
2286.0 2.5021263897312935
2286.5 2.195458642152532
2287.0 2.9394954343926694
2287.5 1.1404605324276815
2288.0 2.009501823795003
2288.5 2.7346333736837867
2289.0 1.6130459586278003
2289.5 1.2382095049905493
2290.0 2.364015106334503
2290.5 2.263221656555092
2291.0 3.744132982131104
2291.5 0.764561833045931
2292.0 1.7330993643425407
2292.5 2.1204822471456892
2293.0 2.2188466365669814
2293.5 2.4907292475227782
2294.0 0.8035072287757081
2294.5 2.6115418904604875
2295.0 2.704623283317125
2295.5 3.8757116549647117
2296.0 0.27470707920005677
2296.5 1.8380050368900451
2297.0 2.2448226849790816
2297.5 1.8165475269939588
2298.0 2.8393751019825033
2298.5 3.1976759489503355
2299.0 1.8378419534398422
2299.5 2.5546327118374794
2300.0 2.799136062884513
2300.5 2.7844419677385086
2301.0 2.8742004660439022
2301.5 4.643059280351647
2302.0 2.2732431214777193
2302.5 0.9291926719144337
2303.0 2.598002137284054
2303.5 2.336837343669108
2304.0 3.0991168760463346
2304.5 1.8541484640011907
2305.0 2.5222986133772376
2305.5 1.5035522414074896
2306.0 2.2379280730428324
2306.5 2.289431135207202
2307.0 2.183162036846905
2307.5 2.9805294749941385
2308.0 2.9401439887394814
2308.5 3.1368304729690397
2309.0 1.4027886810209291
2309.5 1.3537827086547902
2310.0 1.4581931251326248
2310.5 1.2895517261005258
2311.0 0.985594883546284
2311.5 2.180336985643875
2312.0 2.4055543177422614
2312.5 1.7979178197571954
2313.0 1.3762125947309003
2313.5 1.5700317183331607
2314.0 1.3694793515722647
2314.5 1.6416757746091668
2315.0 1.1445338817836908
2315.5 1.2909251793503995
2316.0 1.6916671481371965
2316.5 1.6310295892191995
2317.0 0.9814210321670813
2317.5 2.195214388794627
2318.0 1.8213276803119167
2318.5 1.3149692330122913
2319.0 2.1797005714663804
2319.5 0.9559618446312498
2320.0 1.8595535317740426
2320.5 1.7283025471220148
2321.0 1.5902465165172721
2321.5 1.2790611977662047
2322.0 1.9238301474793815
2322.5 1.4263647106292991
2323.0 1.0392823948586287
2323.5 1.28390926546831
2324.0 1.154090443757242
2324.5 1.1486217979988966
2325.0 0.984704389839577
2325.5 0.5653795949442844
2326.0 0.3549246673993067
2326.5 1.4528377223729128
2327.0 2.16766733158504
2327.5 2.239004768510724
2328.0 1.1452589638844195
2328.5 0.38107964806284755
2329.0 1.2618472537102439
2329.5 1.63520974519805
2330.0 1.6059105060097447
2330.5 1.8244524718073896
2331.0 0.30416398666963995
2331.5 1.6810439137888227
2332.0 0.8038496284592458
2332.5 2.0410802782440003
2333.0 2.07796249680558
2333.5 0.8735039041131245
2334.0 2.2629384705683178
2334.5 1.4717392878791993
2335.0 2.2446899708397967
2335.5 1.5895821596949906
2336.0 0.8000694856884344
2336.5 1.0652557320140974
2337.0 0.9504732497036333
2337.5 1.6227412132739714
2338.0 0.5434622859443773
2338.5 1.0585318368233803
2339.0 1.0059885078535018
2339.5 1.366136096577452
2340.0 1.3379172543827407
2340.5 1.6343836383610884
2341.0 1.370276945069761
2341.5 2.540361419034366
2342.0 0.8515175150872912
2342.5 1.2729826824548143
2343.0 1.2488949621511831
2343.5 1.6197656669803873
2344.0 1.3701681208006313
2344.5 1.1168629439442164
2345.0 1.359879036181313
2345.5 2.338699921096005
2346.0 2.1537420563412226
2346.5 1.6331999820021468
2347.0 1.379299782097781
2347.5 1.4611238045109183
2348.0 1.340044380584677
2348.5 1.309074318375596
2349.0 0.8909519613237489
2349.5 0.8620682200886647
2350.0 1.0382764962460365
2350.5 0.8239103135758156
2351.0 0.9724941338841192
2351.5 0.7884967200201121
2352.0 0.7787078813635229
2352.5 0.6215290507165481
2353.0 0.9070297636349989
2353.5 0.6696004425962307
2354.0 1.2346990747766526
2354.5 0.8209936447278225
2355.0 1.136642358649501
2355.5 1.2161148541187594
2356.0 0.5917745973363084
2356.5 1.0611925770305537
2357.0 1.2513218966138422
2357.5 1.1271919954780047
2358.0 0.5907072612310945
2358.5 1.8143057084410152
2359.0 1.2017564418894622
2359.5 1.9697902130830116
2360.0 1.0222794212056776
2360.5 1.63434464963987
2361.0 1.3947792031176196
2361.5 1.8812843762815181
2362.0 1.3245756641947397
2362.5 1.4567842668389877
2363.0 1.5717504724291063
2363.5 0.8736767291470204
2364.0 1.4111256410750372
2364.5 0.6340653255311821
2365.0 1.153010040344268
2365.5 1.3414617909443058
2366.0 1.3662671525850942
2366.5 1.4445745167642148
2367.0 0.8464917489255632
2367.5 0.8058040124522874
2368.0 0.9666486041197272
2368.5 1.0504679211542025
2369.0 0.7414116204479705
2369.5 0.8143225606493322
2370.0 1.1075978931190185
2370.5 1.4943216067671368
2371.0 1.650272649716266
2371.5 2.193202133090385
2372.0 1.8583943363766557
2372.5 1.896545989585509
2373.0 2.435025627960605
2373.5 1.7281598480780191
2374.0 1.653631945282481
2374.5 3.433466418025886
2375.0 1.139621554505004
2375.5 3.2153049939452147
2376.0 0.960189796747235
2376.5 1.7885804725080203
2377.0 1.5727844145139072
2377.5 3.6154515078795235
2378.0 2.2631262449226557
2378.5 1.1114093668637368
2379.0 3.4864719109070665
2379.5 3.6856923169086375
2380.0 1.2769601391012175
2380.5 3.8694019395307673
2381.0 4.052968985086619
2381.5 1.1742657546551527
2382.0 1.717090088914286
2382.5 1.8466281227761283
2383.0 1.8062679828400716
2383.5 1.599538873358688
2384.0 1.0774037620754988
2384.5 1.2012569051907493
2385.0 1.2362026051692458
2385.5 0.9464999756842702
2386.0 1.1558930843121291
2386.5 3.128524390575782
2387.0 0.9260172919476543
2387.5 0.6612232327892293
2388.0 1.107592533002272
2388.5 1.0094495724592818
2389.0 1.0698234727040263
2389.5 0.7149345369775117
2390.0 0.6860528572721059
2390.5 0.9530511435167626
2391.0 0.48870643401580793
2391.5 0.7521274971684779
2392.0 0.4358729704293949
2392.5 0.7224809350334388
2393.0 0.728452417329698
2393.5 0.9012441199732509
2394.0 0.8083720659152717
2394.5 0.9722766582130707
2395.0 0.8669964409792088
2395.5 0.9112236616174986
2396.0 0.803510152137701
2396.5 0.7783704249311472
2397.0 0.7898998309322989
2397.5 1.1922158782610457
2398.0 0.9789497727028383
2398.5 2.5758846480986275
2399.0 2.9327404864296254
2399.5 1.6370699295215638