2099.5 1.863120371714271 34 0.008
2100.0 3.7145654925691227 30 0.001
2100.5 1.7756891322641324 32 0.014
2101.0 2.677190390855153 33 0.031
2101.5 1.3057470129683775 32 0.021
2102.0 0.8688074492203657 28 0.030
2102.5 1.4708050905165346 33 0.027
2103.0 1.8449275936528444 29 0.020
2103.5 0.8111245357426227 29 0.000
2104.0 0.3337206275284126 33 0.007
2104.5 1.7423749300109095 30 0.028
2105.0 1.6794109161331896 30 0.045
2105.5 1.8541829495615931 31 0.029
2106.0 1.9843230006525723 28 0.026
2106.5 1.8103102831810187 26 0.019
2107.0 1.5345228693230109 28 0.021
2107.5 0.9903481291262741 27 0.023
2108.0 0.2 33 0.026
2108.5 1.6798085446634778 29 0.017
2109.0 2.857949382654496 27 0.007
2109.5 1.7732384680905822 42 0.060
2110.0 0.6907963512222675 38 0.038
2110.5 0.8447737721111988 39 0.052
2111.0 0.6761525706354921 42 0.045
2111.5 1.05483211295988 44 0.044
2112.0 1.5684533276446602 41 0.048
2112.5 1.8253820364024043 41 0.058
2113.0 1.2980449230947326 40 0.061
2113.5 3.569413916937251 40 0.055
2114.0 2.7307917137104427 40 0.061
2114.5 0.34227053038709965 40 0.042
2115.0 0.4043676587785292 40 0.047
2115.5 2.324974734140561 41 0.041
2116.0 1.1711212209339035 40 0.058
2116.5 1.8111242386623434 43 0.048
2117.0 1.907640874460597 42 0.053
2117.5 1.0869490140235099 39 0.065
2118.0 1.6486525584448302 39 0.049
2118.5 1.417161916732383 41 0.049
2119.0 0.9495538327951176 37 0.032
2119.5 2.3187308628332133 37 0.042
2120.0 1.8943175273573536 40 0.063
2120.5 1.1552441399943396 36 0.050
2121.0 1.3349406010923475 42 0.035
2121.5 1.288797059594454 41 0.050
2122.0 2.799083280349882 39 0.065
2122.5 1.0588248215087392 41 0.060
2123.0 1.1347391990452727 39 0.044
2123.5 2.2472750564656065 38 0.038
2124.0 1.070790394844286 40 0.048
2124.5 1.4696332288362808 29 0.017
2125.0 1.302921125742266 28 0.032
2125.5 0.591408248134108 32 0.027
2126.0 1.2744057801703783 32 0.047
2126.5 1.3947724722764638 29 0.035
2127.0 1.8121553379627429 27 0.039
2127.5 1.7340965071641774 27 0.025
2128.0 2.214727903060071 30 0.034
2128.5 2.758633355046078 28 0.025
2129.0 2.990394117191425 32 0.023
2129.5 2.1956996929314125 32 0.028
2130.0 1.1602169168944219 26 0.019
2130.5 2.2176987648182678 32 0.043
2131.0 2.139932824747196 30 0.038
2131.5 2.7470777619759086 30 0.025
2132.0 1.2603725468975164 30 0.034
2132.5 1.0124791048764437 31 0.022
2133.0 1.796583689451263 30 0.027
2133.5 2.6782075416006776 28 0.004
2134.0 0.6989049342076972 32 0.032
2134.5 2.7921833896680335 28 0.033
2135.0 2.710990264829962 32 0.026
2135.5 3.1570489943632296 30 0.051
2136.0 2.70128735681148 28 0.023
2136.5 1.1305915157522104 32 0.021
2137.0 1.5794512009730461 29 0.023
2137.5 1.004734048463925 29 0.034
2138.0 1.3848830234328708 30 0.021
2138.5 1.8407982595118488 29 0.031
2139.0 2.0440913180601044 29 0.022
2139.5 0.8227851180815167 30 0.046
2140.0 4.607673126915239 34 0.028
2140.5 3.497149427994037 30 0.031
2141.0 3.6178068476625973 31 0.032
2141.5 1.3063898885011886 31 0.037
2142.0 3.6702700645332733 29 0.041
2142.5 0.7609908032983179 30 0.033
2143.0 1.9210665168287504 31 0.021
2143.5 0.9550275177559369 29 0.036
2144.0 1.6176178154913559 30 0.040
2144.5 3.2899629877552976 31 0.025
2145.0 3.3531254821227208 30 0.023
2145.5 3.1915966802431583 32 0.024
2146.0 2.400979843803061 32 0.038
2146.5 2.515105050266241 28 0.044
2147.0 1.4200119098960655 29 0.036
2147.5 1.9954656357431977 30 0.030
2148.0 2.7039769565306973 31 0.023
2148.5 2.7190783918127166 30 0.029
2149.0 2.512769587871711 32 0.026
2149.5 4.42840877812331 19 0.022
2150.0 2.404451886085638 20 0.006
2150.5 1.7402192006872435 22 0.000
2151.0 3.2013847598251175 20 0.000
2151.5 1.7034724044788763 22 0.000
2152.0 1.7214527714720707 22 0.003
2152.5 3.3808811614597403 20 0.010
2153.0 2.8309490327990803 22 0.025
2153.5 3.023671014588646 16 0.000
2154.0 3.405919580311824 20 0.023
2154.5 1.5561414656629171 20 0.000
2155.0 1.3507037753671063 23 0.010
2155.5 0.37641832083648374 23 0.015
2156.0 1.1319363485222111 21 0.000
2156.5 1.167486975596176 20 0.007
2157.0 1.0842307043633863 23 0.011
2157.5 0.4922517820943789 18 0.026
2158.0 0.8562577573689507 20 0.012
2158.5 0.6627304739146864 20 0.003
2159.0 0.9973522726252613 21 0.000
2159.5 1.4044461416310758 19 0.007
2160.0 0.9468921844060955 20 0.015
2160.5 0.6345174243559004 18 0.022
2161.0 1.9013090370942676 19 0.000
2161.5 1.6982873668630212 19 0.020
2162.0 1.8913255280894707 21 0.009
2162.5 1.3817747810232053 21 0.001
2163.0 2.256563280011309 17 0.008
2163.5 2.346418560199017 19 0.003
2164.0 1.8400398312384654 16 0.014
2164.5 0.9102629310694166 16 0.003
2165.0 1.557217726402584 21 0.006
2165.5 1.460534138650416 20 0.000
2166.0 1.9517914459166803 21 0.012
2166.5 1.9614070624948359 22 0.014
2167.0 0.9494330115313901 21 0.035
2167.5 2.6084348774438277 19 0.014
2168.0 2.2150958554343316 22 0.023
2168.5 1.404086307794849 21 0.021
2169.0 1.3679441020052727 20 0.014
2169.5 1.4360107142073613 19 0.014
2170.0 1.824112360921463 21 0.003
2170.5 1.959697118178706 18 0.000
2171.0 1.9912166356707899 21 0.010
2171.5 1.6533496421846574 20 0.022
2172.0 2.664328055216813 20 0.000
2172.5 0.7233718580235244 22 0.009
2173.0 1.845283842073518 21 0.023
2173.5 1.4814331370053873 19 0.000
2174.0 2.3017089420403396 18 0.005
2174.5 1.6755021888640194 21 0.032
2175.0 1.4467707019168692 20 0.010
2175.5 2.203983844724184 22 0.001
2176.0 0.6869221311012851 19 0.017
2176.5 1.7604470293320167 17 0.007
2177.0 1.278369406923599 20 0.000
2177.5 1.6284067315837785 18 0.014
2178.0 1.8909241526345728 17 0.012
2178.5 3.4502528155477354 23 0.015
2179.0 0.89823200018543 21 0.007
2179.5 2.3300905594353507 51 0.048
2180.0 1.9276077618675957 50 0.036
2180.5 0.5835313004250051 54 0.039
2181.0 2.801080910806074 49 0.049
2181.5 0.8728857340579984 52 0.023
2182.0 1.0376038083368373 47 0.045
2182.5 0.8073657136941033 52 0.030
2183.0 0.6717384237720089 52 0.040
2183.5 0.9150306359593635 51 0.020
2184.0 0.888150070382225 50 0.050
2184.5 0.9314818213542722 51 0.039
2185.0 1.1635502020686923 52 0.055
2185.5 0.8233211861522786 50 0.036
2186.0 1.5629134833830738 48 0.037
2186.5 1.3929662772367382 51 0.026
2187.0 0.8144021352736518 52 0.038
2187.5 1.3488355968205208 49 0.028
2188.0 1.4863608901148777 54 0.037
2188.5 1.5769608842814105 49 0.029
2189.0 1.2280274203311876 48 0.028
2189.5 0.9257175240313433 50 0.048
2190.0 0.9354081082923672 46 0.029
2190.5 1.0623276016366334 50 0.019
2191.0 1.061280231447928 48 0.053
2191.5 0.8922160639257515 52 0.033
2192.0 1.1346591579349719 51 0.041
2192.5 1.2261046281349115 48 0.046
2193.0 1.1949174384290533 50 0.029
2193.5 0.6961098661449839 44 0.034
2194.0 0.6684952585963364 48 0.042
2194.5 0.7310768650274506 52 0.044
2195.0 2.2250772052561723 49 0.038
2195.5 1.2599519446289815 55 0.051
2196.0 2.17875213329829 48 0.038
2196.5 1.6950276029916138 48 0.075
2197.0 2.0592010277689514 49 0.034
2197.5 0.5126852881046597 51 0.046
2198.0 2.1311608951838945 52 0.047
2198.5 1.406379244012847 49 0.036
2199.0 0.9576055652225987 46 0.054
2199.5 2.128601275416363 52 0.030
2200.0 1.9857880951890285 45 0.044
2200.5 1.899624546005478 50 0.039
2201.0 1.7055413613486592 51 0.030
2201.5 2.27160125235124 49 0.056
2202.0 1.762234929467824 50 0.053
2202.5 2.0728559218666645 54 0.045
2203.0 2.0667771541828266 48 0.046
2203.5 1.835335208200048 47 0.044
2204.0 1.7313090330999477 51 0.033
2204.5 2.220867617056201 50 0.037
2205.0 2.6813399769328914 52 0.038
2205.5 0.9390892939182783 48 0.038
2206.0 1.4483155257720184 52 0.038
2206.5 0.9080842494028326 53 0.035
2207.0 1.317508750436032 46 0.052
2207.5 0.9923019942515222 51 0.032
2208.0 0.8728727111653467 49 0.044
2208.5 0.959011150940315 50 0.049
2209.0 1.1872421313820203 49 0.033
2209.5 0.7167561443295082 53 0.038
2210.0 0.9036765089646869 52 0.032
2210.5 1.1160829394452731 48 0.046
2211.0 1.4875648417054381 51 0.040
2211.5 1.6125974587201053 52 0.038
2212.0 1.2282969472172 53 0.045
2212.5 1.2133283959112757 47 0.031
2213.0 1.015018456319074 47 0.033
2213.5 1.0851304087797295 49 0.058
2214.0 1.2729037135378003 52 0.068
2214.5 1.1689970822314741 47 0.034
2215.0 1.2500873564227186 51 0.042
2215.5 0.6825745741576544 49 0.012
2216.0 2.1790419047613576 51 0.056
2216.5 1.3442415714370999 51 0.046
2217.0 2.285810977189982 47 0.045
2217.5 1.3057943412765913 49 0.034
2218.0 1.3241487700442451 53 0.041
2218.5 1.3753785304979167 51 0.044
2219.0 2.4418818245900162 50 0.031
2219.5 0.7424029688776013 51 0.037
2220.0 1.6282054031223363 46 0.020
2220.5 0.9107455157040883 51 0.034
2221.0 0.9417737263165202 52 0.016
2221.5 0.33758355405732865 50 0.021
2222.0 1.1017479308796736 50 0.014
2222.5 1.1196329675552392 49 0.020
2223.0 2.2818822771556313 50 0.024
2223.5 1.744343283585258 52 0.011
2224.0 2.1912619008126715 51 0.028
2224.5 0.761829689248581 48 0.023
2225.0 0.829657714582852 53 0.030
2225.5 1.4738001480873502 50 0.030
2226.0 1.2758092269536756 49 0.010
2226.5 2.061837000079232 48 0.022
2227.0 0.9117515536242404 50 0.030
2227.5 0.3985974490688424 52 0.021
2228.0 1.0701624040757447 47 0.031
2228.5 0.9624666577869768 50 0.036
2229.0 0.976532135479493 47 0.020
2229.5 0.7450459598403527 49 0.022
2230.0 0.8773273986292291 47 0.019
2230.5 0.9131137864625581 51 0.028
2231.0 0.7215662379788002 49 0.038
2231.5 0.6157078038605106 50 0.029
2232.0 0.6792736005935381 53 0.047
2232.5 0.5167826929570966 45 0.000
2233.0 1.01039358739107 47 0.019
2233.5 0.8005926912874156 54 0.017
2234.0 0.6635233288671438 51 0.025
2234.5 0.7594165609406485 51 0.028
2235.0 0.5108812834668974 50 0.030
2235.5 0.9487544213394107 45 0.024
2236.0 1.1193220128586892 50 0.021
2236.5 1.3207840841458522 50 0.010
2237.0 0.643482094810299 52 0.015
2237.5 1.2812830583378485 52 0.019
2238.0 1.036961327394116 52 0.019
2238.5 0.9796867226683179 51 0.000
2239.0 0.7321755557946021 51 0.024
2239.5 1.0374919447640405 52 0.013
2240.0 0.9145125236958357 54 0.019
2240.5 0.8313791983507849 50 0.037
2241.0 1.0179960489278757 50 0.018
2241.5 1.0598224575453172 48 0.036
2242.0 1.0898615543255015 49 0.019
2242.5 0.8498789472504582 49 0.043
2243.0 0.8766568304361313 52 0.008
2243.5 0.8361027485268135 50 0.000
2244.0 0.8972405141968376 50 0.031
2244.5 0.7160672016218294 52 0.015
2245.0 0.8389413201425299 51 0.000
2245.5 0.6594035692325508 46 0.028
2246.0 1.6593096183831022 48 0.011
2246.5 1.7841458557390748 50 0.022
2247.0 2.909066993563069 50 0.011
2247.5 3.2183406902486373 55 0.013
2248.0 4.274062337114726 47 0.030
2248.5 3.0233670809168007 52 0.030
2249.0 2.047976119529562 51 0.021
2249.5 2.373885156244606 50 0.019
2250.0 1.5198137063674269 52 0.012
2250.5 1.8186163812855944 48 0.012
2251.0 1.8530923133872186 50 0.000
2251.5 1.686847260930047 54 0.018
2252.0 0.5277258886917161 54 0.008
2252.5 2.5788619477715247 51 0.009
2253.0 1.2429196242186085 51 0.023
2253.5 1.4199622824544593 49 0.022
2254.0 0.619758417853164 49 0.024
2254.5 0.621540989081686 50 0.033
2255.0 0.839121002445369 46 0.010
2255.5 0.7095505132048758 46 0.024
2256.0 0.5280462110511581 50 0.006
2256.5 0.5817447995592373 49 0.019
2257.0 0.7516313598010496 51 0.015
2257.5 0.6643993918601379 51 0.016
2258.0 0.7486250138890116 53 0.028
2258.5 0.670491906828979 48 0.023
2259.0 0.6980780546418756 50 0.027
2259.5 0.6283003458455978 49 0.013
2260.0 0.7796527574871306 49 0.028
2260.5 0.7048409028210072 50 0.024
2261.0 0.7585445218304256 49 0.026
2261.5 0.5945482448654453 48 0.032
2262.0 1.08963051273561 51 0.014
2262.5 1.271119789773071 51 0.028
2263.0 0.90404612806341 53 0.028
2263.5 0.8076025543154994 49 0.025
2264.0 0.8741436251688145 50 0.014
2264.5 0.7263763552074185 49 0.000
2265.0 0.35776451226806905 51 0.021
2265.5 1.1541426143572822 46 0.009
2266.0 0.9419579120899151 46 0.030
2266.5 1.2568907147443378 50 0.006
2267.0 1.171036549623759 52 0.025
2267.5 1.2669215838922363 49 0.004
2268.0 0.9658108520533476 49 0.012
2268.5 1.0709250434791238 48 0.027
2269.0 0.9240209494409536 53 0.020
2269.5 1.118942383073719 51 0.037
2270.0 1.0777545561293858 50 0.014
2270.5 0.7995644502755956 50 0.002
2271.0 0.8653564673631162 50 0.032
2271.5 0.987954374488311 52 0.006
2272.0 0.7508095912687001 51 0.032
2272.5 1.1658342702667146 52 0.010
2273.0 0.9663301751452741 51 0.019
2273.5 1.0737989484236043 52 0.015
2274.0 0.8864138907419471 48 0.031
2274.5 1.3076533417905885 47 0.017
2275.0 0.9492942542672487 50 0.022
2275.5 0.9199584085334089 49 0.040
2276.0 0.8609866810284379 52 0.026
2276.5 0.9556167650767822 50 0.024
2277.0 1.8922443588179212 52 0.023
2277.5 2.2020983719044374 50 0.023
2278.0 1.970202053276682 50 0.013
2278.5 1.8886885815324148 49 0.018
2279.0 1.7927761749187776 50 0.000
2279.5 0.4573741268360476 48 0.016
2280.0 1.364646610457001 49 0.008
2280.5 2.745457450467952 49 0.022
2281.0 2.555812149216861 50 0.018
2281.5 1.8656329307591168 50 0.021
2282.0 1.232356339070353 52 0.018
2282.5 1.6111402131049202 50 0.015
2283.0 2.2225922642801654 52 0.029
2283.5 1.1633391838665643 50 0.026
2284.0 0.8655504621997452 49 0.028
2284.5 2.2920880621140194 50 0.032
2285.0 2.168890276714721 48 0.018
2285.5 0.38362996563953855 52 0.029
2286.0 2.1657594923575436 50 0.025
2286.5 2.0023679757139146 48 0.014
2287.0 1.5020729650897087 48 0.012
2287.5 3.224033339779246 50 0.045
2288.0 1.8158344516855176 48 0.022
2288.5 2.0976459570135173 53 0.035
2289.0 0.5814134768654002 51 0.019
2289.5 3.0243880311666356 48 0.011
2290.0 1.1815072015696444 51 0.032
2290.5 2.015595194071542 51 0.029
2291.0 3.2168443132134206 47 0.007
2291.5 2.018764326957818 50 0.011
2292.0 2.335805530700888 49 0.024
2292.5 1.42037681469551 50 0.012
2293.0 0.88982316590943 47 0.013
2293.5 1.1846609058062407 50 0.014
2294.0 0.8663774691872603 53 0.023
2294.5 1.914114066709981 52 0.050
2295.0 3.159351456619957 49 0.028
2295.5 1.4839492974177275 48 0.022
2296.0 2.4368043864139457 50 0.031
2296.5 3.3028015919587164 45 0.031
2297.0 0.8337377587787409 49 0.031
2297.5 2.340400487936071 50 0.012
2298.0 2.8952932864057845 51 0.017
2298.5 0.936669572443039 51 0.008
2299.0 1.3963955531744014 48 0.025
2299.5 0.9425812428840148 45 0.029
2300.0 0.9142733263636351 51 0.031
2300.5 0.8885063091292824 50 0.025
2301.0 0.8445344538112141 49 0.014
2301.5 0.6388692037514145 52 0.036
2302.0 1.022322481461687 52 0.037
2302.5 1.1230869978758733 54 0.015
2303.0 0.9006902159215958 51 0.021
2303.5 0.7703804113034385 51 0.014
2304.0 1.2061097767001887 48 0.015
2304.5 1.356769437861535 49 0.010
2305.0 0.8937196996501564 52 0.025
2305.5 0.9379394710795631 49 0.028
2306.0 1.0671868829960414 52 0.027
2306.5 0.46740484120067266 51 0.036
2307.0 0.952567307737982 51 0.022
2307.5 1.043585941046311 52 0.039
2308.0 0.8495240889686007 48 0.002
2308.5 0.9951738047775348 50 0.018
2309.0 0.8086506379723848 50 0.016
2309.5 1.0376599803981557 50 0.013
2310.0 0.9655153080405376 49 0.013
2310.5 2.764532131472679 51 0.026
2311.0 3.527845218808401 51 0.026
2311.5 1.5656323447509526 48 0.025
2312.0 2.929569871812987 50 0.026
2312.5 3.240107334630788 53 0.022
2313.0 2.45169869076152 54 0.032
2313.5 1.9038338372304433 52 0.017
2314.0 3.010508620367425 50 0.041
2314.5 3.013654505199691 51 0.030
2315.0 3.5439388360347355 49 0.002
2315.5 0.9947656545611148 49 0.029
2316.0 2.161582945742588 46 0.014
2316.5 1.0884203155917487 49 0.015
2317.0 3.51505278374239 53 0.015
2317.5 0.29683624803329 51 0.043
2318.0 0.7980958518163697 49 0.035
2318.5 0.7599624892563523 49 0.008
2319.0 1.2682118307001387 55 0.024
2319.5 1.6856066030940184 50 0.021
2320.0 0.9052943386646654 50 0.024
2320.5 1.1091094658162242 50 0.026
2321.0 0.983456494330935 52 0.030
2321.5 0.7948389048510439 49 0.006
2322.0 1.185875071016147 53 0.013
2322.5 1.2659938340252763 51 0.013
2323.0 1.2228974955513183 48 0.019
2323.5 0.7198039235532986 51 0.027
2324.0 1.2223924162651867 53 0.013
2324.5 0.9401481554310349 46 0.014
2325.0 1.2042299285759712 53 0.021
2325.5 1.4262643049841346 50 0.014
2326.0 1.1376935019872252 54 0.013
2326.5 0.8974077240209535 49 0.024
2327.0 0.9618153355742141 48 0.019
2327.5 1.4914705248376445 44 0.006
2328.0 1.06113247985477 47 0.014
2328.5 0.6068592395745966 47 0.020
2329.0 1.9303160568488202 50 0.027
2329.5 1.3840009967373645 50 0.033
2330.0 2.0221834024538237 50 0.031
2330.5 0.39530150343037884 50 0.018
2331.0 0.7932107445007215 53 0.033
2331.5 1.6916990147289863 53 0.003
2332.0 3.156685298162676 51 0.006
2332.5 1.6525154643227202 49 0.020
2333.0 2.2189302623370235 48 0.011
2333.5 2.1546577193018477 51 0.015
2334.0 1.7300358519397254 49 0.027
2334.5 3.7778807563844587 52 0.027
2335.0 1.0275152855447753 50 0.022
2335.5 2.663991180905846 51 0.021
2336.0 3.127210153495583 51 0.025
2336.5 2.8862468538567168 53 0.013
2337.0 2.965725708343647 48 0.023
2337.5 0.4890529166993056 53 0.032
2338.0 1.3086682447451168 50 0.015
2338.5 4.314530625381002 47 0.009
2339.0 1.3710229850885391 45 0.000
2339.5 1.5707427013249289 49 0.028
2340.0 3.2150926813835725 54 0.008
2340.5 2.4461848079002113 51 0.027
2341.0 1.6448624871985844 51 0.029
2341.5 4.326580179895413 51 0.008
2342.0 0.7647093490419923 50 0.011
2342.5 0.9152904736879315 53 0.003
2343.0 5.270486028066247 52 0.041
2343.5 2.1655421902286403 49 0.010
2344.0 2.318194117476365 53 0.019
2344.5 1.8177603098992816 50 0.000
2345.0 4.964841416601077 50 0.018
2345.5 2.036902515493446 48 0.012
2346.0 2.852055082952863 50 0.024
2346.5 2.370893443402931 52 0.002
2347.0 1.2407646835973516 51 0.017
2347.5 2.3427738649124796 50 0.025
2348.0 1.346554257576446 50 0.027
2348.5 0.7031322544668959 52 0.019
2349.0 0.8408112759137158 44 0.027
2349.5 1.7203754292081959 48 0.024
2350.0 1.6705690830253666 51 0.009
2350.5 2.4240504941383936 53 0.014
2351.0 3.242382700944094 53 0.002
2351.5 2.095333238592224 50 0.033
2352.0 1.330325769722947 47 0.017
2352.5 2.0028046015922083 55 0.023
2353.0 0.8390230941333736 51 0.000
2353.5 0.8208050157210527 49 0.009
2354.0 0.7615968671299517 53 0.007
2354.5 1.2354828388425283 47 0.022
2355.0 0.60753028107654 51 0.018
2355.5 1.0945376664859507 50 0.000
2356.0 0.9415481885376146 51 0.033
2356.5 1.120621960446916 50 0.013
2357.0 2.335504448058737 49 0.031
2357.5 0.9290085882199083 52 0.024
2358.0 1.0226780112169802 53 0.000
2358.5 2.2350393171303207 52 0.019
2359.0 0.9999811931342201 50 0.028
2359.5 1.5607899984923008 50 0.002
2360.0 2.656773684683407 49 0.010
2360.5 0.7878873189752188 50 0.002
2361.0 2.3322949139249403 48 0.005
2361.5 0.7127946408482486 48 0.018
2362.0 1.1254178731473794 50 0.019
2362.5 1.5413298697796907 47 0.034
2363.0 1.270988513198513 51 0.026
2363.5 1.3957616520314389 50 0.035
2364.0 1.4904106183564525 53 0.007
2364.5 0.7834439556355027 49 0.031
2365.0 0.9190876611785472 49 0.018
2365.5 1.2169161273358793 53 0.032
2366.0 1.2568672753803694 51 0.016
2366.5 1.2213295232611139 47 0.016
2367.0 1.7964094005340927 54 0.017
2367.5 2.304538601958919 51 0.021
2368.0 1.4791159982822142 48 0.021
2368.5 2.3603409789370993 44 0.013
2369.0 2.9764868639008553 54 0.000
2369.5 2.0876771125628615 50 0.028
2370.0 0.8989918687138281 48 0.024
2370.5 2.040920141884529 50 0.023
2371.0 2.8783211118213283 48 0.017
2371.5 1.965644936759274 50 0.022
2372.0 1.315180288948394 51 0.021
2372.5 1.0159162852348311 49 0.037
2373.0 0.9100234188474183 52 0.021
2373.5 0.8725565069640272 49 0.039
2374.0 0.5132316958027694 52 0.017
2374.5 0.861147828177533 50 0.029
2375.0 0.9658377625518164 49 0.000
2375.5 0.8615009834188874 48 0.038
2376.0 1.446167195071104 51 0.012
2376.5 1.1848522569122186 51 0.019
2377.0 3.578417537761509 49 0.001
2377.5 3.1742857769610753 47 0.020
2378.0 2.226173510041797 49 0.010
2378.5 2.629716534791874 53 0.012
2379.0 3.4648094332364194 47 0.000
2379.5 2.2425502229290326 48 0.036
2380.0 0.8644191375571462 48 0.021
2380.5 2.7178471790007492 50 0.029
2381.0 0.2 52 0.019
2381.5 3.2415963148226026 51 0.017
2382.0 2.682265225411685 49 0.004
2382.5 2.2517786530785306 50 0.014
2383.0 1.6471590707058361 50 0.019
2383.5 2.245263903951064 50 0.011
2384.0 0.8942404336272296 51 0.030
2384.5 1.3955461355733871 48 0.020
2385.0 2.019394032578717 46 0.008
2385.5 1.0604798697556197 48 0.016
2386.0 0.9675499035056868 45 0.023
2386.5 0.5782434578600499 53 0.019
2387.0 1.390184311743276 48 0.023
2387.5 1.0580042877255067 51 0.031
2388.0 0.8048414504970379 48 0.030
2388.5 1.0943502252236497 49 0.023
2389.0 1.4086819898977776 48 0.018
2389.5 0.995895484170587 48 0.047
2390.0 1.0162070300148063 49 0.000
2390.5 1.1285870292526758 48 0.003
2391.0 0.9150718254052707 49 0.015
2391.5 0.781382313695 48 0.024
2392.0 0.7591802668842138 53 0.004
2392.5 0.83608650169915 49 0.020
2393.0 1.5937338016639067 52 0.003
2393.5 0.8548055149685196 51 0.004
2394.0 1.8032398175696809 51 0.040
2394.5 1.105344444062247 49 0.014
2395.0 1.4945932022743544 51 0.026
2395.5 0.8271245481772707 51 0.037
2396.0 0.697920587362892 51 0.031
2396.5 0.594018143972163 48 0.013
2397.0 0.9190806332394036 51 0.013
2397.5 0.8295178021146812 45 0.015
2398.0 1.4050190690699202 51 0.021
2398.5 1.5167536533156327 49 0.012
2399.0 1.8528733783805675 51 0.037
