300.0 1.319223663580248 25 0.033
300.5 2.258773576868146 32 0.006
301.0 0.7746429492317803 27 0.007
301.5 1.0330129745668295 27 0.007
302.0 0.8356588324455616 31 0.005
302.5 0.6131192556610745 29 0.003
303.0 0.772573243807642 34 0.025
303.5 1.011726628089749 29 0.020
304.0 0.9104772631465436 29 0.032
304.5 0.878141125950515 29 0.018
305.0 1.0233416539831262 29 0.026
305.5 0.6394354393808839 30 0.027
306.0 1.2576698332047853 31 0.023
306.5 0.7772901388867577 29 0.033
307.0 0.7324815014981458 28 0.014
307.5 0.748993421416212 31 0.023
308.0 0.7015927201436208 33 0.020
308.5 0.9190820144995214 32 0.017
309.0 0.8045758692862455 32 0.019
309.5 0.8431810626176628 32 0.043
310.0 0.8118457657052773 39 0.029
310.5 0.8817529268811566 40 0.050
311.0 0.8360235545374746 39 0.053
311.5 0.9206865337548126 39 0.060
312.0 0.8214142398232894 41 0.051
312.5 0.7450680904543742 41 0.047
313.0 3.450233319509087 43 0.060
313.5 1.4777815034863861 42 0.036
314.0 1.7788965218645876 37 0.048
314.5 1.8789546738173333 37 0.035
315.0 1.3290831129906813 39 0.056
315.5 1.3117509325491885 40 0.030
316.0 1.674580190294391 40 0.052
316.5 1.5340040793897884 39 0.055
317.0 1.306925341643712 39 0.039
317.5 2.120259639329738 45 0.061
318.0 1.9103719451068955 43 0.054
318.5 1.6821381314422688 40 0.049
319.0 1.241635735305791 42 0.051
319.5 1.9825403937418613 39 0.058
320.0 0.997812851883057 41 0.057
320.5 2.533631835525413 38 0.054
321.0 2.441927983362815 37 0.033
321.5 1.2297883221556734 42 0.044
322.0 1.5132927282957611 37 0.066
322.5 0.7309176164793665 41 0.058
323.0 1.2935199613792863 41 0.050
323.5 1.0252040140898786 40 0.050
324.0 0.884338502910873 38 0.058
324.5 1.8329561753544426 40 0.057
325.0 1.3121676072232582 31 0.039
325.5 1.2946924060689844 32 0.030
326.0 0.7931437042914904 30 0.046
326.5 2.2413396150802716 29 0.031
327.0 1.3244063526222554 29 0.020
327.5 1.4401657773239545 31 0.035
328.0 1.4198505661561576 27 0.024
328.5 1.6325977366302329 31 0.024
329.0 1.117352647896043 33 0.032
329.5 1.8926304583890539 30 0.044
330.0 1.6951318373552224 31 0.042
330.5 1.970458894411137 28 0.031
331.0 1.7328612980116733 27 0.021
331.5 2.1282532511191334 32 0.031
332.0 1.9541967600467947 29 0.032
332.5 1.9989684840140052 30 0.024
333.0 1.7960068137752938 30 0.025
333.5 1.6758807896511856 27 0.023
334.0 2.0114003638832054 28 0.034
334.5 1.5730606749603833 29 0.034
335.0 1.5557655381708524 28 0.011
335.5 0.2 30 0.032
336.0 1.633989949315183 31 0.060
336.5 0.9810149361178311 29 0.035
337.0 2.237937011441112 32 0.027
337.5 1.8916564960710227 25 0.017
338.0 1.5742423575211042 34 0.027
338.5 1.3118071000248344 31 0.032
339.0 0.7045225566716422 28 0.033
339.5 0.7789180049173943 32 0.029
340.0 1.2747684926643075 31 0.045
340.5 1.2396309171837872 32 0.028
341.0 0.7336349909543362 31 0.022
341.5 1.1225948386535205 30 0.032
342.0 1.9613240764499544 30 0.041
342.5 1.3451113770425094 27 0.020
343.0 0.6151692456937881 31 0.021
343.5 1.0490342674975306 28 0.012
344.0 0.9004532450655294 31 0.030
344.5 0.9309498725687322 33 0.045
345.0 0.9793623680130998 31 0.035
345.5 1.4033706250019202 30 0.037
346.0 1.6838272689187097 31 0.018
346.5 1.6802634786146107 28 0.026
347.0 1.6069191001739365 29 0.030
347.5 1.6972414026423426 30 0.031
348.0 1.4245559929354492 31 0.022
348.5 1.6313300261478798 31 0.017
349.0 0.8262132078321495 31 0.031
349.5 1.6066923796943346 31 0.034
350.0 1.52831840230337 21 0.019
350.5 1.688652119338272 18 0.001
351.0 0.9697278605338764 21 0.008
351.5 1.338351029000048 20 0.021
352.0 1.4746757916729685 18 0.011
352.5 1.8544481899522858 20 0.003
353.0 0.8762077732180567 19 0.001
353.5 1.9297864176642525 20 0.005
354.0 1.160785543259022 21 0.007
354.5 1.0747616814278322 22 0.028
355.0 0.994608657319483 19 0.001
355.5 1.318903813632192 19 0.018
356.0 1.7059165409834214 20 0.001
356.5 1.1207391412783245 19 0.004
357.0 1.170933462902461 18 0.013
357.5 1.4273430292160234 16 0.004
358.0 2.0637808015008874 22 0.035
358.5 0.35632170416694486 20 0.001
359.0 1.9277374916452854 23 0.004
359.5 1.2373137426584573 19 0.011
360.0 1.883084959698678 23 0.023
360.5 1.7204448153065495 20 0.024
361.0 2.3323609253970483 22 0.007
361.5 2.0596331756861623 18 0.001
362.0 0.2 21 0.007
362.5 0.2 19 0.003
363.0 3.044359327092013 19 0.013
363.5 2.8378308020898197 23 0.001
364.0 2.271007346143023 23 0.033
364.5 2.155761913938053 23 0.005
365.0 4.088428834025845 21 0.001
365.5 3.175300216493828 17 0.001
366.0 0.2 20 0.009
366.5 2.454641963917337 21 0.023
367.0 1.94333725489254 18 0.001
367.5 1.1251528302326956 22 0.027
368.0 0.7258991495094094 15 0.001
368.5 0.8212829888506299 18 0.016
369.0 0.6783623115502502 19 0.024
369.5 0.757195746803453 23 0.001
370.0 0.9272064253690157 21 0.007
370.5 2.250392492195917 16 0.005
371.0 3.241003266708577 20 0.001
371.5 2.704335226656628 19 0.005
372.0 1.2587073101725752 20 0.017
372.5 2.239746167805497 20 0.001
373.0 1.7654703925018334 20 0.027
373.5 3.946361793019027 21 0.008
374.0 2.5197467203456867 20 0.011
374.5 2.5544813439856155 22 0.012
375.0 2.8638909313486356 18 0.011
375.5 1.4367341616014726 23 0.006
376.0 0.2 18 0.001
376.5 2.8951461456107714 20 0.011
377.0 1.9974380101515095 23 0.010
377.5 2.9451856262957117 17 0.009
378.0 2.6002058754016053 23 0.018
378.5 2.8470258140051268 21 0.015
379.0 2.710639055788609 18 0.001
379.5 0.8711896043059879 19 0.016
380.0 2.672314697917649 50 0.027
380.5 3.236646492577371 50 0.040
381.0 2.819524975011203 50 0.041
381.5 3.2315472805595538 49 0.041
382.0 1.1964233878131942 47 0.043
382.5 0.7126203359660548 52 0.038
383.0 1.1534420322194208 51 0.041
383.5 0.3026079128785395 50 0.047
384.0 1.3407396617216278 49 0.026
384.5 1.264796699169407 49 0.024
385.0 0.8028570429933947 51 0.049
385.5 1.2095253112719262 50 0.019
386.0 1.1704542033656968 50 0.047
386.5 1.2720453220665293 50 0.048
387.0 0.948271863665459 49 0.024
387.5 0.6127515795673943 51 0.036
388.0 0.9630974555522336 48 0.049
388.5 1.2311846091369931 49 0.044
389.0 1.5626128963792811 53 0.062
389.5 1.163013594705529 48 0.044
390.0 0.9210770770060583 50 0.047
390.5 1.3525579785303166 50 0.041
391.0 1.3310307770327605 50 0.037
391.5 1.0078531604444412 50 0.025
392.0 0.9790058890979407 50 0.038
392.5 0.9962777583250493 49 0.028
393.0 0.9953267468660363 51 0.048
393.5 0.8159587965985492 51 0.052
394.0 1.6126744678640121 53 0.046
394.5 0.9887004914991164 49 0.031
395.0 1.1441290157021173 46 0.051
395.5 1.449928376054756 49 0.029
396.0 1.20559985772324 49 0.041
396.5 1.5291075093360091 49 0.044
397.0 1.1979232754117857 50 0.036
397.5 1.114354292203997 53 0.030
398.0 1.267667863913985 53 0.046
398.5 1.267929681170571 49 0.033
399.0 0.9718276667695143 48 0.041
399.5 1.2762440677048381 51 0.044
400.0 1.2429240728161384 52 0.037
400.5 1.615756898836239 50 0.028
401.0 0.9535823201087703 47 0.029
401.5 1.6202049524920676 52 0.042
402.0 1.278909472120577 45 0.050
402.5 1.0944239034976366 53 0.043
403.0 1.9985127388216286 50 0.048
403.5 2.3931800641228387 49 0.039
404.0 2.388414193954133 53 0.035
404.5 1.5123353901947203 48 0.018
405.0 3.06825052905099 50 0.044
405.5 2.0799156254583377 48 0.047
406.0 1.6466140942368666 52 0.035
406.5 1.0643253671610136 50 0.025
407.0 1.6436230238299316 51 0.026
407.5 1.045544519509239 52 0.060
408.0 3.09773655586699 51 0.051
408.5 1.073362166008331 49 0.047
409.0 2.738933157872126 50 0.030
409.5 2.278819316476465 51 0.054
410.0 2.556202666256695 50 0.033
410.5 2.091638963805357 50 0.044
411.0 0.7551783506137336 50 0.058
411.5 1.6924564529185724 51 0.049
412.0 2.1107275786443154 48 0.044
412.5 1.6383164440077733 49 0.051
413.0 2.3329504724469885 46 0.035
413.5 2.139069863283859 47 0.036
414.0 2.45824668030008 53 0.054
414.5 1.4745463107332413 48 0.033
415.0 1.806130677213334 50 0.049
415.5 1.2588612209109686 53 0.029
416.0 1.1743187803297936 50 0.029
416.5 1.5109573362766482 47 0.047
417.0 1.6612014538016586 52 0.055
417.5 0.7871123024382579 52 0.023
418.0 0.8316539551962318 49 0.047
418.5 1.1315863235971264 52 0.029
419.0 1.3743363769520944 52 0.047
419.5 1.5949763596467137 51 0.041
420.0 1.76208373198259 49 0.007
420.5 1.2530018580485098 47 0.027
421.0 1.130332854401138 48 0.000
421.5 1.8276003779050183 46 0.042
422.0 1.5586878625061338 49 0.000
422.5 1.2961625540587434 48 0.018
423.0 1.7742825998263412 48 0.015
423.5 1.6110081342990592 50 0.000
424.0 1.4292476054008394 49 0.037
424.5 1.3422152155275668 51 0.040
425.0 1.9458057679905072 52 0.038
425.5 1.684021958417518 49 0.019
426.0 1.8087510832278395 52 0.025
426.5 1.5410317547327588 49 0.031
427.0 1.086374510933077 50 0.039
427.5 2.557914940592216 52 0.031
428.0 1.4530744027694116 51 0.031
428.5 0.9724281634672389 51 0.004
429.0 1.6747310899578958 49 0.020
429.5 1.1830748308990977 47 0.015
430.0 1.100136481393677 49 0.016
430.5 0.5380252656423472 49 0.022
431.0 1.6090174278019558 53 0.040
431.5 0.9922884568448079 52 0.017
432.0 0.9481743338359734 49 0.014
432.5 0.7816865631934362 52 0.024
433.0 0.6441075209768948 50 0.016
433.5 0.6713709430662769 50 0.012
434.0 0.5406990822313231 54 0.001
434.5 0.7793695754893062 53 0.040
435.0 0.6904590210829653 50 0.013
435.5 0.6824340886447282 54 0.022
436.0 0.6775581804154713 51 0.024
436.5 0.6731828768627925 50 0.009
437.0 0.802097787996275 52 0.010
437.5 1.7150173981863006 51 0.030
438.0 1.8637118315661123 51 0.036
438.5 2.3997227951653435 50 0.024
439.0 1.2007251270395107 50 0.015
439.5 2.7338566058564187 49 0.014
440.0 1.5706661806229814 49 0.017
440.5 0.7811067315042387 52 0.023
441.0 1.4430577366251667 51 0.028
441.5 1.7208152514632475 52 0.013
442.0 1.2962944988060028 50 0.039
442.5 1.703925628766805 53 0.004
443.0 2.2199623520301106 54 0.009
443.5 1.3348343633637474 51 0.021
444.0 0.8141926980981515 51 0.027
444.5 0.589563861428682 49 0.014
445.0 1.7840355524550677 45 0.021
445.5 2.3584355431005664 50 0.021
446.0 1.7575376649074546 50 0.019
446.5 1.9844317768009352 53 0.019
447.0 1.4293335714373128 54 0.026
447.5 1.1405261250054743 49 0.018
448.0 1.4409342681581525 51 0.000
448.5 1.1516759009384088 51 0.031
449.0 0.8125559996560088 49 0.014
449.5 0.7618714507323694 48 0.042
450.0 1.2513733670764338 52 0.005
450.5 0.9640565396318479 51 0.016
451.0 1.5284269513721156 50 0.049
451.5 1.11495609086248 51 0.031
452.0 1.0473292477385383 48 0.022
452.5 2.39557187785514 48 0.012
453.0 2.062893189450011 50 0.021
453.5 1.2189780268629196 50 0.019
454.0 3.284678867989739 53 0.020
454.5 1.9894861256109877 50 0.010
455.0 2.251689242341744 48 0.035
455.5 3.79360010269266 48 0.027
456.0 3.242823495741245 49 0.015
456.5 0.8121099657828483 48 0.024
457.0 3.023446144450915 50 0.017
457.5 3.399269060541468 50 0.019
458.0 2.15041629223942 48 0.034
458.5 1.042138764322328 49 0.002
459.0 2.1084523397835313 49 0.002
459.5 1.433621133328991 50 0.025
460.0 3.842756020754188 47 0.028
460.5 2.5661588157847177 49 0.026
461.0 3.2604744563310213 51 0.028
461.5 1.4058037010640543 53 0.037
462.0 0.8324259184695906 49 0.026
462.5 0.7419108531745505 48 0.021
463.0 1.8984451469032002 50 0.010
463.5 1.1787103395533953 51 0.010
464.0 1.0182337245355648 54 0.018
464.5 1.4189320237609315 50 0.020
465.0 1.3247971326276435 49 0.026
465.5 1.2979949477029444 51 0.007
466.0 1.576461866522854 49 0.020
466.5 1.3067984003359734 51 0.041
467.0 1.6292121003988156 51 0.015
467.5 1.2773227357623764 49 0.000
468.0 1.8184856741422397 50 0.014
468.5 1.153582729449607 50 0.024
469.0 0.8863329299466485 50 0.026
469.5 0.4393000526045976 46 0.026
470.0 1.3581521298014017 52 0.024
470.5 1.2674898401911556 52 0.018
471.0 1.4095948620409682 52 0.017
471.5 1.0141593418120896 48 0.017
472.0 1.4313729417127745 49 0.000
472.5 1.8440205146232411 50 0.023
473.0 1.737438401873495 52 0.011
473.5 1.6722088074959403 53 0.014
474.0 1.8626785517860236 52 0.010
474.5 2.8562926702484246 49 0.017
475.0 3.076924426758854 53 0.011
475.5 2.8314760793555944 49 0.031
476.0 4.1372433037076055 50 0.011
476.5 2.31635985970496 52 0.038
477.0 4.044413922172683 50 0.038
477.5 1.0332133554925866 50 0.001
478.0 1.7600802177348167 53 0.013
478.5 1.8281757764992643 50 0.018
479.0 1.3502569582466437 48 0.031
479.5 2.726013525995647 50 0.023
480.0 1.5884850715546612 48 0.020
480.5 2.8668823473075773 49 0.003
481.0 2.752591979620492 52 0.024
481.5 1.37798126890551 47 0.020
482.0 0.837979687067332 49 0.022
482.5 1.6023517307737518 51 0.016
483.0 1.7998220817991477 51 0.026
483.5 1.21904115216002 50 0.036
484.0 2.453006018246829 49 0.012
484.5 2.5249615220166635 48 0.011
485.0 1.1060947369552891 51 0.026
485.5 1.8937773265056954 48 0.032
486.0 2.9082704957859944 49 0.021
486.5 1.3211462905129325 51 0.039
487.0 1.2764255295592304 51 0.037
487.5 2.435269695870451 53 0.016
488.0 1.3313268906702604 49 0.017
488.5 0.30764647260312294 51 0.012
489.0 3.7096976853872095 49 0.017
489.5 2.1681648025730085 48 0.020
490.0 2.154499402627655 52 0.020
490.5 1.7964723521804336 53 0.021
491.0 1.3400408359881932 50 0.024
491.5 0.8044967904743385 52 0.005
492.0 1.5017878876383344 50 0.019
492.5 1.5527127239932748 50 0.022
493.0 3.296356979707442 52 0.018
493.5 1.4873270103035712 49 0.016
494.0 0.7447923945071693 53 0.016
494.5 1.5086518357160346 50 0.022
495.0 1.7522133560983904 52 0.030
495.5 2.257878553522921 48 0.009
496.0 1.6876178340094117 52 0.019
496.5 1.853873484398667 52 0.013
497.0 0.4706902557806609 50 0.025
497.5 1.8132701751595997 50 0.012
498.0 1.8818962972656985 48 0.012
498.5 2.00439187064362 51 0.036
499.0 2.1941568427799134 48 0.021
499.5 1.851780347946833 52 0.026
500.0 0.9399941342420701 50 0.000
500.5 1.8246698018188734 45 0.029
501.0 1.8449176963621494 47 0.016
501.5 1.1725905841972266 51 0.009
502.0 1.749909486291817 52 0.022
502.5 1.2379207115563722 53 0.024
503.0 1.49629600581819 48 0.031
503.5 1.2254268205313972 53 0.020
504.0 0.2 50 0.006
504.5 2.863441880917157 54 0.004
505.0 2.13838211819154 47 0.022
505.5 1.0335244076088759 49 0.027
506.0 2.3153011156101084 51 0.012
506.5 1.354932938668902 51 0.031
507.0 2.9885974965936377 49 0.006
507.5 1.6892356404386202 45 0.005
508.0 1.8291826828349897 49 0.028
508.5 1.4463173999042198 50 0.030
509.0 1.5913301899844403 54 0.032
509.5 1.017782917353692 46 0.036
510.0 2.0509598647986813 50 0.013
510.5 1.5889682455663627 51 0.016
511.0 1.3816882611941668 50 0.000
511.5 1.9190265167685667 51 0.036
512.0 1.6128785238611056 55 0.014
512.5 1.3166259285616455 50 0.014
513.0 1.3264708866030248 54 0.014
513.5 1.266807160686653 50 0.028
514.0 1.1680556252620757 48 0.020
514.5 1.2642695581232544 51 0.034
515.0 0.7600883698878332 51 0.023
515.5 2.005542705534177 46 0.019
516.0 2.0626098370982286 52 0.033
516.5 0.8209590255918123 49 0.017
517.0 0.3750278381700396 50 0.022
517.5 1.5359402160260567 49 0.028
518.0 1.4084350488506976 49 0.013
518.5 1.8857988253406845 46 0.011
519.0 0.9411704555932645 50 0.037
519.5 2.0092976099198783 50 0.027
520.0 1.128000222541473 48 0.003
520.5 2.0608120703472035 46 0.025
521.0 0.7006861338251867 50 0.019
521.5 1.053765639027569 50 0.025
522.0 1.616060454739604 45 0.019
522.5 1.4890655793384755 52 0.006
523.0 1.859287238206114 51 0.014
523.5 1.3800990554791515 51 0.010
524.0 0.9193471075901923 50 0.040
524.5 1.9454677350977885 52 0.035
525.0 2.289745329078957 50 0.013
525.5 1.9049885098740948 47 0.022
526.0 1.7699519198012694 54 0.016
526.5 1.552050776799223 45 0.012
527.0 1.0676672583868416 51 0.000
527.5 1.2093000139187788 52 0.033
528.0 2.208762427496344 50 0.017
528.5 1.6385312496717837 53 0.014
529.0 2.873002034103483 48 0.030
529.5 0.8604853176179079 49 0.037
530.0 2.4817192649678317 50 0.016
530.5 2.63003121696528 48 0.017
531.0 2.373325826785114 50 0.023
531.5 2.851310542580717 48 0.036
532.0 1.6302348632072303 49 0.011
532.5 2.9235773382455195 51 0.024
533.0 1.6730519299174214 49 0.028
533.5 2.7912055668150537 51 0.026
534.0 2.7660615704369595 50 0.011
534.5 2.532785831985442 50 0.018
535.0 1.2603656061303812 51 0.025
535.5 3.5325688035333958 52 0.012
536.0 2.4754867466519617 52 0.000
536.5 2.403719450622141 50 0.030
537.0 2.8352372414147333 51 0.026
537.5 3.00368995245545 52 0.018
538.0 1.6356163569474975 46 0.015
538.5 2.6832260934338654 52 0.014
539.0 1.3856500734386334 55 0.020
539.5 3.1497491179318278 50 0.009
540.0 1.8752143830317036 50 0.025
540.5 2.845112220780025 53 0.016
541.0 1.8664741447096715 45 0.010
541.5 2.787895396097225 48 0.011
542.0 1.758595941476842 47 0.018
542.5 1.1293070733040835 49 0.017
543.0 2.0498008542659023 50 0.014
543.5 2.6177941246490155 49 0.031
544.0 3.038140471666411 49 0.022
544.5 2.7364257300965096 48 0.003
545.0 2.1088644556556884 49 0.018
545.5 3.3436866556164606 47 0.027
546.0 1.8320006838481326 51 0.032
546.5 1.7782670612406204 46 0.015
547.0 1.387856364095962 51 0.010
547.5 3.068140991514286 52 0.027
548.0 1.6943710018278426 49 0.000
548.5 1.1539787279609985 50 0.029
549.0 0.8032714478318532 48 0.031
549.5 3.334123158538886 52 0.019
550.0 1.2518249031848003 50 0.026
550.5 1.3225622682886709 52 0.027
551.0 1.7238267192864787 49 0.009
551.5 1.158120473965961 50 0.011
552.0 1.7209006764960346 51 0.015
552.5 1.4139303719958631 46 0.025
553.0 1.3802317082499491 53 0.030
553.5 0.42966281875704115 51 0.018
554.0 0.6628431240684274 50 0.019
554.5 0.5866556474109748 53 0.027
555.0 0.8041613923409254 48 0.015
555.5 0.5741585765078575 50 0.017
556.0 0.6146856182757496 50 0.034
556.5 0.6933387184900445 55 0.022
557.0 1.254023067143378 48 0.012
557.5 1.749106111405966 52 0.005
558.0 2.5150764235516867 53 0.016
558.5 1.4357545639249762 50 0.029
559.0 2.2644850418592615 50 0.035
559.5 1.4686514911085446 53 0.022
560.0 2.4550476543293414 51 0.020
560.5 1.4890378346512156 47 0.000
561.0 0.8352887004726083 47 0.017
561.5 1.5330678821525578 50 0.009
562.0 2.0728612495628735 52 0.012
562.5 1.5513559665458345 51 0.028
563.0 1.9819419744870428 47 0.023
563.5 1.6080386008234302 52 0.024
564.0 1.7563360684590297 48 0.023
564.5 1.4981781825967513 48 0.011
565.0 2.3306976224869813 51 0.010
565.5 1.4209438939353598 48 0.021
566.0 1.6374071535133181 50 0.017
566.5 2.3791640584092626 48 0.036
567.0 3.0371569168589296 49 0.041
567.5 2.063966708210169 49 0.029
568.0 1.6191190189599927 51 0.027
568.5 1.7912415773633963 49 0.022
569.0 0.7661591233469163 47 0.013
569.5 3.023498153335896 52 0.034
570.0 2.738625442093322 51 0.022
570.5 1.4839916674108653 51 0.026
571.0 2.898478886693395 49 0.018
571.5 1.8505326994445874 47 0.010
572.0 1.0865245078385606 49 0.021
572.5 1.656766268007006 45 0.021
573.0 2.7646833655077074 50 0.029
573.5 3.2420456558920607 51 0.025
574.0 2.2639793343843104 49 0.013
574.5 1.5121036688676373 54 0.013
575.0 0.41074180498281665 46 0.030
575.5 1.5452247213114636 50 0.044
576.0 1.047002174933683 52 0.015
576.5 1.7230013879725046 51 0.027
577.0 2.891321830692994 52 0.013
577.5 3.0649903312839983 50 0.008
578.0 2.110701447179438 48 0.004
578.5 2.050087481721566 48 0.019
579.0 2.427433702212398 48 0.020
579.5 1.9293077943265695 49 0.017
580.0 3.7336444774516258 51 0.018
580.5 2.7693645201509804 49 0.012
581.0 3.303067215090854 52 0.012
581.5 1.807818577577418 48 0.018
582.0 2.8964018761493406 48 0.019
582.5 3.042186975205154 49 0.024
583.0 2.3906267802325916 49 0.031
583.5 0.7795893482489553 49 0.029
584.0 1.8153250757954187 51 0.025
584.5 2.551031604764246 53 0.035
585.0 2.0399266088382193 47 0.013
585.5 1.3677317366631097 49 0.006
586.0 2.445276273199857 48 0.027
586.5 2.454516041010031 49 0.022
587.0 2.5514212166072743 51 0.025
587.5 1.8996166029767174 53 0.010
588.0 0.5175503533429415 53 0.026
588.5 2.52888524757776 50 0.017
589.0 0.515212690909977 51 0.019
589.5 1.4173774636286853 50 0.017
590.0 1.168981753567771 52 0.010
590.5 2.4070532077547884 49 0.000
591.0 2.7599147076362867 50 0.014
591.5 0.8799519933947477 51 0.027
592.0 2.142381050530912 48 0.017
592.5 1.33952706881626 46 0.022
593.0 2.2989565953928026 51 0.034
593.5 2.0520987171108396 52 0.025
594.0 2.3553636556329782 49 0.013
594.5 1.530485571440637 51 0.031
595.0 1.8438280936882756 50 0.011
595.5 1.7361579398312166 51 0.001
596.0 3.1177263950955663 52 0.028
596.5 0.8083099963956277 50 0.021
597.0 2.963932688007536 49 0.033
597.5 2.054371743426642 47 0.010
598.0 3.192685554663174 50 0.026
598.5 1.6305334908307576 51 0.009
599.0 2.36647393091553 50 0.024
599.5 1.0971481180860536 49 0.020
