0 2.8525702939857926 26 0.016
0.5 3.5992587750352367 29 0.015
1.0 2.1664634400503364 26 0.023
1.5 1.249070681890279 29 0.028
2.0 1.0459356202430738 32 0.020
2.5 0.9694843834058 30 0.021
3.0 0.7023073713429933 28 0.017
3.5 1.1994164308896087 30 0.003
4.0 1.048354904537848 34 0.037
4.5 0.777646470008172 32 0.020
5.0 1.0122603332144358 30 0.033
5.5 1.0693507022278228 33 0.028
6.0 1.2549793710664243 30 0.021
6.5 1.3766521511541 30 0.018
7.0 2.2728128977105824 30 0.022
7.5 2.3927583899738467 30 0.013
8.0 2.4001863838118664 30 0.027
8.5 2.460673349638629 29 0.002
9.0 2.05586341320705 29 0.021
9.5 1.8327145301307417 32 0.016
10.0 0.8562371789722601 37 0.070
10.5 1.1770901478837263 39 0.060
11.0 3.1496583972665713 38 0.051
11.5 0.5021823526982983 42 0.039
12.0 0.9068665114234759 42 0.044
12.5 0.7982591136279762 39 0.044
13.0 0.3672202907723717 40 0.045
13.5 0.7609547179557608 43 0.029
14.0 0.5403948417680595 40 0.054
14.5 0.858317407643223 41 0.034
15.0 0.9011791205984927 39 0.065
15.5 0.7680055587477997 38 0.048
16.0 1.0111454965390765 40 0.051
16.5 1.24544919069006 42 0.051
17.0 1.0059545969657628 44 0.056
17.5 0.9532348443227395 41 0.047
18.0 0.7828355241594673 38 0.054
18.5 0.8754806077302246 41 0.052
19.0 0.911888508782397 39 0.053
19.5 0.9841593769457255 42 0.056
20.0 0.7464419708802573 37 0.061
20.5 1.3706728625316664 39 0.060
21.0 1.027096330736863 40 0.046
21.5 0.8085397598136635 37 0.054
22.0 0.970802695213963 37 0.052
22.5 1.0366958758480576 41 0.050
23.0 0.8832746702991985 41 0.048
23.5 0.7774967001832404 42 0.034
24.0 1.4022046409442936 38 0.036
24.5 1.0614339919908065 42 0.055
25.0 1.2001854562053271 28 0.041
25.5 1.381959053831832 30 0.033
26.0 0.8583666126036213 29 0.040
26.5 0.730950772734748 31 0.020
27.0 0.8858064105250121 28 0.036
27.5 0.715076773823659 28 0.028
28.0 0.7894152034778321 28 0.038
28.5 0.8355656944443426 30 0.031
29.0 1.1342155688714732 31 0.044
29.5 0.950018342265241 30 0.034
30.0 1.0104732852888896 29 0.020
30.5 0.7364938128939225 28 0.033
31.0 0.613292093037771 30 0.011
31.5 0.9236097343734215 30 0.024
32.0 0.9895019991566889 29 0.027
32.5 2.4182322429562175 29 0.019
33.0 1.5509273424480963 31 0.031
33.5 2.1489457414276067 31 0.036
34.0 1.3966914149927239 31 0.035
34.5 0.6179132756738361 32 0.032
35.0 0.663349403622 28 0.041
35.5 1.58355838726695 30 0.035
36.0 1.7686414813133127 25 0.006
36.5 1.450307123978933 30 0.020
37.0 1.318179034640833 27 0.037
37.5 1.1159968665273952 30 0.012
38.0 1.5947718152823531 27 0.032
38.5 1.3490017002474155 31 0.025
39.0 0.6371090625174661 32 0.044
39.5 0.2 31 0.016
40.0 0.5887394499570451 29 0.028
40.5 1.509763694206427 32 0.043
41.0 1.2276600149542627 32 0.028
41.5 0.7460056910124426 31 0.025
42.0 1.2078225973092063 30 0.020
42.5 1.035089872953246 31 0.039
43.0 1.13284119045518 30 0.024
43.5 0.9835704387688129 32 0.036
44.0 1.0705472317956781 32 0.026
44.5 1.108572949183221 27 0.040
45.0 1.2291641062102894 31 0.026
45.5 0.6477481089937768 32 0.031
46.0 0.8300796592336701 29 0.029
46.5 0.888895322721454 30 0.043
47.0 0.6832160328345545 33 0.056
47.5 0.6182539392529987 32 0.031
48.0 0.6146952150303042 34 0.023
48.5 0.610672393990769 31 0.017
49.0 0.6190014571301474 29 0.024
49.5 0.519236753144348 32 0.032
50.0 2.089231030940674 20 0.012
50.5 1.0734987640552103 23 0.022
51.0 2.7747712091746246 18 0.014
51.5 1.090810429043772 19 0.000
52.0 1.1725381734183329 21 0.013
52.5 2.668931081681472 21 0.010
53.0 2.5424000267692017 19 0.005
53.5 1.7516873226882745 19 0.008
54.0 2.327296179701213 17 0.000
54.5 1.9608720928808276 18 0.019
55.0 1.8478543121724273 20 0.001
55.5 3.7729995392888886 22 0.011
56.0 2.5226219918366004 20 0.012
56.5 2.6010463937269517 19 0.004
57.0 1.7087860116184377 19 0.005
57.5 1.5137951875376703 20 0.010
58.0 1.7968268998290469 19 0.010
58.5 2.251386067320036 21 0.025
59.0 1.5300062840365274 24 0.004
59.5 4.072928641654003 20 0.004
60.0 2.466496712801696 24 0.019
60.5 1.7834621991336075 21 0.014
61.0 2.032076260610579 19 0.005
61.5 2.8580911654555274 22 0.006
62.0 3.7874954485891013 20 0.021
62.5 1.9474806095353805 21 0.020
63.0 1.7646104200767079 23 0.005
63.5 1.7561849112175374 19 0.000
64.0 0.7024354605228459 20 0.010
64.5 2.671852555646832 18 0.016
65.0 1.9544718771591523 20 0.017
65.5 0.820311600135797 23 0.000
66.0 2.7915662694661227 23 0.014
66.5 1.6102146049020991 21 0.004
67.0 3.8609980014836776 20 0.015
67.5 2.1958213561144437 17 0.013
68.0 1.307060471843337 22 0.000
68.5 1.6276217747326274 17 0.016
69.0 2.890056494582647 19 0.012
69.5 3.101141503262756 19 0.015
70.0 2.8647528325910194 18 0.002
70.5 3.3842952030523095 19 0.011
71.0 3.6762924780727455 19 0.011
71.5 2.275132554267077 21 0.000
72.0 4.788878042116389 21 0.000
72.5 2.119026026901717 20 0.011
73.0 1.7274344886540773 18 0.014
73.5 1.45599244297635 18 0.017
74.0 3.0322588104917916 19 0.007
74.5 2.0333324889968933 21 0.000
75.0 0.8190734656507745 17 0.008
75.5 1.3123608281548444 19 0.005
76.0 0.5671151753347303 24 0.001
76.5 1.2338819778906278 18 0.000
77.0 0.4394299834776759 22 0.013
77.5 0.6524005646339653 20 0.017
78.0 1.4753949328053073 17 0.014
78.5 0.8280249524876782 20 0.019
79.0 1.040134906977685 19 0.027
79.5 1.4786979331050727 19 0.013
80.0 0.8402746519745379 52 0.046
80.5 1.4733381236829937 53 0.032
81.0 0.9057686025844494 45 0.041
81.5 1.6984687694567264 50 0.036
82.0 1.4438668830383934 51 0.048
82.5 0.8825299275779841 54 0.038
83.0 1.1225998827956978 48 0.029
83.5 1.2234649803012119 48 0.031
84.0 1.9119877693775522 46 0.031
84.5 2.3194270600977696 51 0.048
85.0 2.3730494446592223 55 0.029
85.5 1.0565335512864125 48 0.029
86.0 2.595802195017413 52 0.028
86.5 1.7471749142557567 51 0.030
87.0 2.0037755949565907 54 0.037
87.5 3.2570622466107837 50 0.054
88.0 1.728077159972126 48 0.037
88.5 3.06129091022251 52 0.057
89.0 2.51242997800615 49 0.045
89.5 0.3494378367201312 53 0.033
90.0 1.3230614173044408 52 0.029
90.5 1.2442452300867508 49 0.061
91.0 1.958685002213264 49 0.039
91.5 1.918964522799179 48 0.027
92.0 1.74433150639384 53 0.049
92.5 1.1408309323287613 49 0.034
93.0 1.3775525517164773 48 0.043
93.5 1.1532955630235828 47 0.041
94.0 2.1203277843717947 50 0.072
94.5 1.337863084049233 50 0.027
95.0 0.6135474559696208 52 0.042
95.5 1.0075946609684023 52 0.036
96.0 2.079402505256199 50 0.052
96.5 0.9149095823066665 49 0.052
97.0 0.3189015969336102 50 0.036
97.5 2.49586775081277 51 0.051
98.0 1.897633955157307 49 0.033
98.5 1.8925078079373652 52 0.054
99.0 1.8935436873674807 49 0.033
99.5 1.0812491516808853 49 0.039
100.0 1.2455343243380237 48 0.046
100.5 1.8751704867892796 49 0.038
101.0 1.9917782893409564 54 0.046
101.5 1.2480349259846573 51 0.050
102.0 1.9555987309420133 50 0.026
102.5 1.78991833282192 49 0.034
103.0 1.446335221406397 50 0.045
103.5 1.3411347319754543 53 0.050
104.0 1.5772676757542357 49 0.040
104.5 2.5375122389421874 49 0.034
105.0 1.750496442970395 51 0.025
105.5 1.359506112619512 50 0.038
106.0 0.9880800914578399 52 0.025
106.5 2.3953121169963896 53 0.047
107.0 1.1276806895693174 53 0.048
107.5 2.3519723020277903 47 0.035
108.0 1.6403408016962229 50 0.040
108.5 1.8521577864511094 49 0.037
109.0 2.2027095947426156 49 0.049
109.5 2.3397293925893137 50 0.028
110.0 1.703816826837718 50 0.038
110.5 1.9481381939511049 47 0.031
111.0 0.36249093114491515 48 0.041
111.5 2.3883335537297468 53 0.034
112.0 1.3470716897960584 46 0.044
112.5 1.9425428489066126 50 0.055
113.0 2.843224883106184 53 0.045
113.5 1.8637011213109562 51 0.046
114.0 2.3442733630605357 49 0.035
114.5 1.7043297749541733 49 0.037
115.0 1.8566561348567894 49 0.055
115.5 2.144087694167598 50 0.022
116.0 2.123070800762677 48 0.048
116.5 2.0427301772527655 49 0.045
117.0 2.6386125225836574 48 0.044
117.5 2.3727077757853676 48 0.059
118.0 1.2431798755127648 51 0.040
118.5 1.6651045478305715 50 0.049
119.0 2.343272103499528 49 0.032
119.5 3.337632883057563 47 0.014
120.0 2.2919525868224984 51 0.015
120.5 3.352602133761038 47 0.000
121.0 1.938079178288684 49 0.054
121.5 2.3398591254131724 51 0.008
122.0 3.494546994883747 49 0.022
122.5 1.381034629273759 52 0.029
123.0 1.5403494783525562 51 0.025
123.5 3.1979127822707722 47 0.021
124.0 1.4927940502105947 51 0.019
124.5 2.3161547037288894 49 0.017
125.0 3.1169222826844973 49 0.012
125.5 0.7694667486175031 47 0.030
126.0 2.325642029225574 50 0.016
126.5 0.23771707014572674 49 0.000
127.0 1.8441725944924512 51 0.008
127.5 1.5705104696612715 51 0.019
128.0 1.4253537976732435 50 0.031
128.5 1.1778559946659013 48 0.008
129.0 2.4275794937056547 48 0.024
129.5 1.7362217126132338 48 0.025
130.0 2.1396138813415444 49 0.010
130.5 1.6094777662328636 50 0.000
131.0 1.2523021398298375 51 0.041
131.5 1.9366204687078488 52 0.010
132.0 2.761559495583125 51 0.018
132.5 2.132510276030895 48 0.026
133.0 2.2707268196064625 51 0.020
133.5 2.134735706803164 49 0.005
134.0 0.979150119615689 53 0.012
134.5 2.188015740233456 51 0.001
135.0 1.1392502325747693 52 0.015
135.5 1.8950686721364196 48 0.000
136.0 1.3213085599598542 50 0.028
136.5 1.5862598404034276 50 0.019
137.0 1.7338471210719844 44 0.028
137.5 2.404790568323526 50 0.021
138.0 1.6804952708597671 48 0.029
138.5 1.501406552690483 52 0.019
139.0 2.316063306856223 44 0.017
139.5 1.115150181810662 47 0.019
140.0 0.8054835789249942 51 0.013
140.5 1.0616474412745394 53 0.011
141.0 1.0206070341639366 50 0.026
141.5 0.8949682391321331 50 0.029
142.0 0.7281959341445714 53 0.020
142.5 1.1682257258827198 48 0.032
143.0 1.0222102358558809 49 0.020
143.5 0.6890034108425315 53 0.031
144.0 0.6230217882019076 49 0.009
144.5 0.7120623123833398 53 0.012
145.0 0.7588158636764482 50 0.029
145.5 0.6283721974543304 49 0.026
146.0 1.0193031925649279 52 0.001
146.5 0.3962791496567928 49 0.018
147.0 0.9791674656555805 50 0.008
147.5 1.3363219802720931 52 0.029
148.0 2.8226889882416373 49 0.028
148.5 2.6366155243452383 49 0.005
149.0 0.9313796156154575 48 0.042
149.5 1.9304392516117317 50 0.032
150.0 2.937156086778584 48 0.002
150.5 1.0521766298473274 50 0.042
151.0 1.2827078857973406 53 0.019
151.5 2.1765115974157943 50 0.006
152.0 2.6170234962720276 51 0.030
152.5 2.105657827171414 54 0.028
153.0 1.5552113396585066 49 0.000
153.5 1.6790861235121257 53 0.038
154.0 1.2435986973120632 48 0.042
154.5 2.532832604817592 47 0.006
155.0 1.0205691978496296 48 0.022
155.5 1.8081393485726414 48 0.016
156.0 2.2853846448630826 52 0.020
156.5 2.145363049907738 53 0.033
157.0 2.0123312441584185 50 0.023
157.5 1.9500166382161428 48 0.035
158.0 1.7324948612682949 45 0.033
158.5 1.282192417749516 46 0.024
159.0 3.022623037232511 47 0.018
159.5 2.279518367261158 47 0.023
160.0 2.638031330329742 48 0.036
160.5 2.368956758762823 53 0.011
161.0 2.1170089937955194 50 0.027
161.5 2.0941016384621634 49 0.029
162.0 1.1004287297907391 48 0.011
162.5 2.223905262169886 50 0.003
163.0 0.7112202915795873 57 0.016
163.5 3.3861373943064246 53 0.015
164.0 2.0627535017494374 50 0.023
164.5 2.0846257932972616 47 0.021
165.0 2.5965926660992587 52 0.016
165.5 1.6853763428634543 52 0.012
166.0 3.767731516323858 51 0.032
166.5 1.7780889980230827 49 0.029
167.0 0.2 54 0.005
167.5 1.3112151027016279 53 0.028
168.0 2.7076454269340258 47 0.029
168.5 2.5984774313503016 51 0.033
169.0 2.519159633792019 49 0.015
169.5 2.97634524910281 53 0.012
170.0 1.2786191107917892 50 0.023
170.5 2.568259543270032 52 0.016
171.0 2.209191293060684 53 0.011
171.5 1.0360856544838422 50 0.017
172.0 1.3230075430153276 51 0.019
172.5 1.817701328358938 51 0.012
173.0 1.4455105869419205 52 0.011
173.5 1.054910845943072 50 0.008
174.0 1.1978918594615395 50 0.024
174.5 1.3461090042785422 49 0.029
175.0 1.5590180616168317 52 0.016
175.5 2.445110434097054 54 0.023
176.0 1.8336016591753177 51 0.028
176.5 1.5729254057958717 48 0.013
177.0 1.5522778262170411 51 0.021
177.5 1.841627142397936 52 0.034
178.0 1.9065513331097792 50 0.018
178.5 2.89350478448888 52 0.020
179.0 0.7276936975558259 52 0.003
179.5 0.23760486097640543 49 0.012
180.0 2.129408663825434 50 0.030
180.5 1.6686202037171882 53 0.034
181.0 1.9336412105301122 50 0.014
181.5 1.5379976960853998 50 0.029
182.0 2.960031762347963 50 0.039
182.5 3.175435039185013 50 0.029
183.0 2.750569022514885 50 0.015
183.5 2.261496507530424 50 0.043
184.0 0.8631521912400034 49 0.018
184.5 0.5437342781076749 47 0.014
185.0 0.964120262076029 52 0.014
185.5 1.2108499521121168 47 0.021
186.0 1.085411923833858 50 0.023
186.5 1.4817825139172867 48 0.030
187.0 0.9122143485902721 53 0.015
187.5 2.264606652946398 51 0.012
188.0 1.8573820982463323 49 0.028
188.5 1.2284134775796722 48 0.024
189.0 2.3714298128075364 48 0.028
189.5 1.8278106010233532 53 0.016
190.0 1.7719296385692624 49 0.039
190.5 2.855663236251419 52 0.027
191.0 1.256810518022105 49 0.031
191.5 0.8231002262217053 48 0.000
192.0 0.4165256377484943 50 0.003
192.5 0.9303000625627622 52 0.025
193.0 0.7491468291606196 48 0.034
193.5 0.8331031341539817 49 0.023
194.0 0.9562982416459987 49 0.011
194.5 0.6820419138151785 51 0.000
195.0 0.8225786056792264 50 0.017
195.5 1.074480444229795 50 0.035
196.0 0.9922500172914539 50 0.016
196.5 1.324121867220271 49 0.016
197.0 0.7859333341837258 51 0.021
197.5 0.6759492225808343 50 0.024
198.0 0.5125230536042609 50 0.013
198.5 0.931027079503527 49 0.022
199.0 0.5261606241170719 52 0.017
199.5 0.8163341913033741 50 0.018
200.0 0.6843693547421401 48 0.034
200.5 1.1991392768454094 49 0.028
201.0 0.9123444849741474 51 0.025
201.5 1.2293453685753482 50 0.011
202.0 0.7162477073420146 47 0.033
202.5 0.7407388832582643 48 0.015
203.0 0.8912363885650719 47 0.028
203.5 0.686573242003391 51 0.023
204.0 0.7057504056312963 52 0.009
204.5 1.383347343102383 49 0.023
205.0 0.936781063895413 52 0.011
205.5 1.0954067369649807 50 0.033
206.0 0.47604787323182063 48 0.015
206.5 0.6752019316438381 49 0.014
207.0 0.9751393096183337 51 0.018
207.5 1.0713173047598703 50 0.012
208.0 0.3524815138976365 49 0.013
208.5 0.8833153030415192 49 0.012
209.0 0.8758918867869628 49 0.024
209.5 0.8259288962622329 52 0.031
210.0 1.2091769839498054 51 0.005
210.5 0.6915901253469957 48 0.027
211.0 1.3128095184701327 48 0.030
211.5 1.2363105814592799 48 0.032
212.0 1.0025999738540086 51 0.006
212.5 0.8327445404914753 50 0.009
213.0 0.7233675213266602 53 0.018
213.5 1.0024909546123641 49 0.015
214.0 0.6232640116613597 52 0.028
214.5 1.1256630549984739 51 0.016
215.0 0.9900497596061507 51 0.038
215.5 0.846290861461569 53 0.011
216.0 1.1892461932587253 48 0.028
216.5 2.9624975102845656 49 0.029
217.0 2.0456889656502666 50 0.020
217.5 1.6246483987580453 52 0.026
218.0 2.09383648518619 47 0.032
218.5 0.9596603247745661 48 0.000
219.0 3.220612440862231 49 0.001
219.5 2.197271235013008 50 0.010
220.0 3.6137358701686013 49 0.014
220.5 2.7805898163850404 50 0.001
221.0 0.394380020781987 53 0.025
221.5 0.9744099799699273 51 0.005
222.0 1.5455377461180946 50 0.019
222.5 0.9827818278385634 49 0.029
223.0 1.7261111947649164 51 0.037
223.5 2.7423401213549274 48 0.008
224.0 1.8476732452608915 53 0.014
224.5 2.589593536378959 52 0.029
225.0 0.28025876733000166 49 0.037
225.5 2.0797390923924097 50 0.020
226.0 1.762235315434358 55 0.029
226.5 0.2 48 0.025
227.0 0.4813217622239665 52 0.024
227.5 1.7360536778309446 49 0.031
228.0 2.4551049056908925 49 0.017
228.5 2.2172138080290775 53 0.016
229.0 2.2990117350326504 51 0.031
229.5 1.1271965108022863 51 0.013
230.0 2.3939271250640335 51 0.027
230.5 1.820525129604629 53 0.000
231.0 1.5402270249297505 50 0.026
231.5 1.1716942848146503 49 0.033
232.0 0.6559440862152781 49 0.002
232.5 1.6259269170946595 47 0.026
233.0 0.3520985837268502 46 0.000
233.5 1.5364842659744467 47 0.030
234.0 1.480612291756888 51 0.014
234.5 2.6062275961462724 49 0.028
235.0 2.417825751618253 51 0.023
235.5 1.1967245982455936 48 0.025
236.0 1.7070071824269872 49 0.040
236.5 1.122992973757156 52 0.035
237.0 1.2308487508522452 48 0.004
237.5 1.246609572570253 47 0.023
238.0 1.479224482481887 48 0.018
238.5 1.4319529861656797 53 0.030
239.0 1.2865579004570762 51 0.036
239.5 1.4120374270240816 48 0.023
240.0 2.4062528354491377 49 0.009
240.5 1.6725337745324578 51 0.029
241.0 1.3786351334231461 52 0.020
241.5 0.5761466863338084 49 0.010
242.0 2.4551656512043456 48 0.036
242.5 0.8833751804992558 51 0.013
243.0 0.6207199648947008 53 0.015
243.5 0.6536821223534751 48 0.008
244.0 3.859062506067315 47 0.027
244.5 2.864249883999452 50 0.030
245.0 1.4701336777072957 52 0.029
245.5 0.7276831986299936 50 0.012
246.0 0.6901240277059111 50 0.029
246.5 0.9840129547817459 49 0.017
247.0 0.9734853222406041 49 0.023
247.5 0.8676834282389079 50 0.002
248.0 1.281060077400563 51 0.010
248.5 0.8476117494725309 48 0.015
249.0 0.9509370890571303 54 0.015
249.5 1.8388032924026132 46 0.024
250.0 1.2973282088240894 51 0.006
250.5 2.401586206053495 48 0.030
251.0 1.5979077126501817 48 0.032
251.5 0.5316741440519708 51 0.025
252.0 2.135473902253168 49 0.029
252.5 1.1687135200920737 48 0.019
253.0 1.6209070657455633 51 0.040
253.5 1.3592313233257876 51 0.024
254.0 0.8436417789091197 52 0.029
254.5 1.3870871053959395 49 0.031
255.0 1.2349592819087278 48 0.025
255.5 1.4835345275267793 50 0.032
256.0 2.390431062515427 52 0.008
256.5 1.5861117444308073 48 0.009
257.0 1.8366965170153022 50 0.032
257.5 1.2980114460725762 51 0.010
258.0 1.474362067545206 47 0.015
258.5 1.0759158192322325 53 0.004
259.0 1.1592833872201562 51 0.018
259.5 2.2287263440719816 51 0.015
260.0 0.9469972432974557 50 0.016
260.5 0.9069286657316745 48 0.027
261.0 3.1327186066254358 50 0.025
261.5 2.268784170660027 51 0.021
262.0 1.657827859642311 50 0.036
262.5 1.4581441440792609 46 0.001
263.0 2.133920533630235 50 0.000
263.5 1.8643946524051311 51 0.006
264.0 1.2818432314225223 52 0.029
264.5 1.7106425008842798 49 0.020
265.0 1.0631092717217396 52 0.016
265.5 0.8118297095243006 53 0.023
266.0 1.8863095704153392 50 0.019
266.5 1.7042570523965377 51 0.011
267.0 1.5491482052754117 49 0.015
267.5 1.9472264182531651 55 0.024
268.0 1.0678493169015715 50 0.015
268.5 0.8638658885514947 50 0.015
269.0 1.7796213738016444 47 0.011
269.5 1.627292103455269 53 0.009
270.0 1.58832171482476 49 0.028
270.5 0.8750511306152555 50 0.009
271.0 1.7126813474485396 52 0.000
271.5 2.0850012322510767 50 0.041
272.0 2.267741119536216 48 0.021
272.5 2.466012122677336 53 0.031
273.0 1.8143250076323736 49 0.023
273.5 1.5515952095649663 53 0.002
274.0 1.0024191103172562 54 0.025
274.5 1.206071333854903 49 0.023
275.0 1.3870953666327273 50 0.000
275.5 1.3234096935327677 52 0.023
276.0 1.5175571482976165 47 0.004
276.5 1.3897990303129304 51 0.009
277.0 1.666494329618048 46 0.020
277.5 0.9824969434432637 49 0.015
278.0 2.124831612434168 52 0.023
278.5 1.9633172380840969 49 0.024
279.0 1.1147740096894452 51 0.026
279.5 1.471178505624011 50 0.024
280.0 1.1544124719936348 49 0.001
280.5 1.6259807733553187 52 0.006
281.0 1.4496701099897016 50 0.024
281.5 1.6535302726283823 49 0.038
282.0 1.3745959354898392 48 0.020
282.5 1.5809133657925942 52 0.028
283.0 1.089681166758342 50 0.024
283.5 1.4342816933383553 49 0.026
284.0 1.0821290765095197 48 0.026
284.5 1.41060086489426 49 0.021
285.0 2.0644734468009043 49 0.003
285.5 1.4661070531574338 53 0.020
286.0 1.1888696404066883 49 0.014
286.5 1.9432842541955566 49 0.023
287.0 1.0736310725226734 52 0.034
287.5 1.2915002005519503 50 0.013
288.0 2.049724615538535 49 0.013
288.5 1.3118745933608453 54 0.035
289.0 1.3142292886632496 47 0.005
289.5 0.9203260459530355 51 0.029
290.0 1.491216008041161 51 0.012
290.5 1.052299171077814 49 0.000
291.0 1.6352071675720392 49 0.010
291.5 1.6275029017086142 52 0.024
292.0 1.9488501028327287 48 0.047
292.5 1.4315382402969279 47 0.025
293.0 1.954628646492744 51 0.026
293.5 0.9508648173800333 53 0.022
294.0 1.2309343080797863 50 0.024
294.5 1.8054919835644203 47 0.025
295.0 0.9374386522545078 52 0.014
295.5 1.4767209802430334 53 0.023
296.0 2.9424079884560186 51 0.015
296.5 1.8861886432447856 51 0.007
297.0 2.1473799858263236 52 0.033
297.5 2.105059650649352 51 0.014
298.0 1.0971457967188472 48 0.023
298.5 1.225713596028212 51 0.018
299.0 1.5546863141726708 48 0.019
299.5 1.507401398688998 50 0.012
