1199.5 2.182701921089593 32 0.027
1200.0 2.5180579054615975 31 0.023
1200.5 2.1998087834167563 28 0.027
1201.0 1.6941675572343913 30 0.021
1201.5 1.798026909281963 30 0.035
1202.0 1.729473634045076 31 0.029
1202.5 2.685072524787639 31 0.025
1203.0 2.7912819926619687 30 0.002
1203.5 2.291290894323498 28 0.026
1204.0 1.9488539824711673 29 0.019
1204.5 3.1364724804236683 29 0.029
1205.0 0.8819004370330805 31 0.007
1205.5 1.1971792255033464 32 0.012
1206.0 1.6927888763587668 31 0.022
1206.5 1.794841265972165 32 0.002
1207.0 2.363310677659853 27 0.024
1207.5 2.276168753193196 29 0.017
1208.0 2.2540495927327466 27 0.019
1208.5 1.961311360428085 29 0.026
1209.0 3.4761560340239774 33 0.007
1209.5 1.8029152316678405 40 0.064
1210.0 2.3736172093108427 39 0.045
1210.5 2.122751045185445 43 0.043
1211.0 0.7684794271167052 36 0.057
1211.5 1.3801040191035558 44 0.047
1212.0 1.8816459742150538 38 0.036
1212.5 1.471516575351556 43 0.054
1213.0 2.4414297569432937 39 0.062
1213.5 0.907795478051701 38 0.054
1214.0 2.762465962825917 38 0.043
1214.5 1.4907912488161372 42 0.042
1215.0 3.077221929313257 44 0.046
1215.5 2.772946824651256 38 0.041
1216.0 1.1767606740657586 42 0.049
1216.5 2.0409001292667193 36 0.051
1217.0 1.9474285288936786 39 0.056
1217.5 1.776785086571298 38 0.046
1218.0 2.851161789405929 39 0.036
1218.5 2.4119907150041806 41 0.061
1219.0 1.0344135459434927 41 0.055
1219.5 1.341615977212511 41 0.067
1220.0 1.706420513241191 39 0.063
1220.5 1.9772733423261464 40 0.059
1221.0 1.3340763310761035 38 0.040
1221.5 2.343167837739606 41 0.041
1222.0 3.1246875243932637 38 0.039
1222.5 3.2906944215934337 38 0.051
1223.0 2.0973276819501443 43 0.050
1223.5 3.2594118765191484 43 0.041
1224.0 2.128931237622237 41 0.060
1224.5 2.3025388123215498 31 0.041
1225.0 1.700841603039283 32 0.009
1225.5 4.401383247978306 31 0.031
1226.0 1.9506239958424674 32 0.028
1226.5 3.3447675070119374 32 0.039
1227.0 1.7414637303431126 31 0.006
1227.5 2.224354606755374 30 0.036
1228.0 2.5780213637887175 33 0.033
1228.5 3.0949119518341646 29 0.036
1229.0 2.751532988685294 28 0.035
1229.5 0.2 32 0.018
1230.0 2.1778275219886214 29 0.039
1230.5 2.204948898163453 32 0.020
1231.0 1.634772440516343 30 0.026
1231.5 3.110830254073375 28 0.041
1232.0 3.0153340146895067 30 0.032
1232.5 2.9017670486192926 30 0.041
1233.0 1.5607283145219095 30 0.039
1233.5 0.8065438871923363 29 0.026
1234.0 1.772587334774887 29 0.038
1234.5 3.5016397278687657 29 0.040
1235.0 1.487656645939076 27 0.015
1235.5 1.4488333717037374 32 0.031
1236.0 1.9701452176799956 30 0.051
1236.5 1.7329820131353282 26 0.021
1237.0 2.27260070188358 30 0.018
1237.5 2.6169104106531904 30 0.022
1238.0 2.152738053259272 31 0.031
1238.5 1.0936819147937882 29 0.020
1239.0 4.262669132940318 30 0.020
1239.5 2.6073895022740583 29 0.035
1240.0 2.6827843704125884 28 0.002
1240.5 1.5218329164944486 29 0.033
1241.0 1.3496787631701226 31 0.037
1241.5 1.9759324166534156 29 0.018
1242.0 2.172626229393372 31 0.050
1242.5 2.4629830956610625 29 0.030
1243.0 1.7877891445813228 31 0.030
1243.5 2.2558660791873053 31 0.025
1244.0 3.2136929753649417 30 0.018
1244.5 0.44432370918667163 31 0.038
1245.0 1.1562113498321138 27 0.024
1245.5 3.5201877969868063 31 0.040
1246.0 2.961160997465294 31 0.009
1246.5 1.7326019875720262 28 0.045
1247.0 2.3199434553851948 29 0.024
1247.5 1.5822612526032955 31 0.046
1248.0 1.160537834008644 31 0.044
1248.5 1.884889398131159 31 0.041
1249.0 0.7453278583243058 31 0.025
1249.5 0.7583482363797625 20 0.020
1250.0 1.2720046542361325 18 0.011
1250.5 1.1518228739059844 19 0.013
1251.0 1.0376032962802721 23 0.005
1251.5 1.0964939857580052 19 0.004
1252.0 1.0598057052590462 21 0.001
1252.5 0.7911302578048465 16 0.012
1253.0 0.8637804992836136 19 0.009
1253.5 0.876233914062907 18 0.009
1254.0 1.0489018538832564 19 0.014
1254.5 0.7636917955112282 21 0.000
1255.0 1.2992815807502853 22 0.015
1255.5 1.0221365861398135 17 0.010
1256.0 1.0399177324684254 25 0.011
1256.5 1.264051805978668 19 0.004
1257.0 0.805754953298255 14 0.011
1257.5 0.4014381764309534 22 0.018
1258.0 0.7481410620643911 19 0.023
1258.5 0.915108100439937 20 0.021
1259.0 0.8008417784865295 19 0.019
1259.5 0.8195188950450286 19 0.017
1260.0 0.5951066460507148 19 0.023
1260.5 1.1758919448235883 20 0.016
1261.0 0.42875557626298877 17 0.000
1261.5 1.3859055328551555 21 0.000
1262.0 1.2126080542620712 21 0.012
1262.5 0.9903570084805308 22 0.010
1263.0 0.949600849636289 20 0.008
1263.5 0.9262128522324543 19 0.000
1264.0 0.8463902145982549 20 0.005
1264.5 0.9631235467954349 20 0.000
1265.0 3.6066858904657613 13 0.000
1265.5 0.9890033631448942 18 0.019
1266.0 0.7047878939462904 24 0.012
1266.5 4.2320248405078775 24 0.000
1267.0 2.252804881261527 19 0.028
1267.5 1.0715271747226702 22 0.008
1268.0 2.844499286634176 22 0.005
1268.5 1.3805420393032546 20 0.014
1269.0 2.0589051564745304 23 0.007
1269.5 1.6612480911761636 21 0.010
1270.0 1.558097598747081 22 0.007
1270.5 2.070356138594955 20 0.015
1271.0 1.929914072115511 21 0.017
1271.5 1.6348583932581622 17 0.033
1272.0 2.25437881576401 20 0.012
1272.5 2.3226133507048194 20 0.007
1273.0 1.036719365522737 22 0.003
1273.5 2.5506763011910913 23 0.004
1274.0 2.347932584817504 21 0.012
1274.5 0.982608437193984 21 0.014
1275.0 2.252809896102431 19 0.008
1275.5 1.322604456034282 18 0.009
1276.0 0.8536435226381756 21 0.012
1276.5 2.0013441369183362 20 0.000
1277.0 1.590846682093829 14 0.000
1277.5 1.9511583383576565 21 0.000
1278.0 1.4317410160646662 19 0.011
1278.5 1.128948062600346 23 0.000
1279.0 2.0236439630725886 21 0.025
1279.5 1.294154559219173 49 0.042
1280.0 0.2 50 0.038
1280.5 2.2686255961905637 48 0.055
1281.0 1.5931529209806004 51 0.045
1281.5 2.6664173259424815 48 0.060
1282.0 2.548565542931226 48 0.046
1282.5 1.7082664550347877 51 0.051
1283.0 0.8329786640336867 50 0.034
1283.5 2.9733199111174757 50 0.036
1284.0 0.9407523802938991 51 0.049
1284.5 3.382479634675125 52 0.043
1285.0 1.381459658268605 47 0.019
1285.5 0.2 52 0.037
1286.0 2.1543113211601335 52 0.047
1286.5 0.2 50 0.059
1287.0 2.8971145935685856 47 0.039
1287.5 2.2642834364688387 50 0.042
1288.0 2.2511422963853427 51 0.048
1288.5 1.2101712005957317 52 0.032
1289.0 2.9688234714601807 50 0.038
1289.5 1.379127599566937 51 0.033
1290.0 1.435410736498798 52 0.042
1290.5 2.103176557959409 49 0.038
1291.0 2.882902750437531 52 0.027
1291.5 2.778541572491922 48 0.033
1292.0 4.15690701592718 51 0.045
1292.5 2.7795853501482943 51 0.026
1293.0 2.7804194839443017 47 0.044
1293.5 2.3824181038443193 51 0.028
1294.0 1.658716514386175 52 0.029
1294.5 1.4322792617929776 54 0.020
1295.0 1.832581960527151 52 0.043
1295.5 1.2249001317194899 48 0.053
1296.0 1.3750367793994571 51 0.027
1296.5 1.4145059683957244 49 0.036
1297.0 1.4761895209356304 48 0.046
1297.5 1.8958092936106028 51 0.053
1298.0 1.6304171647056784 47 0.049
1298.5 2.7952362326470674 55 0.032
1299.0 0.20345673796127262 47 0.042
1299.5 2.284720754512332 46 0.033
1300.0 2.66322349605569 48 0.017
1300.5 1.8420868482937653 47 0.047
1301.0 1.2060371912603691 50 0.031
1301.5 2.280182901242889 48 0.027
1302.0 2.25351386429593 48 0.035
1302.5 1.8387779262652701 50 0.033
1303.0 2.7702083472591204 51 0.032
1303.5 2.1099582022588286 50 0.043
1304.0 2.1381185623138506 51 0.042
1304.5 2.1422451203444752 51 0.040
1305.0 0.4390533126748166 52 0.023
1305.5 3.6062094216827187 54 0.043
1306.0 2.063819996554126 44 0.044
1306.5 2.7774981249847794 50 0.052
1307.0 3.563131050241302 53 0.035
1307.5 2.405487479084977 53 0.049
1308.0 1.6367694099725227 50 0.024
1308.5 1.2164069711676926 48 0.033
1309.0 3.8461723769560967 53 0.043
1309.5 1.5940563283930347 47 0.032
1310.0 0.8219510473620395 48 0.043
1310.5 2.251645530099386 50 0.050
1311.0 1.9700996429981612 49 0.047
1311.5 1.4604348614779352 52 0.043
1312.0 2.927300881700928 52 0.033
1312.5 1.8112559838734519 50 0.057
1313.0 1.8701365150629627 48 0.026
1313.5 3.77324765518018 52 0.048
1314.0 2.0551161704751153 50 0.047
1314.5 2.2232301478137084 50 0.046
1315.0 2.5326341342791396 48 0.056
1315.5 3.483966184884154 48 0.047
1316.0 1.833526008030712 47 0.032
1316.5 1.3100329203460155 52 0.025
1317.0 2.6704513721015606 50 0.033
1317.5 2.3222291635883057 49 0.050
1318.0 2.716583416366171 49 0.039
1318.5 2.193125191257341 54 0.051
1319.0 2.5510572499704924 49 0.062
1319.5 1.4680707025082795 46 0.023
1320.0 3.738948193454884 49 0.022
1320.5 1.8729204200954224 51 0.020
1321.0 1.6437608011153169 51 0.008
1321.5 1.9529458697116373 50 0.000
1322.0 1.3794747452971792 51 0.003
1322.5 0.7430847090817795 48 0.030
1323.0 2.1218187741653045 49 0.000
1323.5 2.070174851480885 51 0.027
1324.0 1.3972460589437146 49 0.013
1324.5 1.087521891439204 53 0.026
1325.0 1.1315014221305637 48 0.020
1325.5 1.3621274314910439 52 0.042
1326.0 1.6846228497608449 51 0.013
1326.5 1.0697701416607288 49 0.018
1327.0 1.3069330321060904 48 0.022
1327.5 1.5192911322035276 52 0.019
1328.0 1.971172699848082 50 0.031
1328.5 1.4928078126014088 48 0.030
1329.0 1.5339381196812831 51 0.016
1329.5 1.0344029099472367 48 0.004
1330.0 1.2681290710438742 52 0.026
1330.5 0.7040255522895141 51 0.014
1331.0 0.802331671588218 48 0.025
1331.5 0.9040254302594317 49 0.022
1332.0 0.3701256235017625 54 0.007
1332.5 1.514176327002827 48 0.029
1333.0 0.8860233923463248 49 0.028
1333.5 1.6993987137764113 52 0.013
1334.0 2.0111081922234972 49 0.009
1334.5 1.9157543302849152 53 0.022
1335.0 1.7520442393329758 50 0.027
1335.5 1.516033964037197 50 0.009
1336.0 1.1803528438394504 53 0.012
1336.5 1.2779919678760625 51 0.013
1337.0 1.420684701092219 51 0.014
1337.5 1.4005002613528568 53 0.020
1338.0 1.5022604000521633 49 0.023
1338.5 0.9519371830527579 46 0.029
1339.0 1.4368792618351884 50 0.014
1339.5 1.6646270111069885 47 0.028
1340.0 1.396100717251999 49 0.020
1340.5 1.4151392040572133 48 0.032
1341.0 1.617162126807505 49 0.034
1341.5 1.769358318991591 52 0.016
1342.0 1.6238918683266048 53 0.009
1342.5 1.6294720225651478 48 0.021
1343.0 1.3570827584599254 47 0.013
1343.5 2.178540305607925 52 0.021
1344.0 1.731463255921203 49 0.016
1344.5 1.675541026409012 48 0.012
1345.0 0.7726001702316271 50 0.009
1345.5 0.924023089064294 50 0.037
1346.0 1.072940525964557 51 0.020
1346.5 0.8944064441076471 52 0.047
1347.0 1.0538631288123006 49 0.027
1347.5 1.93442414595443 47 0.022
1348.0 1.626061131403993 52 0.024
1348.5 3.247943951523954 50 0.018
1349.0 1.442874109331891 52 0.021
1349.5 1.4259579809919412 53 0.024
1350.0 3.06256892679432 53 0.025
1350.5 0.9941914851089375 49 0.025
1351.0 4.097726510362646 52 0.025
1351.5 0.28327503205587545 50 0.014
1352.0 1.5597282374340795 48 0.017
1352.5 1.6060737545357462 48 0.021
1353.0 2.7083303169052844 49 0.022
1353.5 1.7918201969263232 49 0.031
1354.0 2.803584917349991 51 0.025
1354.5 2.7677641646330646 53 0.025
1355.0 3.4189285403563217 50 0.023
1355.5 2.0559324449116048 49 0.013
1356.0 2.8815972808321835 53 0.013
1356.5 1.0531579860671716 49 0.015
1357.0 1.949707796080749 51 0.017
1357.5 2.1436649649848425 50 0.006
1358.0 1.641782532932241 53 0.020
1358.5 1.2888226543735244 49 0.007
1359.0 0.9638336160414773 48 0.016
1359.5 1.6760914446818478 51 0.034
1360.0 1.2891507534476792 51 0.028
1360.5 1.03726520165304 48 0.015
1361.0 1.6893098147764456 51 0.018
1361.5 0.6829640040951245 45 0.008
1362.0 2.352102083810532 47 0.022
1362.5 1.3137201648688164 46 0.013
1363.0 0.5746233167897802 51 0.022
1363.5 2.3382099782062653 52 0.027
1364.0 3.383245892672697 51 0.010
1364.5 1.0755714861069778 50 0.011
1365.0 1.5153721309509272 48 0.016
1365.5 2.267867482083527 48 0.038
1366.0 2.159860941253581 46 0.020
1366.5 1.8176535114870573 49 0.018
1367.0 1.7014507742676415 46 0.036
1367.5 2.5702687744494837 49 0.011
1368.0 2.537625496874818 48 0.021
1368.5 1.88335163942032 47 0.032
1369.0 0.5535871898186362 50 0.008
1369.5 3.3874318079562187 50 0.011
1370.0 1.3552287016581226 52 0.038
1370.5 2.487182882246999 52 0.035
1371.0 1.5210565235683695 48 0.018
1371.5 1.3899408693490902 53 0.012
1372.0 2.7062929428174725 50 0.009
1372.5 2.72808540304285 47 0.015
1373.0 1.3101675582422994 51 0.037
1373.5 0.6061020454829731 48 0.031
1374.0 2.4756728730016797 45 0.030
1374.5 1.4483411446809538 51 0.015
1375.0 1.2297480491153503 51 0.021
1375.5 2.4704582711396332 50 0.024
1376.0 2.438239140310122 49 0.034
1376.5 1.901301059561346 50 0.024
1377.0 3.1010370803833442 54 0.044
1377.5 2.2038250035117923 49 0.033
1378.0 2.006451084627291 47 0.038
1378.5 3.260217925398837 50 0.015
1379.0 2.097150728177632 49 0.023
1379.5 3.3424019357048818 48 0.044
1380.0 2.0969292041651646 49 0.038
1380.5 1.7461889479506483 51 0.013
1381.0 1.8949618006247737 46 0.018
1381.5 0.8579127945390046 48 0.009
1382.0 2.9296345151388667 52 0.018
1382.5 2.8796836499847185 44 0.021
1383.0 2.539965868498999 49 0.014
1383.5 0.9472904453186688 52 0.015
1384.0 0.7081235480023031 49 0.008
1384.5 1.035209966757247 51 0.024
1385.0 0.6692320734434685 50 0.020
1385.5 0.9801095507077782 51 0.034
1386.0 0.8272145927135566 47 0.021
1386.5 0.8528519415315163 52 0.027
1387.0 0.807194870239629 50 0.018
1387.5 0.8417404241830344 50 0.012
1388.0 0.947316935351459 50 0.045
1388.5 0.7141550646181822 52 0.027
1389.0 1.466095142844404 51 0.016
1389.5 1.3328390371151477 54 0.007
1390.0 0.8522732272635187 50 0.022
1390.5 1.2306912571216637 47 0.022
1391.0 1.4255784747450928 52 0.026
1391.5 1.3692387687198142 50 0.014
1392.0 0.6965752071658295 49 0.020
1392.5 1.0777595321087827 54 0.034
1393.0 1.7186327946548554 53 0.022
1393.5 0.8222734332515005 51 0.026
1394.0 0.6392414294668158 56 0.010
1394.5 1.5736140827203953 52 0.015
1395.0 1.289207976877081 54 0.018
1395.5 0.7638767050133269 50 0.012
1396.0 1.0787762390134814 49 0.025
1396.5 1.6665333806525333 50 0.022
1397.0 3.1614275299759074 50 0.024
1397.5 1.8879674794426975 53 0.023
1398.0 1.2841705964053767 51 0.016
1398.5 1.3926638881538813 51 0.022
1399.0 2.347128358508626 49 0.003
1399.5 1.897914784551035 53 0.036
1400.0 2.45009733688457 49 0.023
1400.5 0.7789113544102575 49 0.030
1401.0 0.8494380118081919 48 0.009
1401.5 1.4639369299919958 49 0.022
1402.0 2.1930680251110504 53 0.022
1402.5 1.627785343222129 49 0.012
1403.0 2.786515569786727 47 0.019
1403.5 1.0309132387251054 49 0.019
1404.0 1.6820317767481505 50 0.029
1404.5 1.5390498048448562 52 0.026
1405.0 1.6236307809175474 52 0.019
1405.5 1.2965735434476136 52 0.013
1406.0 2.1243757942424297 51 0.005
1406.5 1.1079828771204645 48 0.016
1407.0 1.703274501279036 49 0.019
1407.5 1.1383171900272255 49 0.012
1408.0 0.6118736606051033 52 0.041
1408.5 1.2585959815506251 47 0.021
1409.0 0.35100886556041444 52 0.017
1409.5 1.614942149830164 49 0.019
1410.0 1.0465440749823416 51 0.008
1410.5 1.5980037070755455 49 0.013
1411.0 0.8958039700963056 50 0.027
1411.5 1.4319547472036855 48 0.030
1412.0 1.887425897144256 48 0.016
1412.5 1.3747195446387734 49 0.009
1413.0 1.4368865074362749 48 0.020
1413.5 1.7712474762141082 50 0.015
1414.0 1.0900271650127276 50 0.017
1414.5 0.3816706557601892 49 0.012
1415.0 0.8039542713770885 52 0.031
1415.5 0.7831382525266547 52 0.029
1416.0 0.836639974998225 48 0.009
1416.5 1.413375227501877 50 0.016
1417.0 1.6244945540882134 47 0.016
1417.5 1.342514285850077 51 0.017
1418.0 1.7634580413729495 49 0.016
1418.5 1.6166282106851682 52 0.011
1419.0 2.2764934268081207 54 0.037
1419.5 1.9591810477608058 52 0.032
1420.0 0.6008673736815091 52 0.014
1420.5 1.7368950745933267 51 0.039
1421.0 1.871569105317782 50 0.011
1421.5 1.075955685367887 55 0.021
1422.0 0.5572893398208434 49 0.033
1422.5 1.764568696312299 50 0.011
1423.0 1.578301629823184 51 0.031
1423.5 1.560669721294499 52 0.007
1424.0 1.2492039951781004 52 0.000
1424.5 1.3462453938666448 47 0.018
1425.0 1.6001646397660068 50 0.028
1425.5 1.5173281212914802 53 0.013
1426.0 0.9560076069656911 52 0.021
1426.5 1.3513687331631479 50 0.000
1427.0 0.8402011217503382 48 0.035
1427.5 1.4773320200899154 50 0.032
1428.0 1.92344205048961 49 0.013
1428.5 2.0564539019855177 54 0.007
1429.0 1.5388273846282061 50 0.012
1429.5 2.5454149143067033 52 0.015
1430.0 1.333586789120272 47 0.015
1430.5 2.192804037814989 50 0.019
1431.0 3.192367515055142 51 0.020
1431.5 1.123054390061923 53 0.021
1432.0 1.8865121477315134 46 0.026
1432.5 1.7386681032940008 48 0.042
1433.0 1.4439909828665143 50 0.019
1433.5 1.0798424736984926 48 0.027
1434.0 1.8304327599131218 53 0.020
1434.5 2.091533581069614 48 0.000
1435.0 1.965129304324923 47 0.018
1435.5 2.2871721512422587 52 0.032
1436.0 0.8685501107583962 48 0.044
1436.5 1.5055673234317615 48 0.006
1437.0 0.7913767094254811 49 0.033
1437.5 0.5084269173655857 51 0.011
1438.0 0.9683464242633126 52 0.003
1438.5 0.9987813833862236 52 0.029
1439.0 1.1583874260777693 48 0.015
1439.5 0.5991057671747828 50 0.024
1440.0 0.8028390111284209 51 0.013
1440.5 0.7677227855930091 50 0.025
1441.0 1.428160878058726 51 0.020
1441.5 1.2542085393935603 50 0.021
1442.0 0.49395747216725194 47 0.030
1442.5 1.232102563708684 53 0.011
1443.0 1.6430885054666895 48 0.036
1443.5 1.4417167078453959 50 0.030
1444.0 1.1098017184142663 48 0.013
1444.5 0.9054448608266048 49 0.013
1445.0 1.4024426206882146 49 0.000
1445.5 0.9231782998053465 53 0.024
1446.0 1.2619415988129026 50 0.021
1446.5 0.5973579713935989 50 0.026
1447.0 0.3416365911685839 47 0.036
1447.5 1.4037673107387232 52 0.021
1448.0 0.9011900354950778 50 0.009
1448.5 0.8248188268917125 48 0.018
1449.0 0.5906763191015479 53 0.019
1449.5 0.5761540685786336 54 0.011
1450.0 0.5543756557210096 45 0.007
1450.5 0.7982577488025437 53 0.015
1451.0 0.6686232790565818 49 0.016
1451.5 0.6888623168042871 52 0.015
1452.0 0.9023147533038482 52 0.009
1452.5 0.6546549824919259 48 0.022
1453.0 0.7452652016746335 55 0.028
1453.5 0.5883122818743824 48 0.005
1454.0 1.4079904276629511 50 0.036
1454.5 1.4627225400453019 52 0.023
1455.0 2.3745079243656186 51 0.021
1455.5 2.288448803190371 48 0.027
1456.0 2.028079216941668 49 0.024
1456.5 1.3664745022090328 48 0.009
1457.0 1.6163016962045413 50 0.025
1457.5 1.2619696747188265 51 0.010
1458.0 0.8793365826096194 53 0.020
1458.5 1.6628879487787787 54 0.013
1459.0 1.8409223782822308 50 0.022
1459.5 1.007991055720558 54 0.019
1460.0 1.8722654801263299 54 0.015
1460.5 1.7917046160805392 51 0.016
1461.0 1.394329224656101 46 0.021
1461.5 1.1448998717257186 51 0.013
1462.0 2.2912060159988377 48 0.022
1462.5 0.7086272333135664 49 0.029
1463.0 1.5215822147547768 48 0.016
1463.5 2.015226566889545 52 0.024
1464.0 1.5794363113846082 52 0.005
1464.5 1.3844278864139405 51 0.006
1465.0 0.940922061818988 49 0.021
1465.5 1.0066287257607551 51 0.017
1466.0 0.746359177712117 53 0.024
1466.5 1.0089463477854073 50 0.015
1467.0 0.8697350430197495 52 0.015
1467.5 0.7553636906309864 52 0.025
1468.0 1.0427516009383253 51 0.031
1468.5 2.0595018261774376 48 0.022
1469.0 1.047315324595614 52 0.024
1469.5 0.76246002692346 47 0.007
1470.0 1.7355912909857771 50 0.009
1470.5 1.6393490534261708 51 0.015
1471.0 0.9519149118259242 49 0.033
1471.5 1.1601578543243511 47 0.017
1472.0 1.0845576100372134 49 0.018
1472.5 1.4043596829642904 49 0.025
1473.0 0.9104583906439643 52 0.025
1473.5 1.26741467379749 44 0.002
1474.0 1.5635658125610652 50 0.018
1474.5 1.6554986997796755 51 0.023
1475.0 1.010775622304251 51 0.017
1475.5 1.9287147656953214 53 0.013
1476.0 1.881091638003794 50 0.036
1476.5 0.9123633718353025 50 0.013
1477.0 1.8705834764316995 53 0.014
1477.5 1.298070053758626 46 0.020
1478.0 1.1217351263802744 50 0.023
1478.5 0.9737283820661227 54 0.043
1479.0 3.2040876326546366 51 0.035
1479.5 1.9987494113109079 49 0.008
1480.0 0.7878511601523173 52 0.020
1480.5 0.8847699218063674 49 0.012
1481.0 1.106553731806671 52 0.010
1481.5 1.1493560298915604 49 0.011
1482.0 0.4567585927013318 49 0.026
1482.5 0.940453041802561 51 0.014
1483.0 0.603638017215869 50 0.036
1483.5 0.9733856994390401 52 0.035
1484.0 0.7291526713249672 46 0.041
1484.5 0.9860194876653333 51 0.036
1485.0 0.7329426947574839 48 0.021
1485.5 0.8729533112199009 49 0.011
1486.0 0.7649380852755384 49 0.018
1486.5 0.6103386642911257 47 0.025
1487.0 1.0098246831053412 51 0.003
1487.5 0.8658958031929189 48 0.000
1488.0 0.7870479898932241 49 0.010
1488.5 0.734163248091819 51 0.023
1489.0 0.9350950988202262 51 0.030
1489.5 0.6174214631782189 50 0.029
1490.0 0.6417394865637485 51 0.029
1490.5 0.6648225578677064 49 0.015
1491.0 0.6577554002343162 48 0.018
1491.5 0.5555908110746067 50 0.015
1492.0 0.649922189710618 49 0.008
1492.5 0.6414625196936263 49 0.038
1493.0 0.7854349286544657 49 0.011
1493.5 0.720542823977562 50 0.024
1494.0 0.5998729488275487 48 0.014
1494.5 0.5769194410773304 49 0.024
1495.0 0.703729772210014 53 0.020
1495.5 0.8624929771396284 50 0.028
1496.0 0.8065047323432775 46 0.000
1496.5 0.6690163118960515 48 0.011
1497.0 0.825163862841388 51 0.037
1497.5 0.5520904783825478 53 0.022
1498.0 0.7032083513898615 48 0.006
1498.5 0.7172073400234285 53 0.015
1499.0 0.6937520910260971 48 0.003
