1199.5 2.182701921089593 33 0.022
1200.0 2.5180579054615975 30 0.032
1200.5 2.1998087834167563 31 0.030
1201.0 1.6941675572343913 27 0.012
1201.5 1.798026909281963 32 0.011
1202.0 1.729473634045076 35 0.010
1202.5 2.685072524787639 31 0.002
1203.0 2.7912819926619687 29 0.020
1203.5 2.291290894323498 27 0.020
1204.0 1.9488539824711673 32 0.029
1204.5 3.1364724804236683 31 0.018
1205.0 0.8819004370330805 31 0.028
1205.5 1.1971792255033464 31 0.007
1206.0 1.6927888763587668 29 0.023
1206.5 1.794841265972165 26 0.020
1207.0 2.363310677659853 30 0.019
1207.5 2.276168753193196 30 0.024
1208.0 2.2540495927327466 24 0.014
1208.5 1.961311360428085 29 0.027
1209.0 3.4761560340239774 31 0.032
1209.5 1.8029152316678405 41 0.045
1210.0 2.3736172093108427 43 0.053
1210.5 2.122751045185445 40 0.051
1211.0 0.7684794271167052 36 0.047
1211.5 1.3801040191035558 40 0.052
1212.0 1.8816459742150538 43 0.061
1212.5 1.471516575351556 42 0.039
1213.0 2.4414297569432937 36 0.046
1213.5 0.907795478051701 41 0.062
1214.0 2.762465962825917 39 0.047
1214.5 1.4907912488161372 39 0.063
1215.0 3.077221929313257 41 0.058
1215.5 2.772946824651256 37 0.048
1216.0 1.1767606740657586 41 0.057
1216.5 2.0409001292667193 38 0.064
1217.0 1.9474285288936786 39 0.052
1217.5 1.776785086571298 43 0.061
1218.0 2.851161789405929 43 0.034
1218.5 2.4119907150041806 44 0.053
1219.0 1.0344135459434927 42 0.038
1219.5 1.341615977212511 40 0.037
1220.0 1.706420513241191 42 0.048
1220.5 1.9772733423261464 43 0.051
1221.0 1.3340763310761035 40 0.052
1221.5 2.343167837739606 36 0.051
1222.0 3.1246875243932637 39 0.062
1222.5 3.2906944215934337 38 0.038
1223.0 2.0973276819501443 38 0.044
1223.5 3.2594118765191484 43 0.045
1224.0 2.128931237622237 35 0.040
1224.5 2.3025388123215498 29 0.033
1225.0 1.700841603039283 32 0.031
1225.5 4.401383247978306 29 0.034
1226.0 1.9506239958424674 29 0.020
1226.5 3.3447675070119374 29 0.039
1227.0 1.7414637303431126 34 0.023
1227.5 2.224354606755374 30 0.049
1228.0 2.5780213637887175 29 0.028
1228.5 3.0949119518341646 32 0.025
1229.0 2.751532988685294 29 0.033
1229.5 0.2 27 0.029
1230.0 2.1778275219886214 32 0.024
1230.5 2.204948898163453 29 0.013
1231.0 1.634772440516343 31 0.033
1231.5 3.110830254073375 31 0.022
1232.0 3.0153340146895067 32 0.019
1232.5 2.9017670486192926 30 0.038
1233.0 1.5607283145219095 29 0.048
1233.5 0.8065438871923363 33 0.023
1234.0 1.772587334774887 31 0.039
1234.5 3.5016397278687657 31 0.027
1235.0 1.487656645939076 29 0.019
1235.5 1.4488333717037374 30 0.037
1236.0 1.9701452176799956 29 0.029
1236.5 1.7329820131353282 28 0.033
1237.0 2.27260070188358 30 0.019
1237.5 2.6169104106531904 30 0.031
1238.0 2.152738053259272 30 0.023
1238.5 1.0936819147937882 29 0.041
1239.0 4.262669132940318 30 0.042
1239.5 2.6073895022740583 31 0.034
1240.0 2.6827843704125884 32 0.027
1240.5 1.5218329164944486 32 0.039
1241.0 1.3496787631701226 31 0.036
1241.5 1.9759324166534156 30 0.026
1242.0 2.172626229393372 28 0.038
1242.5 2.4629830956610625 31 0.022
1243.0 1.7877891445813228 28 0.030
1243.5 2.2558660791873053 31 0.020
1244.0 3.2136929753649417 28 0.015
1244.5 0.44432370918667163 30 0.039
1245.0 1.1562113498321138 25 0.031
1245.5 3.5201877969868063 30 0.022
1246.0 2.961160997465294 28 0.041
1246.5 1.7326019875720262 30 0.053
1247.0 2.3199434553851948 31 0.029
1247.5 1.5822612526032955 32 0.042
1248.0 1.160537834008644 29 0.021
1248.5 1.884889398131159 29 0.005
1249.0 0.7453278583243058 29 0.023
1249.5 0.7583482363797625 20 0.012
1250.0 1.2720046542361325 16 0.014
1250.5 1.1518228739059844 19 0.014
1251.0 1.0376032962802721 21 0.006
1251.5 1.0964939857580052 19 0.008
1252.0 1.0598057052590462 20 0.003
1252.5 0.7911302578048465 22 0.007
1253.0 0.8637804992836136 20 0.012
1253.5 0.876233914062907 18 0.000
1254.0 1.0489018538832564 18 0.000
1254.5 0.7636917955112282 20 0.003
1255.0 1.2992815807502853 18 0.015
1255.5 1.0221365861398135 19 0.007
1256.0 1.0399177324684254 21 0.015
1256.5 1.264051805978668 22 0.000
1257.0 0.805754953298255 19 0.008
1257.5 0.4014381764309534 17 0.007
1258.0 0.7481410620643911 23 0.013
1258.5 0.915108100439937 22 0.023
1259.0 0.8008417784865295 21 0.008
1259.5 0.8195188950450286 15 0.002
1260.0 0.5951066460507148 23 0.000
1260.5 1.1758919448235883 19 0.002
1261.0 0.42875557626298877 21 0.012
1261.5 1.3859055328551555 22 0.007
1262.0 1.2126080542620712 21 0.011
1262.5 0.9903570084805308 19 0.016
1263.0 0.949600849636289 19 0.009
1263.5 0.9262128522324543 15 0.015
1264.0 0.8463902145982549 23 0.000
1264.5 0.9631235467954349 19 0.018
1265.0 3.6066858904657613 21 0.007
1265.5 0.9890033631448942 21 0.010
1266.0 0.7047878939462904 20 0.011
1266.5 4.2320248405078775 19 0.004
1267.0 2.252804881261527 22 0.014
1267.5 1.0715271747226702 18 0.015
1268.0 2.844499286634176 21 0.016
1268.5 1.3805420393032546 19 0.020
1269.0 2.0589051564745304 16 0.004
1269.5 1.6612480911761636 19 0.009
1270.0 1.558097598747081 18 0.000
1270.5 2.070356138594955 21 0.018
1271.0 1.929914072115511 23 0.008
1271.5 1.6348583932581622 21 0.011
1272.0 2.25437881576401 18 0.012
1272.5 2.3226133507048194 20 0.004
1273.0 1.036719365522737 21 0.025
1273.5 2.5506763011910913 21 0.013
1274.0 2.347932584817504 24 0.022
1274.5 0.982608437193984 19 0.007
1275.0 2.252809896102431 22 0.001
1275.5 1.322604456034282 21 0.041
1276.0 0.8536435226381756 23 0.000
1276.5 2.0013441369183362 21 0.001
1277.0 1.590846682093829 16 0.000
1277.5 1.9511583383576565 19 0.021
1278.0 1.4317410160646662 18 0.012
1278.5 1.128948062600346 24 0.019
1279.0 2.0236439630725886 21 0.003
1279.5 1.294154559219173 48 0.043
1280.0 0.2 51 0.035
1280.5 2.2686255961905637 52 0.051
1281.0 1.5931529209806004 49 0.029
1281.5 2.6664173259424815 48 0.053
1282.0 2.548565542931226 52 0.042
1282.5 1.7082664550347877 51 0.056
1283.0 0.8329786640336867 47 0.057
1283.5 2.9733199111174757 48 0.051
1284.0 0.9407523802938991 50 0.035
1284.5 3.382479634675125 51 0.037
1285.0 1.381459658268605 48 0.039
1285.5 0.2 49 0.022
1286.0 2.1543113211601335 48 0.044
1286.5 0.2 48 0.047
1287.0 2.8971145935685856 48 0.018
1287.5 2.2642834364688387 48 0.038
1288.0 2.2511422963853427 52 0.056
1288.5 1.2101712005957317 48 0.032
1289.0 2.9688234714601807 50 0.036
1289.5 1.379127599566937 48 0.041
1290.0 1.435410736498798 48 0.045
1290.5 2.103176557959409 54 0.048
1291.0 2.882902750437531 53 0.056
1291.5 2.778541572491922 50 0.027
1292.0 4.15690701592718 50 0.027
1292.5 2.7795853501482943 50 0.041
1293.0 2.7804194839443017 47 0.046
1293.5 2.3824181038443193 51 0.033
1294.0 1.658716514386175 48 0.031
1294.5 1.4322792617929776 47 0.024
1295.0 1.832581960527151 52 0.045
1295.5 1.2249001317194899 53 0.042
1296.0 1.3750367793994571 50 0.054
1296.5 1.4145059683957244 52 0.036
1297.0 1.4761895209356304 53 0.039
1297.5 1.8958092936106028 50 0.038
1298.0 1.6304171647056784 49 0.055
1298.5 2.7952362326470674 49 0.051
1299.0 0.20345673796127262 49 0.047
1299.5 2.284720754512332 49 0.027
1300.0 2.66322349605569 50 0.049
1300.5 1.8420868482937653 50 0.048
1301.0 1.2060371912603691 53 0.042
1301.5 2.280182901242889 47 0.045
1302.0 2.25351386429593 51 0.044
1302.5 1.8387779262652701 51 0.040
1303.0 2.7702083472591204 47 0.023
1303.5 2.1099582022588286 53 0.030
1304.0 2.1381185623138506 54 0.039
1304.5 2.1422451203444752 51 0.023
1305.0 0.4390533126748166 48 0.033
1305.5 3.6062094216827187 49 0.050
1306.0 2.063819996554126 52 0.030
1306.5 2.7774981249847794 50 0.052
1307.0 3.563131050241302 50 0.045
1307.5 2.405487479084977 48 0.036
1308.0 1.6367694099725227 53 0.046
1308.5 1.2164069711676926 47 0.038
1309.0 3.8461723769560967 47 0.030
1309.5 1.5940563283930347 53 0.053
1310.0 0.8219510473620395 48 0.044
1310.5 2.251645530099386 53 0.053
1311.0 1.9700996429981612 50 0.045
1311.5 1.4604348614779352 50 0.051
1312.0 2.927300881700928 48 0.053
1312.5 1.8112559838734519 48 0.019
1313.0 1.8701365150629627 48 0.032
1313.5 3.77324765518018 51 0.032
1314.0 2.0551161704751153 51 0.019
1314.5 2.2232301478137084 48 0.038
1315.0 2.5326341342791396 51 0.035
1315.5 3.483966184884154 51 0.031
1316.0 1.833526008030712 49 0.029
1316.5 1.3100329203460155 52 0.050
1317.0 2.6704513721015606 53 0.049
1317.5 2.3222291635883057 53 0.038
1318.0 2.716583416366171 52 0.024
1318.5 2.193125191257341 47 0.033
1319.0 2.5510572499704924 56 0.054
1319.5 1.4680707025082795 47 0.038
1320.0 3.738948193454884 49 0.015
1320.5 1.8729204200954224 49 0.005
1321.0 1.6437608011153169 51 0.017
1321.5 1.9529458697116373 51 0.019
1322.0 1.3794747452971792 45 0.027
1322.5 0.7430847090817795 51 0.019
1323.0 2.1218187741653045 50 0.011
1323.5 2.070174851480885 51 0.012
1324.0 1.3972460589437146 49 0.026
1324.5 1.087521891439204 52 0.001
1325.0 1.1315014221305637 51 0.012
1325.5 1.3621274314910439 52 0.035
1326.0 1.6846228497608449 47 0.028
1326.5 1.0697701416607288 48 0.024
1327.0 1.3069330321060904 50 0.024
1327.5 1.5192911322035276 52 0.031
1328.0 1.971172699848082 50 0.020
1328.5 1.4928078126014088 48 0.014
1329.0 1.5339381196812831 53 0.010
1329.5 1.0344029099472367 50 0.021
1330.0 1.2681290710438742 46 0.032
1330.5 0.7040255522895141 51 0.024
1331.0 0.802331671588218 50 0.033
1331.5 0.9040254302594317 52 0.038
1332.0 0.3701256235017625 53 0.014
1332.5 1.514176327002827 52 0.021
1333.0 0.8860233923463248 52 0.023
1333.5 1.6993987137764113 52 0.018
1334.0 2.0111081922234972 53 0.019
1334.5 1.9157543302849152 50 0.020
1335.0 1.7520442393329758 48 0.020
1335.5 1.516033964037197 49 0.025
1336.0 1.1803528438394504 49 0.012
1336.5 1.2779919678760625 47 0.023
1337.0 1.420684701092219 53 0.017
1337.5 1.4005002613528568 48 0.024
1338.0 1.5022604000521633 52 0.034
1338.5 0.9519371830527579 53 0.026
1339.0 1.4368792618351884 51 0.011
1339.5 1.6646270111069885 50 0.032
1340.0 1.396100717251999 49 0.020
1340.5 1.4151392040572133 50 0.024
1341.0 1.617162126807505 51 0.000
1341.5 1.769358318991591 48 0.014
1342.0 1.6238918683266048 49 0.019
1342.5 1.6294720225651478 52 0.010
1343.0 1.3570827584599254 47 0.012
1343.5 2.178540305607925 51 0.018
1344.0 1.731463255921203 52 0.018
1344.5 1.675541026409012 47 0.000
1345.0 0.7726001702316271 50 0.035
1345.5 0.924023089064294 52 0.006
1346.0 1.072940525964557 49 0.017
1346.5 0.8944064441076471 50 0.007
1347.0 1.0538631288123006 54 0.035
1347.5 1.93442414595443 50 0.014
1348.0 1.626061131403993 49 0.011
1348.5 3.247943951523954 50 0.019
1349.0 1.442874109331891 52 0.031
1349.5 1.4259579809919412 49 0.026
1350.0 3.06256892679432 52 0.020
1350.5 0.9941914851089375 51 0.026
1351.0 4.097726510362646 49 0.038
1351.5 0.28327503205587545 52 0.009
1352.0 1.5597282374340795 49 0.030
1352.5 1.6060737545357462 49 0.013
1353.0 2.7083303169052844 48 0.020
1353.5 1.7918201969263232 51 0.033
1354.0 2.803584917349991 52 0.005
1354.5 2.7677641646330646 50 0.025
1355.0 3.4189285403563217 50 0.022
1355.5 2.0559324449116048 52 0.016
1356.0 2.8815972808321835 50 0.019
1356.5 1.0531579860671716 51 0.024
1357.0 1.949707796080749 53 0.016
1357.5 2.1436649649848425 48 0.009
1358.0 1.641782532932241 49 0.000
1358.5 1.2888226543735244 50 0.015
1359.0 0.9638336160414773 48 0.009
1359.5 1.6760914446818478 52 0.012
1360.0 1.2891507534476792 48 0.003
1360.5 1.03726520165304 51 0.037
1361.0 1.6893098147764456 47 0.012
1361.5 0.6829640040951245 49 0.000
1362.0 2.352102083810532 51 0.017
1362.5 1.3137201648688164 50 0.021
1363.0 0.5746233167897802 48 0.029
1363.5 2.3382099782062653 50 0.035
1364.0 3.383245892672697 51 0.017
1364.5 1.0755714861069778 51 0.017
1365.0 1.5153721309509272 48 0.011
1365.5 2.267867482083527 52 0.021
1366.0 2.159860941253581 49 0.013
1366.5 1.8176535114870573 50 0.041
1367.0 1.7014507742676415 49 0.028
1367.5 2.5702687744494837 49 0.017
1368.0 2.537625496874818 49 0.020
1368.5 1.88335163942032 50 0.019
1369.0 0.5535871898186362 51 0.015
1369.5 3.3874318079562187 52 0.014
1370.0 1.3552287016581226 50 0.029
1370.5 2.487182882246999 49 0.031
1371.0 1.5210565235683695 54 0.000
1371.5 1.3899408693490902 50 0.019
1372.0 2.7062929428174725 50 0.013
1372.5 2.72808540304285 52 0.021
1373.0 1.3101675582422994 54 0.028
1373.5 0.6061020454829731 52 0.016
1374.0 2.4756728730016797 49 0.024
1374.5 1.4483411446809538 50 0.025
1375.0 1.2297480491153503 46 0.019
1375.5 2.4704582711396332 49 0.013
1376.0 2.438239140310122 52 0.035
1376.5 1.901301059561346 50 0.021
1377.0 3.1010370803833442 48 0.017
1377.5 2.2038250035117923 48 0.017
1378.0 2.006451084627291 53 0.005
1378.5 3.260217925398837 50 0.027
1379.0 2.097150728177632 46 0.011
1379.5 3.3424019357048818 54 0.022
1380.0 2.0969292041651646 51 0.018
1380.5 1.7461889479506483 48 0.020
1381.0 1.8949618006247737 52 0.040
1381.5 0.8579127945390046 47 0.005
1382.0 2.9296345151388667 53 0.010
1382.5 2.8796836499847185 51 0.000
1383.0 2.539965868498999 51 0.025
1383.5 0.9472904453186688 47 0.012
1384.0 0.7081235480023031 50 0.018
1384.5 1.035209966757247 52 0.015
1385.0 0.6692320734434685 51 0.030
1385.5 0.9801095507077782 50 0.036
1386.0 0.8272145927135566 48 0.019
1386.5 0.8528519415315163 51 0.018
1387.0 0.807194870239629 53 0.040
1387.5 0.8417404241830344 51 0.002
1388.0 0.947316935351459 51 0.025
1388.5 0.7141550646181822 47 0.018
1389.0 1.466095142844404 53 0.020
1389.5 1.3328390371151477 50 0.021
1390.0 0.8522732272635187 53 0.033
1390.5 1.2306912571216637 48 0.009
1391.0 1.4255784747450928 50 0.009
1391.5 1.3692387687198142 49 0.019
1392.0 0.6965752071658295 50 0.014
1392.5 1.0777595321087827 48 0.035
1393.0 1.7186327946548554 48 0.017
1393.5 0.8222734332515005 50 0.020
1394.0 0.6392414294668158 48 0.010
1394.5 1.5736140827203953 48 0.032
1395.0 1.289207976877081 50 0.003
1395.5 0.7638767050133269 51 0.027
1396.0 1.0787762390134814 51 0.026
1396.5 1.6665333806525333 51 0.021
1397.0 3.1614275299759074 50 0.001
1397.5 1.8879674794426975 49 0.016
1398.0 1.2841705964053767 52 0.025
1398.5 1.3926638881538813 49 0.019
1399.0 2.347128358508626 49 0.016
1399.5 1.897914784551035 47 0.013
1400.0 2.45009733688457 51 0.003
1400.5 0.7789113544102575 52 0.030
1401.0 0.8494380118081919 53 0.019
1401.5 1.4639369299919958 46 0.018
1402.0 2.1930680251110504 50 0.026
1402.5 1.627785343222129 50 0.021
1403.0 2.786515569786727 48 0.031
1403.5 1.0309132387251054 53 0.021
1404.0 1.6820317767481505 50 0.041
1404.5 1.5390498048448562 52 0.007
1405.0 1.6236307809175474 48 0.032
1405.5 1.2965735434476136 53 0.034
1406.0 2.1243757942424297 51 0.022
1406.5 1.1079828771204645 46 0.034
1407.0 1.703274501279036 50 0.027
1407.5 1.1383171900272255 51 0.023
1408.0 0.6118736606051033 54 0.028
1408.5 1.2585959815506251 50 0.009
1409.0 0.35100886556041444 52 0.008
1409.5 1.614942149830164 53 0.021
1410.0 1.0465440749823416 51 0.019
1410.5 1.5980037070755455 49 0.017
1411.0 0.8958039700963056 50 0.020
1411.5 1.4319547472036855 51 0.008
1412.0 1.887425897144256 46 0.020
1412.5 1.3747195446387734 53 0.034
1413.0 1.4368865074362749 49 0.031
1413.5 1.7712474762141082 49 0.017
1414.0 1.0900271650127276 51 0.021
1414.5 0.3816706557601892 51 0.018
1415.0 0.8039542713770885 51 0.014
1415.5 0.7831382525266547 48 0.022
1416.0 0.836639974998225 48 0.016
1416.5 1.413375227501877 49 0.005
1417.0 1.6244945540882134 46 0.011
1417.5 1.342514285850077 48 0.011
1418.0 1.7634580413729495 51 0.016
1418.5 1.6166282106851682 53 0.020
1419.0 2.2764934268081207 49 0.005
1419.5 1.9591810477608058 50 0.036
1420.0 0.6008673736815091 46 0.026
1420.5 1.7368950745933267 50 0.025
1421.0 1.871569105317782 51 0.027
1421.5 1.075955685367887 50 0.025
1422.0 0.5572893398208434 52 0.041
1422.5 1.764568696312299 50 0.016
1423.0 1.578301629823184 49 0.020
1423.5 1.560669721294499 48 0.026
1424.0 1.2492039951781004 51 0.013
1424.5 1.3462453938666448 49 0.018
1425.0 1.6001646397660068 48 0.005
1425.5 1.5173281212914802 49 0.016
1426.0 0.9560076069656911 50 0.022
1426.5 1.3513687331631479 51 0.022
1427.0 0.8402011217503382 46 0.025
1427.5 1.4773320200899154 51 0.005
1428.0 1.92344205048961 53 0.032
1428.5 2.0564539019855177 50 0.012
1429.0 1.5388273846282061 51 0.023
1429.5 2.5454149143067033 48 0.025
1430.0 1.333586789120272 50 0.035
1430.5 2.192804037814989 51 0.040
1431.0 3.192367515055142 49 0.020
1431.5 1.123054390061923 48 0.020
1432.0 1.8865121477315134 53 0.014
1432.5 1.7386681032940008 52 0.028
1433.0 1.4439909828665143 49 0.018
1433.5 1.0798424736984926 50 0.023
1434.0 1.8304327599131218 50 0.026
1434.5 2.091533581069614 51 0.026
1435.0 1.965129304324923 48 0.014
1435.5 2.2871721512422587 50 0.018
1436.0 0.8685501107583962 49 0.034
1436.5 1.5055673234317615 49 0.011
1437.0 0.7913767094254811 50 0.017
1437.5 0.5084269173655857 49 0.031
1438.0 0.9683464242633126 52 0.004
1438.5 0.9987813833862236 49 0.026
1439.0 1.1583874260777693 48 0.003
1439.5 0.5991057671747828 46 0.019
1440.0 0.8028390111284209 50 0.026
1440.5 0.7677227855930091 49 0.023
1441.0 1.428160878058726 51 0.009
1441.5 1.2542085393935603 51 0.022
1442.0 0.49395747216725194 46 0.017
1442.5 1.232102563708684 53 0.029
1443.0 1.6430885054666895 51 0.008
1443.5 1.4417167078453959 48 0.016
1444.0 1.1098017184142663 53 0.021
1444.5 0.9054448608266048 48 0.008
1445.0 1.4024426206882146 48 0.025
1445.5 0.9231782998053465 50 0.028
1446.0 1.2619415988129026 52 0.028
1446.5 0.5973579713935989 49 0.020
1447.0 0.3416365911685839 48 0.017
1447.5 1.4037673107387232 51 0.019
1448.0 0.9011900354950778 49 0.022
1448.5 0.8248188268917125 52 0.026
1449.0 0.5906763191015479 51 0.030
1449.5 0.5761540685786336 52 0.015
1450.0 0.5543756557210096 52 0.032
1450.5 0.7982577488025437 52 0.027
1451.0 0.6686232790565818 51 0.033
1451.5 0.6888623168042871 49 0.008
1452.0 0.9023147533038482 51 0.033
1452.5 0.6546549824919259 48 0.032
1453.0 0.7452652016746335 47 0.046
1453.5 0.5883122818743824 52 0.025
1454.0 1.4079904276629511 46 0.015
1454.5 1.4627225400453019 48 0.029
1455.0 2.3745079243656186 47 0.012
1455.5 2.288448803190371 47 0.015
1456.0 2.028079216941668 52 0.032
1456.5 1.3664745022090328 50 0.016
1457.0 1.6163016962045413 52 0.022
1457.5 1.2619696747188265 49 0.017
1458.0 0.8793365826096194 50 0.016
1458.5 1.6628879487787787 51 0.030
1459.0 1.8409223782822308 48 0.006
1459.5 1.007991055720558 46 0.012
1460.0 1.8722654801263299 50 0.016
1460.5 1.7917046160805392 51 0.024
1461.0 1.394329224656101 48 0.013
1461.5 1.1448998717257186 54 0.030
1462.0 2.2912060159988377 52 0.008
1462.5 0.7086272333135664 45 0.028
1463.0 1.5215822147547768 50 0.023
1463.5 2.015226566889545 54 0.038
1464.0 1.5794363113846082 51 0.006
1464.5 1.3844278864139405 50 0.013
1465.0 0.940922061818988 50 0.013
1465.5 1.0066287257607551 51 0.021
1466.0 0.746359177712117 52 0.035
1466.5 1.0089463477854073 48 0.032
1467.0 0.8697350430197495 52 0.033
1467.5 0.7553636906309864 49 0.032
1468.0 1.0427516009383253 53 0.018
1468.5 2.0595018261774376 49 0.017
1469.0 1.047315324595614 50 0.013
1469.5 0.76246002692346 48 0.008
1470.0 1.7355912909857771 54 0.017
1470.5 1.6393490534261708 45 0.022
1471.0 0.9519149118259242 48 0.012
1471.5 1.1601578543243511 51 0.026
1472.0 1.0845576100372134 50 0.020
1472.5 1.4043596829642904 46 0.000
1473.0 0.9104583906439643 52 0.029
1473.5 1.26741467379749 49 0.002
1474.0 1.5635658125610652 53 0.023
1474.5 1.6554986997796755 55 0.019
1475.0 1.010775622304251 49 0.014
1475.5 1.9287147656953214 46 0.014
1476.0 1.881091638003794 50 0.019
1476.5 0.9123633718353025 53 0.010
1477.0 1.8705834764316995 50 0.026
1477.5 1.298070053758626 52 0.016
1478.0 1.1217351263802744 52 0.027
1478.5 0.9737283820661227 50 0.022
1479.0 3.2040876326546366 49 0.024
1479.5 1.9987494113109079 51 0.024
1480.0 0.7878511601523173 50 0.007
1480.5 0.8847699218063674 49 0.010
1481.0 1.106553731806671 52 0.026
1481.5 1.1493560298915604 46 0.044
1482.0 0.4567585927013318 49 0.017
1482.5 0.940453041802561 50 0.017
1483.0 0.603638017215869 48 0.013
1483.5 0.9733856994390401 50 0.007
1484.0 0.7291526713249672 47 0.012
1484.5 0.9860194876653333 45 0.006
1485.0 0.7329426947574839 49 0.021
1485.5 0.8729533112199009 52 0.032
1486.0 0.7649380852755384 50 0.006
1486.5 0.6103386642911257 51 0.023
1487.0 1.0098246831053412 53 0.023
1487.5 0.8658958031929189 49 0.011
1488.0 0.7870479898932241 49 0.024
1488.5 0.734163248091819 46 0.050
1489.0 0.9350950988202262 49 0.001
1489.5 0.6174214631782189 48 0.026
1490.0 0.6417394865637485 53 0.025
1490.5 0.6648225578677064 49 0.011
1491.0 0.6577554002343162 50 0.022
1491.5 0.5555908110746067 48 0.023
1492.0 0.649922189710618 52 0.020
1492.5 0.6414625196936263 52 0.007
1493.0 0.7854349286544657 48 0.028
1493.5 0.720542823977562 51 0.027
1494.0 0.5998729488275487 51 0.018
1494.5 0.5769194410773304 50 0.015
1495.0 0.703729772210014 49 0.005
1495.5 0.8624929771396284 52 0.048
1496.0 0.8065047323432775 51 0.012
1496.5 0.6690163118960515 52 0.030
1497.0 0.825163862841388 48 0.034
1497.5 0.5520904783825478 50 0.024
1498.0 0.7032083513898615 52 0.017
1498.5 0.7172073400234285 51 0.022
1499.0 0.6937520910260971 53 0.007
