900.0 0.7573107797576701 32 0.051
900.5 3.1640802724614137 34 0.011
901.0 1.3859845801424173 28 0.026
901.5 0.6247297045595535 27 0.004
902.0 1.486126691132563 25 0.022
902.5 2.4378096322312546 29 0.021
903.0 2.071044496258631 28 0.015
903.5 1.8366929048030103 31 0.035
904.0 2.07424066841386 30 0.013
904.5 3.0729086513760913 32 0.017
905.0 2.254588117432858 32 0.028
905.5 0.669758033443318 31 0.008
906.0 2.2194200991693296 27 0.012
906.5 2.5928203848032854 35 0.013
907.0 3.3385967416782174 30 0.017
907.5 2.902348274102616 32 0.023
908.0 2.884070726154482 30 0.012
908.5 0.9081170226661748 28 0.030
909.0 1.2225337355207 25 0.028
909.5 2.2964781403313284 32 0.014
910.0 1.5074323922012445 41 0.050
910.5 1.3470571746277202 40 0.056
911.0 0.6962465809773292 41 0.039
911.5 0.8812173393800816 40 0.055
912.0 2.0300031481343606 37 0.061
912.5 0.7827854179825077 40 0.071
913.0 0.9276248420856762 38 0.052
913.5 0.6964457256855481 40 0.048
914.0 0.7081916448677053 41 0.045
914.5 0.7128886026960126 42 0.031
915.0 0.8624749357273267 39 0.029
915.5 0.7770583867367582 39 0.054
916.0 0.7084470968947436 40 0.060
916.5 0.833792734338638 38 0.053
917.0 0.6590284526539573 43 0.049
917.5 0.8623406176688764 37 0.054
918.0 0.6058798730891892 40 0.049
918.5 2.4422986149521067 41 0.041
919.0 1.7222455526677938 43 0.046
919.5 1.7364176043965784 39 0.065
920.0 1.2822764736236056 40 0.051
920.5 1.179279466382405 41 0.059
921.0 1.5530456291895227 40 0.057
921.5 1.5759737520606316 39 0.056
922.0 1.048765749275327 41 0.041
922.5 1.0359509101558597 38 0.038
923.0 1.521505255411819 39 0.059
923.5 1.1974588356307108 39 0.039
924.0 2.0195965109149823 38 0.045
924.5 1.040190674702918 43 0.047
925.0 1.7876533633832974 30 0.040
925.5 0.2 33 0.041
926.0 1.1113720234151652 27 0.022
926.5 1.3435820009797599 29 0.028
927.0 0.8457169071274301 31 0.046
927.5 1.1504173888917621 34 0.031
928.0 0.7067729190494537 32 0.020
928.5 1.5610131004175365 27 0.026
929.0 3.2416216101822313 30 0.051
929.5 1.663605096872605 30 0.020
930.0 1.962928948861633 30 0.008
930.5 1.4916094044178345 29 0.010
931.0 2.7763668829140764 33 0.035
931.5 1.3516889087556525 30 0.019
932.0 1.0986820155417716 27 0.039
932.5 2.031860533445286 27 0.046
933.0 0.8871539168635934 32 0.028
933.5 3.0472948455084103 31 0.036
934.0 2.0299398116722815 29 0.040
934.5 1.951792184207379 30 0.021
935.0 1.1068172758078 35 0.010
935.5 1.6717183473842718 28 0.035
936.0 0.965778627163759 31 0.044
936.5 2.8563405067664016 29 0.026
937.0 2.2507521318289525 30 0.038
937.5 1.5787927569988085 27 0.035
938.0 1.4173909280098416 30 0.022
938.5 1.8564617567945434 31 0.053
939.0 2.2736789018085304 27 0.027
939.5 2.0602378139902133 28 0.025
940.0 1.0334168398420371 31 0.034
940.5 1.7166614815520334 32 0.032
941.0 1.4391817676002 26 0.049
941.5 2.3960096606766568 28 0.025
942.0 1.8974196947609587 31 0.036
942.5 2.817922109556115 30 0.010
943.0 2.772069097218269 31 0.024
943.5 0.9813637295423768 32 0.023
944.0 1.6376186500866388 34 0.039
944.5 2.242612608060872 29 0.035
945.0 3.310240358982268 33 0.036
945.5 2.284533050732125 30 0.033
946.0 2.641861740769792 28 0.047
946.5 1.7725680136595976 30 0.018
947.0 0.6069262128952404 29 0.028
947.5 1.2430230100422253 27 0.033
948.0 1.920986708280259 32 0.012
948.5 1.05564450590096 28 0.018
949.0 1.6601462208928615 31 0.028
949.5 1.1509206493610453 31 0.020
950.0 1.09822014665018 18 0.016
950.5 0.8916868914671949 24 0.004
951.0 0.8899104701771108 15 0.010
951.5 0.9964237068348946 21 0.007
952.0 1.258068630554277 21 0.010
952.5 0.9296627344199809 22 0.020
953.0 0.819232536189876 18 0.021
953.5 0.6926132985654111 17 0.007
954.0 1.0931033656383562 19 0.002
954.5 1.087410870387338 21 0.000
955.0 1.104649543730511 15 0.023
955.5 1.1117975069082764 19 0.000
956.0 0.6848411944257715 19 0.021
956.5 0.2 18 0.012
957.0 2.7972315455358308 19 0.001
957.5 1.537296155581072 22 0.016
958.0 2.7726848024723862 20 0.044
958.5 2.2644084063982866 25 0.008
959.0 1.5863379960100603 23 0.012
959.5 1.9842853625749035 19 0.011
960.0 1.568857053240088 21 0.000
960.5 1.8199921041519374 17 0.004
961.0 3.352074841220798 19 0.004
961.5 1.5962231490958023 22 0.019
962.0 2.068859935677335 22 0.009
962.5 2.499121344379229 21 0.001
963.0 1.9343231629285103 21 0.016
963.5 2.6054181898401954 22 0.006
964.0 1.1211841929245545 22 0.000
964.5 1.2826458725363423 20 0.027
965.0 2.1816358575432453 20 0.000
965.5 2.5008749532669095 22 0.009
966.0 1.088426638465711 20 0.000
966.5 1.369575999490581 20 0.005
967.0 0.9794435341242707 21 0.010
967.5 2.0585233693786575 20 0.003
968.0 1.529092099659426 23 0.020
968.5 2.0249347846637247 17 0.017
969.0 2.0145710891105324 22 0.001
969.5 1.82793610774304 22 0.000
970.0 1.0761163865769132 16 0.000
970.5 1.0103448204469778 21 0.022
971.0 2.3290699538755524 21 0.022
971.5 1.4188375986929724 21 0.010
972.0 1.881414485545302 18 0.019
972.5 1.1723001971844846 22 0.002
973.0 2.1586542190343945 21 0.003
973.5 1.1234628783385654 20 0.004
974.0 2.104821740814975 20 0.021
974.5 2.712652684317443 22 0.012
975.0 1.0863142125605538 19 0.004
975.5 1.2382490271120479 18 0.018
976.0 2.2505394204079128 20 0.016
976.5 1.4925838808800562 18 0.000
977.0 1.2630341575800734 18 0.005
977.5 1.4480793134864123 19 0.020
978.0 2.1835173439661473 17 0.015
978.5 1.5655974145976488 21 0.000
979.0 2.7051612814573613 18 0.002
979.5 2.5847456266138957 19 0.016
980.0 1.6230099774015831 51 0.033
980.5 0.9220531040323975 52 0.041
981.0 1.5760327964535428 49 0.052
981.5 2.0463959204794633 50 0.056
982.0 1.1943794245004207 48 0.048
982.5 0.41197247440339235 46 0.061
983.0 1.1896180534676306 50 0.032
983.5 1.8461730081526506 50 0.038
984.0 2.3622247442608955 45 0.037
984.5 1.0271691407497996 50 0.032
985.0 2.006643610023993 49 0.023
985.5 1.3864511273628966 49 0.041
986.0 1.2329225427912363 50 0.025
986.5 2.2945446361798085 52 0.053
987.0 0.9679335142029403 50 0.041
987.5 1.5369348425063416 45 0.037
988.0 1.076349589405074 51 0.058
988.5 1.1321809794557742 50 0.048
989.0 0.6012387353561228 52 0.033
989.5 0.6878873622894495 52 0.051
990.0 1.248668266122928 50 0.047
990.5 1.011840404655015 51 0.043
991.0 1.2596476220040898 48 0.031
991.5 0.8834283854522349 51 0.055
992.0 1.1808054666157497 51 0.049
992.5 1.0186765198042171 54 0.035
993.0 0.7867420270419488 53 0.037
993.5 0.785553276993177 53 0.045
994.0 0.988831440974908 53 0.043
994.5 1.0655105013199635 50 0.026
995.0 1.613166615702752 49 0.041
995.5 1.2822819685704754 52 0.037
996.0 1.031082728389384 50 0.047
996.5 1.0423467013473302 53 0.027
997.0 1.106685164314666 52 0.047
997.5 0.8560732973461205 53 0.040
998.0 1.1765336077574462 49 0.057
998.5 1.2637638996183704 49 0.040
999.0 1.1483763692463516 52 0.040
999.5 1.3937558444993992 48 0.053
1000.0 0.8900357656199567 50 0.039
1000.5 1.3003082267185038 53 0.039
1001.0 2.2408055413721177 54 0.051
1001.5 1.542710865968209 53 0.036
1002.0 4.402188796386799 47 0.034
1002.5 4.323518327075023 52 0.031
1003.0 1.317636713001195 48 0.029
1003.5 1.8681439459310527 47 0.033
1004.0 0.8119265705669141 50 0.029
1004.5 2.531587427618078 46 0.034
1005.0 3.285248008262547 47 0.037
1005.5 2.0798433036369017 50 0.051
1006.0 2.8903960575120777 47 0.036
1006.5 1.3680263075262946 51 0.038
1007.0 1.3232402421828815 49 0.028
1007.5 0.9523855468546559 51 0.046
1008.0 0.6080705502588861 53 0.052
1008.5 2.766652049614141 51 0.033
1009.0 2.342007531148038 50 0.031
1009.5 1.315854616620344 47 0.038
1010.0 0.23601551481814353 50 0.045
1010.5 1.3878735581419266 50 0.049
1011.0 2.4644405766332884 50 0.021
1011.5 1.9032099169419543 47 0.039
1012.0 1.793160890851931 47 0.030
1012.5 1.7035571431975112 48 0.024
1013.0 0.9122789870047315 49 0.040
1013.5 1.3594978793102899 51 0.049
1014.0 2.7302386627084227 50 0.043
1014.5 2.0560346050779312 50 0.026
1015.0 0.7064160874401857 50 0.021
1015.5 0.8059547351711773 51 0.048
1016.0 0.6629852232561124 52 0.048
1016.5 2.3234062367154467 52 0.040
1017.0 0.8848287671982265 51 0.033
1017.5 0.7795975582645179 48 0.034
1018.0 0.9447880822456579 49 0.037
1018.5 0.844207342744259 47 0.048
1019.0 0.760276852986678 50 0.047
1019.5 0.7194101944730339 52 0.050
1020.0 0.9764187773260609 49 0.031
1020.5 0.8375152582637984 45 0.019
1021.0 1.4284795393444147 50 0.006
1021.5 0.3353433870497422 50 0.025
1022.0 0.8940707159698498 48 0.031
1022.5 0.9725824768678066 53 0.017
1023.0 0.7599397389257276 53 0.017
1023.5 1.0244515260761786 52 0.034
1024.0 1.1657112243367536 52 0.000
1024.5 0.7117283919579083 50 0.011
1025.0 0.975436879160048 49 0.010
1025.5 1.051340678618334 53 0.022
1026.0 1.0452754481740736 48 0.023
1026.5 1.0947020524439375 53 0.020
1027.0 0.7814510819951406 49 0.024
1027.5 2.4543499191856384 48 0.010
1028.0 1.8998187549900953 50 0.030
1028.5 2.043421037742342 49 0.003
1029.0 1.496141686653324 51 0.014
1029.5 1.7115228416765311 49 0.034
1030.0 0.6781975026480043 47 0.029
1030.5 0.8760983362625634 50 0.012
1031.0 0.8548741549192126 51 0.027
1031.5 1.3682469885196804 50 0.007
1032.0 1.2271573862757221 48 0.020
1032.5 1.120799574499646 52 0.027
1033.0 2.0146790034211204 50 0.015
1033.5 2.3076937168564378 54 0.024
1034.0 0.2827676984255896 51 0.016
1034.5 2.5702197891470973 49 0.000
1035.0 1.6821006262349485 50 0.026
1035.5 3.0423074651718407 50 0.017
1036.0 3.413455413623761 49 0.022
1036.5 0.29370079716649644 50 0.027
1037.0 1.4889765116663114 50 0.012
1037.5 1.2226289647707484 51 0.012
1038.0 3.1888039297361543 52 0.012
1038.5 2.7749639688545304 46 0.032
1039.0 0.8962478290187721 51 0.013
1039.5 3.590865218220228 49 0.022
1040.0 1.1995963065321145 50 0.011
1040.5 2.247242047342482 49 0.003
1041.0 2.8217190004285024 50 0.016
1041.5 1.63181417136307 49 0.026
1042.0 1.765851731560404 51 0.000
1042.5 3.5786976516051308 48 0.021
1043.0 2.5383268497036178 52 0.011
1043.5 1.984683302963062 54 0.018
1044.0 2.0664765395259455 50 0.000
1044.5 2.6393784176476536 50 0.014
1045.0 2.7327493046670397 48 0.023
1045.5 2.463999262369308 48 0.006
1046.0 1.7591274009335351 52 0.029
1046.5 3.68440975854216 49 0.029
1047.0 1.2309285671373893 49 0.002
1047.5 3.1651861548275013 51 0.028
1048.0 2.5685221278950676 53 0.027
1048.5 4.390558240990735 48 0.009
1049.0 3.259223426038793 50 0.008
1049.5 0.2 52 0.025
1050.0 6.073425581188603 50 0.027
1050.5 3.937822203301073 50 0.002
1051.0 3.4184706899580384 49 0.011
1051.5 2.2680998890701503 48 0.024
1052.0 2.9290798617470295 49 0.017
1052.5 2.146305616433623 49 0.001
1053.0 3.0853459677540283 50 0.006
1053.5 1.6347544746088971 48 0.030
1054.0 1.5766924524210606 53 0.024
1054.5 0.6837392768857109 50 0.009
1055.0 2.340419894631765 54 0.000
1055.5 1.296535368973743 55 0.015
1056.0 2.350939124539621 47 0.027
1056.5 2.663207715259187 46 0.009
1057.0 1.0073956152453327 48 0.029
1057.5 1.0843726245277676 51 0.023
1058.0 0.7821056220598617 51 0.011
1058.5 0.8641169991007032 50 0.030
1059.0 0.5894727741187661 52 0.025
1059.5 0.579669147084669 54 0.017
1060.0 1.0012735454250707 52 0.029
1060.5 0.9500071878002111 52 0.015
1061.0 0.620316737316966 52 0.029
1061.5 1.2701258731517462 51 0.020
1062.0 1.1123300634331752 53 0.018
1062.5 0.6956353263814452 47 0.011
1063.0 0.8153972861322096 47 0.011
1063.5 0.8441625948423317 54 0.021
1064.0 0.9600177066077192 51 0.035
1064.5 0.7169779272194091 51 0.020
1065.0 1.1084802553563566 49 0.013
1065.5 0.7556899642931793 48 0.009
1066.0 0.8947619286614653 51 0.019
1066.5 0.9395601652699429 47 0.019
1067.0 2.148128766776883 50 0.020
1067.5 0.8834961726765977 50 0.020
1068.0 3.475286764521088 54 0.009
1068.5 1.335518931673155 45 0.031
1069.0 2.4214648255775595 47 0.044
1069.5 1.787324116886398 53 0.031
1070.0 2.1677157252430987 54 0.016
1070.5 1.0223909708707835 48 0.000
1071.0 0.6342300429615464 52 0.025
1071.5 2.920130418823587 52 0.023
1072.0 1.247005049210104 51 0.002
1072.5 1.5547367934090683 48 0.016
1073.0 1.453395614819382 47 0.018
1073.5 1.6151784862904413 47 0.030
1074.0 0.4819657484690474 47 0.018
1074.5 0.7095241475384755 51 0.009
1075.0 1.4984406342449461 50 0.022
1075.5 1.4701720300321537 50 0.027
1076.0 1.5162630277248037 50 0.017
1076.5 1.19140711190932 51 0.014
1077.0 1.2241218106714016 45 0.017
1077.5 1.4574375833639592 51 0.020
1078.0 1.2916263998050472 47 0.018
1078.5 2.9287723754438626 52 0.022
1079.0 0.824324324926994 50 0.025
1079.5 2.0378758045330283 48 0.037
1080.0 1.1271460090724723 50 0.023
1080.5 1.391736055426846 51 0.019
1081.0 1.455932169500449 50 0.016
1081.5 1.4350882432531702 50 0.000
1082.0 2.1781898298070943 50 0.019
1082.5 1.9707682440500434 49 0.017
1083.0 2.5606251048266615 47 0.031
1083.5 0.8789038737775603 46 0.022
1084.0 2.47847609811118 52 0.018
1084.5 1.5639781781668387 51 0.007
1085.0 0.8405949408941817 48 0.031
1085.5 2.1597319291769503 50 0.014
1086.0 1.9873205113513253 49 0.031
1086.5 2.161358572691153 48 0.030
1087.0 3.139030914659023 52 0.029
1087.5 1.59559429812152 51 0.016
1088.0 1.749008142958002 47 0.026
1088.5 1.9030485478895378 50 0.031
1089.0 1.4157284698084043 50 0.010
1089.5 0.7809238378542196 49 0.044
1090.0 0.5270328462968721 49 0.010
1090.5 1.4599763639833858 49 0.031
1091.0 2.4609796122304424 49 0.033
1091.5 2.572922276657472 54 0.027
1092.0 1.4002535021840972 49 0.001
1092.5 1.5822025302003042 53 0.026
1093.0 1.4896509155066815 49 0.042
1093.5 2.3955088280762826 51 0.015
1094.0 2.20048023711725 48 0.023
1094.5 1.9959779604756287 52 0.017
1095.0 1.807980227879931 49 0.016
1095.5 2.7453316600171767 44 0.026
1096.0 3.0778599831461495 50 0.033
1096.5 2.752981826637259 49 0.007
1097.0 2.8804112023141473 51 0.011
1097.5 2.180062405255684 48 0.015
1098.0 3.0004493717666225 50 0.020
1098.5 2.3116242065732235 48 0.028
1099.0 2.992117275661869 55 0.022
1099.5 2.339912827108395 50 0.019
1100.0 2.049040684175904 48 0.016
1100.5 2.769616593398066 49 0.041
1101.0 2.172345107198985 48 0.033
1101.5 3.0505577810977935 45 0.018
1102.0 2.3203872347165437 51 0.025
1102.5 2.5705428883167594 48 0.003
1103.0 2.9844016821955703 50 0.012
1103.5 2.6265398346357944 50 0.027
1104.0 2.086260629792691 48 0.024
1104.5 1.9299274398538224 52 0.002
1105.0 1.127331278806066 48 0.008
1105.5 2.181671712490329 50 0.005
1106.0 2.150319238199274 50 0.028
1106.5 1.263482441865965 49 0.020
1107.0 3.0867786993782467 50 0.018
1107.5 2.217796140521477 49 0.030
1108.0 2.2539592957533316 50 0.004
1108.5 2.0668462413456505 50 0.021
1109.0 2.856736485524615 50 0.020
1109.5 1.903074120384176 49 0.010
1110.0 0.8659277246556839 52 0.039
1110.5 0.669910264194816 49 0.010
1111.0 2.61039093799718 46 0.033
1111.5 1.4613203593703799 49 0.035
1112.0 2.816987147209859 47 0.022
1112.5 1.822117740762309 51 0.023
1113.0 2.0506392080149016 49 0.021
1113.5 0.6626261647944283 52 0.015
1114.0 3.3979847361667255 50 0.021
1114.5 2.2763183701061296 47 0.041
1115.0 1.2027490684656383 53 0.035
1115.5 1.9147658232076536 50 0.032
1116.0 2.7339359829255026 53 0.014
1116.5 1.9987792589950053 52 0.018
1117.0 1.822401446980049 52 0.022
1117.5 1.3404449295300829 49 0.007
1118.0 1.8054773391193013 50 0.026
1118.5 1.5554475298010841 51 0.005
1119.0 2.7597375421441512 49 0.019
1119.5 1.5668890302620835 50 0.024
1120.0 2.3061707760298926 48 0.024
1120.5 2.4015570174048757 50 0.011
1121.0 3.1734303207638863 49 0.025
1121.5 3.016950988453406 52 0.002
1122.0 0.715720837290174 49 0.027
1122.5 1.7824662115698517 49 0.018
1123.0 2.6061636715626966 52 0.016
1123.5 1.74342458059954 47 0.016
1124.0 2.507295931955016 52 0.030
1124.5 1.092478539590717 49 0.012
1125.0 2.0797265942549537 53 0.027
1125.5 0.8237729001435385 48 0.014
1126.0 2.629371481292605 47 0.020
1126.5 1.078689317988861 48 0.021
1127.0 1.433596336810298 51 0.018
1127.5 2.0704692877465756 49 0.021
1128.0 1.8374388466740232 52 0.015
1128.5 2.801234238910343 51 0.025
1129.0 2.609868186873146 51 0.013
1129.5 2.8954340388166964 48 0.033
1130.0 4.072915271083969 51 0.029
1130.5 0.9535288806552555 50 0.038
1131.0 1.7622496152972227 49 0.032
1131.5 2.3787681750450993 54 0.020
1132.0 2.9425233057453717 51 0.006
1132.5 2.2570972589300977 50 0.018
1133.0 1.8269301617375546 48 0.029
1133.5 1.3716767001215144 53 0.019
1134.0 1.3485267763076978 48 0.020
1134.5 0.29936010029617877 50 0.027
1135.0 1.7515052901695722 52 0.017
1135.5 1.086535605657165 47 0.027
1136.0 1.3441089031277196 49 0.000
1136.5 1.3953474600580718 51 0.045
1137.0 1.5025493671945456 48 0.014
1137.5 1.4796566180445274 53 0.010
1138.0 1.923581758419024 53 0.018
1138.5 1.1925840595538442 52 0.003
1139.0 1.4500399677428881 47 0.038
1139.5 1.5743787845345139 49 0.006
1140.0 2.4414388072023856 50 0.029
1140.5 1.0261104915076795 55 0.026
1141.0 2.22696305749386 49 0.021
1141.5 1.1946233774676456 51 0.000
1142.0 1.5555152957269445 54 0.014
1142.5 2.3386104137302652 50 0.026
1143.0 1.6637930520871436 50 0.031
1143.5 2.8744375369532387 48 0.034
1144.0 1.6341361904748442 53 0.030
1144.5 1.5004171132950124 50 0.004
1145.0 2.3453094438891418 48 0.035
1145.5 0.8644718375098666 51 0.015
1146.0 3.8357320678273155 53 0.000
1146.5 2.3411371628093542 54 0.019
1147.0 0.9035393968437562 50 0.026
1147.5 1.1124159966512392 49 0.021
1148.0 0.411840471452466 48 0.016
1148.5 0.835615211295615 49 0.002
1149.0 0.8644029622588739 50 0.036
1149.5 0.4957167061713739 48 0.016
1150.0 1.0725393475035871 50 0.030
1150.5 0.9970878655627567 50 0.025
1151.0 0.9479917336792621 48 0.023
1151.5 0.7380424740004858 47 0.037
1152.0 0.9067190999382545 49 0.035
1152.5 1.325636260502642 48 0.019
1153.0 0.8534866300921186 47 0.021
1153.5 0.7184227939467479 52 0.007
1154.0 0.8914183492186761 52 0.032
1154.5 0.7015544874454276 51 0.012
1155.0 0.742186188877268 51 0.019
1155.5 0.708039200402562 52 0.024
1156.0 0.8664776647609627 51 0.037
1156.5 0.6680319504268596 50 0.025
1157.0 1.0186677179223325 54 0.040
1157.5 0.9677867810311946 49 0.032
1158.0 1.8154505865500274 53 0.040
1158.5 1.443462398481518 52 0.020
1159.0 1.4606497614197103 52 0.020
1159.5 1.7386667720732623 49 0.015
1160.0 0.5751057666430763 51 0.014
1160.5 1.1802847458692982 53 0.003
1161.0 1.07631692349003 49 0.038
1161.5 0.8627116434460628 51 0.012
1162.0 1.0168708414754588 49 0.026
1162.5 0.8700102598436834 48 0.022
1163.0 1.2916029303499177 47 0.024
1163.5 1.2210989566508146 50 0.013
1164.0 0.7471864601757068 46 0.004
1164.5 0.561202051740398 51 0.032
1165.0 0.9366082029623631 50 0.017
1165.5 1.225815438164358 52 0.010
1166.0 0.7597005585190192 50 0.002
1166.5 0.9575687813057382 51 0.026
1167.0 1.6540465436942728 52 0.018
1167.5 2.3513232276754352 54 0.006
1168.0 1.866669520868034 50 0.020
1168.5 1.4826679257313309 53 0.018
1169.0 2.233153814867215 50 0.023
1169.5 2.54878885911425 49 0.026
1170.0 3.0307649444521347 51 0.007
1170.5 2.624820510334618 47 0.030
1171.0 2.762566397251466 51 0.025
1171.5 1.7953150172680001 49 0.031
1172.0 2.392052434676765 50 0.012
1172.5 1.8010244767822554 48 0.019
1173.0 2.280783866164234 54 0.018
1173.5 1.4059335932943466 52 0.006
1174.0 1.2677486547566295 50 0.011
1174.5 1.42556717222101 51 0.023
1175.0 2.9925002626240946 50 0.021
1175.5 1.7692230642226472 46 0.020
1176.0 3.6899884960411278 49 0.022
1176.5 3.7068633247987712 50 0.029
1177.0 4.360544001590893 49 0.026
1177.5 1.0817741586335545 49 0.025
1178.0 1.3444018351494926 49 0.008
1178.5 1.27229198873061 47 0.017
1179.0 3.3268493299905755 48 0.036
1179.5 2.188428354855265 53 0.037
1180.0 1.6105504195487141 48 0.009
1180.5 2.3394864206105828 49 0.015
1181.0 2.5442292349528417 51 0.019
1181.5 3.215784281052862 55 0.022
1182.0 2.1587630481592983 49 0.017
1182.5 0.9562158003550725 54 0.024
1183.0 2.4307220855931573 52 0.042
1183.5 3.168039270716056 48 0.032
1184.0 2.11871167320592 49 0.031
1184.5 1.623058740027254 51 0.016
1185.0 1.5166238182450194 52 0.015
1185.5 0.7296464468440476 53 0.025
1186.0 2.3173586783373548 56 0.004
1186.5 1.7100080806887095 50 0.022
1187.0 3.7111904609017987 53 0.013
1187.5 2.808675513065846 49 0.023
1188.0 3.315491696415674 49 0.011
1188.5 3.0520244847442983 48 0.006
1189.0 1.9643960434894958 46 0.000
1189.5 3.5451449563827855 51 0.049
1190.0 1.6331259060605285 52 0.016
1190.5 2.3435531455906435 48 0.026
1191.0 1.373783469586008 51 0.006
1191.5 3.232665277409202 46 0.033
1192.0 2.7954670724200534 52 0.019
1192.5 1.9272906215387522 50 0.024
1193.0 3.26032361263351 47 0.018
1193.5 2.3986962133924035 49 0.021
1194.0 1.967325223195566 48 0.014
1194.5 3.8474888455254215 52 0.017
1195.0 2.971718320102818 52 0.014
1195.5 2.2559357866107885 50 0.022
1196.0 2.0322097791590576 49 0.030
1196.5 1.8017149672547221 51 0.013
1197.0 2.975526304694504 49 0.033
1197.5 1.0531910778047022 52 0.032
1198.0 2.2897638725434564 47 0.029
1198.5 2.0567655854226947 49 0.023
1199.0 1.6032038152483294 51 0.018
1199.5 2.182701921089593 48 0.021
