600.0 0.9286124002974236 30 0.029
600.5 0.8549681235777117 31 0.019
601.0 0.9127257603631492 29 0.022
601.5 0.8404284600820395 30 0.009
602.0 0.7230999870629918 26 0.024
602.5 1.7127689373140038 38 0.018
603.0 1.4651680686124606 33 0.033
603.5 2.936796519533311 29 0.027
604.0 1.7416833536837153 30 0.030
604.5 1.975248483519092 30 0.006
605.0 1.1868344469889847 30 0.012
605.5 1.4993968396950494 26 0.023
606.0 1.2586700354624814 27 0.019
606.5 1.8504299301721758 29 0.025
607.0 1.2295672956649575 28 0.013
607.5 1.6009211809771684 28 0.021
608.0 0.8950165548074457 28 0.012
608.5 1.5085967777740952 34 0.023
609.0 1.306913146816167 29 0.025
609.5 1.4160407965169444 34 0.009
610.0 1.9855194694983735 42 0.039
610.5 1.0052742215471768 43 0.041
611.0 1.8525582601459045 43 0.040
611.5 1.9452748277215641 43 0.044
612.0 1.1197354791975695 40 0.053
612.5 2.104272123982284 40 0.053
613.0 1.5294830178928893 40 0.059
613.5 1.1976300212775706 40 0.049
614.0 0.7255676662431352 37 0.049
614.5 1.4539816080733965 38 0.046
615.0 1.6681361523025369 39 0.048
615.5 2.0102934376773702 38 0.058
616.0 2.5209002538693412 41 0.052
616.5 1.8760518421481938 42 0.059
617.0 1.2405397614633313 39 0.033
617.5 2.203231730224222 37 0.061
618.0 0.964616686804616 37 0.057
618.5 1.6563499201777814 38 0.047
619.0 2.528801035797624 41 0.057
619.5 1.8364332088553257 43 0.059
620.0 1.582573116151453 37 0.035
620.5 1.4641321618946588 42 0.032
621.0 1.3377555116486195 37 0.047
621.5 0.36742836870510076 38 0.061
622.0 1.480909490387905 42 0.046
622.5 1.354571204775823 42 0.047
623.0 1.3350961503750944 39 0.050
623.5 1.3938588827706906 43 0.047
624.0 1.377854246032073 42 0.059
624.5 1.9065456732383739 38 0.073
625.0 1.0941307902475212 30 0.039
625.5 2.252875355686896 30 0.025
626.0 2.839473282343512 31 0.017
626.5 0.9398230560957681 33 0.022
627.0 2.9349363497805294 31 0.033
627.5 1.8370811404340237 28 0.036
628.0 0.9840346276139298 35 0.026
628.5 2.890682015895517 31 0.015
629.0 3.0250290495567578 30 0.034
629.5 0.8220946904438347 30 0.046
630.0 1.879751591849333 30 0.030
630.5 1.4021503806785567 29 0.037
631.0 2.8109722056914186 30 0.019
631.5 2.110234468299551 29 0.031
632.0 1.7685168191263032 30 0.026
632.5 1.9376414067091798 27 0.030
633.0 4.1392578056971265 29 0.017
633.5 1.5604764564650486 27 0.025
634.0 2.9684729560205962 29 0.036
634.5 2.2964310915184063 31 0.023
635.0 2.1189200709064506 27 0.044
635.5 1.4286024859801048 30 0.031
636.0 2.7503296036404987 27 0.036
636.5 4.236625033410059 31 0.028
637.0 0.7719007746098329 33 0.031
637.5 1.6161048169630237 28 0.023
638.0 0.9629027968302404 29 0.012
638.5 1.4645002115398709 31 0.041
639.0 1.079589765338337 33 0.038
639.5 0.6106320773131334 28 0.041
640.0 1.1688459975812089 29 0.031
640.5 1.9547698953075787 29 0.023
641.0 1.6644699435080446 28 0.031
641.5 1.004628021174704 29 0.027
642.0 0.9981894410588199 30 0.036
642.5 0.9381117429484859 29 0.011
643.0 1.0893138379525868 34 0.027
643.5 0.7211289030139376 30 0.013
644.0 0.960903101008651 33 0.013
644.5 0.7170130206286378 34 0.017
645.0 0.7655682013030252 29 0.027
645.5 1.0252701376088447 31 0.051
646.0 0.7690001290183901 29 0.045
646.5 1.041857756949389 31 0.030
647.0 0.7076210203859767 28 0.055
647.5 0.6114826588277673 29 0.025
648.0 0.828561752765462 30 0.032
648.5 0.5428402774116138 29 0.026
649.0 0.638600097132126 30 0.039
649.5 1.767953101485217 29 0.048
650.0 1.467918834587622 19 0.007
650.5 1.4123178017827411 19 0.000
651.0 1.8279539735855996 18 0.002
651.5 1.566973184728016 20 0.016
652.0 1.2669558064767776 24 0.011
652.5 1.2789180165107434 23 0.002
653.0 2.3073499553356993 21 0.037
653.5 2.205246554843156 22 0.015
654.0 0.5040715499760375 14 0.000
654.5 1.5819268870054384 20 0.030
655.0 1.7900195602015776 17 0.000
655.5 1.3172277268695913 20 0.000
656.0 1.1425365176301647 17 0.015
656.5 1.9160775091006017 20 0.005
657.0 0.9191736877779086 19 0.000
657.5 1.615411986008608 19 0.014
658.0 1.2653757810623685 19 0.005
658.5 1.6400143495469384 21 0.005
659.0 1.2977622668876094 18 0.011
659.5 1.3077339298657973 19 0.022
660.0 1.3418592947954897 18 0.010
660.5 2.043938382342121 15 0.019
661.0 1.203503174606561 22 0.000
661.5 1.6393941232299385 22 0.002
662.0 1.7907088416081485 21 0.009
662.5 0.4889203659563859 23 0.020
663.0 1.6103081245940092 18 0.000
663.5 1.4202692851505758 22 0.015
664.0 2.446824374538607 19 0.013
664.5 1.3855129228268968 22 0.009
665.0 2.4402454636951316 16 0.000
665.5 1.6428222973196387 21 0.018
666.0 1.9964574600462093 19 0.003
666.5 2.002746873708169 22 0.010
667.0 1.046374051338622 21 0.020
667.5 2.2434631368655826 22 0.019
668.0 1.989603262659884 20 0.021
668.5 2.6345508219881237 19 0.003
669.0 1.1204952431971429 23 0.018
669.5 2.0470584649921983 19 0.000
670.0 1.0610954402732844 23 0.000
670.5 0.8715066677213577 25 0.009
671.0 1.0767701915905423 23 0.000
671.5 0.5609845805314913 19 0.003
672.0 0.9911635980433597 19 0.008
672.5 0.7284278552138082 20 0.019
673.0 0.9817770075910026 20 0.002
673.5 0.5424465316622702 17 0.012
674.0 1.6234252287291877 23 0.000
674.5 1.1135529754806948 21 0.018
675.0 2.3462815967121444 19 0.009
675.5 1.1610719255919038 21 0.036
676.0 1.9545115505539479 19 0.014
676.5 1.333197251417571 20 0.013
677.0 2.0875002947339514 21 0.020
677.5 3.1037725360030906 18 0.000
678.0 2.663804999795151 19 0.000
678.5 1.687832014212698 19 0.015
679.0 0.2 20 0.016
679.5 2.7368248314930073 23 0.009
680.0 1.9714996746561049 50 0.038
680.5 1.4187492777906336 48 0.060
681.0 1.7401315730612819 49 0.038
681.5 1.1510084256409274 51 0.024
682.0 2.3883458477673103 47 0.039
682.5 1.400613608943575 49 0.047
683.0 1.557012746760611 50 0.032
683.5 0.4566032881424953 52 0.042
684.0 1.0252086162701217 52 0.041
684.5 2.030821917697997 50 0.036
685.0 1.1771115806083063 50 0.041
685.5 0.5010161840644878 48 0.045
686.0 1.5058705498147957 51 0.039
686.5 1.388215240479509 53 0.042
687.0 1.500219815703606 48 0.054
687.5 1.4662087016585081 51 0.028
688.0 1.4398265564322972 52 0.030
688.5 1.12088094499747 48 0.035
689.0 1.4071128369903818 54 0.043
689.5 1.1044349611618791 46 0.024
690.0 1.2287571765169711 51 0.029
690.5 1.8881524266642515 49 0.036
691.0 2.979800528870185 51 0.036
691.5 1.9814114725376561 51 0.035
692.0 3.5000719116980332 47 0.018
692.5 0.8008810516801306 49 0.040
693.0 2.697562499721779 53 0.051
693.5 2.3369789144649666 51 0.030
694.0 2.2359951963191023 48 0.048
694.5 1.4072800646546246 50 0.039
695.0 1.5784547024151636 49 0.052
695.5 1.1429828396692236 46 0.039
696.0 1.05212842066598 48 0.027
696.5 0.9652618359834564 46 0.049
697.0 0.9268238864384063 49 0.038
697.5 0.6562917577714509 49 0.036
698.0 0.7404177433557055 50 0.014
698.5 0.7716033784109735 53 0.037
699.0 0.7740532041340709 52 0.044
699.5 0.8323331337023281 50 0.033
700.0 0.8194091567176954 53 0.054
700.5 1.120374545339611 48 0.040
701.0 0.9697652348302784 48 0.039
701.5 0.8979535942571518 48 0.037
702.0 1.2138262130865525 50 0.035
702.5 1.3127908431293087 50 0.046
703.0 0.6963077351867817 47 0.043
703.5 1.0430737337617164 50 0.036
704.0 0.9815801326881043 47 0.044
704.5 0.7308879463558128 52 0.047
705.0 0.636896599555935 50 0.050
705.5 1.758914776898611 50 0.033
706.0 1.942951751076474 51 0.038
706.5 1.1734341756151179 51 0.032
707.0 1.8154359759715213 52 0.047
707.5 1.3282083065306882 51 0.056
708.0 1.433095502236748 50 0.045
708.5 1.1632136580273427 53 0.054
709.0 0.48330136095743437 54 0.041
709.5 2.3564653168852967 49 0.058
710.0 2.2512152317638527 48 0.053
710.5 3.0064812393685854 51 0.041
711.0 1.0969330929253367 50 0.035
711.5 4.402202958907225 52 0.034
712.0 1.2468446371904447 50 0.060
712.5 2.8978838039774066 43 0.028
713.0 2.451965719913404 51 0.041
713.5 1.1350162704850155 48 0.050
714.0 3.0100094302433877 51 0.047
714.5 2.1028600899337664 54 0.036
715.0 2.7456300643864857 49 0.029
715.5 2.4763150243415604 49 0.053
716.0 2.4799203237995506 49 0.043
716.5 1.191924490702719 49 0.026
717.0 2.6495760761647187 54 0.055
717.5 1.9510371010880148 50 0.029
718.0 2.6927345587794544 51 0.043
718.5 3.4529427395202785 53 0.036
719.0 0.9499323379579672 52 0.056
719.5 2.834378602540582 51 0.028
720.0 2.571064932158038 52 0.006
720.5 1.243122629280633 54 0.018
721.0 1.7099820289111867 51 0.024
721.5 1.0214587677997378 50 0.027
722.0 0.8187742552781885 52 0.015
722.5 0.9070092757466325 50 0.001
723.0 1.3730683426469774 52 0.029
723.5 1.1766906678101021 51 0.011
724.0 1.0530661177688998 45 0.018
724.5 1.205157235474279 46 0.017
725.0 1.789685389834333 51 0.025
725.5 2.098509397831183 52 0.012
726.0 0.8012131621460679 50 0.035
726.5 2.575228417720223 50 0.037
727.0 2.179988216138479 51 0.011
727.5 1.9960814238784899 52 0.038
728.0 2.3112721508509666 45 0.016
728.5 2.4555441187286515 49 0.012
729.0 2.105334680012246 48 0.032
729.5 2.3030182967834936 51 0.020
730.0 3.8276663103532833 50 0.039
730.5 1.7993734450452088 49 0.013
731.0 1.3816997230299282 52 0.036
731.5 2.1499927814226996 47 0.014
732.0 2.2730144782055626 48 0.019
732.5 3.5079224330683108 52 0.019
733.0 2.486081150933374 52 0.024
733.5 3.090257642864162 51 0.012
734.0 2.2750030941052706 51 0.025
734.5 0.3209636012319057 50 0.011
735.0 2.4375951239008424 49 0.003
735.5 2.8108103875968578 50 0.006
736.0 2.880934107478994 49 0.004
736.5 2.473557746265899 48 0.020
737.0 3.3622946248746333 52 0.022
737.5 1.8585533428645333 50 0.023
738.0 2.3553246413955726 52 0.011
738.5 2.78608867418981 46 0.020
739.0 1.3972021315328464 53 0.014
739.5 1.293979082835448 49 0.012
740.0 1.9589285009735806 47 0.010
740.5 0.7536189239710088 48 0.008
741.0 1.270908618048253 47 0.021
741.5 0.38675668235010274 50 0.025
742.0 1.8202266198947041 46 0.018
742.5 0.9839043626468338 49 0.030
743.0 0.9639199826799814 50 0.026
743.5 0.9990409917469777 52 0.015
744.0 0.7951114461417605 49 0.001
744.5 1.0512959159912811 51 0.026
745.0 2.1320836484980368 48 0.027
745.5 0.5410762922150147 52 0.023
746.0 1.5705528732972587 47 0.020
746.5 1.2885672533748402 52 0.021
747.0 2.1916612257812504 49 0.019
747.5 1.8301271562608326 47 0.008
748.0 0.6237521849967679 50 0.001
748.5 1.1757058384772876 48 0.030
749.0 1.2394447364502508 50 0.008
749.5 3.036876721859521 50 0.026
750.0 2.7781736231620053 49 0.016
750.5 1.4412601842740316 46 0.017
751.0 1.6824327924497346 49 0.031
751.5 0.3133441275683442 53 0.025
752.0 3.0158538184343335 50 0.001
752.5 2.158974618102589 55 0.032
753.0 2.880356402600521 48 0.022
753.5 2.024375385592863 49 0.011
754.0 1.7205949644775544 52 0.026
754.5 1.3237715132135768 53 0.025
755.0 2.8666584779144992 51 0.017
755.5 2.782333793078979 47 0.028
756.0 1.8592175712758108 52 0.032
756.5 2.3085368741468333 48 0.007
757.0 1.720106602627438 50 0.013
757.5 0.2 48 0.020
758.0 2.6120247581996257 52 0.021
758.5 2.535722259952823 50 0.030
759.0 3.0413210505627504 50 0.017
759.5 1.7503216149240823 49 0.019
760.0 1.318778852462029 49 0.032
760.5 0.7951659622138632 50 0.017
761.0 1.5324950178426375 52 0.011
761.5 0.6762042882257524 52 0.020
762.0 1.3055562418558755 47 0.024
762.5 1.4055136725059607 51 0.013
763.0 1.1987967166003672 50 0.028
763.5 0.9998353737001239 49 0.011
764.0 0.79442274171501 54 0.037
764.5 0.9153135351482062 50 0.025
765.0 1.2314378340089593 50 0.026
765.5 1.0061539046735535 51 0.020
766.0 0.8817896888162006 50 0.016
766.5 1.0985185454570274 49 0.017
767.0 1.5536931112180699 54 0.030
767.5 1.0641441870298731 48 0.011
768.0 2.239132429556085 52 0.001
768.5 2.809363338504813 51 0.024
769.0 1.7092640300645452 51 0.039
769.5 3.1233320914786242 46 0.018
770.0 3.3654496310647084 47 0.012
770.5 1.6772821824603716 47 0.014
771.0 2.903791965738146 50 0.028
771.5 2.3132263225385996 50 0.026
772.0 1.644704550441578 50 0.020
772.5 3.0965877336671483 53 0.022
773.0 1.7149176515251192 52 0.015
773.5 0.9118157172994583 51 0.007
774.0 2.993705992439722 49 0.017
774.5 2.147852581442027 53 0.026
775.0 1.8657617798045008 51 0.016
775.5 3.570393917114705 49 0.015
776.0 2.124972969889437 49 0.034
776.5 4.1039341138574965 52 0.028
777.0 4.077586089264376 48 0.023
777.5 4.317046181048356 52 0.021
778.0 1.2602045642168518 52 0.015
778.5 1.9027110204444444 52 0.014
779.0 2.052010136037305 51 0.023
779.5 2.3139793691515376 50 0.027
780.0 2.1206783431953005 51 0.031
780.5 1.454294349272239 46 0.024
781.0 0.6116654448779824 47 0.027
781.5 2.04405680765219 52 0.009
782.0 1.866618069480845 50 0.014
782.5 1.8448594674030696 52 0.023
783.0 1.4386510352982815 48 0.001
783.5 1.0531898685795231 50 0.032
784.0 0.5119804846543866 52 0.026
784.5 0.6086418798514198 48 0.035
785.0 0.9536901879056499 50 0.045
785.5 1.0865320348116883 52 0.017
786.0 0.5222502630127173 50 0.016
786.5 0.8749323054712865 52 0.006
787.0 2.1784571560244474 45 0.026
787.5 0.6078937903914623 49 0.045
788.0 2.825608121870608 53 0.013
788.5 2.380203267572965 50 0.024
789.0 2.23773296922223 53 0.014
789.5 1.1166006577255128 50 0.010
790.0 0.812488022565506 50 0.008
790.5 0.836219006336365 48 0.002
791.0 0.7857064675949217 52 0.026
791.5 0.6145860683570266 54 0.004
792.0 1.049094658981554 51 0.020
792.5 0.8918740478502427 47 0.012
793.0 1.3994289599121568 52 0.030
793.5 3.02920714373582 54 0.017
794.0 1.3622427285707859 51 0.020
794.5 2.1594756678119937 53 0.025
795.0 1.8527560731973205 50 0.004
795.5 0.3699835049324802 49 0.031
796.0 1.0017838048459367 45 0.018
796.5 1.9446338678273394 52 0.027
797.0 1.3096811435817588 50 0.009
797.5 1.959555818782198 50 0.012
798.0 1.5135415267013872 48 0.027
798.5 1.0581335830265532 51 0.028
799.0 1.4887476968839093 50 0.040
799.5 1.5486587090359785 48 0.013
800.0 2.317207917781334 46 0.002
800.5 2.320583804721985 48 0.023
801.0 2.1851249955446934 45 0.020
801.5 2.216696323846726 53 0.020
802.0 1.1422826653725577 49 0.037
802.5 2.3301755525226406 50 0.017
803.0 1.8564025317921125 52 0.015
803.5 1.7048390273221303 51 0.015
804.0 2.245228813280101 47 0.002
804.5 2.9521238756821213 51 0.001
805.0 2.4292264602997546 49 0.042
805.5 2.5619759406648193 47 0.022
806.0 3.154352674874141 50 0.036
806.5 1.928491327638791 53 0.027
807.0 1.6696673640800643 47 0.029
807.5 2.351809896643079 47 0.022
808.0 3.1104457279051965 51 0.045
808.5 0.8147288569781104 54 0.016
809.0 3.5066760059080466 52 0.024
809.5 2.640438669172032 48 0.010
810.0 1.58867617345226 51 0.012
810.5 1.7334517932497608 52 0.023
811.0 2.8622093434926086 52 0.016
811.5 3.8488138131753447 48 0.015
812.0 2.987499561886666 52 0.017
812.5 2.0096754971793995 51 0.001
813.0 2.694647903439086 51 0.040
813.5 3.299547196203908 50 0.018
814.0 2.25747132353762 51 0.020
814.5 1.4157559891305074 52 0.007
815.0 5.099010016270465 46 0.011
815.5 4.277124517869038 53 0.025
816.0 2.854930196043084 50 0.033
816.5 4.363344010277627 53 0.021
817.0 2.9915916141147396 48 0.038
817.5 1.7696899909503188 48 0.013
818.0 3.3068437814719545 52 0.018
818.5 0.9561529627380054 45 0.014
819.0 2.9525984174112563 52 0.011
819.5 2.8236858176337893 48 0.030
820.0 3.2223571200486054 50 0.001
820.5 2.6561588525016298 48 0.026
821.0 1.23984568835811 50 0.040
821.5 4.081233655550466 50 0.007
822.0 2.4650607985967197 49 0.028
822.5 1.9453756035354235 50 0.012
823.0 0.6093604467725715 50 0.017
823.5 2.1710697863752912 48 0.019
824.0 2.0215951505317777 50 0.013
824.5 2.7082350549540326 54 0.017
825.0 1.8786289518374137 51 0.012
825.5 2.655404538405331 51 0.016
826.0 2.2493577217866414 51 0.023
826.5 1.564441372693674 48 0.008
827.0 1.1285962336714621 47 0.038
827.5 2.629575852484747 50 0.014
828.0 1.0747345441467764 51 0.019
828.5 2.501719725453326 50 0.018
829.0 0.826662814833997 51 0.016
829.5 1.8960057951377047 48 0.040
830.0 3.3445695221341434 50 0.024
830.5 1.754911974887659 50 0.013
831.0 1.5520188265366293 45 0.002
831.5 0.3760932232328382 49 0.022
832.0 0.32186756113992376 47 0.017
832.5 1.8949896514427071 51 0.028
833.0 1.555925139240358 54 0.022
833.5 2.26371793812856 53 0.031
834.0 1.895308387119892 49 0.016
834.5 2.2560476323402128 50 0.022
835.0 3.0700818905876925 49 0.018
835.5 2.2931562159171057 48 0.001
836.0 1.199324770186352 46 0.022
836.5 2.132290176971914 53 0.022
837.0 1.459305530936533 50 0.021
837.5 1.4663459048326528 52 0.006
838.0 0.5051402904148817 51 0.044
838.5 1.7507855630967142 48 0.020
839.0 0.9751036654603886 46 0.028
839.5 0.8042037150018762 51 0.030
840.0 1.200368993577695 46 0.029
840.5 1.6560645530699292 46 0.017
841.0 0.8257054940764268 51 0.014
841.5 1.158394071514575 50 0.033
842.0 1.0747244129846756 53 0.009
842.5 0.9554613343950237 50 0.014
843.0 1.7540039228720001 49 0.013
843.5 2.0826746200685218 53 0.016
844.0 1.6760396337616736 50 0.015
844.5 1.1491864908657912 50 0.027
845.0 2.923602833330247 51 0.009
845.5 0.8304867275715602 51 0.014
846.0 1.981262934842922 47 0.029
846.5 0.8942785858780682 51 0.031
847.0 1.3770284358413583 50 0.019
847.5 1.2524607382069162 51 0.019
848.0 1.3907192627033664 52 0.001
848.5 1.338436313694326 47 0.042
849.0 1.7587789936824498 51 0.014
849.5 1.4349119117088538 53 0.024
850.0 1.0074512553431616 50 0.026
850.5 0.7818409636768728 49 0.003
851.0 0.9550512969629676 44 0.018
851.5 1.2157402121280487 48 0.007
852.0 0.8341342461418548 50 0.019
852.5 0.47530511860465224 51 0.033
853.0 0.8049431982103976 51 0.033
853.5 0.5803806287545478 50 0.012
854.0 0.6034505605666938 51 0.036
854.5 0.788980551096935 51 0.019
855.0 0.7819741958858557 50 0.019
855.5 0.859936339715569 47 0.026
856.0 0.7849480407509781 52 0.015
856.5 0.6007720899045357 51 0.021
857.0 0.8785169446139742 48 0.026
857.5 0.5742187926760467 51 0.034
858.0 0.5844302920952721 49 0.017
858.5 0.43621474751787936 48 0.010
859.0 1.3980325860984826 50 0.021
859.5 3.247987903376436 51 0.010
860.0 2.8800934673711156 54 0.001
860.5 0.9615414944338276 55 0.013
861.0 1.5427619395166112 49 0.020
861.5 1.1156202557339676 48 0.013
862.0 1.5076187441393694 47 0.019
862.5 0.7615316088800735 53 0.026
863.0 0.9844058144103984 49 0.022
863.5 0.9718199017489431 50 0.026
864.0 1.46716079206932 55 0.007
864.5 1.4437389673089123 50 0.029
865.0 1.5525284149495722 49 0.018
865.5 1.5565372994902038 53 0.012
866.0 0.6187426119392702 52 0.028
866.5 1.59372893426214 52 0.009
867.0 1.058615333022877 54 0.041
867.5 0.9679671677979895 49 0.019
868.0 1.95057681643875 55 0.011
868.5 1.340614339030167 48 0.024
869.0 0.9899003432344642 50 0.023
869.5 0.866204026112485 49 0.009
870.0 1.42790125128534 51 0.021
870.5 2.5443111289052194 49 0.021
871.0 3.800235350829303 51 0.026
871.5 2.0084097711637496 52 0.032
872.0 2.956565662297777 49 0.019
872.5 1.6080573240403062 52 0.017
873.0 0.720578718695168 52 0.022
873.5 1.6276450878791229 50 0.001
874.0 4.097844673889678 48 0.031
874.5 1.8388006190530695 52 0.023
875.0 2.5450072908285115 47 0.007
875.5 3.0227326547560747 46 0.013
876.0 2.4020838342590243 47 0.003
876.5 0.2 50 0.010
877.0 2.493516822864142 49 0.021
877.5 1.5939298794486818 49 0.023
878.0 1.2228585039619462 52 0.007
878.5 2.75234899525363 51 0.009
879.0 2.106250727900222 51 0.024
879.5 2.3948429416362123 49 0.027
880.0 2.226923692399706 50 0.017
880.5 2.1468394471102275 56 0.017
881.0 2.1728777833039343 48 0.040
881.5 2.1328037358016347 49 0.032
882.0 3.8398408570876406 51 0.040
882.5 1.6983800498216217 54 0.029
883.0 3.6248796938938073 48 0.015
883.5 0.23937803529028523 48 0.015
884.0 2.1984684645954258 50 0.026
884.5 2.270088124578302 50 0.034
885.0 1.8645610776982813 49 0.010
885.5 1.4997860748860639 50 0.038
886.0 0.38953945250804844 49 0.029
886.5 2.4355420540699724 48 0.022
887.0 2.197811238053914 47 0.030
887.5 2.4131867960649895 46 0.005
888.0 3.0138178334209362 52 0.026
888.5 1.488134603682851 48 0.006
889.0 4.54821184200512 52 0.026
889.5 0.7703665886732851 50 0.017
890.0 2.006494666913162 48 0.032
890.5 2.682362672066697 50 0.014
891.0 1.9067385253966667 50 0.015
891.5 2.0390890535823187 53 0.006
892.0 2.3669747868420195 51 0.018
892.5 3.3866962388629633 46 0.021
893.0 0.773036570612917 48 0.035
893.5 1.2945854053400898 50 0.024
894.0 1.6978012556084838 50 0.028
894.5 3.735502375609993 49 0.024
895.0 2.6507109716903745 52 0.041
895.5 2.4688067367504374 52 0.040
896.0 2.258444007222051 50 0.029
896.5 2.3994518547078374 47 0.011
897.0 1.5461549289134746 51 0.018
897.5 2.2231864619542994 48 0.008
898.0 0.8637712185403303 53 0.023
898.5 2.2136834236920535 54 0.013
899.0 2.7493132429637726 50 0.018
899.5 2.5020593479352704 52 0.029
